<html>
<body>
<pre>
<h1>µVision Build Log</h1>
<h2>Tool Versions:</h2>
IDE-Version: ¦ÌVision V5.14.0.0
Copyright (C) 2015 ARM Ltd and ARM Germany GmbH. All rights reserved.
License Information: test NGFW, Microsoft, LIC=65IBS-L2DAH-NLJCG-V1PXK-IXFRW-XWU2D
 
Tool Versions:
Toolchain:       MDK-ARM Standard  Version: 5.14.0.0
Toolchain Path:  C:\Keil_v5\ARM\ARMCC\Bin
C Compiler:      Armcc.exe V5.05 update 1 (build 106)
Assembler:       Armasm.exe V5.05 update 1 (build 106)
Linker/Locator:  ArmLink.exe V5.05 update 1 (build 106)
Library Manager: ArmAr.exe V5.05 update 1 (build 106)
Hex Converter:   FromElf.exe V5.05 update 1 (build 106)
CPU DLL:         SARMCM3.DLL V5.14.0.0
Dialog DLL:      DCM.DLL V1.13.1.0
Target DLL:      STLink\ST-LINKIII-KEIL_SWO.dll V2.0.14.0_KEIL
Dialog DLL:      TCM.DLL V1.14.4.0
 
<h2>Project:</h2>
E:\opensource\LiteOS\projects\stm32f429_keil\HuaweiLiteOS.uvprojx
Project File Date:  12/13/2016

<h2>Output:</h2>
Rebuild target 'LiteOS'
Clean started - Project: 'HuaweiLiteOS'
   deleting intermediate output files for target 'LiteOS'
compiling los_priqueue.c...
compiling los_swtmr.c...
compiling los_sys.c...
compiling los_task.c...
compiling los_tick.c...
compiling los_timeslice.c...
compiling los_event.c...
compiling los_mux.c...
compiling los_queue.c...
compiling los_sem.c...
compiling los_membox.c...
compiling los_memory.c...
compiling los_memstat.c...
compiling los_multipledlinkhead.c...
compiling los_misc.c...
compiling los_config.c...
compiling los_hw.c...
compiling los_hw_tick.c...
compiling los_hwi.c...
assembling los_dispatch.s...
assembling los_vendor.s...
linking...
Program Size: Code=6640 RO-data=56 RW-data=1172 ZI-data=35604  
".\Objects\HuaweiLiteOS.axf" - 0 Error(s), 0 Warning(s).

*** Performing Cross-Module-Optimization:
compiling los_priqueue.c...
compiling los_swtmr.c...
compiling los_sys.c...
compiling los_task.c...
compiling los_event.c...
compiling los_mux.c...
compiling los_queue.c...
compiling los_sem.c...
compiling los_membox.c...
compiling los_memory.c...
compiling los_memstat.c...
compiling los_misc.c...
compiling los_config.c...
compiling los_hw_tick.c...
compiling los_hwi.c...
linking...
Program Size: Code=6640 RO-data=56 RW-data=1172 ZI-data=35604  
".\Objects\HuaweiLiteOS.axf" - 0 Error(s), 0 Warning(s).
*** Completed Cross-Module-Optimization after 2 iteration(s).

<h2>Collection of Component include folders:</h2>
  E:\opensource\LiteOS\projects\stm32f429_keil\RTE
  C:\Keil_v5\ARM\PACK\Keil\STM32F4xx_DFP\2.10.0

<h2>Collection of Component Files used:</h2>
</pre>
</body>
</html>
