Component: ARM Compiler 5.06 update 6 (build 750) Tool: armlink [4d35ed]

==============================================================================

Section Cross References

    main.o(i.Hardware_Init) refers to main.o(i.led_init) for led_init
    main.o(i.Hardware_Init) refers to systick.o(i.systick_config) for systick_config
    main.o(i.Hardware_Init) refers to gd32f450i_eval.o(i.gd_eval_com_init) for gd_eval_com_init
    main.o(i.creat_task1) refers to los_task.o(i.LOS_TaskCreate) for LOS_TaskCreate
    main.o(i.creat_task1) refers to main.o(i.task1) for task1
    main.o(i.creat_task1) refers to main.o(.data) for g_TskHandle
    main.o(i.creat_task2) refers to los_task.o(i.LOS_TaskCreate) for LOS_TaskCreate
    main.o(i.creat_task2) refers to main.o(i.task2) for task2
    main.o(i.creat_task2) refers to main.o(.data) for g_TskHandle
    main.o(i.fputc) refers to gd32f4xx_usart.o(i.usart_data_transmit) for usart_data_transmit
    main.o(i.fputc) refers to gd32f4xx_usart.o(i.usart_flag_get) for usart_flag_get
    main.o(i.led_init) refers to gd32f450i_eval.o(i.gd_eval_led_init) for gd_eval_led_init
    main.o(i.main) refers to main.o(i.Hardware_Init) for Hardware_Init
    main.o(i.main) refers to printf8.o(i.__0printf$8) for __2printf
    main.o(i.main) refers to los_init.o(i.LOS_KernelInit) for LOS_KernelInit
    main.o(i.main) refers to main.o(i.creat_task1) for creat_task1
    main.o(i.main) refers to main.o(i.creat_task2) for creat_task2
    main.o(i.main) refers to los_init.o(i.LOS_Start) for LOS_Start
    main.o(i.main) refers to gd32f450i_eval.o(i.gd_eval_led_on) for gd_eval_led_on
    main.o(i.task1) refers to printf8.o(i.__0printf$8) for __2printf
    main.o(i.task1) refers to los_task.o(i.LOS_TaskDelay) for LOS_TaskDelay
    main.o(i.task2) refers to printf8.o(i.__0printf$8) for __2printf
    main.o(i.task2) refers to los_task.o(i.LOS_TaskDelay) for LOS_TaskDelay
    systick.o(i.delay_1ms) refers to systick.o(.data) for delay
    systick.o(i.delay_decrement) refers to systick.o(.data) for delay
    systick.o(i.systick_config) refers to systick.o(i.__NVIC_SetPriority) for __NVIC_SetPriority
    systick.o(i.systick_config) refers to system_gd32f4xx.o(.data) for SystemCoreClock
    system_gd32f4xx.o(i.SystemCoreClockUpdate) refers to system_gd32f4xx.o(.data) for SystemCoreClock
    system_gd32f4xx.o(i.SystemInit) refers to system_gd32f4xx.o(i.system_clock_config) for system_clock_config
    system_gd32f4xx.o(i.system_clock_config) refers to system_gd32f4xx.o(i.system_clock_200m_25m_hxtal) for system_clock_200m_25m_hxtal
    gd32f4xx_adc.o(i.adc_deinit) refers to gd32f4xx_rcu.o(i.rcu_periph_reset_enable) for rcu_periph_reset_enable
    gd32f4xx_adc.o(i.adc_deinit) refers to gd32f4xx_rcu.o(i.rcu_periph_reset_disable) for rcu_periph_reset_disable
    gd32f4xx_can.o(i.can_debug_freeze_disable) refers to gd32f4xx_dbg.o(i.dbg_periph_disable) for dbg_periph_disable
    gd32f4xx_can.o(i.can_debug_freeze_enable) refers to gd32f4xx_dbg.o(i.dbg_periph_enable) for dbg_periph_enable
    gd32f4xx_can.o(i.can_deinit) refers to gd32f4xx_rcu.o(i.rcu_periph_reset_enable) for rcu_periph_reset_enable
    gd32f4xx_can.o(i.can_deinit) refers to gd32f4xx_rcu.o(i.rcu_periph_reset_disable) for rcu_periph_reset_disable
    gd32f4xx_ctc.o(i.ctc_deinit) refers to gd32f4xx_rcu.o(i.rcu_periph_reset_enable) for rcu_periph_reset_enable
    gd32f4xx_ctc.o(i.ctc_deinit) refers to gd32f4xx_rcu.o(i.rcu_periph_reset_disable) for rcu_periph_reset_disable
    gd32f4xx_dac.o(i.dac_deinit) refers to gd32f4xx_rcu.o(i.rcu_periph_reset_enable) for rcu_periph_reset_enable
    gd32f4xx_dac.o(i.dac_deinit) refers to gd32f4xx_rcu.o(i.rcu_periph_reset_disable) for rcu_periph_reset_disable
    gd32f4xx_dci.o(i.dci_deinit) refers to gd32f4xx_rcu.o(i.rcu_periph_reset_enable) for rcu_periph_reset_enable
    gd32f4xx_dci.o(i.dci_deinit) refers to gd32f4xx_rcu.o(i.rcu_periph_reset_disable) for rcu_periph_reset_disable
    gd32f4xx_enet.o(i.enet_deinit) refers to gd32f4xx_rcu.o(i.rcu_periph_reset_enable) for rcu_periph_reset_enable
    gd32f4xx_enet.o(i.enet_deinit) refers to gd32f4xx_rcu.o(i.rcu_periph_reset_disable) for rcu_periph_reset_disable
    gd32f4xx_enet.o(i.enet_deinit) refers to gd32f4xx_enet.o(i.enet_initpara_reset) for enet_initpara_reset
    gd32f4xx_enet.o(i.enet_descriptors_chain_init) refers to gd32f4xx_enet.o(.bss) for txdesc_tab
    gd32f4xx_enet.o(i.enet_descriptors_chain_init) refers to gd32f4xx_enet.o(.data) for dma_current_txdesc
    gd32f4xx_enet.o(i.enet_descriptors_ring_init) refers to gd32f4xx_enet.o(.bss) for txdesc_tab
    gd32f4xx_enet.o(i.enet_descriptors_ring_init) refers to gd32f4xx_enet.o(.data) for dma_current_txdesc
    gd32f4xx_enet.o(i.enet_disable) refers to gd32f4xx_enet.o(i.enet_tx_disable) for enet_tx_disable
    gd32f4xx_enet.o(i.enet_disable) refers to gd32f4xx_enet.o(i.enet_rx_disable) for enet_rx_disable
[...]
    ..\..\..\Library\Firmware\GD32F4xx_standard_peripheral\Source\gd32f4xx_iref.c 0x00000000   Number         0  gd32f4xx_iref.o ABSOLUTE
    ..\..\..\Library\Firmware\GD32F4xx_standard_peripheral\Source\gd32f4xx_misc.c 0x00000000   Number         0  gd32f4xx_misc.o ABSOLUTE
    ..\..\..\Library\Firmware\GD32F4xx_standard_peripheral\Source\gd32f4xx_pmu.c 0x00000000   Number         0  gd32f4xx_pmu.o ABSOLUTE
    ..\..\..\Library\Firmware\GD32F4xx_standard_peripheral\Source\gd32f4xx_rcu.c 0x00000000   Number         0  gd32f4xx_rcu.o ABSOLUTE
    ..\..\..\Library\Firmware\GD32F4xx_standard_peripheral\Source\gd32f4xx_rtc.c 0x00000000   Number         0  gd32f4xx_rtc.o ABSOLUTE
    ..\..\..\Library\Firmware\GD32F4xx_standard_peripheral\Source\gd32f4xx_sdio.c 0x00000000   Number         0  gd32f4xx_sdio.o ABSOLUTE
    ..\..\..\Library\Firmware\GD32F4xx_standard_peripheral\Source\gd32f4xx_spi.c 0x00000000   Number         0  gd32f4xx_spi.o ABSOLUTE
    ..\..\..\Library\Firmware\GD32F4xx_standard_peripheral\Source\gd32f4xx_syscfg.c 0x00000000   Number         0  gd32f4xx_syscfg.o ABSOLUTE
    ..\..\..\Library\Firmware\GD32F4xx_standard_peripheral\Source\gd32f4xx_timer.c 0x00000000   Number         0  gd32f4xx_timer.o ABSOLUTE
    ..\..\..\Library\Firmware\GD32F4xx_standard_peripheral\Source\gd32f4xx_tli.c 0x00000000   Number         0  gd32f4xx_tli.o ABSOLUTE
    ..\..\..\Library\Firmware\GD32F4xx_standard_peripheral\Source\gd32f4xx_trng.c 0x00000000   Number         0  gd32f4xx_trng.o ABSOLUTE
    ..\..\..\Library\Firmware\GD32F4xx_standard_peripheral\Source\gd32f4xx_usart.c 0x00000000   Number         0  gd32f4xx_usart.o ABSOLUTE
    ..\..\..\Library\Firmware\GD32F4xx_standard_peripheral\Source\gd32f4xx_wwdgt.c 0x00000000   Number         0  gd32f4xx_wwdgt.o ABSOLUTE
    ..\..\..\Library\Utilities\gd32f450i_eval.c 0x00000000   Number         0  gd32f450i_eval.o ABSOLUTE
    ..\LiteOS\arch\arm\arm-m\cortex-m4\keil\los_dispatch_keil.S 0x00000000   Number         0  los_dispatch_keil.o ABSOLUTE
    ..\LiteOS\arch\arm\arm-m\src\los_hw.c    0x00000000   Number         0  los_hw.o ABSOLUTE
    ..\LiteOS\arch\arm\arm-m\src\los_hw_tick.c 0x00000000   Number         0  los_hw_tick.o ABSOLUTE
    ..\LiteOS\arch\arm\arm-m\src\los_hwi.c   0x00000000   Number         0  los_hwi.o ABSOLUTE
    ..\LiteOS\cmsis\cmsis_liteos.c           0x00000000   Number         0  cmsis_liteos.o ABSOLUTE
    ..\LiteOS\kernel\base\core\los_priqueue.c 0x00000000   Number         0  los_priqueue.o ABSOLUTE
    ..\LiteOS\kernel\base\core\los_swtmr.c   0x00000000   Number         0  los_swtmr.o ABSOLUTE
    ..\LiteOS\kernel\base\core\los_sys.c     0x00000000   Number         0  los_sys.o ABSOLUTE
    ..\LiteOS\kernel\base\core\los_task.c    0x00000000   Number         0  los_task.o ABSOLUTE
    ..\LiteOS\kernel\base\core\los_tick.c    0x00000000   Number         0  los_tick.o ABSOLUTE
    ..\LiteOS\kernel\base\core\los_timeslice.c 0x00000000   Number         0  los_timeslice.o ABSOLUTE
    ..\LiteOS\kernel\base\ipc\los_event.c    0x00000000   Number         0  los_event.o ABSOLUTE
    ..\LiteOS\kernel\base\ipc\los_mux.c      0x00000000   Number         0  los_mux.o ABSOLUTE
    ..\LiteOS\kernel\base\ipc\los_queue.c    0x00000000   Number         0  los_queue.o ABSOLUTE
    ..\LiteOS\kernel\base\ipc\los_sem.c      0x00000000   Number         0  los_sem.o ABSOLUTE
    ..\LiteOS\kernel\base\mem\bestfit_little\los_heap.c 0x00000000   Number         0  los_heap.o ABSOLUTE
    ..\LiteOS\kernel\base\mem\bestfit_little\los_memory.c 0x00000000   Number         0  los_memory.o ABSOLUTE
    ..\LiteOS\kernel\base\mem\common\los_memcheck.c 0x00000000   Number         0  los_memcheck.o ABSOLUTE
    ..\LiteOS\kernel\base\mem\common\los_memstat.c 0x00000000   Number         0  los_memstat.o ABSOLUTE
    ..\LiteOS\kernel\base\mem\common\los_slab.c 0x00000000   Number         0  los_slab.o ABSOLUTE
    ..\LiteOS\kernel\base\mem\common\los_slabmem.c 0x00000000   Number         0  los_slabmem.o ABSOLUTE
    ..\LiteOS\kernel\base\mem\membox\los_membox.c 0x00000000   Number         0  los_membox.o ABSOLUTE
    ..\LiteOS\kernel\base\misc\los_misc.c    0x00000000   Number         0  los_misc.o ABSOLUTE
    ..\LiteOS\kernel\base\om\los_err.c       0x00000000   Number         0  los_err.o ABSOLUTE
    ..\LiteOS\kernel\extended\tickless\los_tickless.c 0x00000000   Number         0  los_tickless.o ABSOLUTE
    ..\LiteOS\kernel\los_init.c              0x00000000   Number         0  los_init.o ABSOLUTE
    ..\\..\\..\\Library\\Firmware\\CMSIS\\GD\\GD32F4xx\\Source\\system_gd32f4xx.c 0x00000000   Number         0  system_gd32f4xx.o ABSOLUTE
    ..\\..\\..\\Library\\Firmware\\GD32F4xx_standard_peripheral\\Source\\gd32f4xx_adc.c 0x00000000   Number         0  gd32f4xx_adc.o ABSOLUTE
    ..\\..\\..\\Library\\Firmware\\GD32F4xx_standard_peripheral\\Source\\gd32f4xx_can.c 0x00000000   Number         0  gd32f4xx_can.o ABSOLUTE
    ..\\..\\..\\Library\\Firmware\\GD32F4xx_standard_peripheral\\Source\\gd32f4xx_crc.c 0x00000000   Number         0  gd32f4xx_crc.o ABSOLUTE
    ..\\..\\..\\Library\\Firmware\\GD32F4xx_standard_peripheral\\Source\\gd32f4xx_ctc.c 0x00000000   Number         0  gd32f4xx_ctc.o ABSOLUTE
    ..\\..\\..\\Library\\Firmware\\GD32F4xx_standard_peripheral\\Source\\gd32f4xx_dac.c 0x00000000   Number         0  gd32f4xx_dac.o ABSOLUTE
    ..\\..\\..\\Library\\Firmware\\GD32F4xx_standard_peripheral\\Source\\gd32f4xx_dbg.c 0x00000000   Number         0  gd32f4xx_dbg.o ABSOLUTE
    ..\\..\\..\\Library\\Firmware\\GD32F4xx_standard_peripheral\\Source\\gd32f4xx_dci.c 0x00000000   Number         0  gd32f4xx_dci.o ABSOLUTE
    ..\\..\\..\\Library\\Firmware\\GD32F4xx_standard_peripheral\\Source\\gd32f4xx_dma.c 0x00000000   Number         0  gd32f4xx_dma.o ABSOLUTE
    ..\\..\\..\\Library\\Firmware\\GD32F4xx_standard_peripheral\\Source\\gd32f4xx_enet.c 0x00000000   Number         0  gd32f4xx_enet.o ABSOLUTE
    ..\\..\\..\\Library\\Firmware\\GD32F4xx_standard_peripheral\\Source\\gd32f4xx_exmc.c 0x00000000   Number         0  gd32f4xx_exmc.o ABSOLUTE
    ..\\..\\..\\Library\\Firmware\\GD32F4xx_standard_peripheral\\Source\\gd32f4xx_exti.c 0x00000000   Number         0  gd32f4xx_exti.o ABSOLUTE
    ..\\..\\..\\Library\\Firmware\\GD32F4xx_standard_peripheral\\Source\\gd32f4xx_fmc.c 0x00000000   Number         0  gd32f4xx_fmc.o ABSOLUTE
    ..\\..\\..\\Library\\Firmware\\GD32F4xx_standard_peripheral\\Source\\gd32f4xx_fwdgt.c 0x00000000   Number         0  gd32f4xx_fwdgt.o ABSOLUTE
    ..\\..\\..\\Library\\Firmware\\GD32F4xx_standard_peripheral\\Source\\gd32f4xx_gpio.c 0x00000000   Number         0  gd32f4xx_gpio.o ABSOLUTE
    ..\\..\\..\\Library\\Firmware\\GD32F4xx_standard_peripheral\\Source\\gd32f4xx_i2c.c 0x00000000   Number         0  gd32f4xx_i2c.o ABSOLUTE
    ..\\..\\..\\Library\\Firmware\\GD32F4xx_standard_peripheral\\Source\\gd32f4xx_ipa.c 0x00000000   Number         0  gd32f4xx_ipa.o ABSOLUTE
    ..\\..\\..\\Library\\Firmware\\GD32F4xx_standard_peripheral\\Source\\gd32f4xx_iref.c 0x00000000   Number         0  gd32f4xx_iref.o ABSOLUTE
    ..\\..\\..\\Library\\Firmware\\GD32F4xx_standard_peripheral\\Source\\gd32f4xx_misc.c 0x00000000   Number         0  gd32f4xx_misc.o ABSOLUTE
    ..\\..\\..\\Library\\Firmware\\GD32F4xx_standard_peripheral\\Source\\gd32f4xx_pmu.c 0x00000000   Number         0  gd32f4xx_pmu.o ABSOLUTE
    ..\\..\\..\\Library\\Firmware\\GD32F4xx_standard_peripheral\\Source\\gd32f4xx_rcu.c 0x00000000   Number         0  gd32f4xx_rcu.o ABSOLUTE
    ..\\..\\..\\Library\\Firmware\\GD32F4xx_standard_peripheral\\Source\\gd32f4xx_rtc.c 0x00000000   Number         0  gd32f4xx_rtc.o ABSOLUTE
    ..\\..\\..\\Library\\Firmware\\GD32F4xx_standard_peripheral\\Source\\gd32f4xx_sdio.c 0x00000000   Number         0  gd32f4xx_sdio.o ABSOLUTE
    ..\\..\\..\\Library\\Firmware\\GD32F4xx_standard_peripheral\\Source\\gd32f4xx_spi.c 0x00000000   Number         0  gd32f4xx_spi.o ABSOLUTE
    ..\\..\\..\\Library\\Firmware\\GD32F4xx_standard_peripheral\\Source\\gd32f4xx_syscfg.c 0x00000000   Number         0  gd32f4xx_syscfg.o ABSOLUTE
    ..\\..\\..\\Library\\Firmware\\GD32F4xx_standard_peripheral\\Source\\gd32f4xx_timer.c 0x00000000   Number         0  gd32f4xx_timer.o ABSOLUTE
    ..\\..\\..\\Library\\Firmware\\GD32F4xx_standard_peripheral\\Source\\gd32f4xx_tli.c 0x00000000   Number         0  gd32f4xx_tli.o ABSOLUTE
    ..\\..\\..\\Library\\Firmware\\GD32F4xx_standard_peripheral\\Source\\gd32f4xx_trng.c 0x00000000   Number         0  gd32f4xx_trng.o ABSOLUTE
    ..\\..\\..\\Library\\Firmware\\GD32F4xx_standard_peripheral\\Source\\gd32f4xx_usart.c 0x00000000   Number         0  gd32f4xx_usart.o ABSOLUTE
    ..\\..\\..\\Library\\Firmware\\GD32F4xx_standard_peripheral\\Source\\gd32f4xx_wwdgt.c 0x00000000   Number         0  gd32f4xx_wwdgt.o ABSOLUTE
    ..\\..\\..\\Library\\Utilities\\gd32f450i_eval.c 0x00000000   Number         0  gd32f450i_eval.o ABSOLUTE
    ..\\LiteOS\\arch\\arm\\arm-m\\src\\los_hw.c 0x00000000   Number         0  los_hw.o ABSOLUTE
    ..\\LiteOS\\arch\\arm\\arm-m\\src\\los_hw_tick.c 0x00000000   Number         0  los_hw_tick.o ABSOLUTE
    ..\\LiteOS\\arch\\arm\\arm-m\\src\\los_hwi.c 0x00000000   Number         0  los_hwi.o ABSOLUTE
    ..\\LiteOS\\cmsis\\cmsis_liteos.c        0x00000000   Number         0  cmsis_liteos.o ABSOLUTE
    ..\\LiteOS\\kernel\\base\\core\\los_priqueue.c 0x00000000   Number         0  los_priqueue.o ABSOLUTE
    ..\\LiteOS\\kernel\\base\\core\\los_swtmr.c 0x00000000   Number         0  los_swtmr.o ABSOLUTE
    ..\\LiteOS\\kernel\\base\\core\\los_sys.c 0x00000000   Number         0  los_sys.o ABSOLUTE
    ..\\LiteOS\\kernel\\base\\core\\los_task.c 0x00000000   Number         0  los_task.o ABSOLUTE
    ..\\LiteOS\\kernel\\base\\core\\los_tick.c 0x00000000   Number         0  los_tick.o ABSOLUTE
    ..\\LiteOS\\kernel\\base\\core\\los_timeslice.c 0x00000000   Number         0  los_timeslice.o ABSOLUTE
    ..\\LiteOS\\kernel\\base\\ipc\\los_event.c 0x00000000   Number         0  los_event.o ABSOLUTE
    ..\\LiteOS\\kernel\\base\\ipc\\los_mux.c 0x00000000   Number         0  los_mux.o ABSOLUTE
    ..\\LiteOS\\kernel\\base\\ipc\\los_queue.c 0x00000000   Number         0  los_queue.o ABSOLUTE
    ..\\LiteOS\\kernel\\base\\ipc\\los_sem.c 0x00000000   Number         0  los_sem.o ABSOLUTE
    ..\\LiteOS\\kernel\\base\\mem\\bestfit_little\\los_heap.c 0x00000000   Number         0  los_heap.o ABSOLUTE
    ..\\LiteOS\\kernel\\base\\mem\\bestfit_little\\los_memory.c 0x00000000   Number         0  los_memory.o ABSOLUTE
    ..\\LiteOS\\kernel\\base\\mem\\common\\los_memcheck.c 0x00000000   Number         0  los_memcheck.o ABSOLUTE
    ..\\LiteOS\\kernel\\base\\mem\\common\\los_memstat.c 0x00000000   Number         0  los_memstat.o ABSOLUTE
    ..\\LiteOS\\kernel\\base\\mem\\common\\los_slab.c 0x00000000   Number         0  los_slab.o ABSOLUTE
    ..\\LiteOS\\kernel\\base\\mem\\common\\los_slabmem.c 0x00000000   Number         0  los_slabmem.o ABSOLUTE
    ..\\LiteOS\\kernel\\base\\mem\\membox\\los_membox.c 0x00000000   Number         0  los_membox.o ABSOLUTE
    ..\\LiteOS\\kernel\\base\\misc\\los_misc.c 0x00000000   Number         0  los_misc.o ABSOLUTE
    ..\\LiteOS\\kernel\\base\\om\\los_err.c  0x00000000   Number         0  los_err.o ABSOLUTE
    ..\\LiteOS\\kernel\\extended\\tickless\\los_tickless.c 0x00000000   Number         0  los_tickless.o ABSOLUTE
    ..\\LiteOS\\kernel\\los_init.c           0x00000000   Number         0  los_init.o ABSOLUTE
    ..\\gd32f4xx_it.c                        0x00000000   Number         0  gd32f4xx_it.o ABSOLUTE
    ..\\main.c                               0x00000000   Number         0  main.o ABSOLUTE
    ..\\systick.c                            0x00000000   Number         0  systick.o ABSOLUTE
    ..\gd32f4xx_it.c                         0x00000000   Number         0  gd32f4xx_it.o ABSOLUTE
    ..\main.c                                0x00000000   Number         0  main.o ABSOLUTE
    ..\systick.c                             0x00000000   Number         0  systick.o ABSOLUTE
    cdrcmple.s                               0x00000000   Number         0  cdrcmple.o ABSOLUTE
    dc.s                                     0x00000000   Number         0  dc.o ABSOLUTE
    handlers.s                               0x00000000   Number         0  handlers.o ABSOLUTE
    init.s                                   0x00000000   Number         0  init.o ABSOLUTE
    RESET                                    0x08000000   Section      428  startup_gd32f450.o(RESET)
    .ARM.Collect$$$$00000000                 0x080001ac   Section        0  entry.o(.ARM.Collect$$$$00000000)
    .ARM.Collect$$$$00000001                 0x080001ac   Section        4  entry2.o(.ARM.Collect$$$$00000001)
    .ARM.Collect$$$$00000004                 0x080001b0   Section        4  entry5.o(.ARM.Collect$$$$00000004)
    .ARM.Collect$$$$00000008                 0x080001b4   Section        0  entry7b.o(.ARM.Collect$$$$00000008)
    .ARM.Collect$$$$0000000A                 0x080001b4   Section        0  entry8b.o(.ARM.Collect$$$$0000000A)
    .ARM.Collect$$$$0000000B                 0x080001b4   Section        8  entry9a.o(.ARM.Collect$$$$0000000B)
    .ARM.Collect$$$$0000000D                 0x080001bc   Section        0  entry10a.o(.ARM.Collect$$$$0000000D)
    .ARM.Collect$$$$0000000F                 0x080001bc   Section        0  entry11a.o(.ARM.Collect$$$$0000000F)
    .ARM.Collect$$$$00002712                 0x080001bc   Section        4  entry2.o(.ARM.Collect$$$$00002712)
    __lit__00000000                          0x080001bc   Data           4  entry2.o(.ARM.Collect$$$$00002712)
    .text                                    0x080001c0   Section       36  startup_gd32f450.o(.text)
    $v0                                      0x080001c0   Number         0  startup_gd32f450.o(.text)
    .text                                    0x080001e4   Section      236  los_dispatch_keil.o(.text)
    $v0                                      0x080001e4   Number         0  los_dispatch_keil.o(.text)
    .text                                    0x080002d0   Section        0  uldiv.o(.text)
    .text                                    0x08000332   Section        0  memcpya.o(.text)
    .text                                    0x08000356   Section        0  memseta.o(.text)
    .text                                    0x0800037a   Section        0  llshl.o(.text)
    .text                                    0x08000398   Section        0  llushr.o(.text)
    .text                                    0x080003b8   Section       36  init.o(.text)
    .text                                    0x080003dc   Section        0  __dczerorl2.o(.text)
    i.BusFault_Handler                       0x08000432   Section        0  gd32f4xx_it.o(i.BusFault_Handler)
    i.DebugMon_Handler                       0x08000436   Section        0  gd32f4xx_it.o(i.DebugMon_Handler)
    i.HardFault_Handler                      0x08000438   Section        0  gd32f4xx_it.o(i.HardFault_Handler)
    i.Hardware_Init                          0x0800043c   Section        0  main.o(i.Hardware_Init)
    i.LOS_Align                              0x08000454   Section        0  los_misc.o(i.LOS_Align)
    i.LOS_KernelInit                         0x08000470   Section        0  los_init.o(i.LOS_KernelInit)
    i.LOS_ListAdd                            0x08000588   Section        0  los_task.o(i.LOS_ListAdd)
    LOS_ListAdd                              0x08000589   Thumb Code    14  los_task.o(i.LOS_ListAdd)
    i.LOS_ListAdd                            0x08000596   Section        0  los_mux.o(i.LOS_ListAdd)
    LOS_ListAdd                              0x08000597   Thumb Code    14  los_mux.o(i.LOS_ListAdd)
    i.LOS_ListAdd                            0x080005a4   Section        0  los_queue.o(i.LOS_ListAdd)
    LOS_ListAdd                              0x080005a5   Thumb Code    14  los_queue.o(i.LOS_ListAdd)
    i.LOS_ListAdd                            0x080005b2   Section        0  los_sem.o(i.LOS_ListAdd)
    LOS_ListAdd                              0x080005b3   Thumb Code    14  los_sem.o(i.LOS_ListAdd)
    i.LOS_ListDelete                         0x080005c0   Section        0  los_task.o(i.LOS_ListDelete)
    LOS_ListDelete                           0x080005c1   Thumb Code    20  los_task.o(i.LOS_ListDelete)
    i.LOS_ListEmpty                          0x080005d4   Section        0  los_priqueue.o(i.LOS_ListEmpty)
    LOS_ListEmpty                            0x080005d5   Thumb Code    16  los_priqueue.o(i.LOS_ListEmpty)
    i.LOS_ListEmpty                          0x080005e4   Section        0  los_task.o(i.LOS_ListEmpty)
    LOS_ListEmpty                            0x080005e5   Thumb Code    16  los_task.o(i.LOS_ListEmpty)
    i.LOS_ListEmpty                          0x080005f4   Section        0  los_queue.o(i.LOS_ListEmpty)
    LOS_ListEmpty                            0x080005f5   Thumb Code    16  los_queue.o(i.LOS_ListEmpty)
    i.LOS_ListInit                           0x08000604   Section        0  los_task.o(i.LOS_ListInit)
    LOS_ListInit                             0x08000605   Thumb Code     6  los_task.o(i.LOS_ListInit)
    i.LOS_ListInit                           0x0800060a   Section        0  los_mux.o(i.LOS_ListInit)
    LOS_ListInit                             0x0800060b   Thumb Code     6  los_mux.o(i.LOS_ListInit)
    i.LOS_ListInit                           0x08000610   Section        0  los_queue.o(i.LOS_ListInit)
    LOS_ListInit                             0x08000611   Thumb Code     6  los_queue.o(i.LOS_ListInit)
    i.LOS_ListInit                           0x08000616   Section        0  los_sem.o(i.LOS_ListInit)
    LOS_ListInit                             0x08000617   Thumb Code     6  los_sem.o(i.LOS_ListInit)
    i.LOS_ListTailInsert                     0x0800061c   Section        0  los_task.o(i.LOS_ListTailInsert)
    LOS_ListTailInsert                       0x0800061d   Thumb Code    16  los_task.o(i.LOS_ListTailInsert)
    i.LOS_MemAlloc                           0x0800062c   Section        0  los_memory.o(i.LOS_MemAlloc)
    i.LOS_MemAllocAlign                      0x08000656   Section        0  los_memory.o(i.LOS_MemAllocAlign)
    i.LOS_MemFree                            0x0800066a   Section        0  los_memory.o(i.LOS_MemFree)
    i.LOS_MemInit                            0x080006a0   Section        0  los_memory.o(i.LOS_MemInit)
    i.LOS_QueueCreate                        0x080007ac   Section        0  los_queue.o(i.LOS_QueueCreate)
    i.LOS_QueueReadCopy                      0x0800088c   Section        0  los_queue.o(i.LOS_QueueReadCopy)
    i.LOS_QueueWriteCopy                     0x080008c2   Section        0  los_queue.o(i.LOS_QueueWriteCopy)
    i.LOS_Schedule                           0x080008f8   Section        0  los_hw.o(i.LOS_Schedule)
    i.LOS_Start                              0x08000938   Section        0  los_init.o(i.LOS_Start)
    i.LOS_TaskCreate                         0x0800097c   Section        0  los_task.o(i.LOS_TaskCreate)
    i.LOS_TaskCreateOnly                     0x08000a18   Section        0  los_task.o(i.LOS_TaskCreateOnly)
    i.LOS_TaskDelay                          0x08000b98   Section        0  los_task.o(i.LOS_TaskDelay)
    i.LOS_TaskDelete                         0x08000c14   Section        0  los_task.o(i.LOS_TaskDelete)
    i.LOS_TaskYield                          0x08000d8c   Section        0  los_task.o(i.LOS_TaskYield)
    i.LOS_TickCountGet                       0x08000e20   Section        0  los_sys.o(i.LOS_TickCountGet)
    i.MemManage_Handler                      0x08000e2c   Section        0  gd32f4xx_it.o(i.MemManage_Handler)
    i.NMI_Handler                            0x08000e30   Section        0  gd32f4xx_it.o(i.NMI_Handler)
    i.SVC_Handler                            0x08000e32   Section        0  gd32f4xx_it.o(i.SVC_Handler)
    i.SysTick_Handler                        0x08000e34   Section        0  los_hwi.o(i.SysTick_Handler)
    i.SystemInit                             0x08000e60   Section        0  system_gd32f4xx.o(i.SystemInit)
    i.UsageFault_Handler                     0x08000ed8   Section        0  gd32f4xx_it.o(i.UsageFault_Handler)
    i.__0printf$8                            0x08000edc   Section        0  printf8.o(i.__0printf$8)
    i.__NVIC_SetPriority                     0x08000efc   Section        0  systick.o(i.__NVIC_SetPriority)
    __NVIC_SetPriority                       0x08000efd   Thumb Code    32  systick.o(i.__NVIC_SetPriority)
    i.__scatterload_copy                     0x08000f24   Section       14  handlers.o(i.__scatterload_copy)
    i.__scatterload_null                     0x08000f32   Section        2  handlers.o(i.__scatterload_null)
    i.__scatterload_zeroinit                 0x08000f34   Section       14  handlers.o(i.__scatterload_zeroinit)
    i._printf_core                           0x08000f44   Section        0  printf8.o(i._printf_core)
    _printf_core                             0x08000f45   Thumb Code   996  printf8.o(i._printf_core)
    i._printf_post_padding                   0x08001354   Section        0  printf8.o(i._printf_post_padding)
    _printf_post_padding                     0x08001355   Thumb Code    36  printf8.o(i._printf_post_padding)
    i._printf_pre_padding                    0x08001378   Section        0  printf8.o(i._printf_pre_padding)
    _printf_pre_padding                      0x08001379   Thumb Code    46  printf8.o(i._printf_pre_padding)
    i.creat_task1                            0x080013a8   Section        0  main.o(i.creat_task1)
    i.creat_task2                            0x080013e8   Section        0  main.o(i.creat_task2)
    i.fputc                                  0x08001428   Section        0  main.o(i.fputc)
    i.gd_eval_com_init                       0x0800144c   Section        0  gd32f450i_eval.o(i.gd_eval_com_init)
    i.gd_eval_led_init                       0x08001504   Section        0  gd32f450i_eval.o(i.gd_eval_led_init)
    i.gd_eval_led_on                         0x08001558   Section        0  gd32f450i_eval.o(i.gd_eval_led_on)
    i.gpio_af_set                            0x08001570   Section        0  gd32f4xx_gpio.o(i.gpio_af_set)
    i.gpio_mode_set                          0x080015ce   Section        0  gd32f4xx_gpio.o(i.gpio_mode_set)
    i.gpio_output_options_set                0x0800161c   Section        0  gd32f4xx_gpio.o(i.gpio_output_options_set)
    i.led_init                               0x0800165e   Section        0  main.o(i.led_init)
    i.main                                   0x08001668   Section        0  main.o(i.main)
    i.osAlarmHeapInfo                        0x080016e0   Section        0  los_heap.o(i.osAlarmHeapInfo)
    i.osAtomicBitsetClearBit                 0x08001704   Section        0  los_slab.o(i.osAtomicBitsetClearBit)
    i.osAtomicBitsetFindClearAndSet          0x08001728   Section        0  los_slab.o(i.osAtomicBitsetFindClearAndSet)
    i.osAtomicBitsetGetBit                   0x08001778   Section        0  los_slab.o(i.osAtomicBitsetGetBit)
    i.osAtomicBitsetGetNumBits               0x080017a2   Section        0  los_slab.o(i.osAtomicBitsetGetNumBits)
    i.osAtomicBitsetInit                     0x080017a8   Section        0  los_slab.o(i.osAtomicBitsetInit)
    i.osHeapAlloc                            0x080017d8   Section        0  los_heap.o(i.osHeapAlloc)
    i.osHeapAllocAlign                       0x08001940   Section        0  los_heap.o(i.osHeapAllocAlign)
    i.osHeapFree                             0x0800199c   Section        0  los_heap.o(i.osHeapFree)
    i.osHeapInit                             0x08001adc   Section        0  los_heap.o(i.osHeapInit)
    i.osHeapPrvGetNext                       0x08001b20   Section        0  los_heap.o(i.osHeapPrvGetNext)
    i.osHeapStatisticsGet                    0x08001b3c   Section        0  los_heap.o(i.osHeapStatisticsGet)
    i.osIdleTask                             0x08001ba0   Section        0  los_task.o(i.osIdleTask)
    i.osIdleTaskCreate                       0x08001ba4   Section        0  los_task.o(i.osIdleTaskCreate)
    i.osIntNumGet                            0x08001bf0   Section        0  los_hwi.o(i.osIntNumGet)
    i.osMemSystemInit                        0x08001bf8   Section        0  los_memory.o(i.osMemSystemInit)
    i.osMuxInit                              0x08001c14   Section        0  los_mux.o(i.osMuxInit)
    i.osPriqueueDequeue                      0x08001c78   Section        0  los_priqueue.o(i.osPriqueueDequeue)
    i.osPriqueueEnqueue                      0x08001cc4   Section        0  los_priqueue.o(i.osPriqueueEnqueue)
    i.osPriqueueInit                         0x08001d0c   Section        0  los_priqueue.o(i.osPriqueueInit)
    i.osPriqueueSize                         0x08001d54   Section        0  los_priqueue.o(i.osPriqueueSize)
    i.osPriqueueTop                          0x08001d7c   Section        0  los_priqueue.o(i.osPriqueueTop)
    i.osQueueBufferOperate                   0x08001da4   Section        0  los_queue.o(i.osQueueBufferOperate)
    osQueueBufferOperate                     0x08001da5   Thumb Code   226  los_queue.o(i.osQueueBufferOperate)
    i.osQueueInit                            0x08001eb0   Section        0  los_queue.o(i.osQueueInit)
    i.osQueueOperate                         0x08001f20   Section        0  los_queue.o(i.osQueueOperate)
    i.osQueueReadParameterCheck              0x080020a8   Section        0  los_queue.o(i.osQueueReadParameterCheck)
    osQueueReadParameterCheck                0x080020a9   Thumb Code    60  los_queue.o(i.osQueueReadParameterCheck)
    i.osQueueWriteParameterCheck             0x080020e8   Section        0  los_queue.o(i.osQueueWriteParameterCheck)
    osQueueWriteParameterCheck               0x080020e9   Thumb Code    58  los_queue.o(i.osQueueWriteParameterCheck)
    i.osRegister                             0x08002128   Section        0  los_init.o(i.osRegister)
    osRegister                               0x08002129   Thumb Code     8  los_init.o(i.osRegister)
    i.osSchedule                             0x08002134   Section        0  los_hw.o(i.osSchedule)
    i.osSemInit                              0x0800213c   Section        0  los_sem.o(i.osSemInit)
    i.osSlabAllocatorAlloc                   0x0800219c   Section        0  los_slab.o(i.osSlabAllocatorAlloc)
    i.osSlabAllocatorFree                    0x080021ba   Section        0  los_slab.o(i.osSlabAllocatorFree)
    i.osSlabAllocatorNew                     0x08002202   Section        0  los_slab.o(i.osSlabAllocatorNew)
    i.osSlabBlockHeadFill                    0x0800225e   Section        0  los_slabmem.o(i.osSlabBlockHeadFill)
    i.osSlabCtrlHdrGet                       0x08002270   Section        0  los_memory.o(i.osSlabCtrlHdrGet)
    i.osSlabMemAlloc                         0x08002278   Section        0  los_slabmem.o(i.osSlabMemAlloc)
    i.osSlabMemFree                          0x08002318   Section        0  los_slabmem.o(i.osSlabMemFree)
    i.osSlabMemInit                          0x0800238c   Section        0  los_slabmem.o(i.osSlabMemInit)
    i.osSwTmrInit                            0x080023f8   Section        0  los_swtmr.o(i.osSwTmrInit)
    i.osSwTmrStart                           0x08002498   Section        0  los_swtmr.o(i.osSwTmrStart)
    i.osSwTmrTask                            0x080026a0   Section        0  los_swtmr.o(i.osSwTmrTask)
    i.osSwTmrTaskCreate                      0x080026e4   Section        0  los_swtmr.o(i.osSwTmrTaskCreate)
    i.osSwTmrTimeoutHandle                   0x08002728   Section        0  los_swtmr.o(i.osSwTmrTimeoutHandle)
    osSwTmrTimeoutHandle                     0x08002729   Thumb Code   120  los_swtmr.o(i.osSwTmrTimeoutHandle)
    i.osSwtmrDelete                          0x080027a8   Section        0  los_swtmr.o(i.osSwtmrDelete)
    osSwtmrDelete                            0x080027a9   Thumb Code    40  los_swtmr.o(i.osSwtmrDelete)
    i.osSwtmrScan                            0x080027d8   Section        0  los_swtmr.o(i.osSwtmrScan)
    i.osTaskAdd2TimerList                    0x080027fc   Section        0  los_task.o(i.osTaskAdd2TimerList)
    i.osTaskEntry                            0x080028bc   Section        0  los_task.o(i.osTaskEntry)
    i.osTaskExit                             0x080028ec   Section        0  los_hw.o(i.osTaskExit)
    i.osTaskInit                             0x080028f4   Section        0  los_task.o(i.osTaskInit)
    i.osTaskMonInit                          0x08002a1c   Section        0  los_task.o(i.osTaskMonInit)
    i.osTaskScan                             0x08002a4c   Section        0  los_task.o(i.osTaskScan)
    i.osTaskSwitchCheck                      0x08002b28   Section        0  los_task.o(i.osTaskSwitchCheck)
    i.osTaskWait                             0x08002cac   Section        0  los_task.o(i.osTaskWait)
    i.osTaskWake                             0x08002cf8   Section        0  los_task.o(i.osTaskWake)
    i.osTickHandler                          0x08002d40   Section        0  los_tick.o(i.osTickHandler)
    i.osTickStart                            0x08002d68   Section        0  los_hw_tick.o(i.osTickStart)
    i.osTimerListDelete                      0x08002e1c   Section        0  los_task.o(i.osTimerListDelete)
    i.osTimesliceCheck                       0x08002e64   Section        0  los_timeslice.o(i.osTimesliceCheck)
    i.osTimesliceInit                        0x08002eb0   Section        0  los_timeslice.o(i.osTimesliceInit)
    i.osTskStackInit                         0x08002ec0   Section        0  los_hw.o(i.osTskStackInit)
    i.rcu_clock_freq_get                     0x08002f50   Section        0  gd32f4xx_rcu.o(i.rcu_clock_freq_get)
    i.rcu_periph_clock_enable                0x08003074   Section        0  gd32f4xx_rcu.o(i.rcu_periph_clock_enable)
    i.rcu_periph_reset_disable               0x08003098   Section        0  gd32f4xx_rcu.o(i.rcu_periph_reset_disable)
    i.rcu_periph_reset_enable                0x080030bc   Section        0  gd32f4xx_rcu.o(i.rcu_periph_reset_enable)
    i.system_clock_200m_25m_hxtal            0x080030e0   Section        0  system_gd32f4xx.o(i.system_clock_200m_25m_hxtal)
    system_clock_200m_25m_hxtal              0x080030e1   Thumb Code   238  system_gd32f4xx.o(i.system_clock_200m_25m_hxtal)
    i.system_clock_config                    0x080031dc   Section        0  system_gd32f4xx.o(i.system_clock_config)
    system_clock_config                      0x080031dd   Thumb Code     8  system_gd32f4xx.o(i.system_clock_config)
    i.systick_config                         0x080031e4   Section        0  systick.o(i.systick_config)
    i.task1                                  0x08003234   Section        0  main.o(i.task1)
    i.task2                                  0x0800326c   Section        0  main.o(i.task2)
    i.usart_baudrate_set                     0x080032a0   Section        0  gd32f4xx_usart.o(i.usart_baudrate_set)
    i.usart_data_transmit                    0x08003390   Section        0  gd32f4xx_usart.o(i.usart_data_transmit)
    i.usart_deinit                           0x08003398   Section        0  gd32f4xx_usart.o(i.usart_deinit)
    i.usart_enable                           0x08003474   Section        0  gd32f4xx_usart.o(i.usart_enable)
    i.usart_flag_get                         0x0800347e   Section        0  gd32f4xx_usart.o(i.usart_flag_get)
    i.usart_receive_config                   0x0800349c   Section        0  gd32f4xx_usart.o(i.usart_receive_config)
    i.usart_transmit_config                  0x080034ac   Section        0  gd32f4xx_usart.o(i.usart_transmit_config)
    .data                                    0x20000000   Section        4  main.o(.data)
    .data                                    0x20000004   Section        4  system_gd32f4xx.o(.data)
    .data                                    0x20000008   Section       97  gd32f450i_eval.o(.data)
    GPIO_PORT                                0x20000008   Data          12  gd32f450i_eval.o(.data)
    GPIO_PIN                                 0x20000014   Data          12  gd32f450i_eval.o(.data)
    COM_CLK                                  0x20000020   Data           2  gd32f450i_eval.o(.data)
    COM_TX_PIN                               0x20000024   Data           4  gd32f450i_eval.o(.data)
    COM_RX_PIN                               0x20000028   Data           4  gd32f450i_eval.o(.data)
    GPIO_CLK                                 0x2000002c   Data           6  gd32f450i_eval.o(.data)
    KEY_PORT                                 0x20000034   Data          12  gd32f450i_eval.o(.data)
    KEY_PIN                                  0x20000040   Data          12  gd32f450i_eval.o(.data)
    KEY_CLK                                  0x2000004c   Data           6  gd32f450i_eval.o(.data)
    KEY_EXTI_LINE                            0x20000054   Data          12  gd32f450i_eval.o(.data)
    KEY_PORT_SOURCE                          0x20000060   Data           3  gd32f450i_eval.o(.data)
    KEY_PIN_SOURCE                           0x20000063   Data           3  gd32f450i_eval.o(.data)
    KEY_IRQn                                 0x20000066   Data           3  gd32f450i_eval.o(.data)
    .data                                    0x2000006c   Section        8  los_priqueue.o(.data)
    g_uwPriQueueBitmap                       0x20000070   Data           4  los_priqueue.o(.data)
    .data                                    0x20000074   Section       28  los_swtmr.o(.data)
    m_uwSwtimerRousesTime                    0x20000084   Data           4  los_swtmr.o(.data)
    m_pstRouses                              0x20000088   Data           4  los_swtmr.o(.data)
    m_pstRousesPrev                          0x2000008c   Data           4  los_swtmr.o(.data)
    .data                                    0x20000090   Section       72  los_task.o(.data)
    .data                                    0x200000d8   Section       28  los_tick.o(.data)
    .data                                    0x200000f4   Section        8  los_timeslice.o(.data)
    .data                                    0x200000fc   Section       12  los_mux.o(.data)
    .data                                    0x20000108   Section       12  los_queue.o(.data)
    .data                                    0x20000114   Section       12  los_sem.o(.data)
    .data                                    0x20000120   Section       16  los_heap.o(.data)
    g_uwAllocCount                           0x20000120   Data           4  los_heap.o(.data)
    g_uwFreeCount                            0x20000124   Data           4  los_heap.o(.data)
    g_uwCurHeapUsed                          0x20000128   Data           4  los_heap.o(.data)
    g_uwMaxHeapUsed                          0x2000012c   Data           4  los_heap.o(.data)
    .data                                    0x20000130   Section        4  los_memory.o(.data)
    .data                                    0x20000134   Section        4  los_init.o(.data)
    .data                                    0x20000138   Section        4  stdout.o(.data)
    .bss                                     0x2000013c   Section       64  los_swtmr.o(.bss)
    .bss                                     0x2000017c   Section      342  los_task.o(.bss)
    STACK                                    0x200002d8   Section     1024  startup_gd32f450.o(STACK)

    Global Symbols

    Symbol Name                              Value     Ov Type        Size  Object(Section)

    BuildAttributes$$THM_ISAv4$E$P$D$K$B$S$7EM$VFPi3$EXTD16$VFPS$VFMA$PE$A:L22UL41UL21$X:L11$S22US41US21$IEEE1$IW$USESV6$~STKCKD$USESV7$~SHL$OSPACE$ROPI$EBA8$MICROLIB$REQ8$PRES8$EABIv2 0x00000000   Number         0  anon$$obj.o ABSOLUTE
    __ARM_use_no_argv                        0x00000000   Number         0  main.o ABSOLUTE
    _printf_a                                0x00000000   Number         0  stubs.o ABSOLUTE
    _printf_c                                0x00000000   Number         0  stubs.o ABSOLUTE
    _printf_charcount                        0x00000000   Number         0  stubs.o ABSOLUTE
    _printf_d                                0x00000000   Number         0  stubs.o ABSOLUTE
    _printf_e                                0x00000000   Number         0  stubs.o ABSOLUTE
    _printf_f                                0x00000000   Number         0  stubs.o ABSOLUTE
    _printf_flags                            0x00000000   Number         0  stubs.o ABSOLUTE
    _printf_fp_dec                           0x00000000   Number         0  stubs.o ABSOLUTE
    _printf_fp_hex                           0x00000000   Number         0  stubs.o ABSOLUTE
    _printf_g                                0x00000000   Number         0  stubs.o ABSOLUTE
    _printf_i                                0x00000000   Number         0  stubs.o ABSOLUTE
    _printf_int_dec                          0x00000000   Number         0  stubs.o ABSOLUTE
    _printf_l                                0x00000000   Number         0  stubs.o ABSOLUTE
    _printf_lc                               0x00000000   Number         0  stubs.o ABSOLUTE
    _printf_ll                               0x00000000   Number         0  stubs.o ABSOLUTE
    _printf_lld                              0x00000000   Number         0  stubs.o ABSOLUTE
    _printf_lli                              0x00000000   Number         0  stubs.o ABSOLUTE
    _printf_llo                              0x00000000   Number         0  stubs.o ABSOLUTE
    _printf_llu                              0x00000000   Number         0  stubs.o ABSOLUTE
    _printf_llx                              0x00000000   Number         0  stubs.o ABSOLUTE
    _printf_longlong_dec                     0x00000000   Number         0  stubs.o ABSOLUTE
    _printf_longlong_hex                     0x00000000   Number         0  stubs.o ABSOLUTE
    _printf_longlong_oct                     0x00000000   Number         0  stubs.o ABSOLUTE
    _printf_ls                               0x00000000   Number         0  stubs.o ABSOLUTE
    _printf_mbtowc                           0x00000000   Number         0  stubs.o ABSOLUTE
    _printf_n                                0x00000000   Number         0  stubs.o ABSOLUTE
    _printf_o                                0x00000000   Number         0  stubs.o ABSOLUTE
    _printf_p                                0x00000000   Number         0  stubs.o ABSOLUTE
    _printf_percent                          0x00000000   Number         0  stubs.o ABSOLUTE
    _printf_pre_padding                      0x00000000   Number         0  stubs.o ABSOLUTE
    _printf_return_value                     0x00000000   Number         0  stubs.o ABSOLUTE
    _printf_s                                0x00000000   Number         0  stubs.o ABSOLUTE
    _printf_sizespec                         0x00000000   Number         0  stubs.o ABSOLUTE
    _printf_str                              0x00000000   Number         0  stubs.o ABSOLUTE
    _printf_truncate_signed                  0x00000000   Number         0  stubs.o ABSOLUTE
    _printf_truncate_unsigned                0x00000000   Number         0  stubs.o ABSOLUTE
    _printf_u                                0x00000000   Number         0  stubs.o ABSOLUTE
    _printf_wc                               0x00000000   Number         0  stubs.o ABSOLUTE
    _printf_wctomb                           0x00000000   Number         0  stubs.o ABSOLUTE
    _printf_widthprec                        0x00000000   Number         0  stubs.o ABSOLUTE
    _printf_x                                0x00000000   Number         0  stubs.o ABSOLUTE
    __cpp_initialize__aeabi_                  - Undefined Weak Reference
    __cxa_finalize                            - Undefined Weak Reference
    _clock_init                               - Undefined Weak Reference
    _microlib_exit                            - Undefined Weak Reference
    __Vectors_Size                           0x000001ac   Number         0  startup_gd32f450.o ABSOLUTE
    __Vectors                                0x08000000   Data           4  startup_gd32f450.o(RESET)
    __Vectors_End                            0x080001ac   Data           0  startup_gd32f450.o(RESET)
    __main                                   0x080001ad   Thumb Code     0  entry.o(.ARM.Collect$$$$00000000)
    _main_stk                                0x080001ad   Thumb Code     0  entry2.o(.ARM.Collect$$$$00000001)
    _main_scatterload                        0x080001b1   Thumb Code     0  entry5.o(.ARM.Collect$$$$00000004)
    __main_after_scatterload                 0x080001b5   Thumb Code     0  entry5.o(.ARM.Collect$$$$00000004)
    _main_clock                              0x080001b5   Thumb Code     0  entry7b.o(.ARM.Collect$$$$00000008)
    _main_cpp_init                           0x080001b5   Thumb Code     0  entry8b.o(.ARM.Collect$$$$0000000A)
    _main_init                               0x080001b5   Thumb Code     0  entry9a.o(.ARM.Collect$$$$0000000B)
    __rt_final_cpp                           0x080001bd   Thumb Code     0  entry10a.o(.ARM.Collect$$$$0000000D)
    __rt_final_exit                          0x080001bd   Thumb Code     0  entry11a.o(.ARM.Collect$$$$0000000F)
    Reset_Handler                            0x080001c1   Thumb Code     8  startup_gd32f450.o(.text)
    ADC_IRQHandler                           0x080001db   Thumb Code     0  startup_gd32f450.o(.text)
    CAN0_EWMC_IRQHandler                     0x080001db   Thumb Code     0  startup_gd32f450.o(.text)
    CAN0_RX0_IRQHandler                      0x080001db   Thumb Code     0  startup_gd32f450.o(.text)
    CAN0_RX1_IRQHandler                      0x080001db   Thumb Code     0  startup_gd32f450.o(.text)
    CAN0_TX_IRQHandler                       0x080001db   Thumb Code     0  startup_gd32f450.o(.text)
    CAN1_EWMC_IRQHandler                     0x080001db   Thumb Code     0  startup_gd32f450.o(.text)
    CAN1_RX0_IRQHandler                      0x080001db   Thumb Code     0  startup_gd32f450.o(.text)
    CAN1_RX1_IRQHandler                      0x080001db   Thumb Code     0  startup_gd32f450.o(.text)
    CAN1_TX_IRQHandler                       0x080001db   Thumb Code     0  startup_gd32f450.o(.text)
    DCI_IRQHandler                           0x080001db   Thumb Code     0  startup_gd32f450.o(.text)
    DMA0_Channel0_IRQHandler                 0x080001db   Thumb Code     0  startup_gd32f450.o(.text)
    DMA0_Channel1_IRQHandler                 0x080001db   Thumb Code     0  startup_gd32f450.o(.text)
    DMA0_Channel2_IRQHandler                 0x080001db   Thumb Code     0  startup_gd32f450.o(.text)
    DMA0_Channel3_IRQHandler                 0x080001db   Thumb Code     0  startup_gd32f450.o(.text)
    DMA0_Channel4_IRQHandler                 0x080001db   Thumb Code     0  startup_gd32f450.o(.text)
    DMA0_Channel5_IRQHandler                 0x080001db   Thumb Code     0  startup_gd32f450.o(.text)
    DMA0_Channel6_IRQHandler                 0x080001db   Thumb Code     0  startup_gd32f450.o(.text)
    DMA0_Channel7_IRQHandler                 0x080001db   Thumb Code     0  startup_gd32f450.o(.text)
    DMA1_Channel0_IRQHandler                 0x080001db   Thumb Code     0  startup_gd32f450.o(.text)
    DMA1_Channel1_IRQHandler                 0x080001db   Thumb Code     0  startup_gd32f450.o(.text)
    DMA1_Channel2_IRQHandler                 0x080001db   Thumb Code     0  startup_gd32f450.o(.text)
    DMA1_Channel3_IRQHandler                 0x080001db   Thumb Code     0  startup_gd32f450.o(.text)
    DMA1_Channel4_IRQHandler                 0x080001db   Thumb Code     0  startup_gd32f450.o(.text)
    DMA1_Channel5_IRQHandler                 0x080001db   Thumb Code     0  startup_gd32f450.o(.text)
    DMA1_Channel6_IRQHandler                 0x080001db   Thumb Code     0  startup_gd32f450.o(.text)
    DMA1_Channel7_IRQHandler                 0x080001db   Thumb Code     0  startup_gd32f450.o(.text)
    ENET_IRQHandler                          0x080001db   Thumb Code     0  startup_gd32f450.o(.text)
    ENET_WKUP_IRQHandler                     0x080001db   Thumb Code     0  startup_gd32f450.o(.text)
    EXMC_IRQHandler                          0x080001db   Thumb Code     0  startup_gd32f450.o(.text)
    EXTI0_IRQHandler                         0x080001db   Thumb Code     0  startup_gd32f450.o(.text)
    EXTI10_15_IRQHandler                     0x080001db   Thumb Code     0  startup_gd32f450.o(.text)
    EXTI1_IRQHandler                         0x080001db   Thumb Code     0  startup_gd32f450.o(.text)
    EXTI2_IRQHandler                         0x080001db   Thumb Code     0  startup_gd32f450.o(.text)
    EXTI3_IRQHandler                         0x080001db   Thumb Code     0  startup_gd32f450.o(.text)
    EXTI4_IRQHandler                         0x080001db   Thumb Code     0  startup_gd32f450.o(.text)
    EXTI5_9_IRQHandler                       0x080001db   Thumb Code     0  startup_gd32f450.o(.text)
    FMC_IRQHandler                           0x080001db   Thumb Code     0  startup_gd32f450.o(.text)
    FPU_IRQHandler                           0x080001db   Thumb Code     0  startup_gd32f450.o(.text)
    I2C0_ER_IRQHandler                       0x080001db   Thumb Code     0  startup_gd32f450.o(.text)
    I2C0_EV_IRQHandler                       0x080001db   Thumb Code     0  startup_gd32f450.o(.text)
    I2C1_ER_IRQHandler                       0x080001db   Thumb Code     0  startup_gd32f450.o(.text)
    I2C1_EV_IRQHandler                       0x080001db   Thumb Code     0  startup_gd32f450.o(.text)
    I2C2_ER_IRQHandler                       0x080001db   Thumb Code     0  startup_gd32f450.o(.text)
    I2C2_EV_IRQHandler                       0x080001db   Thumb Code     0  startup_gd32f450.o(.text)
    IPA_IRQHandler                           0x080001db   Thumb Code     0  startup_gd32f450.o(.text)
    LVD_IRQHandler                           0x080001db   Thumb Code     0  startup_gd32f450.o(.text)
    RCU_CTC_IRQHandler                       0x080001db   Thumb Code     0  startup_gd32f450.o(.text)
    RTC_Alarm_IRQHandler                     0x080001db   Thumb Code     0  startup_gd32f450.o(.text)
    RTC_WKUP_IRQHandler                      0x080001db   Thumb Code     0  startup_gd32f450.o(.text)
    SDIO_IRQHandler                          0x080001db   Thumb Code     0  startup_gd32f450.o(.text)
    SPI0_IRQHandler                          0x080001db   Thumb Code     0  startup_gd32f450.o(.text)
    SPI1_IRQHandler                          0x080001db   Thumb Code     0  startup_gd32f450.o(.text)
    SPI2_IRQHandler                          0x080001db   Thumb Code     0  startup_gd32f450.o(.text)
    SPI3_IRQHandler                          0x080001db   Thumb Code     0  startup_gd32f450.o(.text)
    SPI4_IRQHandler                          0x080001db   Thumb Code     0  startup_gd32f450.o(.text)
    SPI5_IRQHandler                          0x080001db   Thumb Code     0  startup_gd32f450.o(.text)
    TAMPER_STAMP_IRQHandler                  0x080001db   Thumb Code     0  startup_gd32f450.o(.text)
    TIMER0_BRK_TIMER8_IRQHandler             0x080001db   Thumb Code     0  startup_gd32f450.o(.text)
    TIMER0_CC_IRQHandler                     0x080001db   Thumb Code     0  startup_gd32f450.o(.text)
    TIMER0_TRG_CMT_TIMER10_IRQHandler        0x080001db   Thumb Code     0  startup_gd32f450.o(.text)
    TIMER0_UP_TIMER9_IRQHandler              0x080001db   Thumb Code     0  startup_gd32f450.o(.text)
    TIMER1_IRQHandler                        0x080001db   Thumb Code     0  startup_gd32f450.o(.text)
    TIMER2_IRQHandler                        0x080001db   Thumb Code     0  startup_gd32f450.o(.text)
    TIMER3_IRQHandler                        0x080001db   Thumb Code     0  startup_gd32f450.o(.text)
    TIMER4_IRQHandler                        0x080001db   Thumb Code     0  startup_gd32f450.o(.text)
    TIMER5_DAC_IRQHandler                    0x080001db   Thumb Code     0  startup_gd32f450.o(.text)
    TIMER6_IRQHandler                        0x080001db   Thumb Code     0  startup_gd32f450.o(.text)
    TIMER7_BRK_TIMER11_IRQHandler            0x080001db   Thumb Code     0  startup_gd32f450.o(.text)
    TIMER7_CC_IRQHandler                     0x080001db   Thumb Code     0  startup_gd32f450.o(.text)
    TIMER7_TRG_CMT_TIMER13_IRQHandler        0x080001db   Thumb Code     0  startup_gd32f450.o(.text)
    TIMER7_UP_TIMER12_IRQHandler             0x080001db   Thumb Code     0  startup_gd32f450.o(.text)
    TLI_ER_IRQHandler                        0x080001db   Thumb Code     0  startup_gd32f450.o(.text)
    TLI_IRQHandler                           0x080001db   Thumb Code     0  startup_gd32f450.o(.text)
    TRNG_IRQHandler                          0x080001db   Thumb Code     0  startup_gd32f450.o(.text)
    UART3_IRQHandler                         0x080001db   Thumb Code     0  startup_gd32f450.o(.text)
    UART4_IRQHandler                         0x080001db   Thumb Code     0  startup_gd32f450.o(.text)
    UART6_IRQHandler                         0x080001db   Thumb Code     0  startup_gd32f450.o(.text)
    UART7_IRQHandler                         0x080001db   Thumb Code     0  startup_gd32f450.o(.text)
    USART0_IRQHandler                        0x080001db   Thumb Code     0  startup_gd32f450.o(.text)
    USART1_IRQHandler                        0x080001db   Thumb Code     0  startup_gd32f450.o(.text)
    USART2_IRQHandler                        0x080001db   Thumb Code     0  startup_gd32f450.o(.text)
    USART5_IRQHandler                        0x080001db   Thumb Code     0  startup_gd32f450.o(.text)
    USBFS_IRQHandler                         0x080001db   Thumb Code     0  startup_gd32f450.o(.text)
    USBFS_WKUP_IRQHandler                    0x080001db   Thumb Code     0  startup_gd32f450.o(.text)
    USBHS_EP1_In_IRQHandler                  0x080001db   Thumb Code     0  startup_gd32f450.o(.text)
    USBHS_EP1_Out_IRQHandler                 0x080001db   Thumb Code     0  startup_gd32f450.o(.text)
    USBHS_IRQHandler                         0x080001db   Thumb Code     0  startup_gd32f450.o(.text)
    USBHS_WKUP_IRQHandler                    0x080001db   Thumb Code     0  startup_gd32f450.o(.text)
    WWDGT_IRQHandler                         0x080001db   Thumb Code     0  startup_gd32f450.o(.text)
    LOS_StartToRun                           0x080001e5   Thumb Code     0  los_dispatch_keil.o(.text)
    LOS_IntLock                              0x08000231   Thumb Code     0  los_dispatch_keil.o(.text)
    LOS_IntUnLock                            0x08000239   Thumb Code     0  los_dispatch_keil.o(.text)
    LOS_IntRestore                           0x08000241   Thumb Code     0  los_dispatch_keil.o(.text)
    osTaskSchedule                           0x08000247   Thumb Code     0  los_dispatch_keil.o(.text)
    PendSV_Handler                           0x08000251   Thumb Code     0  los_dispatch_keil.o(.text)
    __aeabi_uldivmod                         0x080002d1   Thumb Code    98  uldiv.o(.text)
    __aeabi_memcpy                           0x08000333   Thumb Code    36  memcpya.o(.text)
    __aeabi_memcpy4                          0x08000333   Thumb Code     0  memcpya.o(.text)
    __aeabi_memcpy8                          0x08000333   Thumb Code     0  memcpya.o(.text)
    __aeabi_memset                           0x08000357   Thumb Code    14  memseta.o(.text)
    __aeabi_memset4                          0x08000357   Thumb Code     0  memseta.o(.text)
    __aeabi_memset8                          0x08000357   Thumb Code     0  memseta.o(.text)
    __aeabi_memclr                           0x08000365   Thumb Code     4  memseta.o(.text)
    __aeabi_memclr4                          0x08000365   Thumb Code     0  memseta.o(.text)
    __aeabi_memclr8                          0x08000365   Thumb Code     0  memseta.o(.text)
    _memset$wrapper                          0x08000369   Thumb Code    18  memseta.o(.text)
    __aeabi_llsl                             0x0800037b   Thumb Code    30  llshl.o(.text)
    _ll_shift_l                              0x0800037b   Thumb Code     0  llshl.o(.text)
    __aeabi_llsr                             0x08000399   Thumb Code    32  llushr.o(.text)
    _ll_ushift_r                             0x08000399   Thumb Code     0  llushr.o(.text)
    __scatterload                            0x080003b9   Thumb Code    28  init.o(.text)
    __scatterload_rt2                        0x080003b9   Thumb Code     0  init.o(.text)
    __decompress                             0x080003dd   Thumb Code     0  __dczerorl2.o(.text)
    __decompress1                            0x080003dd   Thumb Code    86  __dczerorl2.o(.text)
    BusFault_Handler                         0x08000433   Thumb Code     4  gd32f4xx_it.o(i.BusFault_Handler)
    DebugMon_Handler                         0x08000437   Thumb Code     2  gd32f4xx_it.o(i.DebugMon_Handler)
    HardFault_Handler                        0x08000439   Thumb Code     4  gd32f4xx_it.o(i.HardFault_Handler)
    Hardware_Init                            0x0800043d   Thumb Code    18  main.o(i.Hardware_Init)
    LOS_Align                                0x08000455   Thumb Code    28  los_misc.o(i.LOS_Align)
    LOS_KernelInit                           0x08000471   Thumb Code   174  los_init.o(i.LOS_KernelInit)
    LOS_MemAlloc                             0x0800062d   Thumb Code    42  los_memory.o(i.LOS_MemAlloc)
    LOS_MemAllocAlign                        0x08000657   Thumb Code    20  los_memory.o(i.LOS_MemAllocAlign)
    LOS_MemFree                              0x0800066b   Thumb Code    52  los_memory.o(i.LOS_MemFree)
    LOS_MemInit                              0x080006a1   Thumb Code   206  los_memory.o(i.LOS_MemInit)
    LOS_QueueCreate                          0x080007ad   Thumb Code   210  los_queue.o(i.LOS_QueueCreate)
    LOS_QueueReadCopy                        0x0800088d   Thumb Code    54  los_queue.o(i.LOS_QueueReadCopy)
    LOS_QueueWriteCopy                       0x080008c3   Thumb Code    54  los_queue.o(i.LOS_QueueWriteCopy)
    LOS_Schedule                             0x080008f9   Thumb Code    56  los_hw.o(i.LOS_Schedule)
    LOS_Start                                0x08000939   Thumb Code    38  los_init.o(i.LOS_Start)
    LOS_TaskCreate                           0x0800097d   Thumb Code   140  los_task.o(i.LOS_TaskCreate)
    LOS_TaskCreateOnly                       0x08000a19   Thumb Code   354  los_task.o(i.LOS_TaskCreateOnly)
    LOS_TaskDelay                            0x08000b99   Thumb Code   106  los_task.o(i.LOS_TaskDelay)
    LOS_TaskDelete                           0x08000c15   Thumb Code   334  los_task.o(i.LOS_TaskDelete)
    LOS_TaskYield                            0x08000d8d   Thumb Code   134  los_task.o(i.LOS_TaskYield)
    LOS_TickCountGet                         0x08000e21   Thumb Code     6  los_sys.o(i.LOS_TickCountGet)
    MemManage_Handler                        0x08000e2d   Thumb Code     4  gd32f4xx_it.o(i.MemManage_Handler)
    NMI_Handler                              0x08000e31   Thumb Code     2  gd32f4xx_it.o(i.NMI_Handler)
    SVC_Handler                              0x08000e33   Thumb Code     2  gd32f4xx_it.o(i.SVC_Handler)
    SysTick_Handler                          0x08000e35   Thumb Code    34  los_hwi.o(i.SysTick_Handler)
    SystemInit                               0x08000e61   Thumb Code   104  system_gd32f4xx.o(i.SystemInit)
    UsageFault_Handler                       0x08000ed9   Thumb Code     4  gd32f4xx_it.o(i.UsageFault_Handler)
    __0printf$8                              0x08000edd   Thumb Code    22  printf8.o(i.__0printf$8)
    __1printf$8                              0x08000edd   Thumb Code     0  printf8.o(i.__0printf$8)
    __2printf                                0x08000edd   Thumb Code     0  printf8.o(i.__0printf$8)
    __scatterload_copy                       0x08000f25   Thumb Code    14  handlers.o(i.__scatterload_copy)
    __scatterload_null                       0x08000f33   Thumb Code     2  handlers.o(i.__scatterload_null)
    __scatterload_zeroinit                   0x08000f35   Thumb Code    14  handlers.o(i.__scatterload_zeroinit)
    creat_task1                              0x080013a9   Thumb Code    48  main.o(i.creat_task1)
    creat_task2                              0x080013e9   Thumb Code    48  main.o(i.creat_task2)
    fputc                                    0x08001429   Thumb Code    32  main.o(i.fputc)
    gd_eval_com_init                         0x0800144d   Thumb Code   162  gd32f450i_eval.o(i.gd_eval_com_init)
    gd_eval_led_init                         0x08001505   Thumb Code    70  gd32f450i_eval.o(i.gd_eval_led_init)
    gd_eval_led_on                           0x08001559   Thumb Code    16  gd32f450i_eval.o(i.gd_eval_led_on)
    gpio_af_set                              0x08001571   Thumb Code    94  gd32f4xx_gpio.o(i.gpio_af_set)
    gpio_mode_set                            0x080015cf   Thumb Code    78  gd32f4xx_gpio.o(i.gpio_mode_set)
    gpio_output_options_set                  0x0800161d   Thumb Code    66  gd32f4xx_gpio.o(i.gpio_output_options_set)
    led_init                                 0x0800165f   Thumb Code    10  main.o(i.led_init)
    main                                     0x08001669   Thumb Code    64  main.o(i.main)
    osAlarmHeapInfo                          0x080016e1   Thumb Code    36  los_heap.o(i.osAlarmHeapInfo)
    osAtomicBitsetClearBit                   0x08001705   Thumb Code    36  los_slab.o(i.osAtomicBitsetClearBit)
    osAtomicBitsetFindClearAndSet            0x08001729   Thumb Code    80  los_slab.o(i.osAtomicBitsetFindClearAndSet)
    osAtomicBitsetGetBit                     0x08001779   Thumb Code    42  los_slab.o(i.osAtomicBitsetGetBit)
    osAtomicBitsetGetNumBits                 0x080017a3   Thumb Code     6  los_slab.o(i.osAtomicBitsetGetNumBits)
    osAtomicBitsetInit                       0x080017a9   Thumb Code    46  los_slab.o(i.osAtomicBitsetInit)
    osHeapAlloc                              0x080017d9   Thumb Code   292  los_heap.o(i.osHeapAlloc)
    osHeapAllocAlign                         0x08001941   Thumb Code    90  los_heap.o(i.osHeapAllocAlign)
    osHeapFree                               0x0800199d   Thumb Code   284  los_heap.o(i.osHeapFree)
    osHeapInit                               0x08001add   Thumb Code    68  los_heap.o(i.osHeapInit)
    osHeapPrvGetNext                         0x08001b21   Thumb Code    26  los_heap.o(i.osHeapPrvGetNext)
    osHeapStatisticsGet                      0x08001b3d   Thumb Code    90  los_heap.o(i.osHeapStatisticsGet)
    osIdleTask                               0x08001ba1   Thumb Code     4  los_task.o(i.osIdleTask)
    osIdleTaskCreate                         0x08001ba5   Thumb Code    54  los_task.o(i.osIdleTaskCreate)
    osIntNumGet                              0x08001bf1   Thumb Code     8  los_hwi.o(i.osIntNumGet)
    osMemSystemInit                          0x08001bf9   Thumb Code    20  los_memory.o(i.osMemSystemInit)
    osMuxInit                                0x08001c15   Thumb Code    82  los_mux.o(i.osMuxInit)
    osPriqueueDequeue                        0x08001c79   Thumb Code    66  los_priqueue.o(i.osPriqueueDequeue)
    osPriqueueEnqueue                        0x08001cc5   Thumb Code    64  los_priqueue.o(i.osPriqueueEnqueue)
    osPriqueueInit                           0x08001d0d   Thumb Code    64  los_priqueue.o(i.osPriqueueInit)
    osPriqueueSize                           0x08001d55   Thumb Code    36  los_priqueue.o(i.osPriqueueSize)
    osPriqueueTop                            0x08001d7d   Thumb Code    32  los_priqueue.o(i.osPriqueueTop)
    osQueueInit                              0x08001eb1   Thumb Code    96  los_queue.o(i.osQueueInit)
    osQueueOperate                           0x08001f21   Thumb Code   374  los_queue.o(i.osQueueOperate)
    osSchedule                               0x08002135   Thumb Code     8  los_hw.o(i.osSchedule)
    osSemInit                                0x0800213d   Thumb Code    80  los_sem.o(i.osSemInit)
    osSlabAllocatorAlloc                     0x0800219d   Thumb Code    30  los_slab.o(i.osSlabAllocatorAlloc)
    osSlabAllocatorFree                      0x080021bb   Thumb Code    72  los_slab.o(i.osSlabAllocatorFree)
    osSlabAllocatorNew                       0x08002203   Thumb Code    92  los_slab.o(i.osSlabAllocatorNew)
    osSlabBlockHeadFill                      0x0800225f   Thumb Code    18  los_slabmem.o(i.osSlabBlockHeadFill)
    osSlabCtrlHdrGet                         0x08002271   Thumb Code     8  los_memory.o(i.osSlabCtrlHdrGet)
    osSlabMemAlloc                           0x08002279   Thumb Code   160  los_slabmem.o(i.osSlabMemAlloc)
    osSlabMemFree                            0x08002319   Thumb Code   116  los_slabmem.o(i.osSlabMemFree)
    osSlabMemInit                            0x0800238d   Thumb Code   108  los_slabmem.o(i.osSlabMemInit)
    osSwTmrInit                              0x080023f9   Thumb Code   130  los_swtmr.o(i.osSwTmrInit)
    osSwTmrStart                             0x08002499   Thumb Code   506  los_swtmr.o(i.osSwTmrStart)
    osSwTmrTask                              0x080026a1   Thumb Code    62  los_swtmr.o(i.osSwTmrTask)
    osSwTmrTaskCreate                        0x080026e5   Thumb Code    48  los_swtmr.o(i.osSwTmrTaskCreate)
    osSwtmrScan                              0x080027d9   Thumb Code    32  los_swtmr.o(i.osSwtmrScan)
    osTaskAdd2TimerList                      0x080027fd   Thumb Code   188  los_task.o(i.osTaskAdd2TimerList)
    osTaskEntry                              0x080028bd   Thumb Code    40  los_task.o(i.osTaskEntry)
    osTaskExit                               0x080028ed   Thumb Code     6  los_hw.o(i.osTaskExit)
    osTaskInit                               0x080028f5   Thumb Code   258  los_task.o(i.osTaskInit)
    osTaskMonInit                            0x08002a1d   Thumb Code    32  los_task.o(i.osTaskMonInit)
    osTaskScan                               0x08002a4d   Thumb Code   214  los_task.o(i.osTaskScan)
    osTaskSwitchCheck                        0x08002b29   Thumb Code   238  los_task.o(i.osTaskSwitchCheck)
    osTaskWait                               0x08002cad   Thumb Code    72  los_task.o(i.osTaskWait)
    osTaskWake                               0x08002cf9   Thumb Code    70  los_task.o(i.osTaskWake)
    osTickHandler                            0x08002d41   Thumb Code    34  los_tick.o(i.osTickHandler)
    osTickStart                              0x08002d69   Thumb Code   150  los_hw_tick.o(i.osTickStart)
    osTimerListDelete                        0x08002e1d   Thumb Code    66  los_task.o(i.osTimerListDelete)
    osTimesliceCheck                         0x08002e65   Thumb Code    64  los_timeslice.o(i.osTimesliceCheck)
    osTimesliceInit                          0x08002eb1   Thumb Code    12  los_timeslice.o(i.osTimesliceInit)
    osTskStackInit                           0x08002ec1   Thumb Code   134  los_hw.o(i.osTskStackInit)
    rcu_clock_freq_get                       0x08002f51   Thumb Code   264  gd32f4xx_rcu.o(i.rcu_clock_freq_get)
    rcu_periph_clock_enable                  0x08003075   Thumb Code    32  gd32f4xx_rcu.o(i.rcu_periph_clock_enable)
    rcu_periph_reset_disable                 0x08003099   Thumb Code    32  gd32f4xx_rcu.o(i.rcu_periph_reset_disable)
    rcu_periph_reset_enable                  0x080030bd   Thumb Code    32  gd32f4xx_rcu.o(i.rcu_periph_reset_enable)
    systick_config                           0x080031e5   Thumb Code    74  systick.o(i.systick_config)
    task1                                    0x08003235   Thumb Code    24  main.o(i.task1)
    task2                                    0x0800326d   Thumb Code    24  main.o(i.task2)
    usart_baudrate_set                       0x080032a1   Thumb Code   232  gd32f4xx_usart.o(i.usart_baudrate_set)
    usart_data_transmit                      0x08003391   Thumb Code     8  gd32f4xx_usart.o(i.usart_data_transmit)
    usart_deinit                             0x08003399   Thumb Code   210  gd32f4xx_usart.o(i.usart_deinit)
    usart_enable                             0x08003475   Thumb Code    10  gd32f4xx_usart.o(i.usart_enable)
    usart_flag_get                           0x0800347f   Thumb Code    30  gd32f4xx_usart.o(i.usart_flag_get)
    usart_receive_config                     0x0800349d   Thumb Code    16  gd32f4xx_usart.o(i.usart_receive_config)
    usart_transmit_config                    0x080034ad   Thumb Code    16  gd32f4xx_usart.o(i.usart_transmit_config)
    Region$$Table$$Base                      0x080034bc   Number         0  anon$$obj.o(Region$$Table)
    Region$$Table$$Limit                     0x080034dc   Number         0  anon$$obj.o(Region$$Table)
    g_TskHandle                              0x20000000   Data           4  main.o(.data)
    SystemCoreClock                          0x20000004   Data           4  system_gd32f4xx.o(.data)
    g_pstLosPriorityQueueList                0x2000006c   Data           4  los_priqueue.o(.data)
    m_uwSwTmrHandlerQueue                    0x20000074   Data           4  los_swtmr.o(.data)
    m_pstSwtmrCBArray                        0x20000078   Data           4  los_swtmr.o(.data)
    m_pstSwtmrFreeList                       0x2000007c   Data           4  los_swtmr.o(.data)
    m_pstSwtmrSortList                       0x20000080   Data           4  los_swtmr.o(.data)
    g_pstTaskCBArray                         0x20000090   Data           4  los_task.o(.data)
    g_stLosTask                              0x20000094   Data           8  los_task.o(.data)
    g_usLosTaskLock                          0x2000009c   Data           2  los_task.o(.data)
    g_uwTskMaxNum                            0x200000a0   Data           4  los_task.o(.data)
    g_uwIdleTaskID                           0x200000a4   Data           4  los_task.o(.data)
    g_uwSwtmrTaskID                          0x200000a8   Data           4  los_task.o(.data)
    g_stTaskTimerList                        0x200000ac   Data           8  los_task.o(.data)
    g_stLosFreeTask                          0x200000b4   Data           8  los_task.o(.data)
    g_stTskRecyleList                        0x200000bc   Data           8  los_task.o(.data)
    g_stTskSortLink                          0x200000c4   Data           8  los_task.o(.data)
    g_bTaskScheduled                         0x200000cc   Data           4  los_task.o(.data)
    g_pfnTskSwitchHook                       0x200000d0   Data           4  los_task.o(.data)
    g_pfnUsrTskSwitchHook                    0x200000d4   Data           4  los_task.o(.data)
    g_ullTickCount                           0x200000d8   Data           8  los_tick.o(.data)
    g_uwTicksPerSec                          0x200000e0   Data           4  los_tick.o(.data)
    g_uwCyclePerSec                          0x200000e4   Data           4  los_tick.o(.data)
    g_uwCyclesPerTick                        0x200000e8   Data           4  los_tick.o(.data)
    g_uwSysClock                             0x200000ec   Data           4  los_tick.o(.data)
    g_bSysTickStart                          0x200000f0   Data           4  los_tick.o(.data)
    g_stTaskTimeSlice                        0x200000f4   Data           8  los_timeslice.o(.data)
    g_pstAllMux                              0x200000fc   Data           4  los_mux.o(.data)
    g_stUnusedMuxList                        0x20000100   Data           8  los_mux.o(.data)
    g_pstAllQueue                            0x20000108   Data           4  los_queue.o(.data)
    g_stFreeQueueList                        0x2000010c   Data           8  los_queue.o(.data)
    g_stUnusedSemList                        0x20000114   Data           8  los_sem.o(.data)
    g_pstAllSem                              0x2000011c   Data           4  los_sem.o(.data)
    g_pPoolHead                              0x20000130   Data           4  los_memory.o(.data)
    m_aucSysMem0                             0x20000134   Data           4  los_init.o(.data)
    __stdout                                 0x20000138   Data           4  stdout.o(.data)
    m_uwSwTmrAlignID                         0x2000013c   Data          64  los_swtmr.o(.bss)
    g_astTskSwitchInfo                       0x2000017c   Data         342  los_task.o(.bss)
    Image$$RW_IRAM1$$ZI$$Limit               0x200006d8   Number         0  anon$$obj.o ABSOLUTE
    __initial_sp                             0x200006d8   Data           0  startup_gd32f450.o(STACK)



==============================================================================

Memory Map of the image

  Image Entry point : 0x080001ad

  Load Region LR_IROM1 (Base: 0x08000000, Size: 0x00003618, Max: 0x00100000, ABSOLUTE, COMPRESSED[0x0000351c])

    Execution Region ER_IROM1 (Exec base: 0x08000000, Load base: 0x08000000, Size: 0x000034dc, Max: 0x00100000, ABSOLUTE)

    Exec Addr    Load Addr    Size         Type   Attr      Idx    E Section Name        Object

    0x08000000   0x08000000   0x000001ac   Data   RO         6127    RESET               startup_gd32f450.o
    0x080001ac   0x080001ac   0x00000000   Code   RO         8604  * .ARM.Collect$$$$00000000  mc_w.l(entry.o)
    0x080001ac   0x080001ac   0x00000004   Code   RO         8886    .ARM.Collect$$$$00000001  mc_w.l(entry2.o)
    0x080001b0   0x080001b0   0x00000004   Code   RO         8889    .ARM.Collect$$$$00000004  mc_w.l(entry5.o)
    0x080001b4   0x080001b4   0x00000000   Code   RO         8891    .ARM.Collect$$$$00000008  mc_w.l(entry7b.o)
    0x080001b4   0x080001b4   0x00000000   Code   RO         8893    .ARM.Collect$$$$0000000A  mc_w.l(entry8b.o)
    0x080001b4   0x080001b4   0x00000008   Code   RO         8894    .ARM.Collect$$$$0000000B  mc_w.l(entry9a.o)
    0x080001bc   0x080001bc   0x00000000   Code   RO         8896    .ARM.Collect$$$$0000000D  mc_w.l(entry10a.o)
    0x080001bc   0x080001bc   0x00000000   Code   RO         8898    .ARM.Collect$$$$0000000F  mc_w.l(entry11a.o)
    0x080001bc   0x080001bc   0x00000004   Code   RO         8887    .ARM.Collect$$$$00002712  mc_w.l(entry2.o)
    0x080001c0   0x080001c0   0x00000024   Code   RO         6128    .text               startup_gd32f450.o
    0x080001e4   0x080001e4   0x000000ec   Code   RO         8601    .text               los_dispatch_keil.o
    0x080002d0   0x080002d0   0x00000062   Code   RO         8607    .text               mc_w.l(uldiv.o)
    0x08000332   0x08000332   0x00000024   Code   RO         8609    .text               mc_w.l(memcpya.o)
    0x08000356   0x08000356   0x00000024   Code   RO         8611    .text               mc_w.l(memseta.o)
    0x0800037a   0x0800037a   0x0000001e   Code   RO         8903    .text               mc_w.l(llshl.o)
    0x08000398   0x08000398   0x00000020   Code   RO         8905    .text               mc_w.l(llushr.o)
    0x080003b8   0x080003b8   0x00000024   Code   RO         8916    .text               mc_w.l(init.o)
    0x080003dc   0x080003dc   0x00000056   Code   RO         8928    .text               mc_w.l(__dczerorl2.o)
    0x08000432   0x08000432   0x00000004   Code   RO          269    i.BusFault_Handler  gd32f4xx_it.o
    0x08000436   0x08000436   0x00000002   Code   RO          270    i.DebugMon_Handler  gd32f4xx_it.o
    0x08000438   0x08000438   0x00000004   Code   RO          271    i.HardFault_Handler  gd32f4xx_it.o
    0x0800043c   0x0800043c   0x00000018   Code   RO            4    i.Hardware_Init     main.o
    0x08000454   0x08000454   0x0000001c   Code   RO         8316    i.LOS_Align         los_misc.o
    0x08000470   0x08000470   0x00000118   Code   RO         8416    i.LOS_KernelInit    los_init.o
    0x08000588   0x08000588   0x0000000e   Code   RO         7013    i.LOS_ListAdd       los_task.o
    0x08000596   0x08000596   0x0000000e   Code   RO         7484    i.LOS_ListAdd       los_mux.o
    0x080005a4   0x080005a4   0x0000000e   Code   RO         7573    i.LOS_ListAdd       los_queue.o
    0x080005b2   0x080005b2   0x0000000e   Code   RO         7723    i.LOS_ListAdd       los_sem.o
    0x080005c0   0x080005c0   0x00000014   Code   RO         7014    i.LOS_ListDelete    los_task.o
    0x080005d4   0x080005d4   0x00000010   Code   RO         6642    i.LOS_ListEmpty     los_priqueue.o
    0x080005e4   0x080005e4   0x00000010   Code   RO         7015    i.LOS_ListEmpty     los_task.o
    0x080005f4   0x080005f4   0x00000010   Code   RO         7574    i.LOS_ListEmpty     los_queue.o
    0x08000604   0x08000604   0x00000006   Code   RO         7016    i.LOS_ListInit      los_task.o
    0x0800060a   0x0800060a   0x00000006   Code   RO         7486    i.LOS_ListInit      los_mux.o
    0x08000610   0x08000610   0x00000006   Code   RO         7575    i.LOS_ListInit      los_queue.o
    0x08000616   0x08000616   0x00000006   Code   RO         7725    i.LOS_ListInit      los_sem.o
    0x0800061c   0x0800061c   0x00000010   Code   RO         7017    i.LOS_ListTailInsert  los_task.o
    0x0800062c   0x0800062c   0x0000002a   Code   RO         7907    i.LOS_MemAlloc      los_memory.o
    0x08000656   0x08000656   0x00000014   Code   RO         7908    i.LOS_MemAllocAlign  los_memory.o
    0x0800066a   0x0800066a   0x00000034   Code   RO         7910    i.LOS_MemFree       los_memory.o
    0x0800069e   0x0800069e   0x00000002   PAD
    0x080006a0   0x080006a0   0x0000010c   Code   RO         7912    i.LOS_MemInit       los_memory.o
    0x080007ac   0x080007ac   0x000000e0   Code   RO         7576    i.LOS_QueueCreate   los_queue.o
    0x0800088c   0x0800088c   0x00000036   Code   RO         7580    i.LOS_QueueReadCopy  los_queue.o
    0x080008c2   0x080008c2   0x00000036   Code   RO         7582    i.LOS_QueueWriteCopy  los_queue.o
    0x080008f8   0x080008f8   0x00000040   Code   RO         8473    i.LOS_Schedule      los_hw.o
    0x08000938   0x08000938   0x00000044   Code   RO         8418    i.LOS_Start         los_init.o
    0x0800097c   0x0800097c   0x0000009c   Code   RO         7020    i.LOS_TaskCreate    los_task.o
    0x08000a18   0x08000a18   0x00000180   Code   RO         7021    i.LOS_TaskCreateOnly  los_task.o
    0x08000b98   0x08000b98   0x0000007c   Code   RO         7022    i.LOS_TaskDelay     los_task.o
    0x08000c14   0x08000c14   0x00000178   Code   RO         7023    i.LOS_TaskDelete    los_task.o
    0x08000d8c   0x08000d8c   0x00000094   Code   RO         7036    i.LOS_TaskYield     los_task.o
    0x08000e20   0x08000e20   0x0000000c   Code   RO         6949    i.LOS_TickCountGet  los_sys.o
    0x08000e2c   0x08000e2c   0x00000004   Code   RO          272    i.MemManage_Handler  gd32f4xx_it.o
    0x08000e30   0x08000e30   0x00000002   Code   RO          273    i.NMI_Handler       gd32f4xx_it.o
    0x08000e32   0x08000e32   0x00000002   Code   RO          274    i.SVC_Handler       gd32f4xx_it.o
    0x08000e34   0x08000e34   0x0000002c   Code   RO         8571    i.SysTick_Handler   los_hwi.o
    0x08000e60   0x08000e60   0x00000078   Code   RO          396    i.SystemInit        system_gd32f4xx.o
    0x08000ed8   0x08000ed8   0x00000004   Code   RO          275    i.UsageFault_Handler  gd32f4xx_it.o
    0x08000edc   0x08000edc   0x00000020   Code   RO         8824    i.__0printf$8       mc_w.l(printf8.o)
    0x08000efc   0x08000efc   0x00000028   Code   RO          348    i.__NVIC_SetPriority  systick.o
    0x08000f24   0x08000f24   0x0000000e   Code   RO         8922    i.__scatterload_copy  mc_w.l(handlers.o)
    0x08000f32   0x08000f32   0x00000002   Code   RO         8923    i.__scatterload_null  mc_w.l(handlers.o)
    0x08000f34   0x08000f34   0x0000000e   Code   RO         8924    i.__scatterload_zeroinit  mc_w.l(handlers.o)
    0x08000f42   0x08000f42   0x00000002   PAD
    0x08000f44   0x08000f44   0x00000410   Code   RO         8831    i._printf_core      mc_w.l(printf8.o)
    0x08001354   0x08001354   0x00000024   Code   RO         8832    i._printf_post_padding  mc_w.l(printf8.o)
    0x08001378   0x08001378   0x0000002e   Code   RO         8833    i._printf_pre_padding  mc_w.l(printf8.o)
    0x080013a6   0x080013a6   0x00000002   PAD
    0x080013a8   0x080013a8   0x00000040   Code   RO            5    i.creat_task1       main.o
    0x080013e8   0x080013e8   0x00000040   Code   RO            6    i.creat_task2       main.o
    0x08001428   0x08001428   0x00000024   Code   RO            7    i.fputc             main.o
    0x0800144c   0x0800144c   0x000000b8   Code   RO         6063    i.gd_eval_com_init  gd32f450i_eval.o
    0x08001504   0x08001504   0x00000054   Code   RO         6066    i.gd_eval_led_init  gd32f450i_eval.o
    0x08001558   0x08001558   0x00000018   Code   RO         6068    i.gd_eval_led_on    gd32f450i_eval.o
    0x08001570   0x08001570   0x0000005e   Code   RO         3045    i.gpio_af_set       gd32f4xx_gpio.o
    0x080015ce   0x080015ce   0x0000004e   Code   RO         3053    i.gpio_mode_set     gd32f4xx_gpio.o
    0x0800161c   0x0800161c   0x00000042   Code   RO         3055    i.gpio_output_options_set  gd32f4xx_gpio.o
    0x0800165e   0x0800165e   0x0000000a   Code   RO            8    i.led_init          main.o
    0x08001668   0x08001668   0x00000078   Code   RO            9    i.main              main.o
    0x080016e0   0x080016e0   0x00000024   Code   RO         7820    i.osAlarmHeapInfo   los_heap.o
    0x08001704   0x08001704   0x00000024   Code   RO         8058    i.osAtomicBitsetClearBit  los_slab.o
    0x08001728   0x08001728   0x00000050   Code   RO         8060    i.osAtomicBitsetFindClearAndSet  los_slab.o
    0x08001778   0x08001778   0x0000002a   Code   RO         8061    i.osAtomicBitsetGetBit  los_slab.o
    0x080017a2   0x080017a2   0x00000006   Code   RO         8178    i.osAtomicBitsetGetNumBits  los_slab.o
    0x080017a8   0x080017a8   0x0000002e   Code   RO         8063    i.osAtomicBitsetInit  los_slab.o
    0x080017d6   0x080017d6   0x00000002   PAD
    0x080017d8   0x080017d8   0x00000168   Code   RO         7821    i.osHeapAlloc       los_heap.o
    0x08001940   0x08001940   0x0000005a   Code   RO         7822    i.osHeapAllocAlign  los_heap.o
    0x0800199a   0x0800199a   0x00000002   PAD
    0x0800199c   0x0800199c   0x00000140   Code   RO         7823    i.osHeapFree        los_heap.o
    0x08001adc   0x08001adc   0x00000044   Code   RO         7826    i.osHeapInit        los_heap.o
    0x08001b20   0x08001b20   0x0000001a   Code   RO         7827    i.osHeapPrvGetNext  los_heap.o
    0x08001b3a   0x08001b3a   0x00000002   PAD
    0x08001b3c   0x08001b3c   0x00000064   Code   RO         7828    i.osHeapStatisticsGet  los_heap.o
    0x08001ba0   0x08001ba0   0x00000004   Code   RO         7040    i.osIdleTask        los_task.o
    0x08001ba4   0x08001ba4   0x0000004c   Code   RO         7041    i.osIdleTaskCreate  los_task.o
    0x08001bf0   0x08001bf0   0x00000008   Code   RO         8572    i.osIntNumGet       los_hwi.o
    0x08001bf8   0x08001bf8   0x0000001c   Code   RO         7916    i.osMemSystemInit   los_memory.o
    0x08001c14   0x08001c14   0x00000064   Code   RO         7491    i.osMuxInit         los_mux.o
    0x08001c78   0x08001c78   0x0000004c   Code   RO         6643    i.osPriqueueDequeue  los_priqueue.o
    0x08001cc4   0x08001cc4   0x00000048   Code   RO         6644    i.osPriqueueEnqueue  los_priqueue.o
    0x08001d0c   0x08001d0c   0x00000048   Code   RO         6645    i.osPriqueueInit    los_priqueue.o
    0x08001d54   0x08001d54   0x00000028   Code   RO         6646    i.osPriqueueSize    los_priqueue.o
    0x08001d7c   0x08001d7c   0x00000028   Code   RO         6647    i.osPriqueueTop     los_priqueue.o
    0x08001da4   0x08001da4   0x0000010c   Code   RO         7585    i.osQueueBufferOperate  los_queue.o
    0x08001eb0   0x08001eb0   0x00000070   Code   RO         7586    i.osQueueInit       los_queue.o
    0x08001f20   0x08001f20   0x00000188   Code   RO         7589    i.osQueueOperate    los_queue.o
    0x080020a8   0x080020a8   0x00000040   Code   RO         7590    i.osQueueReadParameterCheck  los_queue.o
    0x080020e8   0x080020e8   0x00000040   Code   RO         7591    i.osQueueWriteParameterCheck  los_queue.o
    0x08002128   0x08002128   0x0000000c   Code   RO         8420    i.osRegister        los_init.o
    0x08002134   0x08002134   0x00000008   Code   RO         8475    i.osSchedule        los_hw.o
    0x0800213c   0x0800213c   0x00000060   Code   RO         7731    i.osSemInit         los_sem.o
    0x0800219c   0x0800219c   0x0000001e   Code   RO         8064    i.osSlabAllocatorAlloc  los_slab.o
    0x080021ba   0x080021ba   0x00000048   Code   RO         8068    i.osSlabAllocatorFree  los_slab.o
    0x08002202   0x08002202   0x0000005c   Code   RO         8075    i.osSlabAllocatorNew  los_slab.o
    0x0800225e   0x0800225e   0x00000012   Code   RO         8195    i.osSlabBlockHeadFill  los_slabmem.o
    0x08002270   0x08002270   0x00000008   Code   RO         7917    i.osSlabCtrlHdrGet  los_memory.o
    0x08002278   0x08002278   0x000000a0   Code   RO         8197    i.osSlabMemAlloc    los_slabmem.o
    0x08002318   0x08002318   0x00000074   Code   RO         8200    i.osSlabMemFree     los_slabmem.o
    0x0800238c   0x0800238c   0x0000006c   Code   RO         8201    i.osSlabMemInit     los_slabmem.o
    0x080023f8   0x080023f8   0x000000a0   Code   RO         6742    i.osSwTmrInit       los_swtmr.o
    0x08002498   0x08002498   0x00000208   Code   RO         6743    i.osSwTmrStart      los_swtmr.o
    0x080026a0   0x080026a0   0x00000044   Code   RO         6744    i.osSwTmrTask       los_swtmr.o
    0x080026e4   0x080026e4   0x00000044   Code   RO         6745    i.osSwTmrTaskCreate  los_swtmr.o
    0x08002728   0x08002728   0x00000080   Code   RO         6746    i.osSwTmrTimeoutHandle  los_swtmr.o
    0x080027a8   0x080027a8   0x00000030   Code   RO         6748    i.osSwtmrDelete     los_swtmr.o
    0x080027d8   0x080027d8   0x00000024   Code   RO         6749    i.osSwtmrScan       los_swtmr.o
    0x080027fc   0x080027fc   0x000000c0   Code   RO         7042    i.osTaskAdd2TimerList  los_task.o
    0x080028bc   0x080028bc   0x00000030   Code   RO         7043    i.osTaskEntry       los_task.o
    0x080028ec   0x080028ec   0x00000006   Code   RO         8476    i.osTaskExit        los_hw.o
    0x080028f2   0x080028f2   0x00000002   PAD
    0x080028f4   0x080028f4   0x00000128   Code   RO         7044    i.osTaskInit        los_task.o
    0x08002a1c   0x08002a1c   0x00000030   Code   RO         7045    i.osTaskMonInit     los_task.o
    0x08002a4c   0x08002a4c   0x000000dc   Code   RO         7047    i.osTaskScan        los_task.o
    0x08002b28   0x08002b28   0x00000184   Code   RO         7048    i.osTaskSwitchCheck  los_task.o
    0x08002cac   0x08002cac   0x0000004c   Code   RO         7049    i.osTaskWait        los_task.o
    0x08002cf8   0x08002cf8   0x00000046   Code   RO         7050    i.osTaskWake        los_task.o
    0x08002d3e   0x08002d3e   0x00000002   PAD
    0x08002d40   0x08002d40   0x00000028   Code   RO         7310    i.osTickHandler     los_tick.o
    0x08002d68   0x08002d68   0x000000b4   Code   RO         8524    i.osTickStart       los_hw_tick.o
    0x08002e1c   0x08002e1c   0x00000048   Code   RO         7051    i.osTimerListDelete  los_task.o
    0x08002e64   0x08002e64   0x0000004c   Code   RO         7369    i.osTimesliceCheck  los_timeslice.o
    0x08002eb0   0x08002eb0   0x00000010   Code   RO         7370    i.osTimesliceInit   los_timeslice.o
    0x08002ec0   0x08002ec0   0x00000090   Code   RO         8477    i.osTskStackInit    los_hw.o
    0x08002f50   0x08002f50   0x00000124   Code   RO         3825    i.rcu_clock_freq_get  gd32f4xx_rcu.o
    0x08003074   0x08003074   0x00000024   Code   RO         3844    i.rcu_periph_clock_enable  gd32f4xx_rcu.o
    0x08003098   0x08003098   0x00000024   Code   RO         3847    i.rcu_periph_reset_disable  gd32f4xx_rcu.o
    0x080030bc   0x080030bc   0x00000024   Code   RO         3848    i.rcu_periph_reset_enable  gd32f4xx_rcu.o
    0x080030e0   0x080030e0   0x000000fc   Code   RO          397    i.system_clock_200m_25m_hxtal  system_gd32f4xx.o
    0x080031dc   0x080031dc   0x00000008   Code   RO          398    i.system_clock_config  system_gd32f4xx.o
    0x080031e4   0x080031e4   0x00000050   Code   RO          351    i.systick_config    systick.o
    0x08003234   0x08003234   0x00000038   Code   RO           10    i.task1             main.o
    0x0800326c   0x0800326c   0x00000034   Code   RO           11    i.task2             main.o
    0x080032a0   0x080032a0   0x000000f0   Code   RO         5659    i.usart_baudrate_set  gd32f4xx_usart.o
    0x08003390   0x08003390   0x00000008   Code   RO         5664    i.usart_data_transmit  gd32f4xx_usart.o
    0x08003398   0x08003398   0x000000dc   Code   RO         5665    i.usart_deinit      gd32f4xx_usart.o
    0x08003474   0x08003474   0x0000000a   Code   RO         5669    i.usart_enable      gd32f4xx_usart.o
    0x0800347e   0x0800347e   0x0000001e   Code   RO         5671    i.usart_flag_get    gd32f4xx_usart.o
    0x0800349c   0x0800349c   0x00000010   Code   RO         5695    i.usart_receive_config  gd32f4xx_usart.o
    0x080034ac   0x080034ac   0x00000010   Code   RO         5710    i.usart_transmit_config  gd32f4xx_usart.o
    0x080034bc   0x080034bc   0x00000020   Data   RO         8920    Region$$Table       anon$$obj.o


    Execution Region RW_IRAM1 (Exec base: 0x20000000, Load base: 0x080034dc, Size: 0x000006d8, Max: 0x00030000, ABSOLUTE, COMPRESSED[0x00000040])

    Exec Addr    Load Addr    Size         Type   Attr      Idx    E Section Name        Object

    0x20000000   COMPRESSED   0x00000004   Data   RW           12    .data               main.o
    0x20000004   COMPRESSED   0x00000004   Data   RW          399    .data               system_gd32f4xx.o
    0x20000008   COMPRESSED   0x00000061   Data   RW         6070    .data               gd32f450i_eval.o
    0x20000069   COMPRESSED   0x00000003   PAD
    0x2000006c   COMPRESSED   0x00000008   Data   RW         6649    .data               los_priqueue.o
    0x20000074   COMPRESSED   0x0000001c   Data   RW         6753    .data               los_swtmr.o
    0x20000090   COMPRESSED   0x00000048   Data   RW         7054    .data               los_task.o
    0x200000d8   COMPRESSED   0x0000001c   Data   RW         7311    .data               los_tick.o
    0x200000f4   COMPRESSED   0x00000008   Data   RW         7371    .data               los_timeslice.o
    0x200000fc   COMPRESSED   0x0000000c   Data   RW         7492    .data               los_mux.o
    0x20000108   COMPRESSED   0x0000000c   Data   RW         7592    .data               los_queue.o
    0x20000114   COMPRESSED   0x0000000c   Data   RW         7732    .data               los_sem.o
    0x20000120   COMPRESSED   0x00000010   Data   RW         7829    .data               los_heap.o
    0x20000130   COMPRESSED   0x00000004   Data   RW         7918    .data               los_memory.o
    0x20000134   COMPRESSED   0x00000004   Data   RW         8421    .data               los_init.o
    0x20000138   COMPRESSED   0x00000004   Data   RW         8900    .data               mc_w.l(stdout.o)
    0x2000013c        -       0x00000040   Zero   RW         6752    .bss                los_swtmr.o
    0x2000017c        -       0x00000156   Zero   RW         7052    .bss                los_task.o
    0x200002d2   COMPRESSED   0x00000006   PAD
    0x200002d8        -       0x00000400   Zero   RW         6125    STACK               startup_gd32f450.o


==============================================================================

Image component sizes


      Code (inc. data)   RO Data    RW Data    ZI Data      Debug   Object Name

         0          0          0          0          0      10596   cmsis_liteos.o
       292         44          0         97          0       4583   gd32f450i_eval.o
       238          0          0          0          0       2628   gd32f4xx_gpio.o
        22          0          0          0          0       3207   gd32f4xx_it.o
       400         40          0          0          0      28116   gd32f4xx_rcu.o
       540         18          0          0          0      12625   gd32f4xx_usart.o
       236         24          0          0          0        432   los_dispatch_keil.o
      1000        114          0         16          0      11074   los_heap.o
       222         18          0          0          0       2886   los_hw.o
       180         30          0          0          0      30953   los_hw_tick.o
        52         10          0          0          0       6576   los_hwi.o
       360        140          0          4          0       2416   los_init.o
       418         70          0          4          0       4866   los_memory.o
        28          0          0          0          0        640   los_misc.o
       120         18          0         12          0      12076   los_mux.o
       316         38          0          8          0      13826   los_priqueue.o
      1268        100          0         12          0      23444   los_queue.o
       116         16          0         12          0       3312   los_sem.o
       404          0          0          0          0       8894   los_slab.o
       402          0          0          0          0       4111   los_slabmem.o
      1028         90          0         28         64      18090   los_swtmr.o
        12          6          0          0          0        535   los_sys.o
      2750        374          0         72        342      26568   los_task.o
        40          6          0         28          0       3300   los_tick.o
        92         16          0          8          0       1345   los_timeslice.o
       426        158          0          4          0      52604   main.o
        36          8        428          0       1024        924   startup_gd32f450.o
       380         30          0          4          0       2191   system_gd32f4xx.o
       120         14          0          0          0      31196   systick.o

    ----------------------------------------------------------------------
     11510       1382        460        312       1436     324014   Object Totals
         0          0         32          0          0          0   (incl. Generated)
        12          0          0          3          6          0   (incl. Padding)

    ----------------------------------------------------------------------

      Code (inc. data)   RO Data    RW Data    ZI Data      Debug   Library Member Name

        86          0          0          0          0          0   __dczerorl2.o
         0          0          0          0          0          0   entry.o
         0          0          0          0          0          0   entry10a.o
         0          0          0          0          0          0   entry11a.o
         8          4          0          0          0          0   entry2.o
         4          0          0          0          0          0   entry5.o
         0          0          0          0          0          0   entry7b.o
         0          0          0          0          0          0   entry8b.o
         8          4          0          0          0          0   entry9a.o
        30          0          0          0          0          0   handlers.o
        36          8          0          0          0         68   init.o
        30          0          0          0          0         68   llshl.o
        32          0          0          0          0         68   llushr.o
        36          0          0          0          0         68   memcpya.o
        36          0          0          0          0        108   memseta.o
      1154         54          0          0          0        352   printf8.o
         0          0          0          4          0          0   stdout.o
        98          0          0          0          0         92   uldiv.o

    ----------------------------------------------------------------------
      1562         70          0          4          0        824   Library Totals
         4          0          0          0          0          0   (incl. Padding)

    ----------------------------------------------------------------------

      Code (inc. data)   RO Data    RW Data    ZI Data      Debug   Library Name

      1558         70          0          4          0        824   mc_w.l

    ----------------------------------------------------------------------
      1562         70          0          4          0        824   Library Totals

    ----------------------------------------------------------------------

==============================================================================


      Code (inc. data)   RO Data    RW Data    ZI Data      Debug   

     13072       1452        460        316       1436     312458   Grand Totals
     13072       1452        460         64       1436     312458   ELF Image Totals (compressed)
     13072       1452        460         64          0          0   ROM Totals

==============================================================================

    Total RO  Size (Code + RO Data)                13532 (  13.21kB)
    Total RW  Size (RW Data + ZI Data)              1752 (   1.71kB)
    Total ROM Size (Code + RO Data + RW Data)      13596 (  13.28kB)

==============================================================================

