


ARM Macro Assembler    Page 1 


    1 00000000         ;-------------------------------------------------------
                       ---------------------
    2 00000000         ; Copyright (c) <2013-2015>, <Huawei Technologies Co., L
                       td>
    3 00000000         ; All rights reserved.
    4 00000000         ; Redistribution and use in source and binary forms, wit
                       h or without modification,
    5 00000000         ; are permitted provided that the following conditions a
                       re met:
    6 00000000         ; 1. Redistributions of source code must retain the abov
                       e copyright notice, this list of
    7 00000000         ; conditions and the following disclaimer.
    8 00000000         ; 2. Redistributions in binary form must reproduce the a
                       bove copyright notice, this list
    9 00000000         ; of conditions and the following disclaimer in the docu
                       mentation and/or other materials
   10 00000000         ; provided with the distribution.
   11 00000000         ; 3. Neither the name of the copyright holder nor the na
                       mes of its contributors may be used
   12 00000000         ; to endorse or promote products derived from this softw
                       are without specific prior written
   13 00000000         ; permission.
   14 00000000         ; THIS SOFTWARE IS PROVIDED BY THE COPYRIGHT HOLDERS AND
                        CONTRIBUTORS
   15 00000000         ; "AS IS" AND ANY EXPRESS OR IMPLIED WARRANTIES, INCLUDI
                       NG, BUT NOT LIMITED TO,
   16 00000000         ; THE IMPLIED WARRANTIES OF MERCHANTABILITY AND FITNESS 
                       FOR A PARTICULAR
   17 00000000         ; PURPOSE ARE DISCLAIMED. IN NO EVENT SHALL THE COPYRIGH
                       T HOLDER OR
   18 00000000         ; CONTRIBUTORS BE LIABLE FOR ANY DIRECT, INDIRECT, INCID
                       ENTAL, SPECIAL,
   19 00000000         ; EXEMPLARY, OR CONSEQUENTIAL DAMAGES (INCLUDING, BUT NO
                       T LIMITED TO,
   20 00000000         ; PROCUREMENT OF SUBSTITUTE GOODS OR SERVICES; LOSS OF U
                       SE, DATA, OR PROFITS;
   21 00000000         ; OR BUSINESS INTERRUPTION) HOWEVER CAUSED AND ON ANY TH
                       EORY OF LIABILITY,
   22 00000000         ; WHETHER IN CONTRACT, STRICT LIABILITY, OR TORT (INCLUD
                       ING NEGLIGENCE OR
   23 00000000         ; OTHERWISE) ARISING IN ANY WAY OUT OF THE USE OF THIS S
                       OFTWARE, EVEN IF
   24 00000000         ; ADVISED OF THE POSSIBILITY OF SUCH DAMAGE.
   25 00000000         ;-------------------------------------------------------
                       --------------------*/
   26 00000000         ;-------------------------------------------------------
                       ---------------------
   27 00000000         ; Notice of Export Control Law
   28 00000000         ; ===============================================
   29 00000000         ; Huawei LiteOS may be subject to applicable export cont
                       rol laws and regulations, which might
   30 00000000         ; include those applicable to Huawei LiteOS of U.S. and 
                       the country in which you are located.
   31 00000000         ; Import, export and usage of Huawei LiteOS in any manne
                       r by you shall be in compliance with such
   32 00000000         ; applicable export control laws and regulations.
   33 00000000         ;-------------------------------------------------------
                       --------------------*/
   34 00000000         



ARM Macro Assembler    Page 2 


   35 00000000                 PRESERVE8
   36 00000000         
   37 00000000                 EXPORT           LOS_IntLock
   38 00000000                 EXPORT           LOS_IntUnLock
   39 00000000                 EXPORT           LOS_IntRestore
   40 00000000                 EXPORT           LOS_StartToRun
   41 00000000                 EXPORT           osTaskSchedule
   42 00000000                 EXPORT           osPendSV
   43 00000000                 EXPORT           LOS_IntNumGet
   44 00000000         
   45 00000000                 IMPORT           g_stLosTask
   46 00000000                 IMPORT           g_pfnTskSwitchHook
   47 00000000                 IMPORT           g_bTaskScheduled
   48 00000000         
   49 00000000 E000ED04 
                       OS_NVIC_INT_CTRL
                               EQU              0xE000ED04
   50 00000000 E000ED20 
                       OS_NVIC_SYSPRI2
                               EQU              0xE000ED20
   51 00000000 F0F00000 
                       OS_NVIC_PENDSV_PRI
                               EQU              0xF0F00000
   52 00000000 10000000 
                       OS_NVIC_PENDSVSET
                               EQU              0x10000000
   53 00000000 00000010 
                       OS_TASK_STATUS_RUNNING
                               EQU              0x0010
   54 00000000         
   55 00000000                 AREA             |.text|, CODE, READONLY
   56 00000000                 THUMB
   57 00000000                 REQUIRE8
   58 00000000         
   59 00000000         LOS_StartToRun
   60 00000000 4C33            LDR              R4, =OS_NVIC_SYSPRI2
   61 00000002 4D34            LDR              R5, =OS_NVIC_PENDSV_PRI
   62 00000004 6025            STR              R5, [R4]
   63 00000006         
   64 00000006 4834            LDR              R0, =g_bTaskScheduled
   65 00000008 F04F 0101       MOV              R1, #1
   66 0000000C 6001            STR              R1, [R0]
   67 0000000E         
   68 0000000E F04F 0002       MOV              R0, #2
   69 00000012 F380 8814       MSR              CONTROL, R0
   70 00000016         
   71 00000016         
   72 00000016 4831            LDR              R0, =g_stLosTask
   73 00000018 6842            LDR              R2, [R0, #4]
   74 0000001A 4830            LDR              R0, =g_stLosTask
   75 0000001C 6002            STR              R2, [R0]
   76 0000001E         
   77 0000001E 4B2F            LDR              R3, =g_stLosTask
   78 00000020 6818            LDR              R0, [R3]
   79 00000022 8887            LDRH             R7, [R0 , #4]
   80 00000024 F04F 0810       MOV              R8,  #OS_TASK_STATUS_RUNNING
   81 00000028 EA47 0708       ORR              R7,  R7,  R8
   82 0000002C 8087            STRH             R7,  [R0 , #4]
   83 0000002E         



ARM Macro Assembler    Page 3 


   84 0000002E F8D0 C000       LDR              R12, [R0]
   85 00000032 F10C 0C64       ADD              R12, R12, #100
   86 00000036         
   87 00000036 E8BC 00FF       LDMFD            R12!, {R0-R7}
   88 0000003A F10C 0C48       ADD              R12, R12, #72
   89 0000003E F38C 8809       MSR              PSP, R12
   90 00000042 ED2D 0A01       VPUSH            S0          ;
   91 00000046 ECBD 0A01       VPOP             S0          ;
   92 0000004A         
   93 0000004A 46AE            MOV              LR, R5
   94 0000004C         ;MSR     xPSR, R7
   95 0000004C         
   96 0000004C B662            CPSIE            I
   97 0000004E 4730            BX               R6
   98 00000050         
   99 00000050         LOS_IntNumGet
  100 00000050 F3EF 8005       MRS              R0, IPSR
  101 00000054 4770            BX               LR
  102 00000056         
  103 00000056         LOS_IntLock
  104 00000056 F3EF 8010       MRS              R0, PRIMASK
  105 0000005A B672            CPSID            I
  106 0000005C 4770            BX               LR
  107 0000005E         
  108 0000005E         LOS_IntUnLock
  109 0000005E F3EF 8010       MRS              R0, PRIMASK
  110 00000062 B662            CPSIE            I
  111 00000064 4770            BX               LR
  112 00000066         
  113 00000066         LOS_IntRestore
  114 00000066 F380 8810       MSR              PRIMASK, R0
  115 0000006A 4770            BX               LR
  116 0000006C         
  117 0000006C         osTaskSchedule
  118 0000006C 481C            LDR              R0, =OS_NVIC_INT_CTRL
  119 0000006E F04F 5180       LDR              R1, =OS_NVIC_PENDSVSET
  120 00000072 6001            STR              R1, [R0]
  121 00000074 4770            BX               LR
  122 00000076         
  123 00000076         osPendSV
  124 00000076 F3EF 8C10       MRS              R12, PRIMASK
  125 0000007A B672            CPSID            I
  126 0000007C         
  127 0000007C 4A19            LDR              R2, =g_pfnTskSwitchHook
  128 0000007E 6812            LDR              R2, [R2]
  129 00000080 B122            CBZ              R2, TaskSwitch
  130 00000082 E92D 5000       PUSH             {R12, LR}
  131 00000086 4790            BLX              R2
  132 00000088 E8BD 5000       POP              {R12, LR}
  133 0000008C         
  134 0000008C         TaskSwitch
  135 0000008C F3EF 8009       MRS              R0, PSP
  136 00000090         
  137 00000090 E920 1FF0       STMFD            R0!, {R4-R12}
  138 00000094 ED20 8B10       VSTMDB           R0!, {D8-D15}
  139 00000098         
  140 00000098 4D10            LDR              R5, =g_stLosTask
  141 0000009A 682E            LDR              R6, [R5]
  142 0000009C 6030            STR              R0, [R6]



ARM Macro Assembler    Page 4 


  143 0000009E         
  144 0000009E         
  145 0000009E 88B7            LDRH             R7, [R6 , #4]
  146 000000A0 F04F 0810       MOV              R8,#OS_TASK_STATUS_RUNNING
  147 000000A4 EA27 0708       BIC              R7, R7, R8
  148 000000A8 80B7            STRH             R7, [R6 , #4]
  149 000000AA         
  150 000000AA         
  151 000000AA 480C            LDR              R0, =g_stLosTask
  152 000000AC 6840            LDR              R0, [R0, #4]
  153 000000AE 6028            STR              R0, [R5]
  154 000000B0         
  155 000000B0         
  156 000000B0 8887            LDRH             R7, [R0 , #4]
  157 000000B2 F04F 0810       MOV              R8,  #OS_TASK_STATUS_RUNNING
  158 000000B6 EA47 0708       ORR              R7, R7, R8
  159 000000BA 8087            STRH             R7,  [R0 , #4]
  160 000000BC         
  161 000000BC 6801            LDR              R1,   [R0]
  162 000000BE ECB1 8B10       VLDMIA           R1!, {D8-D15}
  163 000000C2 E8B1 1FF0       LDMFD            R1!, {R4-R12}
  164 000000C6 F381 8809       MSR              PSP,  R1
  165 000000CA         
  166 000000CA F38C 8810       MSR              PRIMASK, R12
  167 000000CE 4770            BX               LR
  168 000000D0         
  169 000000D0                 END
              E000ED20 
              F0F00000 
              00000000 
              00000000 
              E000ED04 
              00000000 
Command Line: --debug --xref --diag_suppress=9931 --cpu=Cortex-M4.fp --apcs=int
erwork --depend=.\objects\los_dispatch.d -o.\objects\los_dispatch.o -IE:\openso
urce\LiteOS\projects\stm32f429_keil\RTE -IC:\Keil_v5\ARM\PACK\Keil\STM32F4xx_DF
P\2.10.0 -IC:\Keil_v5\ARM\CMSIS\Include --predefine="__MICROLIB SETA 1" --prede
fine="__UVISION_VERSION SETA 514" --predefine="STM32F429xx SETA 1" --list=.\lis
tings\los_dispatch.lst startup\los_dispatch.s



ARM Macro Assembler    Page 1 Alphabetic symbol ordering
Relocatable symbols

.text 00000000

Symbol: .text
   Definitions
      At line 55 in file startup\los_dispatch.s
   Uses
      None
Comment: .text unused
LOS_IntLock 00000056

Symbol: LOS_IntLock
   Definitions
      At line 103 in file startup\los_dispatch.s
   Uses
      At line 37 in file startup\los_dispatch.s
Comment: LOS_IntLock used once
LOS_IntNumGet 00000050

Symbol: LOS_IntNumGet
   Definitions
      At line 99 in file startup\los_dispatch.s
   Uses
      At line 43 in file startup\los_dispatch.s
Comment: LOS_IntNumGet used once
LOS_IntRestore 00000066

Symbol: LOS_IntRestore
   Definitions
      At line 113 in file startup\los_dispatch.s
   Uses
      At line 39 in file startup\los_dispatch.s
Comment: LOS_IntRestore used once
LOS_IntUnLock 0000005E

Symbol: LOS_IntUnLock
   Definitions
      At line 108 in file startup\los_dispatch.s
   Uses
      At line 38 in file startup\los_dispatch.s
Comment: LOS_IntUnLock used once
LOS_StartToRun 00000000

Symbol: LOS_StartToRun
   Definitions
      At line 59 in file startup\los_dispatch.s
   Uses
      At line 40 in file startup\los_dispatch.s
Comment: LOS_StartToRun used once
TaskSwitch 0000008C

Symbol: TaskSwitch
   Definitions
      At line 134 in file startup\los_dispatch.s
   Uses
      At line 129 in file startup\los_dispatch.s
Comment: TaskSwitch used once
osPendSV 00000076

Symbol: osPendSV



ARM Macro Assembler    Page 2 Alphabetic symbol ordering
Relocatable symbols

   Definitions
      At line 123 in file startup\los_dispatch.s
   Uses
      At line 42 in file startup\los_dispatch.s
Comment: osPendSV used once
osTaskSchedule 0000006C

Symbol: osTaskSchedule
   Definitions
      At line 117 in file startup\los_dispatch.s
   Uses
      At line 41 in file startup\los_dispatch.s
Comment: osTaskSchedule used once
9 symbols



ARM Macro Assembler    Page 1 Alphabetic symbol ordering
Absolute symbols

OS_NVIC_INT_CTRL E000ED04

Symbol: OS_NVIC_INT_CTRL
   Definitions
      At line 49 in file startup\los_dispatch.s
   Uses
      At line 118 in file startup\los_dispatch.s
Comment: OS_NVIC_INT_CTRL used once
OS_NVIC_PENDSVSET 10000000

Symbol: OS_NVIC_PENDSVSET
   Definitions
      At line 52 in file startup\los_dispatch.s
   Uses
      At line 119 in file startup\los_dispatch.s
Comment: OS_NVIC_PENDSVSET used once
OS_NVIC_PENDSV_PRI F0F00000

Symbol: OS_NVIC_PENDSV_PRI
   Definitions
      At line 51 in file startup\los_dispatch.s
   Uses
      At line 61 in file startup\los_dispatch.s
Comment: OS_NVIC_PENDSV_PRI used once
OS_NVIC_SYSPRI2 E000ED20

Symbol: OS_NVIC_SYSPRI2
   Definitions
      At line 50 in file startup\los_dispatch.s
   Uses
      At line 60 in file startup\los_dispatch.s
Comment: OS_NVIC_SYSPRI2 used once
OS_TASK_STATUS_RUNNING 00000010

Symbol: OS_TASK_STATUS_RUNNING
   Definitions
      At line 53 in file startup\los_dispatch.s
   Uses
      At line 80 in file startup\los_dispatch.s
      At line 146 in file startup\los_dispatch.s
      At line 157 in file startup\los_dispatch.s

5 symbols



ARM Macro Assembler    Page 1 Alphabetic symbol ordering
External symbols

g_bTaskScheduled 00000000

Symbol: g_bTaskScheduled
   Definitions
      At line 47 in file startup\los_dispatch.s
   Uses
      At line 64 in file startup\los_dispatch.s
Comment: g_bTaskScheduled used once
g_pfnTskSwitchHook 00000000

Symbol: g_pfnTskSwitchHook
   Definitions
      At line 46 in file startup\los_dispatch.s
   Uses
      At line 127 in file startup\los_dispatch.s
Comment: g_pfnTskSwitchHook used once
g_stLosTask 00000000

Symbol: g_stLosTask
   Definitions
      At line 45 in file startup\los_dispatch.s
   Uses
      At line 72 in file startup\los_dispatch.s
      At line 74 in file startup\los_dispatch.s
      At line 77 in file startup\los_dispatch.s
      At line 140 in file startup\los_dispatch.s
      At line 151 in file startup\los_dispatch.s

3 symbols
353 symbols in table
