


ARM Macro Assembler    Page 1 


    1 00000000         ;-------------------------------------------------------
                       ---------------------
    2 00000000         ; Copyright (c) <2013-2015>, <Huawei Technologies Co., L
                       td>
    3 00000000         ; All rights reserved.
    4 00000000         ; Redistribution and use in source and binary forms, wit
                       h or without modification,
    5 00000000         ; are permitted provided that the following conditions a
                       re met:
    6 00000000         ; 1. Redistributions of source code must retain the abov
                       e copyright notice, this list of
    7 00000000         ; conditions and the following disclaimer.
    8 00000000         ; 2. Redistributions in binary form must reproduce the a
                       bove copyright notice, this list
    9 00000000         ; of conditions and the following disclaimer in the docu
                       mentation and/or other materials
   10 00000000         ; provided with the distribution.
   11 00000000         ; 3. Neither the name of the copyright holder nor the na
                       mes of its contributors may be used
   12 00000000         ; to endorse or promote products derived from this softw
                       are without specific prior written
   13 00000000         ; permission.
   14 00000000         ; THIS SOFTWARE IS PROVIDED BY THE COPYRIGHT HOLDERS AND
                        CONTRIBUTORS
   15 00000000         ; "AS IS" AND ANY EXPRESS OR IMPLIED WARRANTIES, INCLUDI
                       NG, BUT NOT LIMITED TO,
   16 00000000         ; THE IMPLIED WARRANTIES OF MERCHANTABILITY AND FITNESS 
                       FOR A PARTICULAR
   17 00000000         ; PURPOSE ARE DISCLAIMED. IN NO EVENT SHALL THE COPYRIGH
                       T HOLDER OR
   18 00000000         ; CONTRIBUTORS BE LIABLE FOR ANY DIRECT, INDIRECT, INCID
                       ENTAL, SPECIAL,
   19 00000000         ; EXEMPLARY, OR CONSEQUENTIAL DAMAGES (INCLUDING, BUT NO
                       T LIMITED TO,
   20 00000000         ; PROCUREMENT OF SUBSTITUTE GOODS OR SERVICES; LOSS OF U
                       SE, DATA, OR PROFITS;
   21 00000000         ; OR BUSINESS INTERRUPTION) HOWEVER CAUSED AND ON ANY TH
                       EORY OF LIABILITY,
   22 00000000         ; WHETHER IN CONTRACT, STRICT LIABILITY, OR TORT (INCLUD
                       ING NEGLIGENCE OR
   23 00000000         ; OTHERWISE) ARISING IN ANY WAY OUT OF THE USE OF THIS S
                       OFTWARE, EVEN IF
   24 00000000         ; ADVISED OF THE POSSIBILITY OF SUCH DAMAGE.
   25 00000000         ;-------------------------------------------------------
                       --------------------*/
   26 00000000         ;-------------------------------------------------------
                       ---------------------
   27 00000000         ; Notice of Export Control Law
   28 00000000         ; ===============================================
   29 00000000         ; Huawei LiteOS may be subject to applicable export cont
                       rol laws and regulations, which might
   30 00000000         ; include those applicable to Huawei LiteOS of U.S. and 
                       the country in which you are located.
   31 00000000         ; Import, export and usage of Huawei LiteOS in any manne
                       r by you shall be in compliance with such
   32 00000000         ; applicable export control laws and regulations.
   33 00000000         ;-------------------------------------------------------
                       --------------------*/
   34 00000000         



ARM Macro Assembler    Page 2 


   35 00000000 00000400 
                       Stack_Size
                               EQU              0x400       ;
   36 00000000         
   37 00000000                 AREA             STACK, NOINIT, READWRITE, ALIGN
=3
   38 00000000         Stack_Mem
                               SPACE            Stack_Size
   39 00000400         __initial_sp
   40 00000400         
   41 00000400         
   42 00000400         ; <h> Heap Configuration
   43 00000400         ;   <o>  Heap Size (in Bytes) <0x0-0xFFFFFFFF:8>
   44 00000400         ; </h>
   45 00000400         
   46 00000400 00000200 
                       Heap_Size
                               EQU              0x200       ;
   47 00000400         
   48 00000400                 AREA             HEAP, NOINIT, READWRITE, ALIGN=
3
   49 00000000         __heap_base
   50 00000000         Heap_Mem
                               SPACE            Heap_Size
   51 00000200         __heap_limit
   52 00000200         
   53 00000200                 PRESERVE8
   54 00000200                 THUMB
   55 00000200         
   56 00000200         
   57 00000200         ; Vector Table Mapped to Address 0 at Reset
   58 00000200                 AREA             RESET, DATA, READONLY
   59 00000000                 EXPORT           __Vectors
   60 00000000                 EXPORT           __Vectors_End
   61 00000000                 EXPORT           __Vectors_Size
   62 00000000         
   63 00000000 00000000 
                       __Vectors
                               DCD              __initial_sp ; Top of Stack
   64 00000004 00000000        DCD              Reset_Handler ; Reset Handler
   65 00000008         
   66 00000008         __Vectors_End
   67 00000008         
   68 00000008 00000008 
                       __Vectors_Size
                               EQU              __Vectors_End - __Vectors
   69 00000008         
   70 00000008                 AREA             |.text|, CODE, READONLY
   71 00000000         
   72 00000000         ; Reset handler
   73 00000000         Reset_Handler
                               PROC
   74 00000000                 EXPORT           Reset_Handler             [WEAK
]
   75 00000000                 IMPORT           osEnableFPU
   76 00000000                 IMPORT           __main
   77 00000000         
   78 00000000 4801            LDR              R0, =osEnableFPU
   79 00000002 4780            BLX              R0



ARM Macro Assembler    Page 3 


   80 00000004 4801            LDR              R0, =__main
   81 00000006 4700            BX               R0
   82 00000008                 ENDP
   83 00000008         
   84 00000008                 ALIGN
   85 00000008         
   86 00000008         ;*******************************************************
                       ************************
   87 00000008         ; User Stack and Heap initialization
   88 00000008         ;*******************************************************
                       ************************
   89 00000008                 IF               :DEF:__MICROLIB
   90 00000008         
   91 00000008                 EXPORT           __initial_sp
   92 00000008                 EXPORT           __heap_base
   93 00000008                 EXPORT           __heap_limit
   94 00000008         
   95 00000008                 ELSE
  110                          ENDIF
  111 00000008         
  112 00000008                 END
              00000000 
              00000000 
Command Line: --debug --xref --diag_suppress=9931 --cpu=Cortex-M4.fp --apcs=int
erwork --depend=.\objects\los_vendor.d -o.\objects\los_vendor.o -IE:\opensource
\LiteOS\projects\stm32f429_keil\RTE -IC:\Keil_v5\ARM\PACK\Keil\STM32F4xx_DFP\2.
10.0 -IC:\Keil_v5\ARM\CMSIS\Include --predefine="__MICROLIB SETA 1" --predefine
="__UVISION_VERSION SETA 514" --predefine="STM32F429xx SETA 1" --list=.\listing
s\los_vendor.lst startup\los_vendor.s



ARM Macro Assembler    Page 1 Alphabetic symbol ordering
Relocatable symbols

STACK 00000000

Symbol: STACK
   Definitions
      At line 37 in file startup\los_vendor.s
   Uses
      None
Comment: STACK unused
Stack_Mem 00000000

Symbol: Stack_Mem
   Definitions
      At line 38 in file startup\los_vendor.s
   Uses
      None
Comment: Stack_Mem unused
__initial_sp 00000400

Symbol: __initial_sp
   Definitions
      At line 39 in file startup\los_vendor.s
   Uses
      At line 63 in file startup\los_vendor.s
      At line 91 in file startup\los_vendor.s

3 symbols



ARM Macro Assembler    Page 1 Alphabetic symbol ordering
Relocatable symbols

HEAP 00000000

Symbol: HEAP
   Definitions
      At line 48 in file startup\los_vendor.s
   Uses
      None
Comment: HEAP unused
Heap_Mem 00000000

Symbol: Heap_Mem
   Definitions
      At line 50 in file startup\los_vendor.s
   Uses
      None
Comment: Heap_Mem unused
__heap_base 00000000

Symbol: __heap_base
   Definitions
      At line 49 in file startup\los_vendor.s
   Uses
      At line 92 in file startup\los_vendor.s
Comment: __heap_base used once
__heap_limit 00000200

Symbol: __heap_limit
   Definitions
      At line 51 in file startup\los_vendor.s
   Uses
      At line 93 in file startup\los_vendor.s
Comment: __heap_limit used once
4 symbols



ARM Macro Assembler    Page 1 Alphabetic symbol ordering
Relocatable symbols

RESET 00000000

Symbol: RESET
   Definitions
      At line 58 in file startup\los_vendor.s
   Uses
      None
Comment: RESET unused
__Vectors 00000000

Symbol: __Vectors
   Definitions
      At line 63 in file startup\los_vendor.s
   Uses
      At line 59 in file startup\los_vendor.s
      At line 68 in file startup\los_vendor.s

__Vectors_End 00000008

Symbol: __Vectors_End
   Definitions
      At line 66 in file startup\los_vendor.s
   Uses
      At line 60 in file startup\los_vendor.s
      At line 68 in file startup\los_vendor.s

3 symbols



ARM Macro Assembler    Page 1 Alphabetic symbol ordering
Relocatable symbols

.text 00000000

Symbol: .text
   Definitions
      At line 70 in file startup\los_vendor.s
   Uses
      None
Comment: .text unused
Reset_Handler 00000000

Symbol: Reset_Handler
   Definitions
      At line 73 in file startup\los_vendor.s
   Uses
      At line 64 in file startup\los_vendor.s
      At line 74 in file startup\los_vendor.s

2 symbols



ARM Macro Assembler    Page 1 Alphabetic symbol ordering
Absolute symbols

Heap_Size 00000200

Symbol: Heap_Size
   Definitions
      At line 46 in file startup\los_vendor.s
   Uses
      At line 50 in file startup\los_vendor.s
Comment: Heap_Size used once
Stack_Size 00000400

Symbol: Stack_Size
   Definitions
      At line 35 in file startup\los_vendor.s
   Uses
      At line 38 in file startup\los_vendor.s
Comment: Stack_Size used once
__Vectors_Size 00000008

Symbol: __Vectors_Size
   Definitions
      At line 68 in file startup\los_vendor.s
   Uses
      At line 61 in file startup\los_vendor.s
Comment: __Vectors_Size used once
3 symbols



ARM Macro Assembler    Page 1 Alphabetic symbol ordering
External symbols

__main 00000000

Symbol: __main
   Definitions
      At line 76 in file startup\los_vendor.s
   Uses
      At line 80 in file startup\los_vendor.s
Comment: __main used once
osEnableFPU 00000000

Symbol: osEnableFPU
   Definitions
      At line 75 in file startup\los_vendor.s
   Uses
      At line 78 in file startup\los_vendor.s
Comment: osEnableFPU used once
2 symbols
353 symbols in table
