<html>
<body>
<pre>
<h1>µVision Build Log</h1>
<h2>Tool Versions:</h2>
IDE-Version: ¦ÌVision V5.25.2.0
Copyright (C) 2018 ARM Ltd and ARM Germany GmbH. All rights reserved.
License Information: a 1, Microsoft, LIC=03C01-CF160-TFXI4-FGQY1-P61JG-CPQ74
 
Tool Versions:
Toolchain:       MDK-ARM Plus  Version: 5.25.2.0
Toolchain Path:  D:\Program Files\keil5\ARM\ARMCC\Bin
C Compiler:      Armcc.exe V5.06 update 6 (build 750)
Assembler:       Armasm.exe V5.06 update 6 (build 750)
Linker/Locator:  ArmLink.exe V5.06 update 6 (build 750)
Library Manager: ArmAr.exe V5.06 update 6 (build 750)
Hex Converter:   FromElf.exe V5.06 update 6 (build 750)
CPU DLL:         SARMCM3.DLL V5.25.2.0
Dialog DLL:      DCM.DLL V1.17.1.0
Target DLL:      Segger\JL2CM3.dll V2.99.29.0
Dialog DLL:      TCM.DLL V1.35.1.0
 
<h2>Project:</h2>
E:\liteosiic\LiteOS\targets\STM32L476RGTx_Six_Square\MDK-ARM\Huawei_LiteOS.uvprojx
Project File Date:  12/07/2018

<h2>Output:</h2>
*** Using Compiler 'V5.06 update 6 (build 750)', folder: 'D:\Program Files\keil5\ARM\ARMCC\Bin'
Rebuild target 'Huawei_LiteOS'
assembling startup_stm32l476xx.s...
compiling stm32l4xx_hal_msp.c...
compiling usart.c...
compiling stm32l4xx_it.c...
compiling main.c...
../Inc/i2c.h(104): warning:  #1-D: last line of file ends without a newline
  /************************ (C) COPYRIGHT STMicroelectronics *****END OF FILE****/
../Src/main.c: 1 warning, 0 errors
compiling gpio.c...
compiling i2c.c...
../Inc/i2c.h(104): warning:  #1-D: last line of file ends without a newline
  /************************ (C) COPYRIGHT STMicroelectronics *****END OF FILE****/
../Src/i2c.c(187): warning:  #111-D: statement is unreachable
  					break;
../Src/i2c.c(194): warning:  #111-D: statement is unreachable
  					break;
../Src/i2c.c(201): warning:  #111-D: statement is unreachable
  					break;	
../Src/i2c.c(208): warning:  #940-D: missing return statement at end of non-void function "dal_i2c_deInit" 
  }
../Src/i2c.c(362): warning:  #940-D: missing return statement at end of non-void function "dal_i2c_master_read" 
  }
../Src/i2c.c(397): warning:  #940-D: missing return statement at end of non-void function "dal_i2c_master_write" 
  }
../Src/i2c.c(429): warning:  #940-D: missing return statement at end of non-void function "dal_i2c_slave_read" 
  }
../Src/i2c.c(461): warning:  #940-D: missing return statement at end of non-void function "dal_i2c_slave_write" 
  }
../Src/i2c.c(493): warning:  #940-D: missing return statement at end of non-void function "dal_i2c_master_mem_read" 
  }
../Src/i2c.c(523): warning:  #940-D: missing return statement at end of non-void function "dal_i2c_master_mem_write" 
  }
../Src/i2c.c: 11 warnings, 0 errors
compiling stm32l4xx_SixCubicT.c...
compiling user_task.c...
..\Src\user_task.c(56): warning:  #177-D: variable "wp"  was declared but never referenced
  	    uint16_t wp;
..\Src\user_task.c: 1 warning, 0 errors
compiling system_stm32l4xx.c...
compiling stm32l4xx_hal_pwr.c...
compiling stm32l4xx_hal_uart.c...
compiling stm32l4xx_hal_i2c.c...
compiling stm32l4xx_hal_rcc.c...
compiling stm32l4xx_hal_i2c_ex.c...
compiling stm32l4xx_hal_rcc_ex.c...
compiling stm32l4xx_hal_dma_ex.c...
compiling stm32l4xx_hal_flash.c...
compiling stm32l4xx_hal_pwr_ex.c...
compiling stm32l4xx_hal_gpio.c...
compiling stm32l4xx_hal_dma.c...
compiling stm32l4xx_hal_cortex.c...
compiling stm32l4xx_hal_flash_ex.c...
compiling stm32l4xx_hal.c...
compiling stm32l4xx_hal_tim.c...
compiling stm32l4xx_hal_uart_ex.c...
compiling stm32l4xx_hal_flash_ramfunc.c...
compiling stm32l4xx_hal_tim_ex.c...
compiling los_priqueue.c...
compiling los_swtmr.c...
compiling los_sys.c...
compiling los_task.c...
compiling los_tick.c...
compiling los_timeslice.c...
compiling los_event.c...
compiling los_mux.c...
compiling los_queue.c...
compiling los_sem.c...
compiling los_heap.c...
compiling los_memory.c...
compiling los_memcheck.c...
compiling los_memstat.c...
compiling los_slab.c...
compiling los_slabmem.c...
compiling los_membox.c...
compiling los_misc.c...
compiling los_err.c...
assembling los_dispatch_keil.S...
compiling los_tickless.c...
compiling los_init.c...
compiling los_hw.c...
compiling los_hw_tick.c...
compiling los_hwi.c...
compiling atiny_osdep.c...
compiling cmsis_liteos.c...
compiling los_nb_api.c...
compiling at_main.c...
compiling bc95.c...
compiling sota_demo.c...
compiling at_hal.c...
compiling nb_demo.c...
compiling sht21_demo.c...
../Inc/i2c.h(104): warning:  #1-D: last line of file ends without a newline
  /************************ (C) COPYRIGHT STMicroelectronics *****END OF FILE****/
..\..\..\demos\nbiot_without_atiny\sht21_demo.c(43): warning:  #188-D: enumerated type mixed with another type
  	i2c1.i2c_idx = 1;
..\..\..\demos\nbiot_without_atiny\sht21_demo.c: 2 warnings, 0 errors
linking...
Program Size: Code=28080 RO-data=788 RW-data=420 ZI-data=2948  
"Huawei_LiteOS\Huawei_LiteOS.axf" - 0 Error(s), 15 Warning(s).

<h2>Software Packages used:</h2>

Package Vendor: ARM
                http://www.keil.com/pack/ARM.CMSIS.5.3.0.pack
                ARM.CMSIS.5.3.0
                CMSIS (Cortex Microcontroller Software Interface Standard)
   * Component: CORE Version: 5.1.1

Package Vendor: Keil
                http://www.keil.com/pack/Keil.STM32L4xx_DFP.1.2.0.pack
                Keil.STM32L4xx_DFP.1.2.0
                STMicroelectronics STM32L4 Series Device Support, Drivers and Examples

<h2>Collection of Component include folders:</h2>
  .\RTE\_Huawei_LiteOS
  D:\Program Files\keil5\ARM\PACK\ARM\CMSIS\5.3.0\CMSIS\Include
  D:\Program Files\keil5\ARM\PACK\Keil\STM32L4xx_DFP\1.2.0\Device\Include

<h2>Collection of Component Files used:</h2>

   * Component: ARM::CMSIS:CORE:5.1.1
Build Time Elapsed:  00:02:42
</pre>
</body>
</html>
