Component: ARM Compiler 5.06 update 6 (build 750) Tool: armlink [4d35ed]

==============================================================================

Section Cross References

    startup_stm32l476xx.o(RESET) refers to startup_stm32l476xx.o(STACK) for __initial_sp
    startup_stm32l476xx.o(RESET) refers to startup_stm32l476xx.o(.text) for Reset_Handler
    startup_stm32l476xx.o(RESET) refers to stm32l4xx_it.o(i.NMI_Handler) for NMI_Handler
    startup_stm32l476xx.o(RESET) refers to stm32l4xx_it.o(i.HardFault_Handler) for HardFault_Handler
    startup_stm32l476xx.o(RESET) refers to stm32l4xx_it.o(i.MemManage_Handler) for MemManage_Handler
    startup_stm32l476xx.o(RESET) refers to stm32l4xx_it.o(i.BusFault_Handler) for BusFault_Handler
    startup_stm32l476xx.o(RESET) refers to stm32l4xx_it.o(i.UsageFault_Handler) for UsageFault_Handler
    startup_stm32l476xx.o(RESET) refers to stm32l4xx_it.o(i.SVC_Handler) for SVC_Handler
    startup_stm32l476xx.o(RESET) refers to stm32l4xx_it.o(i.DebugMon_Handler) for DebugMon_Handler
    startup_stm32l476xx.o(RESET) refers to los_dispatch_keil.o(.text) for PendSV_Handler
    startup_stm32l476xx.o(RESET) refers to los_hwi.o(i.SysTick_Handler) for SysTick_Handler
    startup_stm32l476xx.o(RESET) refers to stm32l4xx_it.o(i.USART1_IRQHandler) for USART1_IRQHandler
    startup_stm32l476xx.o(RESET) refers to stm32l4xx_it.o(i.USART3_IRQHandler) for USART3_IRQHandler
    startup_stm32l476xx.o(RESET) refers to stm32l4xx_it.o(i.LPUART1_IRQHandler) for LPUART1_IRQHandler
    startup_stm32l476xx.o(.text) refers to system_stm32l4xx.o(i.SystemInit) for SystemInit
    startup_stm32l476xx.o(.text) refers to entry.o(.ARM.Collect$$$$00000000) for __main
    stm32l4xx_hal_msp.o(i.HAL_MspInit) refers to stm32l4xx_hal_cortex.o(i.HAL_NVIC_SetPriorityGrouping) for HAL_NVIC_SetPriorityGrouping
    stm32l4xx_hal_msp.o(i.HAL_MspInit) refers to stm32l4xx_hal_cortex.o(i.HAL_NVIC_SetPriority) for HAL_NVIC_SetPriority
    usart.o(i.HAL_UART_MspDeInit) refers to stm32l4xx_hal_gpio.o(i.HAL_GPIO_DeInit) for HAL_GPIO_DeInit
    usart.o(i.HAL_UART_MspDeInit) refers to stm32l4xx_hal_cortex.o(i.HAL_NVIC_DisableIRQ) for HAL_NVIC_DisableIRQ
    usart.o(i.HAL_UART_MspInit) refers to stm32l4xx_hal_gpio.o(i.HAL_GPIO_Init) for HAL_GPIO_Init
    usart.o(i.HAL_UART_MspInit) refers to stm32l4xx_hal_cortex.o(i.HAL_NVIC_SetPriority) for HAL_NVIC_SetPriority
    usart.o(i.HAL_UART_MspInit) refers to stm32l4xx_hal_cortex.o(i.HAL_NVIC_EnableIRQ) for HAL_NVIC_EnableIRQ
    usart.o(i.MX_LPUART1_UART_Init) refers to stm32l4xx_hal_uart.o(i.HAL_UART_Init) for HAL_UART_Init
    usart.o(i.MX_LPUART1_UART_Init) refers to main.o(i._Error_Handler) for _Error_Handler
    usart.o(i.MX_LPUART1_UART_Init) refers to usart.o(.bss) for .bss
    usart.o(i.MX_USART1_UART_Init) refers to stm32l4xx_hal_uart.o(i.HAL_UART_Init) for HAL_UART_Init
    usart.o(i.MX_USART1_UART_Init) refers to main.o(i._Error_Handler) for _Error_Handler
    usart.o(i.MX_USART1_UART_Init) refers to usart.o(.bss) for .bss
    usart.o(i.MX_USART3_UART_Init) refers to stm32l4xx_hal_uart.o(i.HAL_UART_Init) for HAL_UART_Init
    usart.o(i.MX_USART3_UART_Init) refers to main.o(i._Error_Handler) for _Error_Handler
    usart.o(i.MX_USART3_UART_Init) refers to usart.o(.bss) for .bss
    usart.o(i.fputc) refers to stm32l4xx_hal_uart.o(i.HAL_UART_Transmit) for HAL_UART_Transmit
    usart.o(i.fputc) refers to usart.o(.bss) for .bss
    stm32l4xx_it.o(i.LPUART1_IRQHandler) refers to at_hal.o(i.at_frame_notify_task) for at_frame_notify_task
    stm32l4xx_it.o(i.LPUART1_IRQHandler) refers to at_hal.o(i.at_receive_one_byte) for at_receive_one_byte
    stm32l4xx_it.o(i.LPUART1_IRQHandler) refers to stm32l4xx_hal_uart.o(i.HAL_UART_IRQHandler) for HAL_UART_IRQHandler
    stm32l4xx_it.o(i.LPUART1_IRQHandler) refers to usart.o(.bss) for hlpuart1
    stm32l4xx_it.o(i.USART1_IRQHandler) refers to stm32l4xx_hal_uart.o(i.HAL_UART_IRQHandler) for HAL_UART_IRQHandler
    stm32l4xx_it.o(i.USART1_IRQHandler) refers to usart.o(.bss) for huart1
    stm32l4xx_it.o(i.USART3_IRQHandler) refers to stm32l4xx_hal_uart.o(i.HAL_UART_IRQHandler) for HAL_UART_IRQHandler
    stm32l4xx_it.o(i.USART3_IRQHandler) refers to usart.o(.bss) for huart3
    main.o(i.SystemClock_Config) refers to stm32l4xx_hal_rcc.o(i.HAL_RCC_OscConfig) for HAL_RCC_OscConfig
    main.o(i.SystemClock_Config) refers to stm32l4xx_hal_rcc.o(i.HAL_RCC_ClockConfig) for HAL_RCC_ClockConfig
    main.o(i.SystemClock_Config) refers to stm32l4xx_hal_rcc_ex.o(i.HAL_RCCEx_PeriphCLKConfig) for HAL_RCCEx_PeriphCLKConfig
    main.o(i.SystemClock_Config) refers to stm32l4xx_hal_pwr_ex.o(i.HAL_PWREx_ControlVoltageScaling) for HAL_PWREx_ControlVoltageScaling
    main.o(i.SystemClock_Config) refers to stm32l4xx_hal_rcc.o(i.HAL_RCC_GetHCLKFreq) for HAL_RCC_GetHCLKFreq
    main.o(i.SystemClock_Config) refers to stm32l4xx_hal_cortex.o(i.HAL_SYSTICK_Config) for HAL_SYSTICK_Config
[...]
    i.osSlabAllocatorFree                    0x08006330   Section        0  los_slab.o(i.osSlabAllocatorFree)
    i.osSlabAllocatorNew                     0x08006368   Section        0  los_slab.o(i.osSlabAllocatorNew)
    i.osSlabBlockHeadFill                    0x080063ae   Section        0  los_slabmem.o(i.osSlabBlockHeadFill)
    i.osSlabCtrlHdrGet                       0x080063c2   Section        0  los_memory.o(i.osSlabCtrlHdrGet)
    i.osSlabMemAlloc                         0x080063c6   Section        0  los_slabmem.o(i.osSlabMemAlloc)
    i.osSlabMemFree                          0x08006428   Section        0  los_slabmem.o(i.osSlabMemFree)
    i.osSlabMemInit                          0x08006488   Section        0  los_slabmem.o(i.osSlabMemInit)
    i.osSwTmrInit                            0x080064e0   Section        0  los_swtmr.o(i.osSwTmrInit)
    i.osSwTmrStart                           0x08006560   Section        0  los_swtmr.o(i.osSwTmrStart)
    i.osSwTmrTask                            0x080066f0   Section        0  los_swtmr.o(i.osSwTmrTask)
    i.osSwTmrTaskCreate                      0x0800672c   Section        0  los_swtmr.o(i.osSwTmrTaskCreate)
    i.osSwTmrTimeoutHandle                   0x0800676c   Section        0  los_swtmr.o(i.osSwTmrTimeoutHandle)
    osSwTmrTimeoutHandle                     0x0800676d   Thumb Code    98  los_swtmr.o(i.osSwTmrTimeoutHandle)
    i.osSwtmrDelete                          0x080067d4   Section        0  los_swtmr.o(i.osSwtmrDelete)
    osSwtmrDelete                            0x080067d5   Thumb Code    26  los_swtmr.o(i.osSwtmrDelete)
    i.osSwtmrScan                            0x080067f8   Section        0  los_swtmr.o(i.osSwtmrScan)
    i.osTaskAdd2TimerList                    0x08006814   Section        0  los_task.o(i.osTaskAdd2TimerList)
    i.osTaskEntry                            0x08006898   Section        0  los_task.o(i.osTaskEntry)
    i.osTaskExit                             0x080068c4   Section        0  los_hw.o(i.osTaskExit)
    i.osTaskInit                             0x080068c8   Section        0  los_task.o(i.osTaskInit)
    i.osTaskMonInit                          0x0800699c   Section        0  los_task.o(i.osTaskMonInit)
    i.osTaskPriModify                        0x080069c8   Section        0  los_task.o(i.osTaskPriModify)
    i.osTaskScan                             0x080069f8   Section        0  los_task.o(i.osTaskScan)
    i.osTaskSwitchCheck                      0x08006aac   Section        0  los_task.o(i.osTaskSwitchCheck)
    i.osTaskWait                             0x08006be8   Section        0  los_task.o(i.osTaskWait)
    i.osTaskWake                             0x08006c34   Section        0  los_task.o(i.osTaskWake)
    i.osTickHandler                          0x08006c74   Section        0  los_tick.o(i.osTickHandler)
    i.osTickStart                            0x08006c9c   Section        0  los_hw_tick.o(i.osTickStart)
    i.osTimerListDelete                      0x08006d0c   Section        0  los_task.o(i.osTimerListDelete)
    i.osTimesliceCheck                       0x08006d40   Section        0  los_timeslice.o(i.osTimesliceCheck)
    i.osTimesliceInit                        0x08006d78   Section        0  los_timeslice.o(i.osTimesliceInit)
    i.osTskStackInit                         0x08006d88   Section        0  los_hw.o(i.osTskStackInit)
    i.read_resp                              0x08006e0c   Section        0  at_hal.o(i.read_resp)
    i.store_resp_buf                         0x08006ef0   Section        0  at_main.o(i.store_resp_buf)
    i.write_at_task_msg                      0x08006f08   Section        0  at_hal.o(i.write_at_task_msg)
    .constdata                               0x08006f38   Section       64  system_stm32l4xx.o(.constdata)
    .constdata                               0x08006f78   Section        8  system_stm32l4xx.o(.constdata)
    .constdata                               0x08006f80   Section      131  at_main.o(.constdata)
    __func__                                 0x08006f80   Data           8  at_main.o(.constdata)
    __func__                                 0x08006f88   Data          20  at_main.o(.constdata)
    __func__                                 0x08006f9c   Data          19  at_main.o(.constdata)
    __func__                                 0x08006faf   Data          20  at_main.o(.constdata)
    __func__                                 0x08006fc3   Data           9  at_main.o(.constdata)
    __func__                                 0x08006fcc   Data          13  at_main.o(.constdata)
    __func__                                 0x08006fd9   Data          15  at_main.o(.constdata)
    __func__                                 0x08006fe8   Data          17  at_main.o(.constdata)
    __func__                                 0x08006ff9   Data          10  at_main.o(.constdata)
    .constdata                               0x08007003   Section       10  at_hal.o(.constdata)
    __func__                                 0x08007003   Data          10  at_hal.o(.constdata)
    .conststring                             0x08007010   Section      148  at_main.o(.conststring)
    .data                                    0x20000000   Section       76  user_task.o(.data)
    g_atiny_tskHandle                        0x20000004   Data           4  user_task.o(.data)
    .data                                    0x2000004c   Section        4  system_stm32l4xx.o(.data)
    .data                                    0x20000050   Section        4  stm32l4xx_hal.o(.data)
    .data                                    0x20000054   Section        8  los_priqueue.o(.data)
    g_uwPriQueueBitmap                       0x20000054   Data           4  los_priqueue.o(.data)
    .data                                    0x2000005c   Section       28  los_swtmr.o(.data)
    m_uwSwtimerRousesTime                    0x2000005c   Data           4  los_swtmr.o(.data)
    m_pstRouses                              0x20000060   Data           4  los_swtmr.o(.data)
    m_pstRousesPrev                          0x20000064   Data           4  los_swtmr.o(.data)
    .data                                    0x20000078   Section       72  los_task.o(.data)
    .data                                    0x200000c0   Section        4  los_tick.o(.data)
    .data                                    0x200000c8   Section       16  los_tick.o(.data)
    .data                                    0x200000d8   Section        4  los_tick.o(.data)
    .data                                    0x200000dc   Section        8  los_timeslice.o(.data)
    .data                                    0x200000e4   Section       12  los_mux.o(.data)
    .data                                    0x200000f0   Section       12  los_queue.o(.data)
    .data                                    0x200000fc   Section       12  los_sem.o(.data)
    .data                                    0x20000108   Section       16  los_heap.o(.data)
    g_uwAllocCount                           0x20000108   Data           4  los_heap.o(.data)
    g_uwFreeCount                            0x2000010c   Data           4  los_heap.o(.data)
    g_uwCurHeapUsed                          0x20000110   Data           4  los_heap.o(.data)
    g_uwMaxHeapUsed                          0x20000114   Data           4  los_heap.o(.data)
    .data                                    0x20000118   Section        4  los_memory.o(.data)
    .data                                    0x2000011c   Section        4  los_err.o(.data)
    .data                                    0x20000120   Section        4  los_init.o(.data)
    .data                                    0x20000124   Section       96  at_main.o(.data)
    .data                                    0x20000184   Section       20  at_hal.o(.data)
    g_disscard_cnt                           0x20000188   Data           4  at_hal.o(.data)
    .data                                    0x20000198   Section        8  sht21_demo.o(.data)
    .data                                    0x200001a0   Section        4  stdout.o(.data)
    .bss                                     0x200001a4   Section      360  usart.o(.bss)
    .bss                                     0x2000030c   Section      304  i2c.o(.bss)
    .bss                                     0x2000043c   Section      512  user_task.o(.bss)
    .bss                                     0x2000063c   Section       64  los_swtmr.o(.bss)
    .bss                                     0x2000067c   Section      342  los_task.o(.bss)
    .bss                                     0x200007d4   Section      340  at_main.o(.bss)
    at_user_conf                             0x200007d4   Data          36  at_main.o(.bss)
    STACK                                    0x20000928   Section     1024  startup_stm32l476xx.o(STACK)

    Global Symbols

    Symbol Name                              Value     Ov Type        Size  Object(Section)

    BuildAttributes$$THM_ISAv4$E$P$D$K$B$S$7EM$VFPi3$EXTD16$VFPS$VFMA$PE$A:L22UL41UL21$X:L11$S22US41US21$IEEE1$IW$USESV6$~STKCKD$USESV7$~SHL$OTIME$ROPI$EBA8$MICROLIB$REQ8$PRES8$EABIv2 0x00000000   Number         0  anon$$obj.o ABSOLUTE
    __ARM_use_no_argv                        0x00000000   Number         0  main.o ABSOLUTE
    _printf_a                                0x00000000   Number         0  stubs.o ABSOLUTE
    _printf_c                                0x00000000   Number         0  stubs.o ABSOLUTE
    _printf_charcount                        0x00000000   Number         0  stubs.o ABSOLUTE
    _printf_d                                0x00000000   Number         0  stubs.o ABSOLUTE
    _printf_e                                0x00000000   Number         0  stubs.o ABSOLUTE
    _printf_f                                0x00000000   Number         0  stubs.o ABSOLUTE
    _printf_flags                            0x00000000   Number         0  stubs.o ABSOLUTE
    _printf_fp_dec                           0x00000000   Number         0  stubs.o ABSOLUTE
    _printf_fp_hex                           0x00000000   Number         0  stubs.o ABSOLUTE
    _printf_g                                0x00000000   Number         0  stubs.o ABSOLUTE
    _printf_i                                0x00000000   Number         0  stubs.o ABSOLUTE
    _printf_int_dec                          0x00000000   Number         0  stubs.o ABSOLUTE
    _printf_l                                0x00000000   Number         0  stubs.o ABSOLUTE
    _printf_lc                               0x00000000   Number         0  stubs.o ABSOLUTE
    _printf_ll                               0x00000000   Number         0  stubs.o ABSOLUTE
    _printf_lld                              0x00000000   Number         0  stubs.o ABSOLUTE
    _printf_lli                              0x00000000   Number         0  stubs.o ABSOLUTE
    _printf_llo                              0x00000000   Number         0  stubs.o ABSOLUTE
    _printf_llu                              0x00000000   Number         0  stubs.o ABSOLUTE
    _printf_llx                              0x00000000   Number         0  stubs.o ABSOLUTE
    _printf_longlong_dec                     0x00000000   Number         0  stubs.o ABSOLUTE
    _printf_longlong_hex                     0x00000000   Number         0  stubs.o ABSOLUTE
    _printf_longlong_oct                     0x00000000   Number         0  stubs.o ABSOLUTE
    _printf_ls                               0x00000000   Number         0  stubs.o ABSOLUTE
    _printf_mbtowc                           0x00000000   Number         0  stubs.o ABSOLUTE
    _printf_n                                0x00000000   Number         0  stubs.o ABSOLUTE
    _printf_o                                0x00000000   Number         0  stubs.o ABSOLUTE
    _printf_p                                0x00000000   Number         0  stubs.o ABSOLUTE
    _printf_percent                          0x00000000   Number         0  stubs.o ABSOLUTE
    _printf_pre_padding                      0x00000000   Number         0  stubs.o ABSOLUTE
    _printf_return_value                     0x00000000   Number         0  stubs.o ABSOLUTE
    _printf_s                                0x00000000   Number         0  stubs.o ABSOLUTE
    _printf_sizespec                         0x00000000   Number         0  stubs.o ABSOLUTE
    _printf_str                              0x00000000   Number         0  stubs.o ABSOLUTE
    _printf_truncate_signed                  0x00000000   Number         0  stubs.o ABSOLUTE
    _printf_truncate_unsigned                0x00000000   Number         0  stubs.o ABSOLUTE
    _printf_u                                0x00000000   Number         0  stubs.o ABSOLUTE
    _printf_wc                               0x00000000   Number         0  stubs.o ABSOLUTE
    _printf_wctomb                           0x00000000   Number         0  stubs.o ABSOLUTE
    _printf_widthprec                        0x00000000   Number         0  stubs.o ABSOLUTE
    _printf_x                                0x00000000   Number         0  stubs.o ABSOLUTE
    __cpp_initialize__aeabi_                  - Undefined Weak Reference
    __cxa_finalize                            - Undefined Weak Reference
    _clock_init                               - Undefined Weak Reference
    _microlib_exit                            - Undefined Weak Reference
    _scanf_longlong                           - Undefined Weak Reference
    _scanf_real                               - Undefined Weak Reference
    __Vectors_Size                           0x00000188   Number         0  startup_stm32l476xx.o ABSOLUTE
    __Vectors                                0x08000000   Data           4  startup_stm32l476xx.o(RESET)
    __Vectors_End                            0x08000188   Data           0  startup_stm32l476xx.o(RESET)
    __main                                   0x08000189   Thumb Code     0  entry.o(.ARM.Collect$$$$00000000)
    _main_stk                                0x08000189   Thumb Code     0  entry2.o(.ARM.Collect$$$$00000001)
    _main_scatterload                        0x0800018d   Thumb Code     0  entry5.o(.ARM.Collect$$$$00000004)
    __main_after_scatterload                 0x08000191   Thumb Code     0  entry5.o(.ARM.Collect$$$$00000004)
    _main_clock                              0x08000191   Thumb Code     0  entry7b.o(.ARM.Collect$$$$00000008)
    _main_cpp_init                           0x08000191   Thumb Code     0  entry8b.o(.ARM.Collect$$$$0000000A)
    _main_init                               0x08000191   Thumb Code     0  entry9a.o(.ARM.Collect$$$$0000000B)
    __rt_final_cpp                           0x08000199   Thumb Code     0  entry10a.o(.ARM.Collect$$$$0000000D)
    __rt_final_exit                          0x08000199   Thumb Code     0  entry11a.o(.ARM.Collect$$$$0000000F)
    Reset_Handler                            0x0800019d   Thumb Code     8  startup_stm32l476xx.o(.text)
    ADC1_2_IRQHandler                        0x080001b7   Thumb Code     0  startup_stm32l476xx.o(.text)
    ADC3_IRQHandler                          0x080001b7   Thumb Code     0  startup_stm32l476xx.o(.text)
    CAN1_RX0_IRQHandler                      0x080001b7   Thumb Code     0  startup_stm32l476xx.o(.text)
    CAN1_RX1_IRQHandler                      0x080001b7   Thumb Code     0  startup_stm32l476xx.o(.text)
    CAN1_SCE_IRQHandler                      0x080001b7   Thumb Code     0  startup_stm32l476xx.o(.text)
    CAN1_TX_IRQHandler                       0x080001b7   Thumb Code     0  startup_stm32l476xx.o(.text)
    COMP_IRQHandler                          0x080001b7   Thumb Code     0  startup_stm32l476xx.o(.text)
    DFSDM1_FLT0_IRQHandler                   0x080001b7   Thumb Code     0  startup_stm32l476xx.o(.text)
    DFSDM1_FLT1_IRQHandler                   0x080001b7   Thumb Code     0  startup_stm32l476xx.o(.text)
    DFSDM1_FLT2_IRQHandler                   0x080001b7   Thumb Code     0  startup_stm32l476xx.o(.text)
    DFSDM1_FLT3_IRQHandler                   0x080001b7   Thumb Code     0  startup_stm32l476xx.o(.text)
    DMA1_Channel1_IRQHandler                 0x080001b7   Thumb Code     0  startup_stm32l476xx.o(.text)
    DMA1_Channel2_IRQHandler                 0x080001b7   Thumb Code     0  startup_stm32l476xx.o(.text)
    DMA1_Channel3_IRQHandler                 0x080001b7   Thumb Code     0  startup_stm32l476xx.o(.text)
    DMA1_Channel4_IRQHandler                 0x080001b7   Thumb Code     0  startup_stm32l476xx.o(.text)
    DMA1_Channel5_IRQHandler                 0x080001b7   Thumb Code     0  startup_stm32l476xx.o(.text)
    DMA1_Channel6_IRQHandler                 0x080001b7   Thumb Code     0  startup_stm32l476xx.o(.text)
    DMA1_Channel7_IRQHandler                 0x080001b7   Thumb Code     0  startup_stm32l476xx.o(.text)
    DMA2_Channel1_IRQHandler                 0x080001b7   Thumb Code     0  startup_stm32l476xx.o(.text)
    DMA2_Channel2_IRQHandler                 0x080001b7   Thumb Code     0  startup_stm32l476xx.o(.text)
    DMA2_Channel3_IRQHandler                 0x080001b7   Thumb Code     0  startup_stm32l476xx.o(.text)
    DMA2_Channel4_IRQHandler                 0x080001b7   Thumb Code     0  startup_stm32l476xx.o(.text)
    DMA2_Channel5_IRQHandler                 0x080001b7   Thumb Code     0  startup_stm32l476xx.o(.text)
    DMA2_Channel6_IRQHandler                 0x080001b7   Thumb Code     0  startup_stm32l476xx.o(.text)
    DMA2_Channel7_IRQHandler                 0x080001b7   Thumb Code     0  startup_stm32l476xx.o(.text)
    EXTI0_IRQHandler                         0x080001b7   Thumb Code     0  startup_stm32l476xx.o(.text)
    EXTI15_10_IRQHandler                     0x080001b7   Thumb Code     0  startup_stm32l476xx.o(.text)
    EXTI1_IRQHandler                         0x080001b7   Thumb Code     0  startup_stm32l476xx.o(.text)
    EXTI2_IRQHandler                         0x080001b7   Thumb Code     0  startup_stm32l476xx.o(.text)
    EXTI3_IRQHandler                         0x080001b7   Thumb Code     0  startup_stm32l476xx.o(.text)
    EXTI4_IRQHandler                         0x080001b7   Thumb Code     0  startup_stm32l476xx.o(.text)
    EXTI9_5_IRQHandler                       0x080001b7   Thumb Code     0  startup_stm32l476xx.o(.text)
    FLASH_IRQHandler                         0x080001b7   Thumb Code     0  startup_stm32l476xx.o(.text)
    FMC_IRQHandler                           0x080001b7   Thumb Code     0  startup_stm32l476xx.o(.text)
    FPU_IRQHandler                           0x080001b7   Thumb Code     0  startup_stm32l476xx.o(.text)
    I2C1_ER_IRQHandler                       0x080001b7   Thumb Code     0  startup_stm32l476xx.o(.text)
    I2C1_EV_IRQHandler                       0x080001b7   Thumb Code     0  startup_stm32l476xx.o(.text)
    I2C2_ER_IRQHandler                       0x080001b7   Thumb Code     0  startup_stm32l476xx.o(.text)
    I2C2_EV_IRQHandler                       0x080001b7   Thumb Code     0  startup_stm32l476xx.o(.text)
    I2C3_ER_IRQHandler                       0x080001b7   Thumb Code     0  startup_stm32l476xx.o(.text)
    I2C3_EV_IRQHandler                       0x080001b7   Thumb Code     0  startup_stm32l476xx.o(.text)
    LCD_IRQHandler                           0x080001b7   Thumb Code     0  startup_stm32l476xx.o(.text)
    LPTIM1_IRQHandler                        0x080001b7   Thumb Code     0  startup_stm32l476xx.o(.text)
    LPTIM2_IRQHandler                        0x080001b7   Thumb Code     0  startup_stm32l476xx.o(.text)
    OTG_FS_IRQHandler                        0x080001b7   Thumb Code     0  startup_stm32l476xx.o(.text)
    PVD_PVM_IRQHandler                       0x080001b7   Thumb Code     0  startup_stm32l476xx.o(.text)
    QUADSPI_IRQHandler                       0x080001b7   Thumb Code     0  startup_stm32l476xx.o(.text)
    RCC_IRQHandler                           0x080001b7   Thumb Code     0  startup_stm32l476xx.o(.text)
    RNG_IRQHandler                           0x080001b7   Thumb Code     0  startup_stm32l476xx.o(.text)
    RTC_Alarm_IRQHandler                     0x080001b7   Thumb Code     0  startup_stm32l476xx.o(.text)
    RTC_WKUP_IRQHandler                      0x080001b7   Thumb Code     0  startup_stm32l476xx.o(.text)
    SAI1_IRQHandler                          0x080001b7   Thumb Code     0  startup_stm32l476xx.o(.text)
    SAI2_IRQHandler                          0x080001b7   Thumb Code     0  startup_stm32l476xx.o(.text)
    SDMMC1_IRQHandler                        0x080001b7   Thumb Code     0  startup_stm32l476xx.o(.text)
    SPI1_IRQHandler                          0x080001b7   Thumb Code     0  startup_stm32l476xx.o(.text)
    SPI2_IRQHandler                          0x080001b7   Thumb Code     0  startup_stm32l476xx.o(.text)
    SPI3_IRQHandler                          0x080001b7   Thumb Code     0  startup_stm32l476xx.o(.text)
    SWPMI1_IRQHandler                        0x080001b7   Thumb Code     0  startup_stm32l476xx.o(.text)
    TAMP_STAMP_IRQHandler                    0x080001b7   Thumb Code     0  startup_stm32l476xx.o(.text)
    TIM1_BRK_TIM15_IRQHandler                0x080001b7   Thumb Code     0  startup_stm32l476xx.o(.text)
    TIM1_CC_IRQHandler                       0x080001b7   Thumb Code     0  startup_stm32l476xx.o(.text)
    TIM1_TRG_COM_TIM17_IRQHandler            0x080001b7   Thumb Code     0  startup_stm32l476xx.o(.text)
    TIM1_UP_TIM16_IRQHandler                 0x080001b7   Thumb Code     0  startup_stm32l476xx.o(.text)
    TIM2_IRQHandler                          0x080001b7   Thumb Code     0  startup_stm32l476xx.o(.text)
    TIM3_IRQHandler                          0x080001b7   Thumb Code     0  startup_stm32l476xx.o(.text)
    TIM4_IRQHandler                          0x080001b7   Thumb Code     0  startup_stm32l476xx.o(.text)
    TIM5_IRQHandler                          0x080001b7   Thumb Code     0  startup_stm32l476xx.o(.text)
    TIM6_DAC_IRQHandler                      0x080001b7   Thumb Code     0  startup_stm32l476xx.o(.text)
    TIM7_IRQHandler                          0x080001b7   Thumb Code     0  startup_stm32l476xx.o(.text)
    TIM8_BRK_IRQHandler                      0x080001b7   Thumb Code     0  startup_stm32l476xx.o(.text)
    TIM8_CC_IRQHandler                       0x080001b7   Thumb Code     0  startup_stm32l476xx.o(.text)
    TIM8_TRG_COM_IRQHandler                  0x080001b7   Thumb Code     0  startup_stm32l476xx.o(.text)
    TIM8_UP_IRQHandler                       0x080001b7   Thumb Code     0  startup_stm32l476xx.o(.text)
    TSC_IRQHandler                           0x080001b7   Thumb Code     0  startup_stm32l476xx.o(.text)
    UART4_IRQHandler                         0x080001b7   Thumb Code     0  startup_stm32l476xx.o(.text)
    UART5_IRQHandler                         0x080001b7   Thumb Code     0  startup_stm32l476xx.o(.text)
    USART2_IRQHandler                        0x080001b7   Thumb Code     0  startup_stm32l476xx.o(.text)
    WWDG_IRQHandler                          0x080001b7   Thumb Code     0  startup_stm32l476xx.o(.text)
    LOS_StartToRun                           0x080001c1   Thumb Code     0  los_dispatch_keil.o(.text)
    LOS_IntLock                              0x0800020d   Thumb Code     0  los_dispatch_keil.o(.text)
    LOS_IntUnLock                            0x08000215   Thumb Code     0  los_dispatch_keil.o(.text)
    LOS_IntRestore                           0x0800021d   Thumb Code     0  los_dispatch_keil.o(.text)
    osTaskSchedule                           0x08000223   Thumb Code     0  los_dispatch_keil.o(.text)
    PendSV_Handler                           0x0800022d   Thumb Code     0  los_dispatch_keil.o(.text)
    __aeabi_uldivmod                         0x080002c3   Thumb Code    98  uldiv.o(.text)
    __aeabi_memcpy                           0x0800032b   Thumb Code    36  memcpya.o(.text)
    __aeabi_memcpy4                          0x0800032b   Thumb Code     0  memcpya.o(.text)
    __aeabi_memcpy8                          0x0800032b   Thumb Code     0  memcpya.o(.text)
    __aeabi_memset                           0x0800034f   Thumb Code    14  memseta.o(.text)
    __aeabi_memset4                          0x0800034f   Thumb Code     0  memseta.o(.text)
    __aeabi_memset8                          0x0800034f   Thumb Code     0  memseta.o(.text)
    __aeabi_memclr                           0x0800035d   Thumb Code     4  memseta.o(.text)
    __aeabi_memclr4                          0x0800035d   Thumb Code     0  memseta.o(.text)
    __aeabi_memclr8                          0x0800035d   Thumb Code     0  memseta.o(.text)
    _memset$wrapper                          0x08000361   Thumb Code    18  memseta.o(.text)
    strstr                                   0x08000373   Thumb Code    36  strstr.o(.text)
    strlen                                   0x08000397   Thumb Code    14  strlen.o(.text)
    __aeabi_dadd                             0x080003a5   Thumb Code   322  dadd.o(.text)
    __aeabi_dsub                             0x080004e7   Thumb Code     6  dadd.o(.text)
    __aeabi_drsub                            0x080004ed   Thumb Code     6  dadd.o(.text)
    __aeabi_dmul                             0x08000503   Thumb Code   228  dmul.o(.text)
    __aeabi_ddiv                             0x080005ed   Thumb Code   222  ddiv.o(.text)
    __aeabi_ui2d                             0x080006cb   Thumb Code    26  dfltui.o(.text)
    __aeabi_d2ulz                            0x080006e5   Thumb Code    48  dfixul.o(.text)
    __aeabi_f2d                              0x08000715   Thumb Code    38  f2d.o(.text)
    __aeabi_d2f                              0x0800073b   Thumb Code    56  d2f.o(.text)
    __aeabi_uidiv                            0x08000773   Thumb Code     0  uidiv.o(.text)
    __aeabi_uidivmod                         0x08000773   Thumb Code    44  uidiv.o(.text)
    __aeabi_llsl                             0x0800079f   Thumb Code    30  llshl.o(.text)
    _ll_shift_l                              0x0800079f   Thumb Code     0  llshl.o(.text)
    __aeabi_llsr                             0x080007bd   Thumb Code    32  llushr.o(.text)
    _ll_ushift_r                             0x080007bd   Thumb Code     0  llushr.o(.text)
    __aeabi_lasr                             0x080007dd   Thumb Code    36  llsshr.o(.text)
    _ll_sshift_r                             0x080007dd   Thumb Code     0  llsshr.o(.text)
    __I$use$fp                               0x08000801   Thumb Code     0  iusefp.o(.text)
    _float_round                             0x08000801   Thumb Code    18  fepilogue.o(.text)
    _float_epilogue                          0x08000813   Thumb Code    92  fepilogue.o(.text)
    _double_round                            0x0800086f   Thumb Code    30  depilogue.o(.text)
    _double_epilogue                         0x0800088d   Thumb Code   156  depilogue.o(.text)
    __aeabi_cdrcmple                         0x08000929   Thumb Code    48  cdrcmple.o(.text)
    __scatterload                            0x08000959   Thumb Code    28  init.o(.text)
    __scatterload_rt2                        0x08000959   Thumb Code     0  init.o(.text)
    __decompress                             0x0800097d   Thumb Code     0  __dczerorl2.o(.text)
    __decompress1                            0x0800097d   Thumb Code    86  __dczerorl2.o(.text)
    BusFault_Handler                         0x080009d3   Thumb Code     2  stm32l4xx_it.o(i.BusFault_Handler)
    DebugMon_Handler                         0x080009d5   Thumb Code     2  stm32l4xx_it.o(i.DebugMon_Handler)
    HAL_DMA_Abort_IT                         0x080009d7   Thumb Code    78  stm32l4xx_hal_dma.o(i.HAL_DMA_Abort_IT)
    HAL_GPIO_Init                            0x08000a25   Thumb Code   414  stm32l4xx_hal_gpio.o(i.HAL_GPIO_Init)
    HAL_GetTick                              0x08000bf1   Thumb Code     6  stm32l4xx_hal.o(i.HAL_GetTick)
    HAL_I2CEx_ConfigAnalogFilter             0x08000bfd   Thumb Code    86  stm32l4xx_hal_i2c_ex.o(i.HAL_I2CEx_ConfigAnalogFilter)
    HAL_I2CEx_ConfigDigitalFilter            0x08000c53   Thumb Code    82  stm32l4xx_hal_i2c_ex.o(i.HAL_I2CEx_ConfigDigitalFilter)
    HAL_I2C_Init                             0x08000ca5   Thumb Code   178  stm32l4xx_hal_i2c.o(i.HAL_I2C_Init)
    HAL_I2C_Master_Receive                   0x08000d5d   Thumb Code   282  stm32l4xx_hal_i2c.o(i.HAL_I2C_Master_Receive)
    HAL_I2C_Master_Transmit                  0x08000e89   Thumb Code   282  stm32l4xx_hal_i2c.o(i.HAL_I2C_Master_Transmit)
    HAL_I2C_MspInit                          0x08000fb5   Thumb Code   176  i2c.o(i.HAL_I2C_MspInit)
    HAL_Init                                 0x08001081   Thumb Code    30  stm32l4xx_hal.o(i.HAL_Init)
    HAL_InitTick                             0x080010a1   Thumb Code    42  stm32l4xx_hal.o(i.HAL_InitTick)
    HAL_MspInit                              0x080010d1   Thumb Code   122  stm32l4xx_hal_msp.o(i.HAL_MspInit)
    HAL_NVIC_EnableIRQ                       0x08001151   Thumb Code    22  stm32l4xx_hal_cortex.o(i.HAL_NVIC_EnableIRQ)
    HAL_NVIC_SetPriority                     0x08001169   Thumb Code    60  stm32l4xx_hal_cortex.o(i.HAL_NVIC_SetPriority)
    HAL_NVIC_SetPriorityGrouping             0x080011a9   Thumb Code    26  stm32l4xx_hal_cortex.o(i.HAL_NVIC_SetPriorityGrouping)
    HAL_PWREx_ControlVoltageScaling          0x080011cd   Thumb Code    90  stm32l4xx_hal_pwr_ex.o(i.HAL_PWREx_ControlVoltageScaling)
    HAL_PWREx_GetVoltageRange                0x08001235   Thumb Code    10  stm32l4xx_hal_pwr_ex.o(i.HAL_PWREx_GetVoltageRange)
    HAL_RCCEx_PeriphCLKConfig                0x08001245   Thumb Code   928  stm32l4xx_hal_rcc_ex.o(i.HAL_RCCEx_PeriphCLKConfig)
    HAL_RCC_ClockConfig                      0x080015f5   Thumb Code   264  stm32l4xx_hal_rcc.o(i.HAL_RCC_ClockConfig)
    HAL_RCC_GetHCLKFreq                      0x0800170d   Thumb Code     6  stm32l4xx_hal_rcc.o(i.HAL_RCC_GetHCLKFreq)
    HAL_RCC_GetPCLK1Freq                     0x08001719   Thumb Code    24  stm32l4xx_hal_rcc.o(i.HAL_RCC_GetPCLK1Freq)
    HAL_RCC_GetPCLK2Freq                     0x0800173d   Thumb Code    24  stm32l4xx_hal_rcc.o(i.HAL_RCC_GetPCLK2Freq)
    HAL_RCC_GetSysClockFreq                  0x08001761   Thumb Code   152  stm32l4xx_hal_rcc.o(i.HAL_RCC_GetSysClockFreq)
    HAL_RCC_OscConfig                        0x08001805   Thumb Code  1118  stm32l4xx_hal_rcc.o(i.HAL_RCC_OscConfig)
    HAL_SYSTICK_CLKSourceConfig              0x08001c69   Thumb Code    24  stm32l4xx_hal_cortex.o(i.HAL_SYSTICK_CLKSourceConfig)
    HAL_SYSTICK_Config                       0x08001c81   Thumb Code    40  stm32l4xx_hal_cortex.o(i.HAL_SYSTICK_Config)
    HAL_UARTEx_WakeupCallback                0x08001ca9   Thumb Code     2  stm32l4xx_hal_uart_ex.o(i.HAL_UARTEx_WakeupCallback)
    HAL_UART_ErrorCallback                   0x08001cab   Thumb Code     2  stm32l4xx_hal_uart.o(i.HAL_UART_ErrorCallback)
    HAL_UART_IRQHandler                      0x08001cad   Thumb Code   320  stm32l4xx_hal_uart.o(i.HAL_UART_IRQHandler)
    HAL_UART_Init                            0x08001df1   Thumb Code   106  stm32l4xx_hal_uart.o(i.HAL_UART_Init)
    HAL_UART_MspInit                         0x08001e5d   Thumb Code   194  usart.o(i.HAL_UART_MspInit)
    HAL_UART_Receive_IT                      0x08001f39   Thumb Code   164  stm32l4xx_hal_uart.o(i.HAL_UART_Receive_IT)
    HAL_UART_RxCpltCallback                  0x08001fe5   Thumb Code    44  user_task.o(i.HAL_UART_RxCpltCallback)
    HAL_UART_Transmit                        0x08002021   Thumb Code   176  stm32l4xx_hal_uart.o(i.HAL_UART_Transmit)
    HAL_UART_Transmit_IT                     0x080020d1   Thumb Code    96  stm32l4xx_hal_uart.o(i.HAL_UART_Transmit_IT)
    HAL_UART_TxCpltCallback                  0x08002139   Thumb Code     2  stm32l4xx_hal_uart.o(i.HAL_UART_TxCpltCallback)
    HardFault_Handler                        0x0800213b   Thumb Code     2  stm32l4xx_it.o(i.HardFault_Handler)
    LOS_Align                                0x08002389   Thumb Code    20  los_misc.o(i.LOS_Align)
    LOS_ErrHandle                            0x0800239d   Thumb Code    22  los_err.o(i.LOS_ErrHandle)
    LOS_KernelInit                           0x080023b9   Thumb Code   130  los_init.o(i.LOS_KernelInit)
    LOS_MemAlloc                             0x080024fb   Thumb Code    40  los_memory.o(i.LOS_MemAlloc)
    LOS_MemAllocAlign                        0x08002523   Thumb Code     4  los_memory.o(i.LOS_MemAllocAlign)
    LOS_MemFree                              0x08002527   Thumb Code    38  los_memory.o(i.LOS_MemFree)
    LOS_MemInit                              0x0800254d   Thumb Code   160  los_memory.o(i.LOS_MemInit)
    LOS_MuxCreate                            0x08002631   Thumb Code   102  los_mux.o(i.LOS_MuxCreate)
    LOS_MuxDelete                            0x080026b9   Thumb Code   118  los_mux.o(i.LOS_MuxDelete)
    LOS_MuxPend                              0x08002751   Thumb Code   250  los_mux.o(i.LOS_MuxPend)
    LOS_MuxPost                              0x080028a1   Thumb Code   156  los_mux.o(i.LOS_MuxPost)
    LOS_QueueCreate                          0x08002961   Thumb Code   182  los_queue.o(i.LOS_QueueCreate)
    LOS_QueueDelete                          0x08002a25   Thumb Code   138  los_queue.o(i.LOS_QueueDelete)
    LOS_QueueReadCopy                        0x08002abd   Thumb Code    34  los_queue.o(i.LOS_QueueReadCopy)
    LOS_QueueWriteCopy                       0x08002adf   Thumb Code    38  los_queue.o(i.LOS_QueueWriteCopy)
    LOS_Schedule                             0x08002b05   Thumb Code    54  los_hw.o(i.LOS_Schedule)
    LOS_SemCreate                            0x08002b45   Thumb Code    10  los_sem.o(i.LOS_SemCreate)
    LOS_SemDelete                            0x08002b51   Thumb Code   110  los_sem.o(i.LOS_SemDelete)
    LOS_SemPend                              0x08002be1   Thumb Code   208  los_sem.o(i.LOS_SemPend)
    LOS_SemPost                              0x08002d29   Thumb Code   140  los_sem.o(i.LOS_SemPost)
    LOS_Start                                0x08002dd5   Thumb Code    32  los_init.o(i.LOS_Start)
    LOS_TaskCreate                           0x08002e11   Thumb Code   106  los_task.o(i.LOS_TaskCreate)
    LOS_TaskCreateOnly                       0x08002e81   Thumb Code   310  los_task.o(i.LOS_TaskCreateOnly)
    LOS_TaskDelay                            0x08002fd1   Thumb Code    94  los_task.o(i.LOS_TaskDelay)
    LOS_TaskDelete                           0x0800303d   Thumb Code   298  los_task.o(i.LOS_TaskDelete)
    LOS_TaskNameGet                          0x08003175   Thumb Code    52  los_task.o(i.LOS_TaskNameGet)
    LOS_TaskYield                            0x080031ad   Thumb Code   102  los_task.o(i.LOS_TaskYield)
    LOS_TickCountGet                         0x0800321d   Thumb Code     8  los_sys.o(i.LOS_TickCountGet)
    LPUART1_IRQHandler                       0x08003229   Thumb Code    48  stm32l4xx_it.o(i.LPUART1_IRQHandler)
    MX_GPIO_Init                             0x0800325d   Thumb Code    54  gpio.o(i.MX_GPIO_Init)
    MX_LPUART1_UART_Init                     0x08003299   Thumb Code    54  usart.o(i.MX_LPUART1_UART_Init)
    MX_USART1_UART_Init                      0x080032e9   Thumb Code    56  usart.o(i.MX_USART1_UART_Init)
    MX_USART3_UART_Init                      0x08003339   Thumb Code    56  usart.o(i.MX_USART3_UART_Init)
    MemManage_Handler                        0x08003389   Thumb Code     2  stm32l4xx_it.o(i.MemManage_Handler)
    NMI_Handler                              0x0800338b   Thumb Code     2  stm32l4xx_it.o(i.NMI_Handler)
    SHT20_Convert                            0x0800365d   Thumb Code   114  sht21_demo.o(i.SHT20_Convert)
    SVC_Handler                              0x080036f9   Thumb Code     2  stm32l4xx_it.o(i.SVC_Handler)
    SysTick_Handler                          0x080036fd   Thumb Code    28  los_hwi.o(i.SysTick_Handler)
    SystemClock_Config                       0x08003721   Thumb Code   130  main.o(i.SystemClock_Config)
    SystemInit                               0x080037a5   Thumb Code    56  system_stm32l4xx.o(i.SystemInit)
    UART_AdvFeatureConfig                    0x080037e9   Thumb Code   200  stm32l4xx_hal_uart.o(i.UART_AdvFeatureConfig)
    UART_CheckIdleState                      0x080038b1   Thumb Code    92  stm32l4xx_hal_uart.o(i.UART_CheckIdleState)
    UART_SetConfig                           0x080039f9   Thumb Code   622  stm32l4xx_hal_uart.o(i.UART_SetConfig)
    UART_WaitOnFlagUntilTimeout              0x08003d17   Thumb Code   100  stm32l4xx_hal_uart.o(i.UART_WaitOnFlagUntilTimeout)
    USART1_IRQHandler                        0x08003d7d   Thumb Code     6  stm32l4xx_it.o(i.USART1_IRQHandler)
    USART3_IRQHandler                        0x08003d89   Thumb Code     6  stm32l4xx_it.o(i.USART3_IRQHandler)
    UsageFault_Handler                       0x08003d95   Thumb Code     2  stm32l4xx_it.o(i.UsageFault_Handler)
    _Error_Handler                           0x08003d97   Thumb Code     2  main.o(i._Error_Handler)
    __0printf                                0x08003d99   Thumb Code    22  printfa.o(i.__0printf)
    __1printf                                0x08003d99   Thumb Code     0  printfa.o(i.__0printf)
    __2printf                                0x08003d99   Thumb Code     0  printfa.o(i.__0printf)
    __c89printf                              0x08003d99   Thumb Code     0  printfa.o(i.__0printf)
    printf                                   0x08003d99   Thumb Code     0  printfa.o(i.__0printf)
    __scatterload_copy                       0x08003db9   Thumb Code    14  handlers.o(i.__scatterload_copy)
    __scatterload_null                       0x08003dc7   Thumb Code     2  handlers.o(i.__scatterload_null)
    __scatterload_zeroinit                   0x08003dc9   Thumb Code    14  handlers.o(i.__scatterload_zeroinit)
    at_cmd                                   0x08004699   Thumb Code    48  at_main.o(i.at_cmd)
    at_cmd_multi_suffix                      0x080046c9   Thumb Code   222  at_main.o(i.at_cmd_multi_suffix)
    at_deinit                                0x080047dd   Thumb Code   110  at_main.o(i.at_deinit)
    at_frame_notify_task                     0x080048ad   Thumb Code    42  at_hal.o(i.at_frame_notify_task)
    at_free                                  0x080048e1   Thumb Code    10  at_main.o(i.at_free)
    at_get_config                            0x080048f1   Thumb Code     4  at_main.o(i.at_get_config)
    at_get_time                              0x0800493d   Thumb Code    16  at_main.o(i.at_get_time)
    at_get_unuse_linkid                      0x0800494d   Thumb Code    52  at_main.o(i.at_get_unuse_linkid)
    at_init                                  0x080049f5   Thumb Code   176  at_main.o(i.at_init)
    at_init_oob                              0x08004bb9   Thumb Code    18  at_main.o(i.at_init_oob)
    at_listener_list_add                     0x08004bd1   Thumb Code    26  at_main.o(i.at_listener_list_add)
    at_listner_list_del                      0x08004bf1   Thumb Code    34  at_main.o(i.at_listner_list_del)
    at_listner_list_destroy                  0x08004c19   Thumb Code    28  at_main.o(i.at_listner_list_destroy)
    at_malloc                                0x08004c35   Thumb Code    28  at_main.o(i.at_malloc)
    at_oob_register                          0x08004c55   Thumb Code    76  at_main.o(i.at_oob_register)
    at_receive_one_byte                      0x08004ca5   Thumb Code    54  at_hal.o(i.at_receive_one_byte)
    at_recv_task                             0x08004ced   Thumb Code   198  at_main.o(i.at_recv_task)
    at_struct_deinit                         0x08004ed1   Thumb Code   232  at_main.o(i.at_struct_deinit)
    at_struct_init                           0x08005061   Thumb Code   428  at_main.o(i.at_struct_init)
    at_transmit                              0x080053bd   Thumb Code    82  at_hal.o(i.at_transmit)
    at_usart_deinit                          0x0800544d   Thumb Code     2  at_hal.o(i.at_usart_deinit)
    at_usart_init                            0x08005451   Thumb Code    48  at_hal.o(i.at_usart_init)
    at_write                                 0x080054a5   Thumb Code   206  at_main.o(i.at_write)
    atiny_task_entry                         0x08005585   Thumb Code    14  user_task.o(i.atiny_task_entry)
    atiny_usart1_rx_entry                    0x08005595   Thumb Code    34  user_task.o(i.atiny_usart1_rx_entry)
    cloud_cmd_matching                       0x080055c5   Thumb Code    74  at_main.o(i.cloud_cmd_matching)
    creat_main_task                          0x08005615   Thumb Code    36  user_task.o(i.creat_main_task)
    create_at_recv_task                      0x08005651   Thumb Code    36  at_main.o(i.create_at_recv_task)
    dal_i2c_init                             0x0800568d   Thumb Code   314  i2c.o(i.dal_i2c_init)
    dal_i2c_master_read                      0x080057e9   Thumb Code    52  i2c.o(i.dal_i2c_master_read)
    dal_i2c_master_write                     0x08005821   Thumb Code    52  i2c.o(i.dal_i2c_master_write)
    demo_sht21_iic                           0x08005859   Thumb Code   254  sht21_demo.o(i.demo_sht21_iic)
    fputc                                    0x08005981   Thumb Code    20  usart.o(i.fputc)
    main                                     0x08005999   Thumb Code    48  main.o(i.main)
    osAlarmHeapInfo                          0x080059c9   Thumb Code    26  los_heap.o(i.osAlarmHeapInfo)
    osAtomicBitsetClearBit                   0x080059e3   Thumb Code    30  los_slab.o(i.osAtomicBitsetClearBit)
    osAtomicBitsetFindClearAndSet            0x08005a01   Thumb Code    66  los_slab.o(i.osAtomicBitsetFindClearAndSet)
    osAtomicBitsetGetBit                     0x08005a43   Thumb Code    34  los_slab.o(i.osAtomicBitsetGetBit)
    osAtomicBitsetInit                       0x08005a65   Thumb Code    44  los_slab.o(i.osAtomicBitsetInit)
    osHeapAlloc                              0x08005a91   Thumb Code   228  los_heap.o(i.osHeapAlloc)
    osHeapAllocAlign                         0x08005bb1   Thumb Code    58  los_heap.o(i.osHeapAllocAlign)
    osHeapFree                               0x08005bed   Thumb Code   226  los_heap.o(i.osHeapFree)
    osHeapInit                               0x08005cf1   Thumb Code    58  los_heap.o(i.osHeapInit)
    osHeapPrvGetNext                         0x08005d2b   Thumb Code    22  los_heap.o(i.osHeapPrvGetNext)
    osHeapStatisticsGet                      0x08005d41   Thumb Code    66  los_heap.o(i.osHeapStatisticsGet)
    osIdleTask                               0x08005d89   Thumb Code     2  los_task.o(i.osIdleTask)
    osIdleTaskCreate                         0x08005d8d   Thumb Code    44  los_task.o(i.osIdleTaskCreate)
    osIntNumGet                              0x08005dcd   Thumb Code     6  los_hwi.o(i.osIntNumGet)
    osMemSystemInit                          0x08005dd5   Thumb Code    10  los_memory.o(i.osMemSystemInit)
    osMuxInit                                0x08005de9   Thumb Code    74  los_mux.o(i.osMuxInit)
    osPriqueueDequeue                        0x08005e41   Thumb Code    50  los_priqueue.o(i.osPriqueueDequeue)
    osPriqueueEnqueue                        0x08005e79   Thumb Code    44  los_priqueue.o(i.osPriqueueEnqueue)
    osPriqueueInit                           0x08005ea9   Thumb Code    42  los_priqueue.o(i.osPriqueueInit)
    osPriqueueSize                           0x08005edd   Thumb Code    30  los_priqueue.o(i.osPriqueueSize)
    osPriqueueTop                            0x08005f01   Thumb Code    24  los_priqueue.o(i.osPriqueueTop)
    osQueueInit                              0x08005fed   Thumb Code    80  los_queue.o(i.osQueueInit)
    osQueueOperate                           0x08006049   Thumb Code   342  los_queue.o(i.osQueueOperate)
    osSchedule                               0x08006221   Thumb Code     4  los_hw.o(i.osSchedule)
    osSemCreate                              0x08006225   Thumb Code   124  los_sem.o(i.osSemCreate)
    osSemInit                                0x080062c1   Thumb Code    72  los_sem.o(i.osSemInit)
    osSlabAllocatorAlloc                     0x08006315   Thumb Code    28  los_slab.o(i.osSlabAllocatorAlloc)
    osSlabAllocatorFree                      0x08006331   Thumb Code    56  los_slab.o(i.osSlabAllocatorFree)
    osSlabAllocatorNew                       0x08006369   Thumb Code    70  los_slab.o(i.osSlabAllocatorNew)
    osSlabBlockHeadFill                      0x080063af   Thumb Code    20  los_slabmem.o(i.osSlabBlockHeadFill)
    osSlabCtrlHdrGet                         0x080063c3   Thumb Code     4  los_memory.o(i.osSlabCtrlHdrGet)
    osSlabMemAlloc                           0x080063c7   Thumb Code    98  los_slabmem.o(i.osSlabMemAlloc)
    osSlabMemFree                            0x08006429   Thumb Code    94  los_slabmem.o(i.osSlabMemFree)
    osSlabMemInit                            0x08006489   Thumb Code    82  los_slabmem.o(i.osSlabMemInit)
    osSwTmrInit                              0x080064e1   Thumb Code   112  los_swtmr.o(i.osSwTmrInit)
    osSwTmrStart                             0x08006561   Thumb Code   382  los_swtmr.o(i.osSwTmrStart)
    osSwTmrTask                              0x080066f1   Thumb Code    56  los_swtmr.o(i.osSwTmrTask)
    osSwTmrTaskCreate                        0x0800672d   Thumb Code    44  los_swtmr.o(i.osSwTmrTaskCreate)
    osSwtmrScan                              0x080067f9   Thumb Code    24  los_swtmr.o(i.osSwtmrScan)
    osTaskAdd2TimerList                      0x08006815   Thumb Code   126  los_task.o(i.osTaskAdd2TimerList)
    osTaskEntry                              0x08006899   Thumb Code    38  los_task.o(i.osTaskEntry)
    osTaskExit                               0x080068c5   Thumb Code     4  los_hw.o(i.osTaskExit)
    osTaskInit                               0x080068c9   Thumb Code   200  los_task.o(i.osTaskInit)
    osTaskMonInit                            0x0800699d   Thumb Code    30  los_task.o(i.osTaskMonInit)
    osTaskPriModify                          0x080069c9   Thumb Code    48  los_task.o(i.osTaskPriModify)
    osTaskScan                               0x080069f9   Thumb Code   174  los_task.o(i.osTaskScan)
    osTaskSwitchCheck                        0x08006aad   Thumb Code   170  los_task.o(i.osTaskSwitchCheck)
    osTaskWait                               0x08006be9   Thumb Code    70  los_task.o(i.osTaskWait)
    osTaskWake                               0x08006c35   Thumb Code    64  los_task.o(i.osTaskWake)
    osTickHandler                            0x08006c75   Thumb Code    34  los_tick.o(i.osTickHandler)
    osTickStart                              0x08006c9d   Thumb Code    86  los_hw_tick.o(i.osTickStart)
    osTimerListDelete                        0x08006d0d   Thumb Code    48  los_task.o(i.osTimerListDelete)
    osTimesliceCheck                         0x08006d41   Thumb Code    44  los_timeslice.o(i.osTimesliceCheck)
    osTimesliceInit                          0x08006d79   Thumb Code    12  los_timeslice.o(i.osTimesliceInit)
    osTskStackInit                           0x08006d89   Thumb Code   124  los_hw.o(i.osTskStackInit)
    read_resp                                0x08006e0d   Thumb Code   134  at_hal.o(i.read_resp)
    store_resp_buf                           0x08006ef1   Thumb Code    22  at_main.o(i.store_resp_buf)
    write_at_task_msg                        0x08006f09   Thumb Code    38  at_hal.o(i.write_at_task_msg)
    AHBPrescTable                            0x08006f38   Data          16  system_stm32l4xx.o(.constdata)
    MSIRangeTable                            0x08006f48   Data          48  system_stm32l4xx.o(.constdata)
    APBPrescTable                            0x08006f78   Data           8  system_stm32l4xx.o(.constdata)
    Region$$Table$$Base                      0x080070a4   Number         0  anon$$obj.o(Region$$Table)
    Region$$Table$$Limit                     0x080070c4   Number         0  anon$$obj.o(Region$$Table)
    wBuffer_Index                            0x20000000   Data           2  user_task.o(.data)
    aTxStartMessages                         0x20000008   Data          68  user_task.o(.data)
    SystemCoreClock                          0x2000004c   Data           4  system_stm32l4xx.o(.data)
    uwTick                                   0x20000050   Data           4  stm32l4xx_hal.o(.data)
    g_pstLosPriorityQueueList                0x20000058   Data           4  los_priqueue.o(.data)
    m_uwSwTmrHandlerQueue                    0x20000068   Data           4  los_swtmr.o(.data)
    m_pstSwtmrCBArray                        0x2000006c   Data           4  los_swtmr.o(.data)
    m_pstSwtmrFreeList                       0x20000070   Data           4  los_swtmr.o(.data)
    m_pstSwtmrSortList                       0x20000074   Data           4  los_swtmr.o(.data)
    g_usLosTaskLock                          0x20000078   Data           2  los_task.o(.data)
    g_pfnTskSwitchHook                       0x2000007c   Data           4  los_task.o(.data)
    g_pfnUsrTskSwitchHook                    0x20000080   Data           4  los_task.o(.data)
    g_pstTaskCBArray                         0x20000084   Data           4  los_task.o(.data)
    g_uwTskMaxNum                            0x20000088   Data           4  los_task.o(.data)
    g_uwIdleTaskID                           0x2000008c   Data           4  los_task.o(.data)
    g_uwSwtmrTaskID                          0x20000090   Data           4  los_task.o(.data)
    g_bTaskScheduled                         0x20000094   Data           4  los_task.o(.data)
    g_stLosTask                              0x20000098   Data           8  los_task.o(.data)
    g_stTaskTimerList                        0x200000a0   Data           8  los_task.o(.data)
    g_stLosFreeTask                          0x200000a8   Data           8  los_task.o(.data)
    g_stTskRecyleList                        0x200000b0   Data           8  los_task.o(.data)
    g_stTskSortLink                          0x200000b8   Data           8  los_task.o(.data)
    g_bSysTickStart                          0x200000c0   Data           4  los_tick.o(.data)
    g_uwSysClock                             0x200000c8   Data           4  los_tick.o(.data)
    g_ullTickCount                           0x200000d0   Data           8  los_tick.o(.data)
    g_uwCyclesPerTick                        0x200000d8   Data           4  los_tick.o(.data)
    g_stTaskTimeSlice                        0x200000dc   Data           8  los_timeslice.o(.data)
    g_pstAllMux                              0x200000e4   Data           4  los_mux.o(.data)
    g_stUnusedMuxList                        0x200000e8   Data           8  los_mux.o(.data)
    g_pstAllQueue                            0x200000f0   Data           4  los_queue.o(.data)
    g_stFreeQueueList                        0x200000f4   Data           8  los_queue.o(.data)
    g_pstAllSem                              0x200000fc   Data           4  los_sem.o(.data)
    g_stUnusedSemList                        0x20000100   Data           8  los_sem.o(.data)
    g_pPoolHead                              0x20000118   Data           4  los_memory.o(.data)
    g_stUserErrFunc                          0x2000011c   Data           4  los_err.o(.data)
    m_aucSysMem0                             0x20000120   Data           4  los_init.o(.data)
    at                                       0x20000124   Data          96  at_main.o(.data)
    buff_full                                0x20000184   Data           1  at_hal.o(.data)
    wi                                       0x2000018c   Data           4  at_hal.o(.data)
    ri                                       0x20000190   Data           4  at_hal.o(.data)
    at_hal_conf                              0x20000194   Data           4  at_hal.o(.data)
    i2c1                                     0x20000198   Data           8  sht21_demo.o(.data)
    __stdout                                 0x200001a0   Data           4  stdout.o(.data)
    hlpuart1                                 0x200001a4   Data         120  usart.o(.bss)
    huart1                                   0x2000021c   Data         120  usart.o(.bss)
    huart3                                   0x20000294   Data         120  usart.o(.bss)
    s_i2c1                                   0x2000030c   Data          76  i2c.o(.bss)
    s_i2c2                                   0x20000358   Data          76  i2c.o(.bss)
    s_i2c3                                   0x200003a4   Data          76  i2c.o(.bss)
    i2cx                                     0x200003f0   Data          76  i2c.o(.bss)
    aRxBuffer                                0x2000043c   Data         512  user_task.o(.bss)
    m_uwSwTmrAlignID                         0x2000063c   Data          64  los_swtmr.o(.bss)
    g_astTskSwitchInfo                       0x2000067c   Data         342  los_task.o(.bss)
    at_oob                                   0x200007f8   Data         304  at_main.o(.bss)
    Image$$RW_IRAM1$$ZI$$Limit               0x20000d28   Number         0  anon$$obj.o ABSOLUTE
    __initial_sp                             0x20000d28   Data           0  startup_stm32l476xx.o(STACK)



==============================================================================

Memory Map of the image

  Image Entry point : 0x08000189

  Load Region LR_IROM1 (Base: 0x08000000, Size: 0x00007268, Max: 0x00100000, ABSOLUTE, COMPRESSED[0x00007128])

    Execution Region ER_IROM1 (Exec base: 0x08000000, Load base: 0x08000000, Size: 0x000070c4, Max: 0x00100000, ABSOLUTE)

    Exec Addr    Load Addr    Size         Type   Attr      Idx    E Section Name        Object

    0x08000000   0x08000000   0x00000188   Data   RO            3    RESET               startup_stm32l476xx.o
    0x08000188   0x08000188   0x00000000   Code   RO         5967  * .ARM.Collect$$$$00000000  mc_w.l(entry.o)
    0x08000188   0x08000188   0x00000004   Code   RO         6271    .ARM.Collect$$$$00000001  mc_w.l(entry2.o)
    0x0800018c   0x0800018c   0x00000004   Code   RO         6274    .ARM.Collect$$$$00000004  mc_w.l(entry5.o)
    0x08000190   0x08000190   0x00000000   Code   RO         6276    .ARM.Collect$$$$00000008  mc_w.l(entry7b.o)
    0x08000190   0x08000190   0x00000000   Code   RO         6278    .ARM.Collect$$$$0000000A  mc_w.l(entry8b.o)
    0x08000190   0x08000190   0x00000008   Code   RO         6279    .ARM.Collect$$$$0000000B  mc_w.l(entry9a.o)
    0x08000198   0x08000198   0x00000000   Code   RO         6281    .ARM.Collect$$$$0000000D  mc_w.l(entry10a.o)
    0x08000198   0x08000198   0x00000000   Code   RO         6283    .ARM.Collect$$$$0000000F  mc_w.l(entry11a.o)
    0x08000198   0x08000198   0x00000004   Code   RO         6272    .ARM.Collect$$$$00002712  mc_w.l(entry2.o)
    0x0800019c   0x0800019c   0x00000024   Code   RO            4    .text               startup_stm32l476xx.o
    0x080001c0   0x080001c0   0x00000102   Code   RO         4697    .text               los_dispatch_keil.o
    0x080002c2   0x080002c2   0x00000068   Code   RO         5970    .text               mc_w.l(uldiv.o)
    0x0800032a   0x0800032a   0x00000024   Code   RO         5974    .text               mc_w.l(memcpya.o)
    0x0800034e   0x0800034e   0x00000024   Code   RO         5976    .text               mc_w.l(memseta.o)
    0x08000372   0x08000372   0x00000024   Code   RO         5978    .text               mc_w.l(strstr.o)
    0x08000396   0x08000396   0x0000000e   Code   RO         5982    .text               mc_w.l(strlen.o)
    0x080003a4   0x080003a4   0x0000015e   Code   RO         6255    .text               mf_w.l(dadd.o)
    0x08000502   0x08000502   0x000000ea   Code   RO         6257    .text               mf_w.l(dmul.o)
    0x080005ec   0x080005ec   0x000000de   Code   RO         6259    .text               mf_w.l(ddiv.o)
    0x080006ca   0x080006ca   0x0000001a   Code   RO         6261    .text               mf_w.l(dfltui.o)
    0x080006e4   0x080006e4   0x00000030   Code   RO         6265    .text               mf_w.l(dfixul.o)
    0x08000714   0x08000714   0x00000026   Code   RO         6267    .text               mf_w.l(f2d.o)
    0x0800073a   0x0800073a   0x00000038   Code   RO         6269    .text               mf_w.l(d2f.o)
    0x08000772   0x08000772   0x0000002c   Code   RO         6286    .text               mc_w.l(uidiv.o)
    0x0800079e   0x0800079e   0x0000001e   Code   RO         6288    .text               mc_w.l(llshl.o)
    0x080007bc   0x080007bc   0x00000020   Code   RO         6290    .text               mc_w.l(llushr.o)
    0x080007dc   0x080007dc   0x00000024   Code   RO         6292    .text               mc_w.l(llsshr.o)
    0x08000800   0x08000800   0x00000000   Code   RO         6300    .text               mc_w.l(iusefp.o)
    0x08000800   0x08000800   0x0000006e   Code   RO         6301    .text               mf_w.l(fepilogue.o)
    0x0800086e   0x0800086e   0x000000ba   Code   RO         6303    .text               mf_w.l(depilogue.o)
    0x08000928   0x08000928   0x00000030   Code   RO         6305    .text               mf_w.l(cdrcmple.o)
    0x08000958   0x08000958   0x00000024   Code   RO         6307    .text               mc_w.l(init.o)
    0x0800097c   0x0800097c   0x00000056   Code   RO         6324    .text               mc_w.l(__dczerorl2.o)
    0x080009d2   0x080009d2   0x00000002   Code   RO          201    i.BusFault_Handler  stm32l4xx_it.o
    0x080009d4   0x080009d4   0x00000002   Code   RO          202    i.DebugMon_Handler  stm32l4xx_it.o
    0x080009d6   0x080009d6   0x0000004e   Code   RO         2351    i.HAL_DMA_Abort_IT  stm32l4xx_hal_dma.o
    0x08000a24   0x08000a24   0x000001ca   Code   RO         2286    i.HAL_GPIO_Init     stm32l4xx_hal_gpio.o
    0x08000bee   0x08000bee   0x00000002   PAD
    0x08000bf0   0x08000bf0   0x0000000c   Code   RO         2670    i.HAL_GetTick       stm32l4xx_hal.o
    0x08000bfc   0x08000bfc   0x00000056   Code   RO         1721    i.HAL_I2CEx_ConfigAnalogFilter  stm32l4xx_hal_i2c_ex.o
    0x08000c52   0x08000c52   0x00000052   Code   RO         1722    i.HAL_I2CEx_ConfigDigitalFilter  stm32l4xx_hal_i2c_ex.o
    0x08000ca4   0x08000ca4   0x000000b8   Code   RO          818    i.HAL_I2C_Init      stm32l4xx_hal_i2c.o
    0x08000d5c   0x08000d5c   0x0000012a   Code   RO          824    i.HAL_I2C_Master_Receive  stm32l4xx_hal_i2c.o
    0x08000e86   0x08000e86   0x00000002   PAD
    0x08000e88   0x08000e88   0x0000012a   Code   RO          831    i.HAL_I2C_Master_Transmit  stm32l4xx_hal_i2c.o
    0x08000fb2   0x08000fb2   0x00000002   PAD
    0x08000fb4   0x08000fb4   0x000000cc   Code   RO          414    i.HAL_I2C_MspInit   i2c.o
    0x08001080   0x08001080   0x0000001e   Code   RO         2675    i.HAL_Init          stm32l4xx_hal.o
    0x0800109e   0x0800109e   0x00000002   PAD
    0x080010a0   0x080010a0   0x00000030   Code   RO         2676    i.HAL_InitTick      stm32l4xx_hal.o
    0x080010d0   0x080010d0   0x00000080   Code   RO           13    i.HAL_MspInit       stm32l4xx_hal_msp.o
    0x08001150   0x08001150   0x00000016   Code   RO         2449    i.HAL_NVIC_EnableIRQ  stm32l4xx_hal_cortex.o
    0x08001166   0x08001166   0x00000002   PAD
    0x08001168   0x08001168   0x00000040   Code   RO         2455    i.HAL_NVIC_SetPriority  stm32l4xx_hal_cortex.o
    0x080011a8   0x080011a8   0x00000024   Code   RO         2456    i.HAL_NVIC_SetPriorityGrouping  stm32l4xx_hal_cortex.o
    0x080011cc   0x080011cc   0x00000068   Code   RO         2038    i.HAL_PWREx_ControlVoltageScaling  stm32l4xx_hal_pwr_ex.o
    0x08001234   0x08001234   0x00000010   Code   RO         2069    i.HAL_PWREx_GetVoltageRange  stm32l4xx_hal_pwr_ex.o
    0x08001244   0x08001244   0x000003ae   Code   RO         1790    i.HAL_RCCEx_PeriphCLKConfig  stm32l4xx_hal_rcc_ex.o
    0x080015f2   0x080015f2   0x00000002   PAD
    0x080015f4   0x080015f4   0x00000118   Code   RO         1621    i.HAL_RCC_ClockConfig  stm32l4xx_hal_rcc.o
    0x0800170c   0x0800170c   0x0000000c   Code   RO         1625    i.HAL_RCC_GetHCLKFreq  stm32l4xx_hal_rcc.o
    0x08001718   0x08001718   0x00000024   Code   RO         1627    i.HAL_RCC_GetPCLK1Freq  stm32l4xx_hal_rcc.o
    0x0800173c   0x0800173c   0x00000024   Code   RO         1628    i.HAL_RCC_GetPCLK2Freq  stm32l4xx_hal_rcc.o
    0x08001760   0x08001760   0x000000a4   Code   RO         1629    i.HAL_RCC_GetSysClockFreq  stm32l4xx_hal_rcc.o
    0x08001804   0x08001804   0x00000464   Code   RO         1632    i.HAL_RCC_OscConfig  stm32l4xx_hal_rcc.o
    0x08001c68   0x08001c68   0x00000018   Code   RO         2458    i.HAL_SYSTICK_CLKSourceConfig  stm32l4xx_hal_cortex.o
    0x08001c80   0x08001c80   0x00000028   Code   RO         2460    i.HAL_SYSTICK_Config  stm32l4xx_hal_cortex.o
    0x08001ca8   0x08001ca8   0x00000002   Code   RO         2900    i.HAL_UARTEx_WakeupCallback  stm32l4xx_hal_uart_ex.o
    0x08001caa   0x08001caa   0x00000002   Code   RO         1286    i.HAL_UART_ErrorCallback  stm32l4xx_hal_uart.o
    0x08001cac   0x08001cac   0x00000144   Code   RO         1289    i.HAL_UART_IRQHandler  stm32l4xx_hal_uart.o
    0x08001df0   0x08001df0   0x0000006a   Code   RO         1290    i.HAL_UART_Init     stm32l4xx_hal_uart.o
    0x08001e5a   0x08001e5a   0x00000002   PAD
    0x08001e5c   0x08001e5c   0x000000dc   Code   RO          135    i.HAL_UART_MspInit  usart.o
    0x08001f38   0x08001f38   0x000000ac   Code   RO         1295    i.HAL_UART_Receive_IT  stm32l4xx_hal_uart.o
    0x08001fe4   0x08001fe4   0x0000003c   Code   RO          574    i.HAL_UART_RxCpltCallback  user_task.o
    0x08002020   0x08002020   0x000000b0   Code   RO         1298    i.HAL_UART_Transmit  stm32l4xx_hal_uart.o
    0x080020d0   0x080020d0   0x00000068   Code   RO         1300    i.HAL_UART_Transmit_IT  stm32l4xx_hal_uart.o
    0x08002138   0x08002138   0x00000002   Code   RO         1301    i.HAL_UART_TxCpltCallback  stm32l4xx_hal_uart.o
    0x0800213a   0x0800213a   0x00000002   Code   RO          203    i.HardFault_Handler  stm32l4xx_it.o
    0x0800213c   0x0800213c   0x00000022   Code   RO          865    i.I2C_Flush_TXDR    stm32l4xx_hal_i2c.o
    0x0800215e   0x0800215e   0x00000002   PAD
    0x08002160   0x08002160   0x00000084   Code   RO          873    i.I2C_IsAcknowledgeFailed  stm32l4xx_hal_i2c.o
    0x080021e4   0x080021e4   0x0000002c   Code   RO          880    i.I2C_TransferConfig  stm32l4xx_hal_i2c.o
    0x08002210   0x08002210   0x00000058   Code   RO          881    i.I2C_WaitOnFlagUntilTimeout  stm32l4xx_hal_i2c.o
    0x08002268   0x08002268   0x00000084   Code   RO          882    i.I2C_WaitOnRXNEFlagUntilTimeout  stm32l4xx_hal_i2c.o
    0x080022ec   0x080022ec   0x0000004c   Code   RO          883    i.I2C_WaitOnSTOPFlagUntilTimeout  stm32l4xx_hal_i2c.o
    0x08002338   0x08002338   0x00000050   Code   RO          884    i.I2C_WaitOnTXISFlagUntilTimeout  stm32l4xx_hal_i2c.o
    0x08002388   0x08002388   0x00000014   Code   RO         4557    i.LOS_Align         los_misc.o
    0x0800239c   0x0800239c   0x0000001c   Code   RO         4587    i.LOS_ErrHandle     los_err.o
    0x080023b8   0x080023b8   0x000000f0   Code   RO         4651    i.LOS_KernelInit    los_init.o
    0x080024a8   0x080024a8   0x0000000e   Code   RO         3371    i.LOS_ListAdd       los_task.o
    0x080024b6   0x080024b6   0x0000000e   Code   RO         3831    i.LOS_ListAdd       los_mux.o
    0x080024c4   0x080024c4   0x0000000e   Code   RO         3896    i.LOS_ListAdd       los_queue.o
    0x080024d2   0x080024d2   0x0000000e   Code   RO         4027    i.LOS_ListAdd       los_sem.o
    0x080024e0   0x080024e0   0x00000014   Code   RO         3372    i.LOS_ListDelete    los_task.o
    0x080024f4   0x080024f4   0x00000006   Code   RO         3373    i.LOS_ListTailInsert  los_task.o
    0x080024fa   0x080024fa   0x00000028   Code   RO         4173    i.LOS_MemAlloc      los_memory.o
    0x08002522   0x08002522   0x00000004   Code   RO         4174    i.LOS_MemAllocAlign  los_memory.o
    0x08002526   0x08002526   0x00000026   Code   RO         4176    i.LOS_MemFree       los_memory.o
    0x0800254c   0x0800254c   0x000000e2   Code   RO         4178    i.LOS_MemInit       los_memory.o
    0x0800262e   0x0800262e   0x00000002   PAD
    0x08002630   0x08002630   0x00000088   Code   RO         3832    i.LOS_MuxCreate     los_mux.o
    0x080026b8   0x080026b8   0x00000098   Code   RO         3833    i.LOS_MuxDelete     los_mux.o
    0x08002750   0x08002750   0x00000150   Code   RO         3834    i.LOS_MuxPend       los_mux.o
    0x080028a0   0x080028a0   0x000000c0   Code   RO         3835    i.LOS_MuxPost       los_mux.o
    0x08002960   0x08002960   0x000000c4   Code   RO         3897    i.LOS_QueueCreate   los_queue.o
    0x08002a24   0x08002a24   0x00000098   Code   RO         3898    i.LOS_QueueDelete   los_queue.o
    0x08002abc   0x08002abc   0x00000022   Code   RO         3901    i.LOS_QueueReadCopy  los_queue.o
    0x08002ade   0x08002ade   0x00000026   Code   RO         3903    i.LOS_QueueWriteCopy  los_queue.o
    0x08002b04   0x08002b04   0x00000040   Code   RO         4703    i.LOS_Schedule      los_hw.o
    0x08002b44   0x08002b44   0x0000000a   Code   RO         4028    i.LOS_SemCreate     los_sem.o
    0x08002b4e   0x08002b4e   0x00000002   PAD
    0x08002b50   0x08002b50   0x00000090   Code   RO         4029    i.LOS_SemDelete     los_sem.o
    0x08002be0   0x08002be0   0x00000148   Code   RO         4030    i.LOS_SemPend       los_sem.o
    0x08002d28   0x08002d28   0x000000ac   Code   RO         4031    i.LOS_SemPost       los_sem.o
    0x08002dd4   0x08002dd4   0x0000003c   Code   RO         4653    i.LOS_Start         los_init.o
    0x08002e10   0x08002e10   0x00000070   Code   RO         3376    i.LOS_TaskCreate    los_task.o
    0x08002e80   0x08002e80   0x00000150   Code   RO         3377    i.LOS_TaskCreateOnly  los_task.o
    0x08002fd0   0x08002fd0   0x0000006c   Code   RO         3378    i.LOS_TaskDelay     los_task.o
    0x0800303c   0x0800303c   0x00000138   Code   RO         3379    i.LOS_TaskDelete    los_task.o
    0x08003174   0x08003174   0x00000038   Code   RO         3384    i.LOS_TaskNameGet   los_task.o
    0x080031ac   0x080031ac   0x00000070   Code   RO         3392    i.LOS_TaskYield     los_task.o
    0x0800321c   0x0800321c   0x0000000c   Code   RO         3304    i.LOS_TickCountGet  los_sys.o
    0x08003228   0x08003228   0x00000034   Code   RO          204    i.LPUART1_IRQHandler  stm32l4xx_it.o
    0x0800325c   0x0800325c   0x0000003c   Code   RO          390    i.MX_GPIO_Init      gpio.o
    0x08003298   0x08003298   0x00000050   Code   RO          136    i.MX_LPUART1_UART_Init  usart.o
    0x080032e8   0x080032e8   0x00000050   Code   RO          137    i.MX_USART1_UART_Init  usart.o
    0x08003338   0x08003338   0x00000050   Code   RO          138    i.MX_USART3_UART_Init  usart.o
    0x08003388   0x08003388   0x00000002   Code   RO          205    i.MemManage_Handler  stm32l4xx_it.o
    0x0800338a   0x0800338a   0x00000002   Code   RO          206    i.NMI_Handler       stm32l4xx_it.o
    0x0800338c   0x0800338c   0x00000020   Code   RO         2462    i.NVIC_SetPriority  stm32l4xx_hal_cortex.o
    0x080033ac   0x080033ac   0x0000012c   Code   RO         1794    i.RCCEx_PLLSAI1_Config  stm32l4xx_hal_rcc_ex.o
    0x080034d8   0x080034d8   0x00000108   Code   RO         1795    i.RCCEx_PLLSAI2_Config  stm32l4xx_hal_rcc_ex.o
    0x080035e0   0x080035e0   0x0000007c   Code   RO         1633    i.RCC_SetFlashLatencyFromMSIRange  stm32l4xx_hal_rcc.o
    0x0800365c   0x0800365c   0x0000009c   Code   RO         5937    i.SHT20_Convert     sht21_demo.o
    0x080036f8   0x080036f8   0x00000002   Code   RO          207    i.SVC_Handler       stm32l4xx_it.o
    0x080036fa   0x080036fa   0x00000002   PAD
    0x080036fc   0x080036fc   0x00000024   Code   RO         4797    i.SysTick_Handler   los_hwi.o
    0x08003720   0x08003720   0x00000082   Code   RO          283    i.SystemClock_Config  main.o
    0x080037a2   0x080037a2   0x00000002   PAD
    0x080037a4   0x080037a4   0x00000044   Code   RO          656    i.SystemInit        system_stm32l4xx.o
    0x080037e8   0x080037e8   0x000000c8   Code   RO         1303    i.UART_AdvFeatureConfig  stm32l4xx_hal_uart.o
    0x080038b0   0x080038b0   0x0000005c   Code   RO         1304    i.UART_CheckIdleState  stm32l4xx_hal_uart.o
    0x0800390c   0x0800390c   0x00000014   Code   RO         1305    i.UART_DMAAbortOnError  stm32l4xx_hal_uart.o
    0x08003920   0x08003920   0x00000020   Code   RO         1315    i.UART_EndRxTransfer  stm32l4xx_hal_uart.o
    0x08003940   0x08003940   0x0000005c   Code   RO         1317    i.UART_RxISR_16BIT  stm32l4xx_hal_uart.o
    0x0800399c   0x0800399c   0x0000005a   Code   RO         1318    i.UART_RxISR_8BIT   stm32l4xx_hal_uart.o
    0x080039f6   0x080039f6   0x00000002   PAD
    0x080039f8   0x080039f8   0x000002a0   Code   RO         1319    i.UART_SetConfig    stm32l4xx_hal_uart.o
    0x08003c98   0x08003c98   0x00000042   Code   RO         1320    i.UART_TxISR_16BIT  stm32l4xx_hal_uart.o
    0x08003cda   0x08003cda   0x0000003c   Code   RO         1321    i.UART_TxISR_8BIT   stm32l4xx_hal_uart.o
    0x08003d16   0x08003d16   0x00000064   Code   RO         1322    i.UART_WaitOnFlagUntilTimeout  stm32l4xx_hal_uart.o
    0x08003d7a   0x08003d7a   0x00000002   PAD
    0x08003d7c   0x08003d7c   0x0000000c   Code   RO          208    i.USART1_IRQHandler  stm32l4xx_it.o
    0x08003d88   0x08003d88   0x0000000c   Code   RO          209    i.USART3_IRQHandler  stm32l4xx_it.o
    0x08003d94   0x08003d94   0x00000002   Code   RO          210    i.UsageFault_Handler  stm32l4xx_it.o
    0x08003d96   0x08003d96   0x00000002   Code   RO          284    i._Error_Handler    main.o
    0x08003d98   0x08003d98   0x00000020   Code   RO         6221    i.__0printf         mc_w.l(printfa.o)
    0x08003db8   0x08003db8   0x0000000e   Code   RO         6318    i.__scatterload_copy  mc_w.l(handlers.o)
    0x08003dc6   0x08003dc6   0x00000002   Code   RO         6319    i.__scatterload_null  mc_w.l(handlers.o)
    0x08003dc8   0x08003dc8   0x0000000e   Code   RO         6320    i.__scatterload_zeroinit  mc_w.l(handlers.o)
    0x08003dd6   0x08003dd6   0x00000002   PAD
    0x08003dd8   0x08003dd8   0x0000018a   Code   RO         6228    i._fp_digits        mc_w.l(printfa.o)
    0x08003f62   0x08003f62   0x00000002   PAD
    0x08003f64   0x08003f64   0x000006e2   Code   RO         6229    i._printf_core      mc_w.l(printfa.o)
    0x08004646   0x08004646   0x00000024   Code   RO         6230    i._printf_post_padding  mc_w.l(printfa.o)
    0x0800466a   0x0800466a   0x0000002e   Code   RO         6231    i._printf_pre_padding  mc_w.l(printfa.o)
    0x08004698   0x08004698   0x00000030   Code   RO         5415    i.at_cmd            at_main.o
    0x080046c8   0x080046c8   0x00000114   Code   RO         5417    i.at_cmd_multi_suffix  at_main.o
    0x080047dc   0x080047dc   0x000000d0   Code   RO         5418    i.at_deinit         at_main.o
    0x080048ac   0x080048ac   0x00000034   Code   RO         5846    i.at_frame_notify_task  at_hal.o
    0x080048e0   0x080048e0   0x00000010   Code   RO         5419    i.at_free           at_main.o
    0x080048f0   0x080048f0   0x00000008   Code   RO         5420    i.at_get_config     at_main.o
    0x080048f8   0x080048f8   0x00000044   Code   RO         5421    i.at_get_queue_wait_time  at_main.o
    0x0800493c   0x0800493c   0x00000010   Code   RO         5422    i.at_get_time       at_main.o
    0x0800494c   0x0800494c   0x0000003c   Code   RO         5423    i.at_get_unuse_linkid  at_main.o
    0x08004988   0x08004988   0x0000006c   Code   RO         5424    i.at_handle_resp    at_main.o
    0x080049f4   0x080049f4   0x000001c4   Code   RO         5425    i.at_init           at_main.o
    0x08004bb8   0x08004bb8   0x00000018   Code   RO         5426    i.at_init_oob       at_main.o
    0x08004bd0   0x08004bd0   0x00000020   Code   RO         5427    i.at_listener_list_add  at_main.o
    0x08004bf0   0x08004bf0   0x00000028   Code   RO         5428    i.at_listner_list_del  at_main.o
    0x08004c18   0x08004c18   0x0000001c   Code   RO         5429    i.at_listner_list_destroy  at_main.o
    0x08004c34   0x08004c34   0x00000020   Code   RO         5430    i.at_malloc         at_main.o
    0x08004c54   0x08004c54   0x00000050   Code   RO         5431    i.at_oob_register   at_main.o
    0x08004ca4   0x08004ca4   0x00000048   Code   RO         5847    i.at_receive_one_byte  at_hal.o
    0x08004cec   0x08004cec   0x0000014c   Code   RO         5432    i.at_recv_task      at_main.o
    0x08004e38   0x08004e38   0x00000028   Code   RO         5434    i.at_rm_node        at_main.o
    0x08004e60   0x08004e60   0x00000070   Code   RO         5435    i.at_rm_timeout_nodes  at_main.o
    0x08004ed0   0x08004ed0   0x00000190   Code   RO         5437    i.at_struct_deinit  at_main.o
    0x08005060   0x08005060   0x0000035c   Code   RO         5438    i.at_struct_init    at_main.o
    0x080053bc   0x080053bc   0x00000090   Code   RO         5848    i.at_transmit       at_hal.o
    0x0800544c   0x0800544c   0x00000002   Code   RO         5849    i.at_usart_deinit   at_hal.o
    0x0800544e   0x0800544e   0x00000002   PAD
    0x08005450   0x08005450   0x00000054   Code   RO         5850    i.at_usart_init     at_hal.o
    0x080054a4   0x080054a4   0x000000e0   Code   RO         5439    i.at_write          at_main.o
    0x08005584   0x08005584   0x0000000e   Code   RO          575    i.atiny_task_entry  user_task.o
    0x08005592   0x08005592   0x00000002   PAD
    0x08005594   0x08005594   0x00000030   Code   RO          576    i.atiny_usart1_rx_entry  user_task.o
    0x080055c4   0x080055c4   0x00000050   Code   RO         5441    i.cloud_cmd_matching  at_main.o
    0x08005614   0x08005614   0x0000003c   Code   RO          577    i.creat_main_task   user_task.o
    0x08005650   0x08005650   0x0000003c   Code   RO         5442    i.create_at_recv_task  at_main.o
    0x0800568c   0x0800568c   0x0000015c   Code   RO          416    i.dal_i2c_init      i2c.o
    0x080057e8   0x080057e8   0x00000038   Code   RO          419    i.dal_i2c_master_read  i2c.o
    0x08005820   0x08005820   0x00000038   Code   RO          420    i.dal_i2c_master_write  i2c.o
    0x08005858   0x08005858   0x00000128   Code   RO         5938    i.demo_sht21_iic    sht21_demo.o
    0x08005980   0x08005980   0x00000018   Code   RO          139    i.fputc             usart.o
    0x08005998   0x08005998   0x00000030   Code   RO          285    i.main              main.o
    0x080059c8   0x080059c8   0x0000001a   Code   RO         4100    i.osAlarmHeapInfo   los_heap.o
    0x080059e2   0x080059e2   0x0000001e   Code   RO         4312    i.osAtomicBitsetClearBit  los_slab.o
    0x08005a00   0x08005a00   0x00000042   Code   RO         4314    i.osAtomicBitsetFindClearAndSet  los_slab.o
    0x08005a42   0x08005a42   0x00000022   Code   RO         4315    i.osAtomicBitsetGetBit  los_slab.o
    0x08005a64   0x08005a64   0x0000002c   Code   RO         4317    i.osAtomicBitsetInit  los_slab.o
    0x08005a90   0x08005a90   0x00000120   Code   RO         4101    i.osHeapAlloc       los_heap.o
    0x08005bb0   0x08005bb0   0x0000003a   Code   RO         4102    i.osHeapAllocAlign  los_heap.o
    0x08005bea   0x08005bea   0x00000002   PAD
    0x08005bec   0x08005bec   0x00000104   Code   RO         4103    i.osHeapFree        los_heap.o
    0x08005cf0   0x08005cf0   0x0000003a   Code   RO         4106    i.osHeapInit        los_heap.o
    0x08005d2a   0x08005d2a   0x00000016   Code   RO         4107    i.osHeapPrvGetNext  los_heap.o
    0x08005d40   0x08005d40   0x00000048   Code   RO         4108    i.osHeapStatisticsGet  los_heap.o
    0x08005d88   0x08005d88   0x00000002   Code   RO         3396    i.osIdleTask        los_task.o
    0x08005d8a   0x08005d8a   0x00000002   PAD
    0x08005d8c   0x08005d8c   0x00000040   Code   RO         3397    i.osIdleTaskCreate  los_task.o
    0x08005dcc   0x08005dcc   0x00000006   Code   RO         4798    i.osIntNumGet       los_hwi.o
    0x08005dd2   0x08005dd2   0x00000002   PAD
    0x08005dd4   0x08005dd4   0x00000014   Code   RO         4182    i.osMemSystemInit   los_memory.o
    0x08005de8   0x08005de8   0x00000058   Code   RO         3836    i.osMuxInit         los_mux.o
    0x08005e40   0x08005e40   0x00000038   Code   RO         3008    i.osPriqueueDequeue  los_priqueue.o
    0x08005e78   0x08005e78   0x00000030   Code   RO         3009    i.osPriqueueEnqueue  los_priqueue.o
    0x08005ea8   0x08005ea8   0x00000034   Code   RO         3010    i.osPriqueueInit    los_priqueue.o
    0x08005edc   0x08005edc   0x00000024   Code   RO         3011    i.osPriqueueSize    los_priqueue.o
    0x08005f00   0x08005f00   0x0000001c   Code   RO         3012    i.osPriqueueTop     los_priqueue.o
    0x08005f1c   0x08005f1c   0x000000d0   Code   RO         3906    i.osQueueBufferOperate  los_queue.o
    0x08005fec   0x08005fec   0x0000005c   Code   RO         3907    i.osQueueInit       los_queue.o
    0x08006048   0x08006048   0x0000016e   Code   RO         3910    i.osQueueOperate    los_queue.o
    0x080061b6   0x080061b6   0x00000002   PAD
    0x080061b8   0x080061b8   0x00000034   Code   RO         3911    i.osQueueReadParameterCheck  los_queue.o
    0x080061ec   0x080061ec   0x00000034   Code   RO         3912    i.osQueueWriteParameterCheck  los_queue.o
    0x08006220   0x08006220   0x00000004   Code   RO         4705    i.osSchedule        los_hw.o
    0x08006224   0x08006224   0x0000009c   Code   RO         4032    i.osSemCreate       los_sem.o
    0x080062c0   0x080062c0   0x00000054   Code   RO         4033    i.osSemInit         los_sem.o
    0x08006314   0x08006314   0x0000001c   Code   RO         4318    i.osSlabAllocatorAlloc  los_slab.o
    0x08006330   0x08006330   0x00000038   Code   RO         4322    i.osSlabAllocatorFree  los_slab.o
    0x08006368   0x08006368   0x00000046   Code   RO         4329    i.osSlabAllocatorNew  los_slab.o
    0x080063ae   0x080063ae   0x00000014   Code   RO         4443    i.osSlabBlockHeadFill  los_slabmem.o
    0x080063c2   0x080063c2   0x00000004   Code   RO         4183    i.osSlabCtrlHdrGet  los_memory.o
    0x080063c6   0x080063c6   0x00000062   Code   RO         4445    i.osSlabMemAlloc    los_slabmem.o
    0x08006428   0x08006428   0x0000005e   Code   RO         4448    i.osSlabMemFree     los_slabmem.o
    0x08006486   0x08006486   0x00000002   PAD
    0x08006488   0x08006488   0x00000058   Code   RO         4449    i.osSlabMemInit     los_slabmem.o
    0x080064e0   0x080064e0   0x00000080   Code   RO         3139    i.osSwTmrInit       los_swtmr.o
    0x08006560   0x08006560   0x0000018e   Code   RO         3140    i.osSwTmrStart      los_swtmr.o
    0x080066ee   0x080066ee   0x00000002   PAD
    0x080066f0   0x080066f0   0x0000003c   Code   RO         3141    i.osSwTmrTask       los_swtmr.o
    0x0800672c   0x0800672c   0x00000040   Code   RO         3142    i.osSwTmrTaskCreate  los_swtmr.o
    0x0800676c   0x0800676c   0x00000068   Code   RO         3143    i.osSwTmrTimeoutHandle  los_swtmr.o
    0x080067d4   0x080067d4   0x00000024   Code   RO         3145    i.osSwtmrDelete     los_swtmr.o
    0x080067f8   0x080067f8   0x0000001c   Code   RO         3146    i.osSwtmrScan       los_swtmr.o
    0x08006814   0x08006814   0x00000084   Code   RO         3398    i.osTaskAdd2TimerList  los_task.o
    0x08006898   0x08006898   0x0000002c   Code   RO         3399    i.osTaskEntry       los_task.o
    0x080068c4   0x080068c4   0x00000004   Code   RO         4706    i.osTaskExit        los_hw.o
    0x080068c8   0x080068c8   0x000000d4   Code   RO         3400    i.osTaskInit        los_task.o
    0x0800699c   0x0800699c   0x0000002c   Code   RO         3401    i.osTaskMonInit     los_task.o
    0x080069c8   0x080069c8   0x00000030   Code   RO         3402    i.osTaskPriModify   los_task.o
    0x080069f8   0x080069f8   0x000000b4   Code   RO         3403    i.osTaskScan        los_task.o
    0x08006aac   0x08006aac   0x0000013c   Code   RO         3404    i.osTaskSwitchCheck  los_task.o
    0x08006be8   0x08006be8   0x0000004c   Code   RO         3405    i.osTaskWait        los_task.o
    0x08006c34   0x08006c34   0x00000040   Code   RO         3406    i.osTaskWake        los_task.o
    0x08006c74   0x08006c74   0x00000028   Code   RO         3655    i.osTickHandler     los_tick.o
    0x08006c9c   0x08006c9c   0x00000070   Code   RO         4754    i.osTickStart       los_hw_tick.o
    0x08006d0c   0x08006d0c   0x00000034   Code   RO         3407    i.osTimerListDelete  los_task.o
    0x08006d40   0x08006d40   0x00000038   Code   RO         3721    i.osTimesliceCheck  los_timeslice.o
    0x08006d78   0x08006d78   0x00000010   Code   RO         3722    i.osTimesliceInit   los_timeslice.o
    0x08006d88   0x08006d88   0x00000084   Code   RO         4707    i.osTskStackInit    los_hw.o
    0x08006e0c   0x08006e0c   0x000000e4   Code   RO         5851    i.read_resp         at_hal.o
    0x08006ef0   0x08006ef0   0x00000016   Code   RO         5443    i.store_resp_buf    at_main.o
    0x08006f06   0x08006f06   0x00000002   PAD
    0x08006f08   0x08006f08   0x00000030   Code   RO         5852    i.write_at_task_msg  at_hal.o
    0x08006f38   0x08006f38   0x00000040   Data   RO          657    .constdata          system_stm32l4xx.o
    0x08006f78   0x08006f78   0x00000008   Data   RO          658    .constdata          system_stm32l4xx.o
    0x08006f80   0x08006f80   0x00000083   Data   RO         5447    .constdata          at_main.o
    0x08007003   0x08007003   0x0000000a   Data   RO         5853    .constdata          at_hal.o
    0x0800700d   0x0800700d   0x00000003   PAD
    0x08007010   0x08007010   0x00000094   Data   RO         5448    .conststring        at_main.o
    0x080070a4   0x080070a4   0x00000020   Data   RO         6316    Region$$Table       anon$$obj.o


    Execution Region RW_IRAM1 (Exec base: 0x20000000, Load base: 0x080070c4, Size: 0x00000d28, Max: 0x00018000, ABSOLUTE, COMPRESSED[0x00000064])

    Exec Addr    Load Addr    Size         Type   Attr      Idx    E Section Name        Object

    0x20000000   COMPRESSED   0x0000004c   Data   RW          579    .data               user_task.o
    0x2000004c   COMPRESSED   0x00000004   Data   RW          659    .data               system_stm32l4xx.o
    0x20000050   COMPRESSED   0x00000004   Data   RW         2691    .data               stm32l4xx_hal.o
    0x20000054   COMPRESSED   0x00000008   Data   RW         3014    .data               los_priqueue.o
    0x2000005c   COMPRESSED   0x0000001c   Data   RW         3150    .data               los_swtmr.o
    0x20000078   COMPRESSED   0x00000048   Data   RW         3410    .data               los_task.o
    0x200000c0   COMPRESSED   0x00000004   Data   RW         3656    .data               los_tick.o
    0x200000c4   COMPRESSED   0x00000004   PAD
    0x200000c8   COMPRESSED   0x00000010   Data   RW         3657    .data               los_tick.o
    0x200000d8   COMPRESSED   0x00000004   Data   RW         3660    .data               los_tick.o
    0x200000dc   COMPRESSED   0x00000008   Data   RW         3723    .data               los_timeslice.o
    0x200000e4   COMPRESSED   0x0000000c   Data   RW         3837    .data               los_mux.o
    0x200000f0   COMPRESSED   0x0000000c   Data   RW         3913    .data               los_queue.o
    0x200000fc   COMPRESSED   0x0000000c   Data   RW         4034    .data               los_sem.o
    0x20000108   COMPRESSED   0x00000010   Data   RW         4109    .data               los_heap.o
    0x20000118   COMPRESSED   0x00000004   Data   RW         4184    .data               los_memory.o
    0x2000011c   COMPRESSED   0x00000004   Data   RW         4588    .data               los_err.o
    0x20000120   COMPRESSED   0x00000004   Data   RW         4655    .data               los_init.o
    0x20000124   COMPRESSED   0x00000060   Data   RW         5449    .data               at_main.o
    0x20000184   COMPRESSED   0x00000014   Data   RW         5854    .data               at_hal.o
    0x20000198   COMPRESSED   0x00000008   Data   RW         5939    .data               sht21_demo.o
    0x200001a0   COMPRESSED   0x00000004   Data   RW         6285    .data               mc_w.l(stdout.o)
    0x200001a4        -       0x00000168   Zero   RW          140    .bss                usart.o
    0x2000030c        -       0x00000130   Zero   RW          425    .bss                i2c.o
    0x2000043c        -       0x00000200   Zero   RW          578    .bss                user_task.o
    0x2000063c        -       0x00000040   Zero   RW         3149    .bss                los_swtmr.o
    0x2000067c        -       0x00000156   Zero   RW         3408    .bss                los_task.o
    0x200007d2   COMPRESSED   0x00000002   PAD
    0x200007d4        -       0x00000154   Zero   RW         5446    .bss                at_main.o
    0x20000928        -       0x00000400   Zero   RW            1    STACK               startup_stm32l476xx.o


==============================================================================

Image component sizes


      Code (inc. data)   RO Data    RW Data    ZI Data      Debug   Object Name

       630        230         10         20          0       4951   at_hal.o
      3626       1316        279         96        340      23665   at_main.o
        60          6          0          0          0        839   gpio.o
       664         70          0          0        304       3790   i2c.o
       258         24          0          0          0        432   los_dispatch_keil.o
        28          6          0          4          0       2358   los_err.o
       784        100          0         16          0       7272   los_heap.o
       204         18          0          0          0       2838   los_hw.o
       112         26          0          0          0      27461   los_hw_tick.o
        42          8          0          0          0       5500   los_hwi.o
       300        138          0          4          0       1912   los_init.o
       332         70          0          4          0       5466   los_memory.o
        20          0          0          0          0        640   los_misc.o
       918        204          0         12          0       6640   los_mux.o
       220         30          0          8          0      16986   los_priqueue.o
      1204        108          0         12          0      18359   los_queue.o
       908        230          0         12          0       7402   los_sem.o
       328          0          0          0          0       6388   los_slab.o
       300          0          0          0          0       4147   los_slabmem.o
       818         70          0         28         64      15375   los_swtmr.o
        12          4          0          0          0       2307   los_sys.o
      2310        294          0         72        342      27308   los_task.o
        40          6          0         24          0       8024   los_tick.o
        72         16          0          8          0       1333   los_timeslice.o
       180          0          0          0          0      10789   main.o
       452         84          0          8          0       1812   sht21_demo.o
        36          8        392          0       1024        852   startup_stm32l476xx.o
        90         12          0          4          0       3113   stm32l4xx_hal.o
       218         14          0          0          0      31161   stm32l4xx_hal_cortex.o
        78          0          0          0          0       1115   stm32l4xx_hal_dma.o
       458         38          0          0          0       1820   stm32l4xx_hal_gpio.o
      1366         38          0          0          0      10810   stm32l4xx_hal_i2c.o
       168          0          0          0          0       1959   stm32l4xx_hal_i2c_ex.o
       128          6          0          0          0     802470   stm32l4xx_hal_msp.o
       120         20          0          0          0       1398   stm32l4xx_hal_pwr_ex.o
      1776         92          0          0          0       7508   stm32l4xx_hal_rcc.o
      1506         44          0          0          0       4116   stm32l4xx_hal_rcc_ex.o
      2310         90          0          0          0      14587   stm32l4xx_hal_uart.o
         2          0          0          0          0       1032   stm32l4xx_hal_uart_ex.o
        90         16          0          0          0       4792   stm32l4xx_it.o
        68         12         72          4          0       1269   system_stm32l4xx.o
       484        104          0          0        360       4907   usart.o
       182         54          0         76        512       8261   user_task.o

    ----------------------------------------------------------------------
     23948       3606        788        416       2948    1115164   Object Totals
         0          0         32          0          0          0   (incl. Generated)
        46          0          3          4          2          0   (incl. Padding)

    ----------------------------------------------------------------------

      Code (inc. data)   RO Data    RW Data    ZI Data      Debug   Library Member Name

        86          0          0          0          0          0   __dczerorl2.o
         0          0          0          0          0          0   entry.o
         0          0          0          0          0          0   entry10a.o
         0          0          0          0          0          0   entry11a.o
         8          4          0          0          0          0   entry2.o
         4          0          0          0          0          0   entry5.o
         0          0          0          0          0          0   entry7b.o
         0          0          0          0          0          0   entry8b.o
         8          4          0          0          0          0   entry9a.o
        30          0          0          0          0          0   handlers.o
        36          8          0          0          0         68   init.o
         0          0          0          0          0          0   iusefp.o
        30          0          0          0          0         68   llshl.o
        36          0          0          0          0         68   llsshr.o
        32          0          0          0          0         68   llushr.o
        36          0          0          0          0         68   memcpya.o
        36          0          0          0          0        108   memseta.o
      2270         90          0          0          0        452   printfa.o
         0          0          0          4          0          0   stdout.o
        14          0          0          0          0         68   strlen.o
        36          0          0          0          0         80   strstr.o
        44          0          0          0          0         80   uidiv.o
       104          0          0          0          0         92   uldiv.o
        48          0          0          0          0         68   cdrcmple.o
        56          0          0          0          0         88   d2f.o
       350          0          0          0          0        148   dadd.o
       222          0          0          0          0        100   ddiv.o
       186          0          0          0          0        176   depilogue.o
        48          0          0          0          0         68   dfixul.o
        26          0          0          0          0         76   dfltui.o
       234          0          0          0          0         96   dmul.o
        38          0          0          0          0         68   f2d.o
       110          0          0          0          0        168   fepilogue.o

    ----------------------------------------------------------------------
      4132        106          0          4          0       2276   Library Totals
         4          0          0          0          0          0   (incl. Padding)

    ----------------------------------------------------------------------

      Code (inc. data)   RO Data    RW Data    ZI Data      Debug   Library Name

      2810        106          0          4          0       1220   mc_w.l
      1318          0          0          0          0       1056   mf_w.l

    ----------------------------------------------------------------------
      4132        106          0          4          0       2276   Library Totals

    ----------------------------------------------------------------------

==============================================================================


      Code (inc. data)   RO Data    RW Data    ZI Data      Debug   

     28080       3712        788        420       2948    1096280   Grand Totals
     28080       3712        788        100       2948    1096280   ELF Image Totals (compressed)
     28080       3712        788        100          0          0   ROM Totals

==============================================================================

    Total RO  Size (Code + RO Data)                28868 (  28.19kB)
    Total RW  Size (RW Data + ZI Data)              3368 (   3.29kB)
    Total ROM Size (Code + RO Data + RW Data)      28968 (  28.29kB)

==============================================================================

