Component: ARM Compiler 5.06 update 5 (build 528) Tool: armlink [4d35e2]

==============================================================================

Section Cross References

    los_startup_keil.o(LOS_HEAP) refers (Special) to los_dispatch_keil.o(.text) for osPendSV
    los_startup_keil.o(LOS_HEAP_INFO) refers (Special) to los_dispatch_keil.o(.text) for osPendSV
    los_startup_keil.o(LOS_HEAP_INFO) refers to los_startup_keil.o(LOS_HEAP) for __los_heap_base
    los_startup_keil.o(RESET) refers (Special) to los_dispatch_keil.o(.text) for osPendSV
    los_startup_keil.o(RESET) refers to system_stm32l4xx.o(i.SystemInit) for SystemInit
    los_startup_keil.o(RESET) refers to entry.o(.ARM.Collect$$$$00000000) for __main
    system_stm32l4xx.o(i.SystemCoreClockUpdate) refers to system_stm32l4xx.o(.constdata) for MSIRangeTable
    system_stm32l4xx.o(i.SystemCoreClockUpdate) refers to system_stm32l4xx.o(.data) for SystemCoreClock
    usart.o(i.HAL_UART_MspDeInit) refers to stm32l4xx_hal_gpio.o(i.HAL_GPIO_DeInit) for HAL_GPIO_DeInit
    usart.o(i.HAL_UART_MspDeInit) refers to stm32l4xx_hal_cortex.o(i.HAL_NVIC_DisableIRQ) for HAL_NVIC_DisableIRQ
    usart.o(i.HAL_UART_MspInit) refers to stm32l4xx_hal_gpio.o(i.HAL_GPIO_Init) for HAL_GPIO_Init
    usart.o(i.HAL_UART_MspInit) refers to stm32l4xx_hal_cortex.o(i.HAL_NVIC_SetPriority) for HAL_NVIC_SetPriority
    usart.o(i.HAL_UART_MspInit) refers to stm32l4xx_hal_cortex.o(i.HAL_NVIC_EnableIRQ) for HAL_NVIC_EnableIRQ
    usart.o(i.MX_USART1_UART_Init) refers to stm32l4xx_hal_uart.o(i.HAL_UART_Init) for HAL_UART_Init
    usart.o(i.MX_USART1_UART_Init) refers to sys_init.o(i._Error_Handler) for _Error_Handler
    usart.o(i.MX_USART1_UART_Init) refers to usart.o(.bss) for huart1
    usart.o(i.MX_USART2_UART_Init) refers to stm32l4xx_hal_uart.o(i.HAL_UART_Init) for HAL_UART_Init
    usart.o(i.MX_USART2_UART_Init) refers to sys_init.o(i._Error_Handler) for _Error_Handler
    usart.o(i.MX_USART2_UART_Init) refers to usart.o(.bss) for huart2
    usart.o(i.MX_USART3_UART_Init) refers to stm32l4xx_hal_uart.o(i.HAL_UART_Init) for HAL_UART_Init
    usart.o(i.MX_USART3_UART_Init) refers to sys_init.o(i._Error_Handler) for _Error_Handler
    usart.o(i.MX_USART3_UART_Init) refers to usart.o(.bss) for huart3
    usart.o(i.fputc) refers to stm32l4xx_hal_uart.o(i.HAL_UART_Transmit) for HAL_UART_Transmit
    usart.o(i.fputc) refers to usart.o(.bss) for huart1
    gpio.o(i.MX_GPIO_Init) refers to stm32l4xx_hal_gpio.o(i.HAL_GPIO_WritePin) for HAL_GPIO_WritePin
    gpio.o(i.MX_GPIO_Init) refers to stm32l4xx_hal_gpio.o(i.HAL_GPIO_Init) for HAL_GPIO_Init
    gpio.o(i.MX_GPIO_Init) refers to stm32l4xx_hal_cortex.o(i.HAL_NVIC_SetPriority) for HAL_NVIC_SetPriority
    gpio.o(i.MX_GPIO_Init) refers to stm32l4xx_hal_cortex.o(i.HAL_NVIC_EnableIRQ) for HAL_NVIC_EnableIRQ
    main.o(i.HardWare_Init) refers to stm32l4xx_hal.o(i.HAL_Init) for HAL_Init
    main.o(i.HardWare_Init) refers to sys_init.o(i.SystemClock_Config) for SystemClock_Config
    main.o(i.HardWare_Init) refers to dwt.o(i.dwt_delay_init) for dwt_delay_init
    main.o(i.HardWare_Init) refers to hal_rng.o(i.hal_rng_config) for hal_rng_config
    main.o(i.HardWare_Init) refers to gpio.o(i.MX_GPIO_Init) for MX_GPIO_Init
    main.o(i.HardWare_Init) refers to usart.o(i.MX_USART1_UART_Init) for MX_USART1_UART_Init
    main.o(i.HardWare_Init) refers to adc.o(i.MX_ADC1_Init) for MX_ADC1_Init
    main.o(i.HardWare_Init) refers to i2c.o(i.MX_I2C1_Init) for MX_I2C1_Init
    main.o(i.HardWare_Init) refers to printfa.o(i.__0printf) for __2printf
    main.o(i.HardWare_Init) refers to system_stm32l4xx.o(.data) for SystemCoreClock
    main.o(i.main) refers to main.o(i.HardWare_Init) for HardWare_Init
    main.o(i.main) refers to los_init.o(i.LOS_KernelInit) for LOS_KernelInit
    main.o(i.main) refers to club_func.o(i.creat_all_task) for creat_all_task
    main.o(i.main) refers to los_init.o(i.LOS_Start) for LOS_Start
    main.o(i.proc_main_task) refers to printfa.o(i.__0printf) for __2printf
    main.o(i.proc_main_task) refers to main.o(i.user_hw_init) for user_hw_init
    main.o(i.proc_main_task) refers to nb-iot_demo.o(i.nb_iot_entry) for nb_iot_entry
    main.o(i.user_hw_init) refers to club_oled.o(i.club_oled_init) for club_oled_init
    main.o(i.user_hw_init) refers to club_key.o(i.club_key_init) for club_key_init
    dwt.o(i.delayms) refers to dwt.o(i.delayus) for delayus
    dwt.o(i.delayus) refers to los_dispatch_keil.o(.text) for LOS_IntLock
    dwt.o(i.delayus) refers to dwt.o(.data) for cpuclkfeq
    dwt.o(i.dwt_delay_init) refers to dwt.o(.data) for cpuclkfeq
    i2c.o(i.HAL_I2C_MspDeInit) refers to stm32l4xx_hal_gpio.o(i.HAL_GPIO_DeInit) for HAL_GPIO_DeInit
    i2c.o(i.HAL_I2C_MspInit) refers to stm32l4xx_hal_gpio.o(i.HAL_GPIO_Init) for HAL_GPIO_Init
    i2c.o(i.MX_I2C1_Init) refers to stm32l4xx_hal_i2c.o(i.HAL_I2C_Init) for HAL_I2C_Init
    i2c.o(i.MX_I2C1_Init) refers to sys_init.o(i._Error_Handler) for _Error_Handler
[...]
    _printf_d                                0x00000000   Number         0  stubs.o ABSOLUTE
    _printf_e                                0x00000000   Number         0  stubs.o ABSOLUTE
    _printf_f                                0x00000000   Number         0  stubs.o ABSOLUTE
    _printf_flags                            0x00000000   Number         0  stubs.o ABSOLUTE
    _printf_fp_dec                           0x00000000   Number         0  stubs.o ABSOLUTE
    _printf_fp_hex                           0x00000000   Number         0  stubs.o ABSOLUTE
    _printf_g                                0x00000000   Number         0  stubs.o ABSOLUTE
    _printf_i                                0x00000000   Number         0  stubs.o ABSOLUTE
    _printf_int_dec                          0x00000000   Number         0  stubs.o ABSOLUTE
    _printf_l                                0x00000000   Number         0  stubs.o ABSOLUTE
    _printf_lc                               0x00000000   Number         0  stubs.o ABSOLUTE
    _printf_ll                               0x00000000   Number         0  stubs.o ABSOLUTE
    _printf_lld                              0x00000000   Number         0  stubs.o ABSOLUTE
    _printf_lli                              0x00000000   Number         0  stubs.o ABSOLUTE
    _printf_llo                              0x00000000   Number         0  stubs.o ABSOLUTE
    _printf_llu                              0x00000000   Number         0  stubs.o ABSOLUTE
    _printf_llx                              0x00000000   Number         0  stubs.o ABSOLUTE
    _printf_longlong_dec                     0x00000000   Number         0  stubs.o ABSOLUTE
    _printf_longlong_hex                     0x00000000   Number         0  stubs.o ABSOLUTE
    _printf_longlong_oct                     0x00000000   Number         0  stubs.o ABSOLUTE
    _printf_ls                               0x00000000   Number         0  stubs.o ABSOLUTE
    _printf_mbtowc                           0x00000000   Number         0  stubs.o ABSOLUTE
    _printf_n                                0x00000000   Number         0  stubs.o ABSOLUTE
    _printf_o                                0x00000000   Number         0  stubs.o ABSOLUTE
    _printf_p                                0x00000000   Number         0  stubs.o ABSOLUTE
    _printf_percent                          0x00000000   Number         0  stubs.o ABSOLUTE
    _printf_pre_padding                      0x00000000   Number         0  stubs.o ABSOLUTE
    _printf_return_value                     0x00000000   Number         0  stubs.o ABSOLUTE
    _printf_s                                0x00000000   Number         0  stubs.o ABSOLUTE
    _printf_sizespec                         0x00000000   Number         0  stubs.o ABSOLUTE
    _printf_str                              0x00000000   Number         0  stubs.o ABSOLUTE
    _printf_truncate_signed                  0x00000000   Number         0  stubs.o ABSOLUTE
    _printf_truncate_unsigned                0x00000000   Number         0  stubs.o ABSOLUTE
    _printf_u                                0x00000000   Number         0  stubs.o ABSOLUTE
    _printf_wc                               0x00000000   Number         0  stubs.o ABSOLUTE
    _printf_wctomb                           0x00000000   Number         0  stubs.o ABSOLUTE
    _printf_widthprec                        0x00000000   Number         0  stubs.o ABSOLUTE
    _printf_x                                0x00000000   Number         0  stubs.o ABSOLUTE
    __cpp_initialize__aeabi_                  - Undefined Weak Reference
    __cxa_finalize                            - Undefined Weak Reference
    _clock_init                               - Undefined Weak Reference
    _microlib_exit                            - Undefined Weak Reference
    _BootVectors                             0x08000000   Data           0  los_startup_keil.o(RESET)
    Reset_Handler                            0x08000009   Thumb Code     0  los_startup_keil.o(RESET)
    __main                                   0x0800002d   Thumb Code     0  entry.o(.ARM.Collect$$$$00000000)
    _main_stk                                0x0800002d   Thumb Code     0  entry3.o(.ARM.Collect$$$$00000002)
    _main_scatterload                        0x08000031   Thumb Code     0  entry5.o(.ARM.Collect$$$$00000004)
    __main_after_scatterload                 0x08000035   Thumb Code     0  entry5.o(.ARM.Collect$$$$00000004)
    _main_clock                              0x08000035   Thumb Code     0  entry7b.o(.ARM.Collect$$$$00000008)
    _main_cpp_init                           0x08000035   Thumb Code     0  entry8b.o(.ARM.Collect$$$$0000000A)
    _main_init                               0x08000035   Thumb Code     0  entry9a.o(.ARM.Collect$$$$0000000B)
    __rt_final_cpp                           0x0800003d   Thumb Code     0  entry10a.o(.ARM.Collect$$$$0000000D)
    __rt_final_exit                          0x0800003d   Thumb Code     0  entry11a.o(.ARM.Collect$$$$0000000F)
    LOS_StartToRun                           0x08000041   Thumb Code     0  los_dispatch_keil.o(.text)
    LOS_IntLock                              0x0800008d   Thumb Code     0  los_dispatch_keil.o(.text)
    LOS_IntUnLock                            0x08000095   Thumb Code     0  los_dispatch_keil.o(.text)
    LOS_IntRestore                           0x0800009d   Thumb Code     0  los_dispatch_keil.o(.text)
    osTaskSchedule                           0x080000a3   Thumb Code     0  los_dispatch_keil.o(.text)
    osPendSV                                 0x080000ad   Thumb Code     0  los_dispatch_keil.o(.text)
    __aeabi_uldivmod                         0x08000143   Thumb Code    98  uldiv.o(.text)
    __aeabi_llsl                             0x080001ab   Thumb Code    30  llshl.o(.text)
    _ll_shift_l                              0x080001ab   Thumb Code     0  llshl.o(.text)
    __rt_ctype_table                         0x080001c9   Thumb Code     4  ctype_o.o(.text)
    isspace                                  0x080001d1   Thumb Code    18  isspace_o.o(.text)
    ____aeabi_memcpy8$ret$move               0x080001e3   Thumb Code     0  memmove.o(.text)
    ___aeabi_memmove4$ret                    0x080001e3   Thumb Code     0  memmove.o(.text)
    ___aeabi_memmove8$ret                    0x080001e3   Thumb Code     0  memmove.o(.text)
    __aeabi_memcpy                           0x080001e3   Thumb Code    66  memmove.o(.text)
    __aeabi_memcpy4                          0x080001e3   Thumb Code     0  memmove.o(.text)
    __aeabi_memmove                          0x080001e3   Thumb Code     0  memmove.o(.text)
    memcpy                                   0x080001e3   Thumb Code     0  memmove.o(.text)
    memmove                                  0x080001e3   Thumb Code     0  memmove.o(.text)
    __aeabi_memset                           0x08000225   Thumb Code    14  memseta.o(.text)
    __aeabi_memset4                          0x08000225   Thumb Code     0  memseta.o(.text)
    __aeabi_memset8                          0x08000225   Thumb Code     0  memseta.o(.text)
    __aeabi_memclr                           0x08000233   Thumb Code     4  memseta.o(.text)
    __aeabi_memclr4                          0x08000233   Thumb Code     0  memseta.o(.text)
    __aeabi_memclr8                          0x08000233   Thumb Code     0  memseta.o(.text)
    _memset$wrapper                          0x08000237   Thumb Code    18  memseta.o(.text)
    strcat                                   0x08000249   Thumb Code    24  strcat.o(.text)
    strstr                                   0x08000261   Thumb Code    36  strstr.o(.text)
    strlen                                   0x08000285   Thumb Code    14  strlen.o(.text)
    strcmp                                   0x08000293   Thumb Code    28  strcmp.o(.text)
    __0sscanf                                0x080002b1   Thumb Code    48  __0sscanf.o(.text)
    _scanf_int                               0x080002e9   Thumb Code   332  _scanf_int.o(.text)
    _scanf_string                            0x0800043b   Thumb Code   224  _scanf_str.o(.text)
    __aeabi_dadd                             0x08000521   Thumb Code   322  dadd.o(.text)
    __aeabi_dsub                             0x08000663   Thumb Code     6  dadd.o(.text)
    __aeabi_drsub                            0x08000669   Thumb Code     6  dadd.o(.text)
    __aeabi_dmul                             0x0800067f   Thumb Code   228  dmul.o(.text)
    __aeabi_ddiv                             0x08000769   Thumb Code   222  ddiv.o(.text)
    __aeabi_ui2d                             0x08000847   Thumb Code    26  dfltui.o(.text)
    __aeabi_d2ulz                            0x08000861   Thumb Code    48  dfixul.o(.text)
    __aeabi_cdrcmple                         0x08000891   Thumb Code    48  cdrcmple.o(.text)
    __aeabi_d2f                              0x080008c1   Thumb Code    56  d2f.o(.text)
    __aeabi_uidiv                            0x080008f9   Thumb Code     0  uidiv.o(.text)
    __aeabi_uidivmod                         0x080008f9   Thumb Code    44  uidiv.o(.text)
    __aeabi_llsr                             0x08000925   Thumb Code    32  llushr.o(.text)
    _ll_ushift_r                             0x08000925   Thumb Code     0  llushr.o(.text)
    __aeabi_lasr                             0x08000945   Thumb Code    36  llsshr.o(.text)
    _ll_sshift_r                             0x08000945   Thumb Code     0  llsshr.o(.text)
    _chval                                   0x08000969   Thumb Code    28  _chval.o(.text)
    __vfscanf_char                           0x08000991   Thumb Code    20  scanf_char.o(.text)
    _sgetc                                   0x080009ad   Thumb Code    30  _sgetc.o(.text)
    _sbackspace                              0x080009cb   Thumb Code    34  _sgetc.o(.text)
    __I$use$fp                               0x080009ed   Thumb Code     0  iusefp.o(.text)
    _float_round                             0x080009ed   Thumb Code    18  fepilogue.o(.text)
    _float_epilogue                          0x080009ff   Thumb Code    92  fepilogue.o(.text)
    _double_round                            0x08000a5b   Thumb Code    30  depilogue.o(.text)
    _double_epilogue                         0x08000a79   Thumb Code   156  depilogue.o(.text)
    __scatterload                            0x08000b15   Thumb Code    28  init.o(.text)
    __scatterload_rt2                        0x08000b15   Thumb Code     0  init.o(.text)
    __vfscanf                                0x08000b39   Thumb Code   808  _scanf.o(.text)
    __decompress                             0x08000e6b   Thumb Code     0  __dczerorl2.o(.text)
    __decompress1                            0x08000e6b   Thumb Code    86  __dczerorl2.o(.text)
    CLUB_GPIO_EXTI_Callback                  0x08000ec1   Thumb Code    58  club_key.o(i.CLUB_GPIO_EXTI_Callback)
    Cmd_Write_BH1750                         0x08000f3d   Thumb Code    64  bh1750.o(i.Cmd_Write_BH1750)
    Convert_BH1750                           0x08000f7d   Thumb Code    90  bh1750.o(i.Convert_BH1750)
    F1_Key_IRQHandler                        0x08000fed   Thumb Code    24  club_key.o(i.F1_Key_IRQHandler)
    F2_Key_IRQHandler                        0x08001009   Thumb Code    24  club_key.o(i.F2_Key_IRQHandler)
    F3_Key_IRQHandler                        0x08001025   Thumb Code    24  club_key.o(i.F3_Key_IRQHandler)
    F4_Key_IRQHandler                        0x08001041   Thumb Code    24  club_key.o(i.F4_Key_IRQHandler)
    HAL_ADC_ConfigChannel                    0x0800105d   Thumb Code  1296  stm32l4xx_hal_adc.o(i.HAL_ADC_ConfigChannel)
    HAL_ADC_Init                             0x08001589   Thumb Code   474  stm32l4xx_hal_adc.o(i.HAL_ADC_Init)
    HAL_ADC_MspInit                          0x0800177d   Thumb Code    68  adc.o(i.HAL_ADC_MspInit)
    HAL_Delay                                0x080017c9   Thumb Code    32  stm32l4xx_hal.o(i.HAL_Delay)
    HAL_GPIO_Init                            0x080017e9   Thumb Code   432  stm32l4xx_hal_gpio.o(i.HAL_GPIO_Init)
    HAL_GPIO_ReadPin                         0x080019b5   Thumb Code    16  stm32l4xx_hal_gpio.o(i.HAL_GPIO_ReadPin)
    HAL_GPIO_WritePin                        0x080019c5   Thumb Code    10  stm32l4xx_hal_gpio.o(i.HAL_GPIO_WritePin)
    HAL_GetTick                              0x080019cf   Thumb Code     8  sys_init.o(i.HAL_GetTick)
    HAL_I2CEx_ConfigAnalogFilter             0x080019d7   Thumb Code   106  stm32l4xx_hal_i2c_ex.o(i.HAL_I2CEx_ConfigAnalogFilter)
    HAL_I2CEx_ConfigDigitalFilter            0x08001a41   Thumb Code   106  stm32l4xx_hal_i2c_ex.o(i.HAL_I2CEx_ConfigDigitalFilter)
    HAL_I2C_Init                             0x08001aad   Thumb Code   192  stm32l4xx_hal_i2c.o(i.HAL_I2C_Init)
    HAL_I2C_MspInit                          0x08001b71   Thumb Code    76  i2c.o(i.HAL_I2C_MspInit)
    HAL_Init                                 0x08001bc9   Thumb Code    16  stm32l4xx_hal.o(i.HAL_Init)
    HAL_InitTick                             0x08001bd9   Thumb Code    36  stm32l4xx_hal.o(i.HAL_InitTick)
    HAL_MspInit                              0x08001c01   Thumb Code     2  stm32l4xx_hal.o(i.HAL_MspInit)
    HAL_NVIC_EnableIRQ                       0x08001c03   Thumb Code    26  stm32l4xx_hal_cortex.o(i.HAL_NVIC_EnableIRQ)
    HAL_NVIC_SetPriority                     0x08001c1d   Thumb Code   124  stm32l4xx_hal_cortex.o(i.HAL_NVIC_SetPriority)
    HAL_NVIC_SetPriorityGrouping             0x08001ca1   Thumb Code    32  stm32l4xx_hal_cortex.o(i.HAL_NVIC_SetPriorityGrouping)
    HAL_PWREx_ControlVoltageScaling          0x08001cc9   Thumb Code   128  stm32l4xx_hal_pwr_ex.o(i.HAL_PWREx_ControlVoltageScaling)
    HAL_PWREx_GetVoltageRange                0x08001d55   Thumb Code    10  stm32l4xx_hal_pwr_ex.o(i.HAL_PWREx_GetVoltageRange)
    HAL_RCCEx_PeriphCLKConfig                0x08001d65   Thumb Code   896  stm32l4xx_hal_rcc_ex.o(i.HAL_RCCEx_PeriphCLKConfig)
    HAL_RCC_ClockConfig                      0x080020ed   Thumb Code   452  stm32l4xx_hal_rcc.o(i.HAL_RCC_ClockConfig)
    HAL_RCC_GetHCLKFreq                      0x080022c1   Thumb Code     6  stm32l4xx_hal_rcc.o(i.HAL_RCC_GetHCLKFreq)
    HAL_RCC_GetPCLK1Freq                     0x080022cd   Thumb Code    22  stm32l4xx_hal_rcc.o(i.HAL_RCC_GetPCLK1Freq)
    HAL_RCC_GetPCLK2Freq                     0x080022ed   Thumb Code    22  stm32l4xx_hal_rcc.o(i.HAL_RCC_GetPCLK2Freq)
    HAL_RCC_GetSysClockFreq                  0x0800230d   Thumb Code   252  stm32l4xx_hal_rcc.o(i.HAL_RCC_GetSysClockFreq)
    HAL_RCC_OscConfig                        0x08002419   Thumb Code  1672  stm32l4xx_hal_rcc.o(i.HAL_RCC_OscConfig)
    HAL_RNG_Init                             0x08002aad   Thumb Code    48  stm32l4xx_hal_rng.o(i.HAL_RNG_Init)
    HAL_RNG_MspInit                          0x08002add   Thumb Code     2  stm32l4xx_hal_rng.o(i.HAL_RNG_MspInit)
    HAL_SYSTICK_Config                       0x08002adf   Thumb Code    52  stm32l4xx_hal_cortex.o(i.HAL_SYSTICK_Config)
    HAL_UART_Init                            0x08002b13   Thumb Code   120  stm32l4xx_hal_uart.o(i.HAL_UART_Init)
    HAL_UART_MspInit                         0x08002b8d   Thumb Code   262  usart.o(i.HAL_UART_MspInit)
    HAL_UART_Transmit                        0x08002ca9   Thumb Code   240  stm32l4xx_hal_uart.o(i.HAL_UART_Transmit)
    HardWare_Init                            0x08002d99   Thumb Code    46  main.o(i.HardWare_Init)
    I2C_Ack                                  0x08002dfd   Thumb Code    84  bh1750.o(i.I2C_Ack)
    I2C_NAck                                 0x08002ead   Thumb Code    82  bh1750.o(i.I2C_NAck)
    I2C_ReadByte                             0x08002f05   Thumb Code   106  bh1750.o(i.I2C_ReadByte)
    I2C_SendByte                             0x08002f75   Thumb Code   124  bh1750.o(i.I2C_SendByte)
    I2C_Start                                0x08002ff5   Thumb Code    82  bh1750.o(i.I2C_Start)
    I2C_Stop                                 0x0800304d   Thumb Code    82  bh1750.o(i.I2C_Stop)
    I2C_WaitAck                              0x080030a5   Thumb Code   102  bh1750.o(i.I2C_WaitAck)
    IIC_Start                                0x08003111   Thumb Code    48  oled.o(i.IIC_Start)
    IIC_Stop                                 0x08003145   Thumb Code    36  oled.o(i.IIC_Stop)
    IIC_Wait_Ack                             0x0800316d   Thumb Code    26  oled.o(i.IIC_Wait_Ack)
    Init_BH1750                              0x0800318d   Thumb Code    14  bh1750.o(i.Init_BH1750)
    LOS_Align                                0x0800323f   Thumb Code    28  los_misc.o(i.LOS_Align)
    LOS_ErrHandle                            0x0800325d   Thumb Code    58  los_err.o(i.LOS_ErrHandle)
    LOS_HwiCreate                            0x080032a1   Thumb Code   164  los_hwi.o(i.LOS_HwiCreate)
    LOS_KernelInit                           0x08003361   Thumb Code   180  los_init.o(i.LOS_KernelInit)
    LOS_MemAlloc                             0x08003541   Thumb Code    42  los_memory.o(i.LOS_MemAlloc)
    LOS_MemAllocAlign                        0x0800356b   Thumb Code    20  los_memory.o(i.LOS_MemAllocAlign)
    LOS_MemFree                              0x0800357f   Thumb Code    52  los_memory.o(i.LOS_MemFree)
    LOS_MemInit                              0x080035b5   Thumb Code   206  los_memory.o(i.LOS_MemInit)
    LOS_MuxCreate                            0x080036c9   Thumb Code   132  los_mux.o(i.LOS_MuxCreate)
    LOS_MuxDelete                            0x0800376d   Thumb Code   132  los_mux.o(i.LOS_MuxDelete)
    LOS_MuxPend                              0x08003815   Thumb Code   312  los_mux.o(i.LOS_MuxPend)
    LOS_MuxPost                              0x080039a1   Thumb Code   202  los_mux.o(i.LOS_MuxPost)
    LOS_QueueCreate                          0x08003a91   Thumb Code   210  los_queue.o(i.LOS_QueueCreate)
    LOS_QueueReadCopy                        0x08003b77   Thumb Code    54  los_queue.o(i.LOS_QueueReadCopy)
    LOS_QueueWriteCopy                       0x08003bad   Thumb Code    54  los_queue.o(i.LOS_QueueWriteCopy)
    LOS_Schedule                             0x08003be5   Thumb Code    56  los_hw.o(i.LOS_Schedule)
    LOS_SemCreate                            0x08003c25   Thumb Code    20  los_sem.o(i.LOS_SemCreate)
    LOS_SemDelete                            0x08003c39   Thumb Code   124  los_sem.o(i.LOS_SemDelete)
    LOS_SemPend                              0x08003cd9   Thumb Code   260  los_sem.o(i.LOS_SemPend)
    LOS_SemPost                              0x08003e55   Thumb Code   154  los_sem.o(i.LOS_SemPost)
    LOS_Start                                0x08003f11   Thumb Code    38  los_init.o(i.LOS_Start)
    LOS_TaskCreate                           0x08003f55   Thumb Code   140  los_task.o(i.LOS_TaskCreate)
    LOS_TaskCreateOnly                       0x08003ff1   Thumb Code   364  los_task.o(i.LOS_TaskCreateOnly)
    LOS_TaskDelay                            0x08004181   Thumb Code   106  los_task.o(i.LOS_TaskDelay)
    LOS_TaskDelete                           0x080041fd   Thumb Code   336  los_task.o(i.LOS_TaskDelete)
    LOS_TaskYield                            0x08004375   Thumb Code   134  los_task.o(i.LOS_TaskYield)
    LOS_TickCountGet                         0x08004409   Thumb Code     6  los_sys.o(i.LOS_TickCountGet)
    MX_ADC1_Init                             0x08004415   Thumb Code   118  adc.o(i.MX_ADC1_Init)
    MX_GPIO_Init                             0x080044a9   Thumb Code   422  gpio.o(i.MX_GPIO_Init)
    MX_I2C1_Init                             0x08004661   Thumb Code    86  i2c.o(i.MX_I2C1_Init)
    MX_USART1_UART_Init                      0x080046d5   Thumb Code    60  usart.o(i.MX_USART1_UART_Init)
    OLED_Clear                               0x08004761   Thumb Code    62  oled.o(i.OLED_Clear)
    OLED_Init                                0x0800479f   Thumb Code   198  oled.o(i.OLED_Init)
    OLED_Set_Pos                             0x08004865   Thumb Code    40  oled.o(i.OLED_Set_Pos)
    OLED_ShowCHinese                         0x0800488d   Thumb Code    98  oled.o(i.OLED_ShowCHinese)
    OLED_ShowChar                            0x080048f5   Thumb Code   154  oled.o(i.OLED_ShowChar)
    OLED_ShowNum                             0x08004999   Thumb Code   136  oled.o(i.OLED_ShowNum)
    OLED_ShowString                          0x08004a27   Thumb Code    58  oled.o(i.OLED_ShowString)
    OLED_WR_Byte                             0x08004a61   Thumb Code    24  oled.o(i.OLED_WR_Byte)
    Read_BH1750                              0x08004ca5   Thumb Code    72  bh1750.o(i.Read_BH1750)
    Start_BH1750                             0x08004cf1   Thumb Code    16  bh1750.o(i.Start_BH1750)
    SystemClock_Config                       0x08004d01   Thumb Code   202  sys_init.o(i.SystemClock_Config)
    SystemInit                               0x08004de5   Thumb Code    68  system_stm32l4xx.o(i.SystemInit)
    UART_AdvFeatureConfig                    0x08004e35   Thumb Code   248  stm32l4xx_hal_uart.o(i.UART_AdvFeatureConfig)
    UART_CheckIdleState                      0x08004f2d   Thumb Code   116  stm32l4xx_hal_uart.o(i.UART_CheckIdleState)
    UART_SetConfig                           0x08004fa1   Thumb Code   970  stm32l4xx_hal_uart.o(i.UART_SetConfig)
    UART_WaitOnFlagUntilTimeout              0x08005397   Thumb Code   108  stm32l4xx_hal_uart.o(i.UART_WaitOnFlagUntilTimeout)
    Write_IIC_Byte                           0x08005405   Thumb Code    96  oled.o(i.Write_IIC_Byte)
    Write_IIC_Command                        0x08005469   Thumb Code    44  oled.o(i.Write_IIC_Command)
    Write_IIC_Data                           0x08005495   Thumb Code    44  oled.o(i.Write_IIC_Data)
    _Error_Handler                           0x080054c1   Thumb Code     4  sys_init.o(i._Error_Handler)
    __0printf                                0x080054c5   Thumb Code    22  printfa.o(i.__0printf)
    __1printf                                0x080054c5   Thumb Code     0  printfa.o(i.__0printf)
    __2printf                                0x080054c5   Thumb Code     0  printfa.o(i.__0printf)
    __c89printf                              0x080054c5   Thumb Code     0  printfa.o(i.__0printf)
    printf                                   0x080054c5   Thumb Code     0  printfa.o(i.__0printf)
    __0snprintf                              0x080054e5   Thumb Code    44  printfa.o(i.__0snprintf)
    __1snprintf                              0x080054e5   Thumb Code     0  printfa.o(i.__0snprintf)
    __2snprintf                              0x080054e5   Thumb Code     0  printfa.o(i.__0snprintf)
    __c89snprintf                            0x080054e5   Thumb Code     0  printfa.o(i.__0snprintf)
    snprintf                                 0x080054e5   Thumb Code     0  printfa.o(i.__0snprintf)
    __0sprintf                               0x08005515   Thumb Code    34  printfa.o(i.__0sprintf)
    __1sprintf                               0x08005515   Thumb Code     0  printfa.o(i.__0sprintf)
    __2sprintf                               0x08005515   Thumb Code     0  printfa.o(i.__0sprintf)
    __c89sprintf                             0x08005515   Thumb Code     0  printfa.o(i.__0sprintf)
    sprintf                                  0x08005515   Thumb Code     0  printfa.o(i.__0sprintf)
    __scatterload_copy                       0x0800553d   Thumb Code    14  handlers.o(i.__scatterload_copy)
    __scatterload_null                       0x0800554b   Thumb Code     2  handlers.o(i.__scatterload_null)
    __scatterload_zeroinit                   0x0800554d   Thumb Code    14  handlers.o(i.__scatterload_zeroinit)
    at_cmd                                   0x08005e3d   Thumb Code    92  atadapter.o(i.at_cmd)
    at_deinit                                0x08005e9d   Thumb Code    26  atadapter.o(i.at_deinit)
    at_free                                  0x08005ebd   Thumb Code    16  atadapter.o(i.at_free)
    at_get_unuse_linkid                      0x08005ed1   Thumb Code    70  atadapter.o(i.at_get_unuse_linkid)
    at_init                                  0x08005f21   Thumb Code    58  atadapter.o(i.at_init)
    at_init_oob                              0x08005f61   Thumb Code    22  atadapter.o(i.at_init_oob)
    at_irq_handler                           0x08005f7d   Thumb Code    98  at_hal.o(i.at_irq_handler)
    at_listener_list_add                     0x08005ff5   Thumb Code    18  atadapter.o(i.at_listener_list_add)
    at_listner_list_del                      0x0800600d   Thumb Code    22  atadapter.o(i.at_listner_list_del)
    at_malloc                                0x08006029   Thumb Code    30  atadapter.o(i.at_malloc)
    at_oob_register                          0x0800604d   Thumb Code    90  atadapter.o(i.at_oob_register)
    at_recv_task                             0x080060ad   Thumb Code   198  atadapter.o(i.at_recv_task)
    at_struct_deinit                         0x0800617d   Thumb Code   122  atadapter.o(i.at_struct_deinit)
    at_struct_init                           0x080061f9   Thumb Code   202  atadapter.o(i.at_struct_init)
    at_transmit                              0x080062c9   Thumb Code    62  at_hal.o(i.at_transmit)
    at_usart_deinit                          0x08006365   Thumb Code    40  at_hal.o(i.at_usart_deinit)
    at_usart_init                            0x08006391   Thumb Code   106  at_hal.o(i.at_usart_init)
    at_write                                 0x08006421   Thumb Code   138  atadapter.o(i.at_write)
    cloud_cmd_matching                       0x080064b5   Thumb Code   136  atadapter.o(i.cloud_cmd_matching)
    club_key_init                            0x08006541   Thumb Code    80  club_key.o(i.club_key_init)
    club_nbiot_URC_call                      0x080065a1   Thumb Code    20  club_nbiot.o(i.club_nbiot_URC_call)
    club_nbiot_connect                       0x080065b5   Thumb Code    18  club_nbiot.o(i.club_nbiot_connect)
    club_nbiot_init                          0x080065cd   Thumb Code   104  club_nbiot.o(i.club_nbiot_init)
    club_nbiot_send                          0x080066d1   Thumb Code    86  club_nbiot.o(i.club_nbiot_send)
    club_oled_init                           0x08006761   Thumb Code    60  club_oled.o(i.club_oled_init)
    creat_all_task                           0x080067f1   Thumb Code    66  club_func.o(i.creat_all_task)
    create_at_recv_task                      0x0800684d   Thumb Code    48  atadapter.o(i.create_at_recv_task)
    data_collection_task                     0x08006895   Thumb Code    58  nb-iot_demo.o(i.data_collection_task)
    dwt_delay_init                           0x08006929   Thumb Code    34  dwt.o(i.dwt_delay_init)
    fputc                                    0x08006959   Thumb Code    22  usart.o(i.fputc)
    hal_rng_config                           0x08006975   Thumb Code    10  hal_rng.o(i.hal_rng_config)
    los_nb_init                              0x08006985   Thumb Code   138  los_nb_api.o(i.los_nb_init)
    los_nb_notify                            0x08006a15   Thumb Code    38  los_nb_api.o(i.los_nb_notify)
    los_nb_report                            0x08006a41   Thumb Code    28  los_nb_api.o(i.los_nb_report)
    main                                     0x08006a5d   Thumb Code    40  main.o(i.main)
    nb_check_csq                             0x08006a85   Thumb Code    28  bc95.o(i.nb_check_csq)
    nb_close                                 0x08006ab5   Thumb Code    56  bc95.o(i.nb_close)
    nb_cmd_data_ioctl                        0x08006b0d   Thumb Code   136  nb-iot_cmd_ioctl.o(i.nb_cmd_data_ioctl)
    nb_connect                               0x08006bb1   Thumb Code   168  bc95.o(i.nb_connect)
    nb_create_udpsock                        0x08006c71   Thumb Code   100  bc95.o(i.nb_create_udpsock)
    nb_data_report                           0x08006d15   Thumb Code    30  nb-iot_demo.o(i.nb_data_report)
    nb_deinit                                0x08006d39   Thumb Code     8  bc95.o(i.nb_deinit)
    nb_get_netstat                           0x08006d41   Thumb Code    28  bc95.o(i.nb_get_netstat)
    nb_hw_detect                             0x08006d75   Thumb Code    18  bc95.o(i.nb_hw_detect)
    nb_iot_entry                             0x08006da1   Thumb Code    48  nb-iot_demo.o(i.nb_iot_entry)
    nb_query_ip                              0x08006ea9   Thumb Code    28  bc95.o(i.nb_query_ip)
    nb_reboot                                0x08006ee1   Thumb Code    26  bc95.o(i.nb_reboot)
    nb_recv                                  0x08006f11   Thumb Code    24  bc95.o(i.nb_recv)
    nb_recv_cb                               0x08006f29   Thumb Code     8  bc95.o(i.nb_recv_cb)
    nb_recv_timeout                          0x08006f31   Thumb Code   174  bc95.o(i.nb_recv_timeout)
    nb_send                                  0x08007009   Thumb Code   142  bc95.o(i.nb_send)
    nb_send_payload                          0x080070cd   Thumb Code   232  bc95.o(i.nb_send_payload)
    nb_send_psk                              0x08007205   Thumb Code    98  bc95.o(i.nb_send_psk)
    nb_set_cdpserver                         0x080072a5   Thumb Code   200  bc95.o(i.nb_set_cdpserver)
    nb_set_no_encrypt                        0x080073a9   Thumb Code    28  bc95.o(i.nb_set_no_encrypt)
    oled_pow                                 0x08007441   Thumb Code    22  oled.o(i.oled_pow)
    osAlarmHeapInfo                          0x08007457   Thumb Code    36  los_heap.o(i.osAlarmHeapInfo)
    osAtomicBitsetClearBit                   0x0800747b   Thumb Code    36  los_slab.o(i.osAtomicBitsetClearBit)
    osAtomicBitsetFindClearAndSet            0x0800749f   Thumb Code    80  los_slab.o(i.osAtomicBitsetFindClearAndSet)
    osAtomicBitsetGetBit                     0x080074ef   Thumb Code    42  los_slab.o(i.osAtomicBitsetGetBit)
    osAtomicBitsetGetNumBits                 0x08007519   Thumb Code     6  los_slab.o(i.osAtomicBitsetGetNumBits)
    osAtomicBitsetInit                       0x0800751f   Thumb Code    46  los_slab.o(i.osAtomicBitsetInit)
    osHeapAlloc                              0x0800754d   Thumb Code   292  los_heap.o(i.osHeapAlloc)
    osHeapAllocAlign                         0x080076bb   Thumb Code    90  los_heap.o(i.osHeapAllocAlign)
    osHeapFree                               0x08007715   Thumb Code   284  los_heap.o(i.osHeapFree)
    osHeapInit                               0x0800785b   Thumb Code    68  los_heap.o(i.osHeapInit)
    osHeapPrvGetNext                         0x0800789f   Thumb Code    26  los_heap.o(i.osHeapPrvGetNext)
    osHeapStatisticsGet                      0x080078b9   Thumb Code    90  los_heap.o(i.osHeapStatisticsGet)
    osHwiDefaultHandler                      0x0800791d   Thumb Code    30  los_hwi.o(i.osHwiDefaultHandler)
    osHwiInit                                0x08007959   Thumb Code    58  los_hwi.o(i.osHwiInit)
    osIdleTask                               0x080079a5   Thumb Code     4  los_task.o(i.osIdleTask)
    osIdleTaskCreate                         0x080079a9   Thumb Code    54  los_task.o(i.osIdleTaskCreate)
    osIntNumGet                              0x080079f5   Thumb Code     8  los_hwi.o(i.osIntNumGet)
    osInterrupt                              0x080079fd   Thumb Code    70  los_hwi.o(i.osInterrupt)
    osMemSystemInit                          0x08007a4d   Thumb Code    30  los_memory.o(i.osMemSystemInit)
    osMuxInit                                0x08007a75   Thumb Code    82  los_mux.o(i.osMuxInit)
    osPriqueueDequeue                        0x08007ad9   Thumb Code    66  los_priqueue.o(i.osPriqueueDequeue)
    osPriqueueEnqueue                        0x08007b25   Thumb Code    64  los_priqueue.o(i.osPriqueueEnqueue)
    osPriqueueInit                           0x08007b6d   Thumb Code    64  los_priqueue.o(i.osPriqueueInit)
    osPriqueueSize                           0x08007bb5   Thumb Code    36  los_priqueue.o(i.osPriqueueSize)
    osPriqueueTop                            0x08007bdd   Thumb Code    32  los_priqueue.o(i.osPriqueueTop)
    osQueueInit                              0x08007d11   Thumb Code    96  los_queue.o(i.osQueueInit)
    osQueueOperate                           0x08007d81   Thumb Code   374  los_queue.o(i.osQueueOperate)
    osSchedule                               0x08007f9d   Thumb Code     8  los_hw.o(i.osSchedule)
    osSemCreate                              0x08007fa5   Thumb Code   156  los_sem.o(i.osSemCreate)
    osSemInit                                0x08008069   Thumb Code    80  los_sem.o(i.osSemInit)
    osSlabAllocatorAlloc                     0x080080c9   Thumb Code    30  los_slab.o(i.osSlabAllocatorAlloc)
    osSlabAllocatorFree                      0x080080e7   Thumb Code    72  los_slab.o(i.osSlabAllocatorFree)
    osSlabAllocatorNew                       0x0800812f   Thumb Code    92  los_slab.o(i.osSlabAllocatorNew)
    osSlabBlockHeadFill                      0x0800818b   Thumb Code    18  los_slabmem.o(i.osSlabBlockHeadFill)
    osSlabCtrlHdrGet                         0x0800819d   Thumb Code     8  los_memory.o(i.osSlabCtrlHdrGet)
    osSlabMemAlloc                           0x080081a5   Thumb Code   160  los_slabmem.o(i.osSlabMemAlloc)
    osSlabMemFree                            0x08008245   Thumb Code   116  los_slabmem.o(i.osSlabMemFree)
    osSlabMemInit                            0x080082bf   Thumb Code   108  los_slabmem.o(i.osSlabMemInit)
    osSwTmrInit                              0x0800832d   Thumb Code   130  los_swtmr.o(i.osSwTmrInit)
    osSwTmrStart                             0x080083cd   Thumb Code   506  los_swtmr.o(i.osSwTmrStart)
    osSwTmrTask                              0x080085dd   Thumb Code    62  los_swtmr.o(i.osSwTmrTask)
    osSwTmrTaskCreate                        0x08008621   Thumb Code    48  los_swtmr.o(i.osSwTmrTaskCreate)
    osSwtmrScan                              0x08008715   Thumb Code    32  los_swtmr.o(i.osSwtmrScan)
    osTaskAdd2TimerList                      0x08008739   Thumb Code   188  los_task.o(i.osTaskAdd2TimerList)
    osTaskEntry                              0x080087f9   Thumb Code    40  los_task.o(i.osTaskEntry)
    osTaskExit                               0x08008829   Thumb Code     6  los_hw.o(i.osTaskExit)
    osTaskInit                               0x08008831   Thumb Code   258  los_task.o(i.osTaskInit)
    osTaskMonInit                            0x08008959   Thumb Code    32  los_task.o(i.osTaskMonInit)
    osTaskPriModify                          0x08008989   Thumb Code    56  los_task.o(i.osTaskPriModify)
    osTaskScan                               0x080089c1   Thumb Code   214  los_task.o(i.osTaskScan)
    osTaskSwitchCheck                        0x08008a9d   Thumb Code   238  los_task.o(i.osTaskSwitchCheck)
    osTaskWait                               0x08008c21   Thumb Code    72  los_task.o(i.osTaskWait)
    osTaskWake                               0x08008c6d   Thumb Code    70  los_task.o(i.osTaskWake)
    osTickHandler                            0x08008cb5   Thumb Code    34  los_tick.o(i.osTickHandler)
    osTickStart                              0x08008cdd   Thumb Code   162  los_hw_tick.o(i.osTickStart)
    osTimerListDelete                        0x08008dad   Thumb Code    66  los_task.o(i.osTimerListDelete)
    osTimesliceCheck                         0x08008df5   Thumb Code    64  los_timeslice.o(i.osTimesliceCheck)
    osTimesliceInit                          0x08008e41   Thumb Code    12  los_timeslice.o(i.osTimesliceInit)
    osTskStackInit                           0x08008e51   Thumb Code   134  los_hw.o(i.osTskStackInit)
    proc_main_task                           0x08008ee1   Thumb Code    20  main.o(i.proc_main_task)
    proc_nbiot_task                          0x08008f05   Thumb Code   102  club_nbiot.o(i.proc_nbiot_task)
    proc_oled_task                           0x08008fd1   Thumb Code   178  club_oled.o(i.proc_oled_task)
    read_resp                                0x080090d5   Thumb Code   118  at_hal.o(i.read_resp)
    store_resp_buf                           0x0800915d   Thumb Code    34  atadapter.o(i.store_resp_buf)
    str_to_hex                               0x08009185   Thumb Code    54  bc95.o(i.str_to_hex)
    user_hw_init                             0x080091c5   Thumb Code    12  main.o(i.user_hw_init)
    AHBPrescTable                            0x080091d0   Data          16  system_stm32l4xx.o(.constdata)
    APBPrescTable                            0x080091e0   Data           8  system_stm32l4xx.o(.constdata)
    MSIRangeTable                            0x080091e8   Data          48  system_stm32l4xx.o(.constdata)
    F6x8                                     0x08009218   Data         552  oled.o(.constdata)
    F8X16                                    0x08009440   Data        1520  oled.o(.constdata)
    __ctype_table                            0x08009ac8   Data         129  ctype_o.o(.constdata)
    __LOS_HEAP_ADDR_START__                  0x08009bac   Data           0  los_startup_keil.o(LOS_HEAP_INFO)
    __LOS_HEAP_ADDR_END__                    0x08009bb0   Data           0  los_startup_keil.o(LOS_HEAP_INFO)
    Region$$Table$$Base                      0x08009bb4   Number         0  anon$$obj.o(Region$$Table)
    Region$$Table$$Limit                     0x08009be4   Number         0  anon$$obj.o(Region$$Table)
    m_pstHwiForm                             0x20000000   Data        1024  los_hwi.o(.data.vector)
    SystemCoreClock                          0x20000400   Data           4  system_stm32l4xx.o(.data)
    g_TskHandle                              0x20000404   Data           4  main.o(.data)
    Hzk                                      0x2000040c   Data         384  oled.o(.data)
    result_lx                                0x2000058c   Data           4  bh1750.o(.data)
    BUF                                      0x20000590   Data           2  bh1750.o(.data)
    result                                   0x20000592   Data           2  bh1750.o(.data)
    at_user_conf                             0x20000594   Data          36  bc95.o(.data)
    at_interface                             0x200005b8   Data          40  bc95.o(.data)
    g_pstLosPriorityQueueList                0x200005ec   Data           4  los_priqueue.o(.data)
    m_uwSwTmrHandlerQueue                    0x200005f4   Data           4  los_swtmr.o(.data)
    m_pstSwtmrCBArray                        0x200005f8   Data           4  los_swtmr.o(.data)
    m_pstSwtmrFreeList                       0x200005fc   Data           4  los_swtmr.o(.data)
    m_pstSwtmrSortList                       0x20000600   Data           4  los_swtmr.o(.data)
    g_pstTaskCBArray                         0x20000610   Data           4  los_task.o(.data)
    g_stLosTask                              0x20000614   Data           8  los_task.o(.data)
    g_usLosTaskLock                          0x2000061c   Data           2  los_task.o(.data)
    g_uwTskMaxNum                            0x20000620   Data           4  los_task.o(.data)
    g_uwIdleTaskID                           0x20000624   Data           4  los_task.o(.data)
    g_uwSwtmrTaskID                          0x20000628   Data           4  los_task.o(.data)
    g_stTaskTimerList                        0x2000062c   Data           8  los_task.o(.data)
    g_stLosFreeTask                          0x20000634   Data           8  los_task.o(.data)
    g_stTskRecyleList                        0x2000063c   Data           8  los_task.o(.data)
    g_stTskSortLink                          0x20000644   Data           8  los_task.o(.data)
    g_bTaskScheduled                         0x2000064c   Data           4  los_task.o(.data)
    g_pfnTskSwitchHook                       0x20000650   Data           4  los_task.o(.data)
    g_pfnUsrTskSwitchHook                    0x20000654   Data           4  los_task.o(.data)
    g_ullTickCount                           0x20000658   Data           8  los_tick.o(.data)
    g_uwTicksPerSec                          0x20000660   Data           4  los_tick.o(.data)
    g_uwCyclePerSec                          0x20000664   Data           4  los_tick.o(.data)
    g_uwCyclesPerTick                        0x20000668   Data           4  los_tick.o(.data)
    g_uwSysClock                             0x2000066c   Data           4  los_tick.o(.data)
    g_bSysTickStart                          0x20000670   Data           4  los_tick.o(.data)
    g_stTaskTimeSlice                        0x20000674   Data           8  los_timeslice.o(.data)
    g_pstAllMux                              0x2000067c   Data           4  los_mux.o(.data)
    g_stUnusedMuxList                        0x20000680   Data           8  los_mux.o(.data)
    g_pstAllQueue                            0x20000688   Data           4  los_queue.o(.data)
    g_stFreeQueueList                        0x2000068c   Data           8  los_queue.o(.data)
    g_stUnusedSemList                        0x20000694   Data           8  los_sem.o(.data)
    g_pstAllSem                              0x2000069c   Data           4  los_sem.o(.data)
    g_pPoolHead                              0x200006b0   Data           4  los_memory.o(.data)
    g_stUserErrFunc                          0x200006b4   Data           4  los_err.o(.data)
    m_aucSysMem0                             0x200006b8   Data           4  los_init.o(.data)
    g_vuwIntCount                            0x200006bc   Data           4  los_hwi.o(.data)
    at                                       0x200006c0   Data          68  atadapter.o(.data)
    wi                                       0x2000070c   Data           4  at_hal.o(.data)
    wi_bak                                   0x20000710   Data           4  at_hal.o(.data)
    ri                                       0x20000714   Data           4  at_hal.o(.data)
    BH1750_send                              0x20000718   Data           5  nb-iot_demo.o(.data)
    g_oledQueue                              0x20000720   Data           4  club_oled.o(.data)
    g_nbiotQueue                             0x20000728   Data           4  club_nbiot.o(.data)
    platformAddr                             0x2000072c   Data           8  club_nbiot.o(.data)
    __stdout                                 0x20000734   Data           4  stdout.o(.data)
    huart1                                   0x20000738   Data         120  usart.o(.bss)
    huart2                                   0x200007b0   Data         120  usart.o(.bss)
    huart3                                   0x20000828   Data         120  usart.o(.bss)
    hi2c1                                    0x200008a0   Data          76  i2c.o(.bss)
    hadc1                                    0x200008ec   Data         104  adc.o(.bss)
    g_rng_handle                             0x20000954   Data          12  hal_rng.o(.bss)
    tmpbuf                                   0x20000960   Data        1024  bc95.o(.bss)
    sockinfo                                 0x20000d60   Data         120  bc95.o(.bss)
    m_uwSwTmrAlignID                         0x20000dd8   Data          64  los_swtmr.o(.bss)
    g_astTskSwitchInfo                       0x20000e18   Data         342  los_task.o(.bss)
    m_pstHwiSlaveForm                        0x20000f70   Data        1024  los_hwi.o(.bss)
    at_oob                                   0x20001370   Data         264  atadapter.o(.bss)
    rbuf                                     0x20001478   Data        1024  atadapter.o(.bss)
    wbuf                                     0x20001878   Data        1024  atadapter.o(.bss)
    at_usart                                 0x20001c78   Data         120  at_hal.o(.bss)
    bc95_net_data                            0x20001cf0   Data         310  nb-iot_cmd_ioctl.o(.bss)
    oledDataBuf                              0x20001e28   Data          16  club_oled.o(.bss)
    nbiot_queue                              0x20001e38   Data          12  club_nbiot.o(.bss)
    nbiot_data_pool                          0x20001e44   Data        2048  club_nbiot.o(.bss)
    Image$$ARM_LIB_STACKHEAP$$ZI$$Base       0x2000fc00   Number         0  anon$$obj.o ABSOLUTE
    Image$$ARM_LIB_STACKHEAP$$ZI$$Limit      0x20010000   Number         0  anon$$obj.o ABSOLUTE



==============================================================================

Memory Map of the image

  Image Entry point : 0x0800002d

  Load Region LR_IROM1 (Base: 0x08000000, Size: 0x0000a31c, Max: 0x00040000, ABSOLUTE, COMPRESSED[0x00009d04])

    Execution Region ER_IROM1 (Exec base: 0x08000000, Load base: 0x08000000, Size: 0x00009be4, Max: 0x00040000, ABSOLUTE)

    Exec Addr    Load Addr    Size         Type   Attr      Idx    E Section Name        Object

    0x08000000   0x08000000   0x0000002c   Code   RO            4    RESET               los_startup_keil.o
    0x0800002c   0x0800002c   0x00000000   Code   RO        12157  * .ARM.Collect$$$$00000000  mc_w.l(entry.o)
    0x0800002c   0x0800002c   0x00000004   Code   RO        12563    .ARM.Collect$$$$00000002  mc_w.l(entry3.o)
    0x08000030   0x08000030   0x00000004   Code   RO        12566    .ARM.Collect$$$$00000004  mc_w.l(entry5.o)
    0x08000034   0x08000034   0x00000000   Code   RO        12568    .ARM.Collect$$$$00000008  mc_w.l(entry7b.o)
    0x08000034   0x08000034   0x00000000   Code   RO        12570    .ARM.Collect$$$$0000000A  mc_w.l(entry8b.o)
    0x08000034   0x08000034   0x00000008   Code   RO        12571    .ARM.Collect$$$$0000000B  mc_w.l(entry9a.o)
    0x0800003c   0x0800003c   0x00000000   Code   RO        12573    .ARM.Collect$$$$0000000D  mc_w.l(entry10a.o)
    0x0800003c   0x0800003c   0x00000000   Code   RO        12575    .ARM.Collect$$$$0000000F  mc_w.l(entry11a.o)
    0x0800003c   0x0800003c   0x00000004   Code   RO        12564    .ARM.Collect$$$$00002713  mc_w.l(entry3.o)
    0x08000040   0x08000040   0x00000102   Code   RO         6149    .text               los_dispatch_keil.o
    0x08000142   0x08000142   0x00000068   Code   RO        12162    .text               mc_w.l(uldiv.o)
    0x080001aa   0x080001aa   0x0000001e   Code   RO        12166    .text               mc_w.l(llshl.o)
    0x080001c8   0x080001c8   0x00000008   Code   RO        12168    .text               mc_w.l(ctype_o.o)
    0x080001d0   0x080001d0   0x00000012   Code   RO        12190    .text               mc_w.l(isspace_o.o)
    0x080001e2   0x080001e2   0x00000042   Code   RO        12200    .text               mc_w.l(memmove.o)
    0x08000224   0x08000224   0x00000024   Code   RO        12204    .text               mc_w.l(memseta.o)
    0x08000248   0x08000248   0x00000018   Code   RO        12206    .text               mc_w.l(strcat.o)
    0x08000260   0x08000260   0x00000024   Code   RO        12208    .text               mc_w.l(strstr.o)
    0x08000284   0x08000284   0x0000000e   Code   RO        12212    .text               mc_w.l(strlen.o)
    0x08000292   0x08000292   0x0000001c   Code   RO        12214    .text               mc_w.l(strcmp.o)
    0x080002ae   0x080002ae   0x00000002   PAD
    0x080002b0   0x080002b0   0x00000038   Code   RO        12523    .text               mc_w.l(__0sscanf.o)
    0x080002e8   0x080002e8   0x00000152   Code   RO        12527    .text               mc_w.l(_scanf_int.o)
    0x0800043a   0x0800043a   0x000000e6   Code   RO        12529    .text               mc_w.l(_scanf_str.o)
    0x08000520   0x08000520   0x0000015e   Code   RO        12535    .text               mf_w.l(dadd.o)
    0x0800067e   0x0800067e   0x000000ea   Code   RO        12537    .text               mf_w.l(dmul.o)
    0x08000768   0x08000768   0x000000de   Code   RO        12539    .text               mf_w.l(ddiv.o)
    0x08000846   0x08000846   0x0000001a   Code   RO        12543    .text               mf_w.l(dfltui.o)
    0x08000860   0x08000860   0x00000030   Code   RO        12553    .text               mf_w.l(dfixul.o)
    0x08000890   0x08000890   0x00000030   Code   RO        12559    .text               mf_w.l(cdrcmple.o)
    0x080008c0   0x080008c0   0x00000038   Code   RO        12561    .text               mf_w.l(d2f.o)
    0x080008f8   0x080008f8   0x0000002c   Code   RO        12577    .text               mc_w.l(uidiv.o)
    0x08000924   0x08000924   0x00000020   Code   RO        12579    .text               mc_w.l(llushr.o)
    0x08000944   0x08000944   0x00000024   Code   RO        12581    .text               mc_w.l(llsshr.o)
    0x08000968   0x08000968   0x0000001c   Code   RO        12585    .text               mc_w.l(_chval.o)
    0x08000984   0x08000984   0x00000028   Code   RO        12587    .text               mc_w.l(scanf_char.o)
    0x080009ac   0x080009ac   0x00000040   Code   RO        12589    .text               mc_w.l(_sgetc.o)
    0x080009ec   0x080009ec   0x00000000   Code   RO        12591    .text               mc_w.l(iusefp.o)
    0x080009ec   0x080009ec   0x0000006e   Code   RO        12592    .text               mf_w.l(fepilogue.o)
    0x08000a5a   0x08000a5a   0x000000ba   Code   RO        12594    .text               mf_w.l(depilogue.o)
    0x08000b14   0x08000b14   0x00000024   Code   RO        12596    .text               mc_w.l(init.o)
    0x08000b38   0x08000b38   0x00000332   Code   RO        12600    .text               mc_w.l(_scanf.o)
    0x08000e6a   0x08000e6a   0x00000056   Code   RO        12613    .text               mc_w.l(__dczerorl2.o)
    0x08000ec0   0x08000ec0   0x0000007c   Code   RO        12004    i.CLUB_GPIO_EXTI_Callback  club_key.o
    0x08000f3c   0x08000f3c   0x00000040   Code   RO         3723    i.Cmd_Write_BH1750  bh1750.o
    0x08000f7c   0x08000f7c   0x00000070   Code   RO         3724    i.Convert_BH1750    bh1750.o
    0x08000fec   0x08000fec   0x0000001c   Code   RO        12005    i.F1_Key_IRQHandler  club_key.o
    0x08001008   0x08001008   0x0000001c   Code   RO        12006    i.F2_Key_IRQHandler  club_key.o
    0x08001024   0x08001024   0x0000001c   Code   RO        12007    i.F3_Key_IRQHandler  club_key.o
    0x08001040   0x08001040   0x0000001c   Code   RO        12008    i.F4_Key_IRQHandler  club_key.o
    0x0800105c   0x0800105c   0x0000052c   Code   RO         1833    i.HAL_ADC_ConfigChannel  stm32l4xx_hal_adc.o
    0x08001588   0x08001588   0x000001f4   Code   RO         1842    i.HAL_ADC_Init      stm32l4xx_hal_adc.o
    0x0800177c   0x0800177c   0x0000004c   Code   RO          559    i.HAL_ADC_MspInit   adc.o
    0x080017c8   0x080017c8   0x00000020   Code   RO         1315    i.HAL_Delay         stm32l4xx_hal.o
    0x080017e8   0x080017e8   0x000001cc   Code   RO          958    i.HAL_GPIO_Init     stm32l4xx_hal_gpio.o
    0x080019b4   0x080019b4   0x00000010   Code   RO          960    i.HAL_GPIO_ReadPin  stm32l4xx_hal_gpio.o
    0x080019c4   0x080019c4   0x0000000a   Code   RO          962    i.HAL_GPIO_WritePin  stm32l4xx_hal_gpio.o
    0x080019ce   0x080019ce   0x00000008   Code   RO          721    i.HAL_GetTick       sys_init.o
    0x080019d6   0x080019d6   0x0000006a   Code   RO          901    i.HAL_I2CEx_ConfigAnalogFilter  stm32l4xx_hal_i2c_ex.o
    0x08001a40   0x08001a40   0x0000006a   Code   RO          902    i.HAL_I2CEx_ConfigDigitalFilter  stm32l4xx_hal_i2c_ex.o
    0x08001aaa   0x08001aaa   0x00000002   PAD
    0x08001aac   0x08001aac   0x000000c4   Code   RO         2947    i.HAL_I2C_Init      stm32l4xx_hal_i2c.o
    0x08001b70   0x08001b70   0x00000058   Code   RO          517    i.HAL_I2C_MspInit   i2c.o
    0x08001bc8   0x08001bc8   0x00000010   Code   RO         1324    i.HAL_Init          stm32l4xx_hal.o
    0x08001bd8   0x08001bd8   0x00000028   Code   RO         1325    i.HAL_InitTick      stm32l4xx_hal.o
    0x08001c00   0x08001c00   0x00000002   Code   RO         1327    i.HAL_MspInit       stm32l4xx_hal.o
    0x08001c02   0x08001c02   0x0000001a   Code   RO         2518    i.HAL_NVIC_EnableIRQ  stm32l4xx_hal_cortex.o
    0x08001c1c   0x08001c1c   0x00000082   Code   RO         2524    i.HAL_NVIC_SetPriority  stm32l4xx_hal_cortex.o
    0x08001c9e   0x08001c9e   0x00000002   PAD
    0x08001ca0   0x08001ca0   0x00000028   Code   RO         2525    i.HAL_NVIC_SetPriorityGrouping  stm32l4xx_hal_cortex.o
    0x08001cc8   0x08001cc8   0x0000008c   Code   RO         1641    i.HAL_PWREx_ControlVoltageScaling  stm32l4xx_hal_pwr_ex.o
    0x08001d54   0x08001d54   0x00000010   Code   RO         1664    i.HAL_PWREx_GetVoltageRange  stm32l4xx_hal_pwr_ex.o
    0x08001d64   0x08001d64   0x00000388   Code   RO         1157    i.HAL_RCCEx_PeriphCLKConfig  stm32l4xx_hal_rcc_ex.o
    0x080020ec   0x080020ec   0x000001d4   Code   RO         1540    i.HAL_RCC_ClockConfig  stm32l4xx_hal_rcc.o
    0x080022c0   0x080022c0   0x0000000c   Code   RO         1544    i.HAL_RCC_GetHCLKFreq  stm32l4xx_hal_rcc.o
    0x080022cc   0x080022cc   0x00000020   Code   RO         1546    i.HAL_RCC_GetPCLK1Freq  stm32l4xx_hal_rcc.o
    0x080022ec   0x080022ec   0x00000020   Code   RO         1547    i.HAL_RCC_GetPCLK2Freq  stm32l4xx_hal_rcc.o
    0x0800230c   0x0800230c   0x0000010c   Code   RO         1548    i.HAL_RCC_GetSysClockFreq  stm32l4xx_hal_rcc.o
    0x08002418   0x08002418   0x00000694   Code   RO         1551    i.HAL_RCC_OscConfig  stm32l4xx_hal_rcc.o
    0x08002aac   0x08002aac   0x00000030   Code   RO         3490    i.HAL_RNG_Init      stm32l4xx_hal_rng.o
    0x08002adc   0x08002adc   0x00000002   Code   RO         3492    i.HAL_RNG_MspInit   stm32l4xx_hal_rng.o
    0x08002ade   0x08002ade   0x00000034   Code   RO         2529    i.HAL_SYSTICK_Config  stm32l4xx_hal_cortex.o
    0x08002b12   0x08002b12   0x00000078   Code   RO         2096    i.HAL_UART_Init     stm32l4xx_hal_uart.o
    0x08002b8a   0x08002b8a   0x00000002   PAD
    0x08002b8c   0x08002b8c   0x0000011c   Code   RO          222    i.HAL_UART_MspInit  usart.o
    0x08002ca8   0x08002ca8   0x000000f0   Code   RO         2104    i.HAL_UART_Transmit  stm32l4xx_hal_uart.o
    0x08002d98   0x08002d98   0x00000064   Code   RO          312    i.HardWare_Init     main.o
    0x08002dfc   0x08002dfc   0x00000058   Code   RO         3725    i.I2C_Ack           bh1750.o
    0x08002e54   0x08002e54   0x00000058   Code   RO         3727    i.I2C_InitGPIO      bh1750.o
    0x08002eac   0x08002eac   0x00000058   Code   RO         3728    i.I2C_NAck          bh1750.o
    0x08002f04   0x08002f04   0x00000070   Code   RO         3729    i.I2C_ReadByte      bh1750.o
    0x08002f74   0x08002f74   0x00000080   Code   RO         3730    i.I2C_SendByte      bh1750.o
    0x08002ff4   0x08002ff4   0x00000058   Code   RO         3731    i.I2C_Start         bh1750.o
    0x0800304c   0x0800304c   0x00000058   Code   RO         3732    i.I2C_Stop          bh1750.o
    0x080030a4   0x080030a4   0x0000006c   Code   RO         3733    i.I2C_WaitAck       bh1750.o
    0x08003110   0x08003110   0x00000034   Code   RO         3578    i.IIC_Start         oled.o
    0x08003144   0x08003144   0x00000028   Code   RO         3579    i.IIC_Stop          oled.o
    0x0800316c   0x0800316c   0x00000020   Code   RO         3580    i.IIC_Wait_Ack      oled.o
    0x0800318c   0x0800318c   0x0000000e   Code   RO         3734    i.Init_BH1750       bh1750.o
    0x0800319a   0x0800319a   0x0000000a   Code   RO         1856    i.LL_ADC_GetCommonPathInternalCh  stm32l4xx_hal_adc.o
    0x080031a4   0x080031a4   0x00000012   Code   RO         1857    i.LL_ADC_GetOffsetChannel  stm32l4xx_hal_adc.o
    0x080031b6   0x080031b6   0x0000000a   Code   RO         1858    i.LL_ADC_IsInternalRegulatorEnabled  stm32l4xx_hal_adc.o
    0x080031c0   0x080031c0   0x0000000a   Code   RO         1859    i.LL_ADC_REG_IsConversionOngoing  stm32l4xx_hal_adc.o
    0x080031ca   0x080031ca   0x00000052   Code   RO         1862    i.LL_ADC_SetChannelSamplingTime  stm32l4xx_hal_adc.o
    0x0800321c   0x0800321c   0x0000000c   Code   RO         1863    i.LL_ADC_SetCommonPathInternalCh  stm32l4xx_hal_adc.o
    0x08003228   0x08003228   0x00000016   Code   RO         1864    i.LL_ADC_SetOffsetState  stm32l4xx_hal_adc.o
    0x0800323e   0x0800323e   0x0000001c   Code   RO         6007    i.LOS_Align         los_misc.o
    0x0800325a   0x0800325a   0x00000002   PAD
    0x0800325c   0x0800325c   0x00000044   Code   RO         6037    i.LOS_ErrHandle     los_err.o
    0x080032a0   0x080032a0   0x000000c0   Code   RO         6249    i.LOS_HwiCreate     los_hwi.o
    0x08003360   0x08003360   0x0000011c   Code   RO         6070    i.LOS_KernelInit    los_init.o
    0x0800347c   0x0800347c   0x0000000e   Code   RO         4815    i.LOS_ListAdd       los_task.o
    0x0800348a   0x0800348a   0x0000000e   Code   RO         5265    i.LOS_ListAdd       los_mux.o
    0x08003498   0x08003498   0x0000000e   Code   RO         5354    i.LOS_ListAdd       los_queue.o
    0x080034a6   0x080034a6   0x0000000e   Code   RO         5487    i.LOS_ListAdd       los_sem.o
    0x080034b4   0x080034b4   0x00000014   Code   RO         4816    i.LOS_ListDelete    los_task.o
    0x080034c8   0x080034c8   0x00000010   Code   RO         4548    i.LOS_ListEmpty     los_priqueue.o
    0x080034d8   0x080034d8   0x00000010   Code   RO         4817    i.LOS_ListEmpty     los_task.o
    0x080034e8   0x080034e8   0x00000010   Code   RO         5266    i.LOS_ListEmpty     los_mux.o
    0x080034f8   0x080034f8   0x00000010   Code   RO         5355    i.LOS_ListEmpty     los_queue.o
    0x08003508   0x08003508   0x00000010   Code   RO         5488    i.LOS_ListEmpty     los_sem.o
    0x08003518   0x08003518   0x00000006   Code   RO         4818    i.LOS_ListInit      los_task.o
    0x0800351e   0x0800351e   0x00000006   Code   RO         5267    i.LOS_ListInit      los_mux.o
    0x08003524   0x08003524   0x00000006   Code   RO         5356    i.LOS_ListInit      los_queue.o
    0x0800352a   0x0800352a   0x00000006   Code   RO         5489    i.LOS_ListInit      los_sem.o
    0x08003530   0x08003530   0x00000010   Code   RO         4819    i.LOS_ListTailInsert  los_task.o
    0x08003540   0x08003540   0x0000002a   Code   RO         5720    i.LOS_MemAlloc      los_memory.o
    0x0800356a   0x0800356a   0x00000014   Code   RO         5721    i.LOS_MemAllocAlign  los_memory.o
    0x0800357e   0x0800357e   0x00000034   Code   RO         5723    i.LOS_MemFree       los_memory.o
    0x080035b2   0x080035b2   0x00000002   PAD
    0x080035b4   0x080035b4   0x00000112   Code   RO         5725    i.LOS_MemInit       los_memory.o
    0x080036c6   0x080036c6   0x00000002   PAD
    0x080036c8   0x080036c8   0x000000a4   Code   RO         5268    i.LOS_MuxCreate     los_mux.o
    0x0800376c   0x0800376c   0x000000a8   Code   RO         5269    i.LOS_MuxDelete     los_mux.o
    0x08003814   0x08003814   0x0000018c   Code   RO         5270    i.LOS_MuxPend       los_mux.o
    0x080039a0   0x080039a0   0x000000f0   Code   RO         5271    i.LOS_MuxPost       los_mux.o
    0x08003a90   0x08003a90   0x000000e6   Code   RO         5357    i.LOS_QueueCreate   los_queue.o
    0x08003b76   0x08003b76   0x00000036   Code   RO         5361    i.LOS_QueueReadCopy  los_queue.o
    0x08003bac   0x08003bac   0x00000036   Code   RO         5363    i.LOS_QueueWriteCopy  los_queue.o
    0x08003be2   0x08003be2   0x00000002   PAD
    0x08003be4   0x08003be4   0x00000040   Code   RO         6155    i.LOS_Schedule      los_hw.o
    0x08003c24   0x08003c24   0x00000014   Code   RO         5490    i.LOS_SemCreate     los_sem.o
    0x08003c38   0x08003c38   0x000000a0   Code   RO         5491    i.LOS_SemDelete     los_sem.o
    0x08003cd8   0x08003cd8   0x0000017c   Code   RO         5492    i.LOS_SemPend       los_sem.o
    0x08003e54   0x08003e54   0x000000bc   Code   RO         5493    i.LOS_SemPost       los_sem.o
    0x08003f10   0x08003f10   0x00000044   Code   RO         6072    i.LOS_Start         los_init.o
    0x08003f54   0x08003f54   0x0000009c   Code   RO         4822    i.LOS_TaskCreate    los_task.o
    0x08003ff0   0x08003ff0   0x0000018e   Code   RO         4823    i.LOS_TaskCreateOnly  los_task.o
    0x0800417e   0x0800417e   0x00000002   PAD
    0x08004180   0x08004180   0x0000007c   Code   RO         4824    i.LOS_TaskDelay     los_task.o
    0x080041fc   0x080041fc   0x00000178   Code   RO         4825    i.LOS_TaskDelete    los_task.o
    0x08004374   0x08004374   0x00000094   Code   RO         4838    i.LOS_TaskYield     los_task.o
    0x08004408   0x08004408   0x0000000c   Code   RO         4758    i.LOS_TickCountGet  los_sys.o
    0x08004414   0x08004414   0x00000094   Code   RO          560    i.MX_ADC1_Init      adc.o
    0x080044a8   0x080044a8   0x000001b8   Code   RO          288    i.MX_GPIO_Init      gpio.o
    0x08004660   0x08004660   0x00000074   Code   RO          518    i.MX_I2C1_Init      i2c.o
    0x080046d4   0x080046d4   0x00000054   Code   RO          223    i.MX_USART1_UART_Init  usart.o
    0x08004728   0x08004728   0x00000010   Code   RO         2531    i.NVIC_GetPriorityGrouping  stm32l4xx_hal_cortex.o
    0x08004738   0x08004738   0x00000028   Code   RO         2532    i.NVIC_SetPriority  stm32l4xx_hal_cortex.o
    0x08004760   0x08004760   0x0000003e   Code   RO         3581    i.OLED_Clear        oled.o
    0x0800479e   0x0800479e   0x000000c6   Code   RO         3585    i.OLED_Init         oled.o
    0x08004864   0x08004864   0x00000028   Code   RO         3587    i.OLED_Set_Pos      oled.o
    0x0800488c   0x0800488c   0x00000068   Code   RO         3588    i.OLED_ShowCHinese  oled.o
    0x080048f4   0x080048f4   0x000000a4   Code   RO         3589    i.OLED_ShowChar     oled.o
    0x08004998   0x08004998   0x0000008e   Code   RO         3590    i.OLED_ShowNum      oled.o
    0x08004a26   0x08004a26   0x0000003a   Code   RO         3591    i.OLED_ShowString   oled.o
    0x08004a60   0x08004a60   0x00000018   Code   RO         3592    i.OLED_WR_Byte      oled.o
    0x08004a78   0x08004a78   0x0000018c   Code   RO         1160    i.RCCEx_PLLSAI1_Config  stm32l4xx_hal_rcc_ex.o
    0x08004c04   0x08004c04   0x000000a0   Code   RO         1552    i.RCC_SetFlashLatencyFromMSIRange  stm32l4xx_hal_rcc.o
    0x08004ca4   0x08004ca4   0x0000004c   Code   RO         3735    i.Read_BH1750       bh1750.o
    0x08004cf0   0x08004cf0   0x00000010   Code   RO         3736    i.Start_BH1750      bh1750.o
    0x08004d00   0x08004d00   0x000000e4   Code   RO          722    i.SystemClock_Config  sys_init.o
    0x08004de4   0x08004de4   0x00000050   Code   RO           13    i.SystemInit        system_stm32l4xx.o
    0x08004e34   0x08004e34   0x000000f8   Code   RO         2109    i.UART_AdvFeatureConfig  stm32l4xx_hal_uart.o
    0x08004f2c   0x08004f2c   0x00000074   Code   RO         2110    i.UART_CheckIdleState  stm32l4xx_hal_uart.o
    0x08004fa0   0x08004fa0   0x000003f6   Code   RO         2125    i.UART_SetConfig    stm32l4xx_hal_uart.o
    0x08005396   0x08005396   0x0000006c   Code   RO         2127    i.UART_WaitOnFlagUntilTimeout  stm32l4xx_hal_uart.o
    0x08005402   0x08005402   0x00000002   PAD
    0x08005404   0x08005404   0x00000064   Code   RO         3593    i.Write_IIC_Byte    oled.o
    0x08005468   0x08005468   0x0000002c   Code   RO         3594    i.Write_IIC_Command  oled.o
    0x08005494   0x08005494   0x0000002c   Code   RO         3595    i.Write_IIC_Data    oled.o
    0x080054c0   0x080054c0   0x00000004   Code   RO          723    i._Error_Handler    sys_init.o
    0x080054c4   0x080054c4   0x00000020   Code   RO        12465    i.__0printf         mc_w.l(printfa.o)
    0x080054e4   0x080054e4   0x00000030   Code   RO        12466    i.__0snprintf       mc_w.l(printfa.o)
    0x08005514   0x08005514   0x00000028   Code   RO        12467    i.__0sprintf        mc_w.l(printfa.o)
    0x0800553c   0x0800553c   0x0000000e   Code   RO        12607    i.__scatterload_copy  mc_w.l(handlers.o)
    0x0800554a   0x0800554a   0x00000002   Code   RO        12608    i.__scatterload_null  mc_w.l(handlers.o)
    0x0800554c   0x0800554c   0x0000000e   Code   RO        12609    i.__scatterload_zeroinit  mc_w.l(handlers.o)
    0x0800555a   0x0800555a   0x00000002   PAD
    0x0800555c   0x0800555c   0x0000018a   Code   RO        12472    i._fp_digits        mc_w.l(printfa.o)
    0x080056e6   0x080056e6   0x00000002   PAD
    0x080056e8   0x080056e8   0x000006e2   Code   RO        12473    i._printf_core      mc_w.l(printfa.o)
    0x08005dca   0x08005dca   0x00000024   Code   RO        12474    i._printf_post_padding  mc_w.l(printfa.o)
    0x08005dee   0x08005dee   0x0000002e   Code   RO        12475    i._printf_pre_padding  mc_w.l(printfa.o)
    0x08005e1c   0x08005e1c   0x00000016   Code   RO        12476    i._snputc           mc_w.l(printfa.o)
    0x08005e32   0x08005e32   0x0000000a   Code   RO        12477    i._sputc            mc_w.l(printfa.o)
    0x08005e3c   0x08005e3c   0x00000060   Code   RO        11660    i.at_cmd            atadapter.o
    0x08005e9c   0x08005e9c   0x00000020   Code   RO        11661    i.at_deinit         atadapter.o
    0x08005ebc   0x08005ebc   0x00000014   Code   RO        11662    i.at_free           atadapter.o
    0x08005ed0   0x08005ed0   0x00000050   Code   RO        11663    i.at_get_unuse_linkid  atadapter.o
    0x08005f20   0x08005f20   0x00000040   Code   RO        11664    i.at_init           atadapter.o
    0x08005f60   0x08005f60   0x0000001c   Code   RO        11665    i.at_init_oob       atadapter.o
    0x08005f7c   0x08005f7c   0x00000078   Code   RO        11789    i.at_irq_handler    at_hal.o
    0x08005ff4   0x08005ff4   0x00000018   Code   RO        11666    i.at_listener_list_add  atadapter.o
    0x0800600c   0x0800600c   0x0000001c   Code   RO        11667    i.at_listner_list_del  atadapter.o
    0x08006028   0x08006028   0x00000024   Code   RO        11668    i.at_malloc         atadapter.o
    0x0800604c   0x0800604c   0x00000060   Code   RO        11669    i.at_oob_register   atadapter.o
    0x080060ac   0x080060ac   0x000000d0   Code   RO        11670    i.at_recv_task      atadapter.o
    0x0800617c   0x0800617c   0x0000007a   Code   RO        11671    i.at_struct_deinit  atadapter.o
    0x080061f6   0x080061f6   0x00000002   PAD
    0x080061f8   0x080061f8   0x000000d0   Code   RO        11672    i.at_struct_init    atadapter.o
    0x080062c8   0x080062c8   0x00000048   Code   RO        11790    i.at_transmit       at_hal.o
    0x08006310   0x08006310   0x00000054   Code   RO        11791    i.at_usart_adapter  at_hal.o
    0x08006364   0x08006364   0x0000002c   Code   RO        11792    i.at_usart_deinit   at_hal.o
    0x08006390   0x08006390   0x00000090   Code   RO        11793    i.at_usart_init     at_hal.o
    0x08006420   0x08006420   0x00000094   Code   RO        11673    i.at_write          atadapter.o
    0x080064b4   0x080064b4   0x0000008c   Code   RO        11674    i.cloud_cmd_matching  atadapter.o
    0x08006540   0x08006540   0x00000060   Code   RO        12009    i.club_key_init     club_key.o
    0x080065a0   0x080065a0   0x00000014   Code   RO        12101    i.club_nbiot_URC_call  club_nbiot.o
    0x080065b4   0x080065b4   0x00000018   Code   RO        12102    i.club_nbiot_connect  club_nbiot.o
    0x080065cc   0x080065cc   0x00000104   Code   RO        12103    i.club_nbiot_init   club_nbiot.o
    0x080066d0   0x080066d0   0x00000090   Code   RO        12105    i.club_nbiot_send   club_nbiot.o
    0x08006760   0x08006760   0x00000090   Code   RO        12058    i.club_oled_init    club_oled.o
    0x080067f0   0x080067f0   0x0000005c   Code   RO        11975    i.creat_all_task    club_func.o
    0x0800684c   0x0800684c   0x00000048   Code   RO        11675    i.create_at_recv_task  atadapter.o
    0x08006894   0x08006894   0x0000007c   Code   RO        11932    i.data_collection_task  nb-iot_demo.o
    0x08006910   0x08006910   0x00000018   Code   RO         3737    i.delayus           bh1750.o
    0x08006928   0x08006928   0x00000030   Code   RO          480    i.dwt_delay_init    dwt.o
    0x08006958   0x08006958   0x0000001c   Code   RO          226    i.fputc             usart.o
    0x08006974   0x08006974   0x00000010   Code   RO         3930    i.hal_rng_config    hal_rng.o
    0x08006984   0x08006984   0x00000090   Code   RO        11848    i.los_nb_init       los_nb_api.o
    0x08006a14   0x08006a14   0x0000002c   Code   RO        11849    i.los_nb_notify     los_nb_api.o
    0x08006a40   0x08006a40   0x0000001c   Code   RO        11850    i.los_nb_report     los_nb_api.o
    0x08006a5c   0x08006a5c   0x00000028   Code   RO          313    i.main              main.o
    0x08006a84   0x08006a84   0x00000030   Code   RO         3969    i.nb_check_csq      bc95.o
    0x08006ab4   0x08006ab4   0x00000058   Code   RO         3970    i.nb_close          bc95.o
    0x08006b0c   0x08006b0c   0x000000a4   Code   RO        11889    i.nb_cmd_data_ioctl  nb-iot_cmd_ioctl.o
    0x08006bb0   0x08006bb0   0x000000c0   Code   RO         3971    i.nb_connect        bc95.o
    0x08006c70   0x08006c70   0x000000a2   Code   RO         3972    i.nb_create_udpsock  bc95.o
    0x08006d12   0x08006d12   0x00000002   PAD
    0x08006d14   0x08006d14   0x00000024   Code   RO        11933    i.nb_data_report    nb-iot_demo.o
    0x08006d38   0x08006d38   0x00000008   Code   RO         3974    i.nb_deinit         bc95.o
    0x08006d40   0x08006d40   0x00000034   Code   RO         3975    i.nb_get_netstat    bc95.o
    0x08006d74   0x08006d74   0x0000002c   Code   RO         3976    i.nb_hw_detect      bc95.o
    0x08006da0   0x08006da0   0x00000108   Code   RO        11934    i.nb_iot_entry      nb-iot_demo.o
    0x08006ea8   0x08006ea8   0x00000038   Code   RO         3977    i.nb_query_ip       bc95.o
    0x08006ee0   0x08006ee0   0x00000030   Code   RO         3978    i.nb_reboot         bc95.o
    0x08006f10   0x08006f10   0x00000018   Code   RO         3979    i.nb_recv           bc95.o
    0x08006f28   0x08006f28   0x00000008   Code   RO         3980    i.nb_recv_cb        bc95.o
    0x08006f30   0x08006f30   0x000000d8   Code   RO         3981    i.nb_recv_timeout   bc95.o
    0x08007008   0x08007008   0x000000c4   Code   RO         3982    i.nb_send           bc95.o
    0x080070cc   0x080070cc   0x00000138   Code   RO         3983    i.nb_send_payload   bc95.o
    0x08007204   0x08007204   0x000000a0   Code   RO         3984    i.nb_send_psk       bc95.o
    0x080072a4   0x080072a4   0x00000104   Code   RO         3986    i.nb_set_cdpserver  bc95.o
    0x080073a8   0x080073a8   0x00000034   Code   RO         3987    i.nb_set_no_encrypt  bc95.o
    0x080073dc   0x080073dc   0x00000064   Code   RO        11890    i.neul_bc95_hex_to_str  nb-iot_cmd_ioctl.o
    0x08007440   0x08007440   0x00000016   Code   RO         3597    i.oled_pow          oled.o
    0x08007456   0x08007456   0x00000024   Code   RO         5570    i.osAlarmHeapInfo   los_heap.o
    0x0800747a   0x0800747a   0x00000024   Code   RO         5807    i.osAtomicBitsetClearBit  los_slab.o
    0x0800749e   0x0800749e   0x00000050   Code   RO         5809    i.osAtomicBitsetFindClearAndSet  los_slab.o
    0x080074ee   0x080074ee   0x0000002a   Code   RO         5810    i.osAtomicBitsetGetBit  los_slab.o
    0x08007518   0x08007518   0x00000006   Code   RO         5927    i.osAtomicBitsetGetNumBits  los_slab.o
    0x0800751e   0x0800751e   0x0000002e   Code   RO         5812    i.osAtomicBitsetInit  los_slab.o
    0x0800754c   0x0800754c   0x0000016e   Code   RO         5571    i.osHeapAlloc       los_heap.o
    0x080076ba   0x080076ba   0x0000005a   Code   RO         5572    i.osHeapAllocAlign  los_heap.o
    0x08007714   0x08007714   0x00000146   Code   RO         5573    i.osHeapFree        los_heap.o
    0x0800785a   0x0800785a   0x00000044   Code   RO         5576    i.osHeapInit        los_heap.o
    0x0800789e   0x0800789e   0x0000001a   Code   RO         5577    i.osHeapPrvGetNext  los_heap.o
    0x080078b8   0x080078b8   0x00000064   Code   RO         5578    i.osHeapStatisticsGet  los_heap.o
    0x0800791c   0x0800791c   0x0000003c   Code   RO         6251    i.osHwiDefaultHandler  los_hwi.o
    0x08007958   0x08007958   0x0000004c   Code   RO         6252    i.osHwiInit         los_hwi.o
    0x080079a4   0x080079a4   0x00000004   Code   RO         4842    i.osIdleTask        los_task.o
    0x080079a8   0x080079a8   0x0000004c   Code   RO         4843    i.osIdleTaskCreate  los_task.o
    0x080079f4   0x080079f4   0x00000008   Code   RO         6253    i.osIntNumGet       los_hwi.o
    0x080079fc   0x080079fc   0x00000050   Code   RO         6254    i.osInterrupt       los_hwi.o
    0x08007a4c   0x08007a4c   0x00000028   Code   RO         5729    i.osMemSystemInit   los_memory.o
    0x08007a74   0x08007a74   0x00000064   Code   RO         5272    i.osMuxInit         los_mux.o
    0x08007ad8   0x08007ad8   0x0000004c   Code   RO         4549    i.osPriqueueDequeue  los_priqueue.o
    0x08007b24   0x08007b24   0x00000048   Code   RO         4550    i.osPriqueueEnqueue  los_priqueue.o
    0x08007b6c   0x08007b6c   0x00000048   Code   RO         4551    i.osPriqueueInit    los_priqueue.o
    0x08007bb4   0x08007bb4   0x00000028   Code   RO         4552    i.osPriqueueSize    los_priqueue.o
    0x08007bdc   0x08007bdc   0x00000028   Code   RO         4553    i.osPriqueueTop     los_priqueue.o
    0x08007c04   0x08007c04   0x0000010c   Code   RO         5366    i.osQueueBufferOperate  los_queue.o
    0x08007d10   0x08007d10   0x00000070   Code   RO         5367    i.osQueueInit       los_queue.o
    0x08007d80   0x08007d80   0x0000018e   Code   RO         5370    i.osQueueOperate    los_queue.o
    0x08007f0e   0x08007f0e   0x00000002   PAD
    0x08007f10   0x08007f10   0x00000040   Code   RO         5371    i.osQueueReadParameterCheck  los_queue.o
    0x08007f50   0x08007f50   0x00000040   Code   RO         5372    i.osQueueWriteParameterCheck  los_queue.o
    0x08007f90   0x08007f90   0x0000000c   Code   RO         6074    i.osRegister        los_init.o
    0x08007f9c   0x08007f9c   0x00000008   Code   RO         6157    i.osSchedule        los_hw.o
    0x08007fa4   0x08007fa4   0x000000c2   Code   RO         5494    i.osSemCreate       los_sem.o
    0x08008066   0x08008066   0x00000002   PAD
    0x08008068   0x08008068   0x00000060   Code   RO         5495    i.osSemInit         los_sem.o
    0x080080c8   0x080080c8   0x0000001e   Code   RO         5813    i.osSlabAllocatorAlloc  los_slab.o
    0x080080e6   0x080080e6   0x00000048   Code   RO         5817    i.osSlabAllocatorFree  los_slab.o
    0x0800812e   0x0800812e   0x0000005c   Code   RO         5824    i.osSlabAllocatorNew  los_slab.o
    0x0800818a   0x0800818a   0x00000012   Code   RO         5941    i.osSlabBlockHeadFill  los_slabmem.o
    0x0800819c   0x0800819c   0x00000008   Code   RO         5730    i.osSlabCtrlHdrGet  los_memory.o
    0x080081a4   0x080081a4   0x000000a0   Code   RO         5943    i.osSlabMemAlloc    los_slabmem.o
    0x08008244   0x08008244   0x0000007a   Code   RO         5946    i.osSlabMemFree     los_slabmem.o
    0x080082be   0x080082be   0x0000006c   Code   RO         5947    i.osSlabMemInit     los_slabmem.o
    0x0800832a   0x0800832a   0x00000002   PAD
    0x0800832c   0x0800832c   0x000000a0   Code   RO         4636    i.osSwTmrInit       los_swtmr.o
    0x080083cc   0x080083cc   0x0000020e   Code   RO         4637    i.osSwTmrStart      los_swtmr.o
    0x080085da   0x080085da   0x00000002   PAD
    0x080085dc   0x080085dc   0x00000044   Code   RO         4638    i.osSwTmrTask       los_swtmr.o
    0x08008620   0x08008620   0x00000044   Code   RO         4639    i.osSwTmrTaskCreate  los_swtmr.o
    0x08008664   0x08008664   0x00000080   Code   RO         4640    i.osSwTmrTimeoutHandle  los_swtmr.o
    0x080086e4   0x080086e4   0x00000030   Code   RO         4642    i.osSwtmrDelete     los_swtmr.o
    0x08008714   0x08008714   0x00000024   Code   RO         4643    i.osSwtmrScan       los_swtmr.o
    0x08008738   0x08008738   0x000000c0   Code   RO         4844    i.osTaskAdd2TimerList  los_task.o
    0x080087f8   0x080087f8   0x00000030   Code   RO         4845    i.osTaskEntry       los_task.o
    0x08008828   0x08008828   0x00000006   Code   RO         6158    i.osTaskExit        los_hw.o
    0x0800882e   0x0800882e   0x00000002   PAD
    0x08008830   0x08008830   0x00000128   Code   RO         4846    i.osTaskInit        los_task.o
    0x08008958   0x08008958   0x00000030   Code   RO         4847    i.osTaskMonInit     los_task.o
    0x08008988   0x08008988   0x00000038   Code   RO         4848    i.osTaskPriModify   los_task.o
    0x080089c0   0x080089c0   0x000000dc   Code   RO         4849    i.osTaskScan        los_task.o
    0x08008a9c   0x08008a9c   0x00000184   Code   RO         4850    i.osTaskSwitchCheck  los_task.o
    0x08008c20   0x08008c20   0x0000004c   Code   RO         4851    i.osTaskWait        los_task.o
    0x08008c6c   0x08008c6c   0x00000046   Code   RO         4852    i.osTaskWake        los_task.o
    0x08008cb2   0x08008cb2   0x00000002   PAD
    0x08008cb4   0x08008cb4   0x00000028   Code   RO         5109    i.osTickHandler     los_tick.o
    0x08008cdc   0x08008cdc   0x000000d0   Code   RO         6206    i.osTickStart       los_hw_tick.o
    0x08008dac   0x08008dac   0x00000048   Code   RO         4853    i.osTimerListDelete  los_task.o
    0x08008df4   0x08008df4   0x0000004c   Code   RO         5153    i.osTimesliceCheck  los_timeslice.o
    0x08008e40   0x08008e40   0x00000010   Code   RO         5154    i.osTimesliceInit   los_timeslice.o
    0x08008e50   0x08008e50   0x00000090   Code   RO         6159    i.osTskStackInit    los_hw.o
    0x08008ee0   0x08008ee0   0x00000024   Code   RO          314    i.proc_main_task    main.o
    0x08008f04   0x08008f04   0x000000cc   Code   RO        12106    i.proc_nbiot_task   club_nbiot.o
    0x08008fd0   0x08008fd0   0x00000104   Code   RO        12060    i.proc_oled_task    club_oled.o
    0x080090d4   0x080090d4   0x00000088   Code   RO        11794    i.read_resp         at_hal.o
    0x0800915c   0x0800915c   0x00000028   Code   RO        11676    i.store_resp_buf    atadapter.o
    0x08009184   0x08009184   0x00000040   Code   RO         3988    i.str_to_hex        bc95.o
    0x080091c4   0x080091c4   0x0000000c   Code   RO          315    i.user_hw_init      main.o
    0x080091d0   0x080091d0   0x00000048   Data   RO           14    .constdata          system_stm32l4xx.o
    0x08009218   0x08009218   0x00000818   Data   RO         3598    .constdata          oled.o
    0x08009a30   0x08009a30   0x00000014   Data   RO         6256    .constdata          los_hwi.o
    0x08009a44   0x08009a44   0x00000078   Data   RO        11976    .constdata          club_func.o
    0x08009abc   0x08009abc   0x0000000c   Data   RO        12108    .constdata          club_nbiot.o
    0x08009ac8   0x08009ac8   0x00000081   Data   RO        12169    .constdata          mc_w.l(ctype_o.o)
    0x08009b49   0x08009b49   0x00000003   PAD
    0x08009b4c   0x08009b4c   0x00000004   Data   RO        12170    .constdata          mc_w.l(ctype_o.o)
    0x08009b50   0x08009b50   0x0000000e   Data   RO         3990    .conststring        bc95.o
    0x08009b5e   0x08009b5e   0x00000002   PAD
    0x08009b60   0x08009b60   0x0000004b   Data   RO        11977    .conststring        club_func.o
    0x08009bab   0x08009bab   0x00000001   PAD
    0x08009bac   0x08009bac   0x00000008   Data   RO            3    LOS_HEAP_INFO       los_startup_keil.o
    0x08009bb4   0x08009bb4   0x00000030   Data   RO        12605    Region$$Table       anon$$obj.o


    Execution Region VECTOR (Exec base: 0x20000000, Load base: 0x08009be4, Size: 0x00000400, Max: 0x00000400, ABSOLUTE, COMPRESSED[0x00000018])

    Exec Addr    Load Addr    Size         Type   Attr      Idx    E Section Name        Object

    0x20000000   COMPRESSED   0x00000400   Data   RW         6258    .data.vector        los_hwi.o


    Execution Region RW_IRAM1 (Exec base: 0x20000400, Load base: 0x08009bfc, Size: 0x00002648, Max: 0x0000f800, ABSOLUTE, COMPRESSED[0x00000108])

    Exec Addr    Load Addr    Size         Type   Attr      Idx    E Section Name        Object

    0x20000400   COMPRESSED   0x00000004   Data   RW           15    .data               system_stm32l4xx.o
    0x20000404   COMPRESSED   0x00000004   Data   RW          316    .data               main.o
    0x20000408   COMPRESSED   0x00000004   Data   RW          481    .data               dwt.o
    0x2000040c   COMPRESSED   0x00000180   Data   RW         3599    .data               oled.o
    0x2000058c   COMPRESSED   0x00000008   Data   RW         3738    .data               bh1750.o
    0x20000594   COMPRESSED   0x00000058   Data   RW         3991    .data               bc95.o
    0x200005ec   COMPRESSED   0x00000008   Data   RW         4555    .data               los_priqueue.o
    0x200005f4   COMPRESSED   0x0000001c   Data   RW         4647    .data               los_swtmr.o
    0x20000610   COMPRESSED   0x00000048   Data   RW         4856    .data               los_task.o
    0x20000658   COMPRESSED   0x0000001c   Data   RW         5110    .data               los_tick.o
    0x20000674   COMPRESSED   0x00000008   Data   RW         5155    .data               los_timeslice.o
    0x2000067c   COMPRESSED   0x0000000c   Data   RW         5273    .data               los_mux.o
    0x20000688   COMPRESSED   0x0000000c   Data   RW         5373    .data               los_queue.o
    0x20000694   COMPRESSED   0x0000000c   Data   RW         5496    .data               los_sem.o
    0x200006a0   COMPRESSED   0x00000010   Data   RW         5579    .data               los_heap.o
    0x200006b0   COMPRESSED   0x00000004   Data   RW         5731    .data               los_memory.o
    0x200006b4   COMPRESSED   0x00000004   Data   RW         6038    .data               los_err.o
    0x200006b8   COMPRESSED   0x00000004   Data   RW         6075    .data               los_init.o
    0x200006bc   COMPRESSED   0x00000004   Data   RW         6257    .data               los_hwi.o
    0x200006c0   COMPRESSED   0x00000044   Data   RW        11678    .data               atadapter.o
    0x20000704   COMPRESSED   0x00000014   Data   RW        11796    .data               at_hal.o
    0x20000718   COMPRESSED   0x00000005   Data   RW        11935    .data               nb-iot_demo.o
    0x2000071d   COMPRESSED   0x00000003   PAD
    0x20000720   COMPRESSED   0x00000005   Data   RW        12062    .data               club_oled.o
    0x20000725   COMPRESSED   0x00000003   PAD
    0x20000728   COMPRESSED   0x0000000c   Data   RW        12109    .data               club_nbiot.o
    0x20000734   COMPRESSED   0x00000004   Data   RW        12160    .data               mc_w.l(stdout.o)
    0x20000738        -       0x00000168   Zero   RW          227    .bss                usart.o
    0x200008a0        -       0x0000004c   Zero   RW          519    .bss                i2c.o
    0x200008ec        -       0x00000068   Zero   RW          561    .bss                adc.o
    0x20000954        -       0x0000000c   Zero   RW         3933    .bss                hal_rng.o
    0x20000960        -       0x00000478   Zero   RW         3989    .bss                bc95.o
    0x20000dd8        -       0x00000040   Zero   RW         4646    .bss                los_swtmr.o
    0x20000e18        -       0x00000156   Zero   RW         4854    .bss                los_task.o
    0x20000f6e   COMPRESSED   0x00000002   PAD
    0x20000f70        -       0x00000400   Zero   RW         6255    .bss                los_hwi.o
    0x20001370        -       0x00000908   Zero   RW        11677    .bss                atadapter.o
    0x20001c78        -       0x00000078   Zero   RW        11795    .bss                at_hal.o
    0x20001cf0        -       0x00000136   Zero   RW        11891    .bss                nb-iot_cmd_ioctl.o
    0x20001e26   COMPRESSED   0x00000002   PAD
    0x20001e28        -       0x00000010   Zero   RW        12061    .bss                club_oled.o
    0x20001e38        -       0x0000080c   Zero   RW        12107    .bss                club_nbiot.o
    0x20002644   COMPRESSED   0x00000004   PAD
    0x20002648        -       0x00000400   Zero   RW            2    LOS_HEAP            los_startup_keil.o


    Execution Region ARM_LIB_STACKHEAP (Exec base: 0x2000fc00, Load base: 0x08009d04, Size: 0x00000400, Max: 0x00000400, ABSOLUTE)

    Exec Addr    Load Addr    Size         Type   Attr      Idx    E Section Name        Object

    0x2000fc00        -       0x00000400   Zero   RW            1    ARM_LIB_STACKHEAP.bss  anon$$obj.o


==============================================================================

Image component sizes


      Code (inc. data)   RO Data    RW Data    ZI Data      Debug   Object Name

       224         38          0          0        104       1709   adc.o
       600        114          0         20        120       4210   at_hal.o
      1442        120          0         68       2312      13384   atadapter.o
      1990        564         14         88       1144      16133   bc95.o
      1094         74          0          8          0       8506   bh1750.o
        92         26        195          0          0        797   club_func.o
       332         98          0          0          0       3182   club_key.o
       652        322         12         12       2060       4049   club_nbiot.o
       404        166          0          5         16       2080   club_oled.o
         0          0          0          0          0       3180   cmsis_liteos.o
        48         14          0          4          0        669   dwt.o
       440         18          0          0          0       1119   gpio.o
        16          6          0          0         12        728   hal_rng.o
       204         42          0          0         76       1641   i2c.o
       258         24          0          0          0        452   los_dispatch_keil.o
        68         10          0          4          0       2394   los_err.o
      1012        114          0         16          0       7314   los_heap.o
       222         18          0          0          0       2842   los_hw.o
       208         46          0          0          0      27517   los_hw_tick.o
       416         86         20       1028       1024      37467   los_hwi.o
       364        138          0          4          0       2388   los_init.o
       436         72          0          4          0       4802   los_memory.o
        28          0          0          0          0        632   los_misc.o
      1104        208          0         12          0      16260   los_mux.o
       216         12          0          0          0       2962   los_nb_api.o
       316         38          0          8          0      13650   los_priqueue.o
      1280        100          0         12          0      11904   los_queue.o
      1074        238          0         12          0       8330   los_sem.o
       404          0          0          0          0       6682   los_slab.o
       408          0          0          0          0       4067   los_slabmem.o
        44         22          8          0       1024        308   los_startup_keil.o
      1034         90          0         28         64       7210   los_swtmr.o
        12          6          0          0          0        527   los_sys.o
      2820        370          0         72        342      26830   los_task.o
        40          6          0         28          0       1016   los_tick.o
        92         16          0          8          0       1321   los_timeslice.o
       188         70          0          4          0      11658   main.o
       264         28          0          0        310       4467   nb-iot_cmd_ioctl.o
       424        288          0          5          0       4322   nb-iot_demo.o
      1126         34       2072        384          0      10459   oled.o
        90          4          0          0          0       2368   stm32l4xx_hal.o
      1988         80          0          0          0      57455   stm32l4xx_hal_adc.o
       304         22          0          0          0      30959   stm32l4xx_hal_cortex.o
       486         28          0          0          0       3075   stm32l4xx_hal_gpio.o
       196          4          0          0          0       2747   stm32l4xx_hal_i2c.o
       212          0          0          0          0       1975   stm32l4xx_hal_i2c_ex.o
       156         18          0          0          0       1374   stm32l4xx_hal_pwr_ex.o
      2656         96          0          0          0       7112   stm32l4xx_hal_rcc.o
      1300         26          0          0          0       2884   stm32l4xx_hal_rcc_ex.o
        50          0          0          0          0       1653   stm32l4xx_hal_rng.o
      1846         38          0          0          0       5845   stm32l4xx_hal_uart.o
       240         26          0          0          0       2084   sys_init.o
        80         12         72          4          0     671485   system_stm32l4xx.o
       396         52          0          0        360       2428   usart.o

    ----------------------------------------------------------------------
     31430       4042       2444       1844      10000    1072612   Object Totals
         0          0         48          0       1024          0   (incl. Generated)
        34          0          3          6          8          0   (incl. Padding)

    ----------------------------------------------------------------------

      Code (inc. data)   RO Data    RW Data    ZI Data      Debug   Library Member Name

        56          8          0          0          0         84   __0sscanf.o
        86          0          0          0          0          0   __dczerorl2.o
        28          0          0          0          0         68   _chval.o
       818          4          0          0          0        112   _scanf.o
       338          0          0          0          0         96   _scanf_int.o
       230          0          0          0          0         96   _scanf_str.o
        64          0          0          0          0         84   _sgetc.o
         8          4        133          0          0         68   ctype_o.o
         0          0          0          0          0          0   entry.o
         0          0          0          0          0          0   entry10a.o
         0          0          0          0          0          0   entry11a.o
         8          4          0          0          0          0   entry3.o
         4          0          0          0          0          0   entry5.o
         0          0          0          0          0          0   entry7b.o
         0          0          0          0          0          0   entry8b.o
         8          4          0          0          0          0   entry9a.o
        30          0          0          0          0          0   handlers.o
        36          8          0          0          0         68   init.o
        18          0          0          0          0         76   isspace_o.o
         0          0          0          0          0          0   iusefp.o
        30          0          0          0          0         68   llshl.o
        36          0          0          0          0         68   llsshr.o
        32          0          0          0          0         68   llushr.o
        66          0          0          0          0         76   memmove.o
        36          0          0          0          0        108   memseta.o
      2390        100          0          0          0        756   printfa.o
        40          8          0          0          0         84   scanf_char.o
         0          0          0          4          0          0   stdout.o
        24          0          0          0          0         68   strcat.o
        28          0          0          0          0         76   strcmp.o
        14          0          0          0          0         68   strlen.o
        36          0          0          0          0         80   strstr.o
        44          0          0          0          0         80   uidiv.o
       104          0          0          0          0         92   uldiv.o
        48          0          0          0          0         68   cdrcmple.o
        56          0          0          0          0         88   d2f.o
       350          0          0          0          0        148   dadd.o
       222          0          0          0          0        100   ddiv.o
       186          0          0          0          0        176   depilogue.o
        48          0          0          0          0         68   dfixul.o
        26          0          0          0          0         76   dfltui.o
       234          0          0          0          0         96   dmul.o
       110          0          0          0          0        168   fepilogue.o

    ----------------------------------------------------------------------
      5898        140        136          4          0       3432   Library Totals
         6          0          3          0          0          0   (incl. Padding)

    ----------------------------------------------------------------------

      Code (inc. data)   RO Data    RW Data    ZI Data      Debug   Library Name

      4612        140        133          4          0       2444   mc_w.l
      1280          0          0          0          0        988   mf_w.l

    ----------------------------------------------------------------------
      5898        140        136          4          0       3432   Library Totals

    ----------------------------------------------------------------------

==============================================================================


      Code (inc. data)   RO Data    RW Data    ZI Data      Debug   

     37328       4182       2580       1848      10000    1049008   Grand Totals
     37328       4182       2580        288      10000    1049008   ELF Image Totals (compressed)
     37328       4182       2580        288          0          0   ROM Totals

==============================================================================

    Total RO  Size (Code + RO Data)                39908 (  38.97kB)
    Total RW  Size (RW Data + ZI Data)             11848 (  11.57kB)
    Total ROM Size (Code + RO Data + RW Data)      40196 (  39.25kB)

==============================================================================

