<html>
<body>
<pre>
<h1>µVision Build Log</h1>
<h2>Tool Versions:</h2>
IDE-Version: ¦ÌVision V5.15
Copyright (C) 2015 ARM Ltd and ARM Germany GmbH. All rights reserved.
License Information: dong daoli, ddl, LIC=R4HGK-ZKEZP-JMJ98-3U9VY-D0AQN-T9NAX
 
Tool Versions:
Toolchain:       MDK-ARM Professional  Version: 5.15.0
Toolchain Path:  C:\Keil_v5\ARM\ARMCC\Bin
C Compiler:      Armcc.exe V5.05 update 2 (build 169)
Assembler:       Armasm.exe V5.05 update 2 (build 169)
Linker/Locator:  ArmLink.exe V5.05 update 2 (build 169)
Library Manager: ArmAr.exe V5.05 update 2 (build 169)
Hex Converter:   FromElf.exe V5.05 update 2 (build 169)
CPU DLL:         SARMCM3.DLL V5.15.0
Dialog DLL:      DCM.DLL V1.13.2.0
Target DLL:      CMSIS_AGDI.dll V1.21.12.0
Dialog DLL:      TCM.DLL V1.14.5.0
 
<h2>Project:</h2>
E:\git_newcode\xuliqun25\LiteOS\regresstest\Cloud_STM32F429IGTx_FIRE\MDK-ARM\Huawei_LiteOS.uvprojx
Project File Date:  08/24/2018

<h2>Output:</h2>
*** Using Compiler 'V5.05 update 2 (build 169)', folder: 'C:\Keil_v5\ARM\ARMCC\Bin'
Build target 'HuaweiLiteOS'
compiling at_hal.c...
compiling dwt.c...
compiling eth.c...
compiling fota_port.c...
compiling sys_init.c...
compiling system_stm32f4xx.c...
compiling usart.c...
compiling test_main.c...
compiling sim900a.c...
compiling bc95.c...
compiling esp8266.c...
compiling cmsis_liteos.c...
compiling los_priqueue.c...
compiling los_swtmr.c...
compiling los_sys.c...
compiling los_task.c...
compiling los_tick.c...
compiling los_timeslice.c...
compiling los_event.c...
compiling los_mux.c...
compiling los_queue.c...
compiling los_sem.c...
compiling los_heap.c...
compiling los_membox.c...
compiling los_memcheck.c...
compiling los_memory.c...
compiling los_slab.c...
compiling los_slabmem.c...
compiling los_misc.c...
compiling los_err.c...
compiling los_init.c...
compiling los_tickless.c...
compiling los_hw.c...
compiling los_hw_tick.c...
compiling los_hwi.c...
compiling stm32f4xx_hal.c...
compiling stm32f4xx_hal_cortex.c...
compiling stm32f4xx_hal_rcc_ex.c...
compiling stm32f4xx_hal_dma.c...
compiling stm32f4xx_hal_dma_ex.c...
compiling stm32f4xx_hal_eth.c...
compiling stm32f4xx_hal_flash.c...
compiling stm32f4xx_hal_flash_ex.c...
compiling stm32f4xx_hal_flash_ramfunc.c...
compiling stm32f4xx_hal_gpio.c...
compiling stm32f4xx_hal_iwdg.c...
compiling stm32f4xx_hal_pwr.c...
compiling stm32f4xx_hal_pwr_ex.c...
compiling stm32f4xx_hal_rcc.c...
compiling stm32f4xx_hal_rng.c...
compiling stm32f4xx_hal_spi.c...
compiling stm32f4xx_hal_tim.c...
compiling stm32f4xx_hal_tim_ex.c...
compiling stm32f4xx_hal_uart.c...
compiling hal_flash.c...
compiling hal_iwdg.c...
compiling hal_rng.c...
compiling hal_spi_flash.c...
compiling api_lib.c...
compiling api_msg.c...
compiling err.c...
compiling netbuf.c...
compiling netdb.c...
compiling netifapi.c...
compiling sockets.c...
compiling tcpip.c...
compiling ip4_frag.c...
compiling ip4_addr.c...
compiling ip4.c...
compiling igmp.c...
compiling icmp.c...
compiling etharp.c...
compiling dhcp.c...
compiling autoip.c...
compiling def.c...
compiling dns.c...
compiling inet_chksum.c...
compiling init.c...
compiling ip.c...
compiling mem.c...
compiling memp.c...
compiling netif.c...
compiling pbuf.c...
compiling raw.c...
compiling stats.c...
compiling sys.c...
compiling tcp.c...
compiling tcp_in.c...
compiling tcp_out.c...
compiling timeouts.c...
compiling udp.c...
compiling ethernet.c...
compiling ethernetif.c...
compiling sys_arch.c...
compiling aes.c...
compiling aesni.c...
compiling arc4.c...
compiling asn1parse.c...
compiling asn1write.c...
compiling base64.c...
compiling bignum.c...
compiling blowfish.c...
compiling camellia.c...
compiling ccm.c...
compiling certs.c...
compiling cipher.c...
compiling cipher_wrap.c...
compiling cmac.c...
compiling ctr_drbg.c...
compiling debug.c...
compiling des.c...
compiling dhm.c...
compiling ecdh.c...
compiling ecdsa.c...
compiling ecjpake.c...
compiling ecp.c...
compiling ecp_curves.c...
compiling entropy.c...
compiling entropy_poll.c...
compiling error.c...
compiling gcm.c...
compiling havege.c...
compiling hmac_drbg.c...
compiling md.c...
compiling md_wrap.c...
compiling md2.c...
compiling md4.c...
compiling md5.c...
compiling memory_buffer_alloc.c...
compiling net_sockets.c...
compiling oid.c...
compiling padlock.c...
compiling pem.c...
compiling pk.c...
compiling pk_wrap.c...
compiling pkcs5.c...
compiling pkcs11.c...
compiling pkcs12.c...
compiling pkparse.c...
compiling pkwrite.c...
compiling platform.c...
compiling ripemd160.c...
compiling rsa.c...
compiling sha1.c...
compiling sha256.c...
compiling sha512.c...
compiling ssl_cache.c...
compiling ssl_ciphersuites.c...
compiling ssl_cli.c...
compiling ssl_cookie.c...
compiling ssl_srv.c...
compiling ssl_ticket.c...
compiling ssl_tls.c...
compiling threading.c...
compiling timing.c...
compiling version.c...
compiling version_features.c...
compiling x509.c...
compiling x509_create.c...
compiling x509_crl.c...
compiling x509_crt.c...
compiling x509_csr.c...
compiling x509write_crt.c...
compiling x509write_csr.c...
compiling xtea.c...
compiling dtls_interface.c...
compiling entropy_hardware_poll.c...
compiling net_sockets_alt.c...
compiling timing_alt.c...
compiling er-coap-13.c...
compiling block1.c...
compiling bootstrap.c...
compiling data.c...
compiling discover.c...
compiling json.c...
compiling liblwm2m.c...
compiling list.c...
compiling management.c...
compiling objects.c...
compiling observe.c...
compiling packet.c...
compiling registration.c...
compiling tlv.c...
compiling transaction.c...
compiling uri.c...
compiling utils.c...
compiling commandline.c...
compiling atiny_adapter.c...
compiling atiny_socket.c...
compiling agenttiny.c...
compiling atiny_log.c...
compiling object_access_control.c...
compiling object_binary_app_data_container.c...
compiling object_connectivity_moni.c...
compiling object_connectivity_stat.c...
compiling object_device.c...
compiling object_firmware.c...
compiling object_location.c...
compiling object_security.c...
compiling object_server.c...
compiling platform_adapter.c...
compiling atiny_rpt.c...
compiling connection.c...
compiling firmware_update.c...
compiling atiny_fota_manager.c...
compiling atiny_fota_state.c...
compiling atiny_update_info.c...
compiling agent_tiny_demo.c...
compiling agent_tiny_cmd_ioctl.c...
compiling at_api_interface.c...
compiling atadapter.c...
compiling los_nb_api.c...
compiling ota.c...
compiling ota_default.c...
compiling ota_crc.c...
compiling ota_sha256.c...
compiling fota_firmware_writer.c...
compiling fota_package_head.c...
compiling fota_package_storage_device.c...
compiling fota_package_checksum.c...
compiling auth.c...
compiling ccp.c...
compiling chap_ms.c...
compiling chap-md5.c...
compiling chap-new.c...
compiling demand.c...
compiling eap.c...
compiling ecp.c...
compiling eui64.c...
compiling fsm.c...
compiling ipcp.c...
compiling ipv6cp.c...
compiling lcp.c...
compiling magic.c...
compiling mppe.c...
compiling multilink.c...
compiling ppp.c...
compiling pppapi.c...
compiling pppcrypt.c...
compiling pppos.c...
compiling upap.c...
compiling utils.c...
compiling vj.c...
compiling arc4.c...
compiling des.c...
compiling md4.c...
compiling md5.c...
compiling sha1.c...
compiling iodev.c...
compiling kernel.c...
compiling ring.c...
compiling atcmd.c...
compiling demo.c...
compiling cmockery.c...
compiling agenttiny_test.c...
linking...
Program Size: Code=188068 RO-data=15936 RW-data=1960 ZI-data=49264  
".\Objects\Huawei_LiteOS.axf" - 0 Error(s), 0 Warning(s).

<h2>Software Packages used:</h2>

Package Vendor: ARM
                http://www.keil.com/pack/ARM.CMSIS.4.3.0.pack
                ARM::CMSIS:CORE:4.1.0
                CMSIS (Cortex Microcontroller Software Interface Standard)
   * Component: CORE Version: 4.1.0

<h2>Collection of Component include folders:</h2>
  E:\git_newcode\xuliqun25\LiteOS\regresstest\Cloud_STM32F429IGTx_FIRE\MDK-ARM\RTE
  C:\Keil_v5\ARM\PACK\ARM\CMSIS\4.3.0\CMSIS\Include
  C:\Keil_v5\ARM\PACK\Keil\STM32F4xx_DFP\2.11.0\Drivers\CMSIS\Device\ST\STM32F4xx\Include

<h2>Collection of Component Files used:</h2>

   * Component: ARM::CMSIS:CORE:4.1.0
</pre>
</body>
</html>
