<!doctype html public "-//w3c//dtd html 4.0 transitional//en">
<html><head>
<title>Static Call Graph - [.\Objects\Huawei_LiteOS.axf]</title></head>
<body><HR>
<H1>Static Call Graph for image .\Objects\Huawei_LiteOS.axf</H1><HR>
<BR><P>#&#060CALLGRAPH&#062# ARM Linker, 5050169: Last Updated: Tue Aug 28 19:41:18 2018
<BR><P>
<H3>Maximum Stack Usage =       3392 bytes + Unknown(Functions without stacksize, Cycles, Untraceable Function Pointers)</H3><H3>
Call chain for Maximum Stack Depth:</H3>
fota_pack_sha256_rsa2048_check &rArr; mbedtls_rsa_pkcs1_verify &rArr; mbedtls_rsa_rsassa_pss_verify &rArr; mbedtls_rsa_rsassa_pss_verify_ext &rArr; mbedtls_rsa_private &rArr; rsa_prepare_blinding &rArr; mbedtls_mpi_exp_mod &rArr; mbedtls_mpi_mod_mpi &rArr; mbedtls_mpi_div_mpi &rArr; mbedtls_mpi_mul_int &rArr; mbedtls_mpi_mul_mpi &rArr; mbedtls_mpi_copy &rArr; mbedtls_mpi_grow &rArr; __aeabi_memcpy4
<P>
<H3>
Functions with no stack information
</H3><UL>
 <LI><a href="#[2]">Reset_Handler</a>
 <LI><a href="#[146]">LOS_StartToRun</a>
 <LI><a href="#[115]">LOS_IntLock</a>
 <LI><a href="#[4fe]">LOS_IntUnLock</a>
 <LI><a href="#[116]">LOS_IntRestore</a>
 <LI><a href="#[13a]">osTaskSchedule</a>
 <LI><a href="#[4]">osPendSV</a>
</UL>
</UL>
<P>
<H3>
Mutually Recursive functions
</H3> <LI><a href="#[33b]">netconn_drain</a>&nbsp;&nbsp;&nbsp;&rArr;&nbsp;&nbsp;&nbsp;<a href="#[33b]">netconn_drain</a><BR>
 <LI><a href="#[ea]">_Error_Handler</a>&nbsp;&nbsp;&nbsp;&rArr;&nbsp;&nbsp;&nbsp;<a href="#[ea]">_Error_Handler</a><BR>
 <LI><a href="#[2c9]">remove_always_return_values</a>&nbsp;&nbsp;&nbsp;&rArr;&nbsp;&nbsp;&nbsp;<a href="#[2c9]">remove_always_return_values</a><BR>
 <LI><a href="#[21f]">check_for_leftover_values</a>&nbsp;&nbsp;&nbsp;&rArr;&nbsp;&nbsp;&nbsp;<a href="#[21f]">check_for_leftover_values</a><BR>
 <LI><a href="#[357]">lwip_sendto</a>&nbsp;&nbsp;&nbsp;&rArr;&nbsp;&nbsp;&nbsp;<a href="#[213]">lwip_send</a><BR>
 <LI><a href="#[19]">osIdleTask</a>&nbsp;&nbsp;&nbsp;&rArr;&nbsp;&nbsp;&nbsp;<a href="#[19]">osIdleTask</a><BR>
 <LI><a href="#[26a]">lwm2m_data_free</a>&nbsp;&nbsp;&nbsp;&rArr;&nbsp;&nbsp;&nbsp;<a href="#[26a]">lwm2m_data_free</a><BR>
 <LI><a href="#[37b]">tlv_parse</a>&nbsp;&nbsp;&nbsp;&rArr;&nbsp;&nbsp;&nbsp;<a href="#[37b]">tlv_parse</a><BR>
 <LI><a href="#[49d]">prv_getLength</a>&nbsp;&nbsp;&nbsp;&rArr;&nbsp;&nbsp;&nbsp;<a href="#[49d]">prv_getLength</a><BR>
 <LI><a href="#[37d]">tlv_serialize</a>&nbsp;&nbsp;&nbsp;&rArr;&nbsp;&nbsp;&nbsp;<a href="#[37d]">tlv_serialize</a><BR>
 <LI><a href="#[262]">prv_serializeLinkData</a>&nbsp;&nbsp;&nbsp;&rArr;&nbsp;&nbsp;&nbsp;<a href="#[262]">prv_serializeLinkData</a><BR>
 <LI><a href="#[2fb]">lwm2m_list_free</a>&nbsp;&nbsp;&nbsp;&rArr;&nbsp;&nbsp;&nbsp;<a href="#[2fb]">lwm2m_list_free</a><BR>
</UL>
<P>
<H3>
Function Pointers
</H3><UL>
 <LI><a href="#[6a]">ETH_IRQHandler</a> from eth.o(i.ETH_IRQHandler) referenced from sys_init.o(i.hieth_hw_init)
 <LI><a href="#[2]">Reset_Handler</a> from los_startup_keil.o(RESET) referenced 2 times from los_hwi.o(.data.vector)
 <LI><a href="#[2]">Reset_Handler</a> from los_startup_keil.o(RESET) referenced from los_startup_keil.o(RESET)
 <LI><a href="#[15]">SystemInit</a> from system_stm32f4xx.o(i.SystemInit) referenced from los_startup_keil.o(RESET)
 <LI><a href="#[16]">__main</a> from entry.o(.ARM.Collect$$$$00000000) referenced from los_startup_keil.o(RESET)
 <LI><a href="#[1b]">_snputc</a> from printfa.o(i._snputc) referenced from printfa.o(i.__0snprintf)
 <LI><a href="#[1b]">_snputc</a> from printfa.o(i._snputc) referenced from printfa.o(i.__0vsnprintf)
 <LI><a href="#[1c]">_sputc</a> from printfa.o(i._sputc) referenced from printfa.o(i.__0sprintf)
 <LI><a href="#[1f]">ack_callback</a> from agent_tiny_demo.o(i.ack_callback) referenced from agent_tiny_demo.o(i.app_data_report)
 <LI><a href="#[72]">add_zeros_and_len_padding</a> from cipher.o(i.add_zeros_and_len_padding) referenced from cipher.o(i.mbedtls_cipher_set_padding_mode)
 <LI><a href="#[9f]">aes_crypt_cbc_wrap</a> from cipher_wrap.o(i.aes_crypt_cbc_wrap) referenced from cipher_wrap.o(.constdata)
 <LI><a href="#[9e]">aes_crypt_ecb_wrap</a> from cipher_wrap.o(i.aes_crypt_ecb_wrap) referenced from cipher_wrap.o(.constdata)
 <LI><a href="#[a2]">aes_ctx_alloc</a> from cipher_wrap.o(i.aes_ctx_alloc) referenced from cipher_wrap.o(.constdata)
 <LI><a href="#[a3]">aes_ctx_free</a> from cipher_wrap.o(i.aes_ctx_free) referenced from cipher_wrap.o(.constdata)
 <LI><a href="#[a1]">aes_setkey_dec_wrap</a> from cipher_wrap.o(i.aes_setkey_dec_wrap) referenced from cipher_wrap.o(.constdata)
 <LI><a href="#[a0]">aes_setkey_enc_wrap</a> from cipher_wrap.o(i.aes_setkey_enc_wrap) referenced from cipher_wrap.o(.constdata)
 <LI><a href="#[c6]">agenttiny_deinit_test</a> from agenttiny_test.o(i.agenttiny_deinit_test) referenced from agenttiny_test.o(.constdata)
 <LI><a href="#[c5]">agenttiny_init_test</a> from agenttiny_test.o(i.agenttiny_init_test) referenced from agenttiny_test.o(.constdata)
 <LI><a href="#[34]">app_data_report</a> from agent_tiny_demo.o(i.app_data_report) referenced from agent_tiny_demo.o(i.creat_report_task)
 <LI><a href="#[a7]">arc4_crypt_stream_wrap</a> from cipher_wrap.o(i.arc4_crypt_stream_wrap) referenced from cipher_wrap.o(.constdata)
 <LI><a href="#[a9]">arc4_ctx_alloc</a> from cipher_wrap.o(i.arc4_ctx_alloc) referenced from cipher_wrap.o(.constdata)
 <LI><a href="#[aa]">arc4_ctx_free</a> from cipher_wrap.o(i.arc4_ctx_free) referenced from cipher_wrap.o(.constdata)
 <LI><a href="#[a8]">arc4_setkey_wrap</a> from cipher_wrap.o(i.arc4_setkey_wrap) referenced 2 times from cipher_wrap.o(.constdata)
 <LI><a href="#[20]">arp_timer</a> from ethernetif.o(i.arp_timer) referenced from ethernetif.o(i.arp_timer)
 <LI><a href="#[20]">arp_timer</a> from ethernetif.o(i.arp_timer) referenced from ethernetif.o(i.ethernetif_init)
 <LI><a href="#[38]">atiny_calloc</a> from dtls_interface.o(i.atiny_calloc) referenced from dtls_interface.o(i.dtls_int)
 <LI><a href="#[25]">atiny_clear_rpt_list</a> from atiny_rpt.o(i.atiny_clear_rpt_list) referenced from atiny_rpt.o(i.atiny_destroy_rpt)
 <LI><a href="#[24]">atiny_clear_rpt_list_node_data</a> from atiny_rpt.o(i.atiny_clear_rpt_list_node_data) referenced from atiny_rpt.o(i.atiny_clear_rpt_data)
 <LI><a href="#[24]">atiny_clear_rpt_list_node_data</a> from atiny_rpt.o(i.atiny_clear_rpt_list_node_data) referenced from atiny_rpt.o(i.atiny_clear_rpt_list)
 <LI><a href="#[24]">atiny_clear_rpt_list_node_data</a> from atiny_rpt.o(i.atiny_clear_rpt_list_node_data) referenced from atiny_rpt.o(i.atiny_rm_rpt_uri)
 <LI><a href="#[23]">atiny_connection_err_notify</a> from agenttiny.o(i.atiny_connection_err_notify) referenced from agenttiny.o(i.atiny_bind)
 <LI><a href="#[22]">atiny_event_handle</a> from agenttiny.o(i.atiny_event_handle) referenced from agenttiny.o(i.atiny_bind)
 <LI><a href="#[27]">atiny_fota_downloaded_state_execute_update</a> from atiny_fota_state.o(i.atiny_fota_downloaded_state_execute_update) referenced from atiny_fota_state.o(i.atiny_fota_downloaded_state_init)
 <LI><a href="#[28]">atiny_fota_downloaded_state_recv_notify_ack</a> from atiny_fota_state.o(i.atiny_fota_downloaded_state_recv_notify_ack) referenced from atiny_fota_state.o(i.atiny_fota_downloaded_state_init)
 <LI><a href="#[29]">atiny_fota_downloading_state_finish_download</a> from atiny_fota_state.o(i.atiny_fota_downloading_state_finish_download) referenced from atiny_fota_state.o(i.atiny_fota_downloading_state_init)
 <LI><a href="#[2a]">atiny_fota_downloading_state_recv_notify_ack</a> from atiny_fota_state.o(i.atiny_fota_downloading_state_recv_notify_ack) referenced from atiny_fota_state.o(i.atiny_fota_downloading_state_init)
 <LI><a href="#[2c]">atiny_fota_idle_state_recv_notify_ack</a> from atiny_fota_state.o(i.atiny_fota_idle_state_recv_notify_ack) referenced from atiny_fota_state.o(i.atiny_fota_idle_state_init)
 <LI><a href="#[2b]">atiny_fota_idle_state_report_result</a> from atiny_fota_state.o(i.atiny_fota_idle_state_report_result) referenced from atiny_fota_state.o(i.atiny_fota_idle_state_init)
 <LI><a href="#[2d]">atiny_fota_manager_notify_ack_callback</a> from atiny_fota_manager.o(i.atiny_fota_manager_notify_ack_callback) referenced from atiny_fota_manager.o(i.atiny_fota_manager_get_data_cfg)
 <LI><a href="#[2e]">atiny_fota_manager_update_notify</a> from atiny_fota_manager.o(i.atiny_fota_manager_update_notify) referenced from atiny_fota_manager.o(i.atiny_fota_manager_init)
 <LI><a href="#[26]">atiny_fota_start_download</a> from atiny_fota_state.o(i.atiny_fota_start_download) referenced from atiny_fota_state.o(i.atiny_fota_downloaded_state_init)
 <LI><a href="#[26]">atiny_fota_start_download</a> from atiny_fota_state.o(i.atiny_fota_start_download) referenced from atiny_fota_state.o(i.atiny_fota_idle_state_init)
 <LI><a href="#[2f]">atiny_fota_state_default_handle</a> from atiny_fota_state.o(i.atiny_fota_state_default_handle) referenced from atiny_fota_state.o(i.atiny_fota_state_init)
 <LI><a href="#[37]">atiny_free</a> from atiny_adapter.o(i.atiny_free) referenced from dtls_interface.o(i.dtls_int)
 <LI><a href="#[30]">atiny_notify_stack_rpt_data_change</a> from atiny_rpt.o(i.atiny_notify_stack_rpt_data_change) referenced from atiny_rpt.o(i.atiny_step_rpt)
 <LI><a href="#[3a]">atiny_printf</a> from atiny_adapter.o(i.atiny_printf) referenced from dtls_interface.o(i.dtls_int)
 <LI><a href="#[39]">atiny_snprintf</a> from atiny_adapter.o(i.atiny_snprintf) referenced from dtls_interface.o(i.dtls_int)
 <LI><a href="#[11]">calloc</a> from calloc.o(.text) referenced 2 times from platform.o(.data)
 <LI><a href="#[a4]">ccm_aes_setkey_wrap</a> from cipher_wrap.o(i.ccm_aes_setkey_wrap) referenced 2 times from cipher_wrap.o(.constdata)
 <LI><a href="#[a5]">ccm_ctx_alloc</a> from cipher_wrap.o(i.ccm_ctx_alloc) referenced from cipher_wrap.o(.constdata)
 <LI><a href="#[a6]">ccm_ctx_free</a> from cipher_wrap.o(i.ccm_ctx_free) referenced from cipher_wrap.o(.constdata)
 <LI><a href="#[35]">cyclic_timer</a> from timeouts.o(i.cyclic_timer) referenced from timeouts.o(i.cyclic_timer)
 <LI><a href="#[35]">cyclic_timer</a> from timeouts.o(i.cyclic_timer) referenced from timeouts.o(i.sys_timeouts_init)
 <LI><a href="#[9b]">dhcp_coarse_tmr</a> from dhcp.o(i.dhcp_coarse_tmr) referenced from timeouts.o(.constdata)
 <LI><a href="#[9c]">dhcp_fine_tmr</a> from dhcp.o(i.dhcp_fine_tmr) referenced from timeouts.o(.constdata)
 <LI><a href="#[36]">dns_recv</a> from dns.o(i.dns_recv) referenced from dns.o(i.dns_alloc_pcb)
 <LI><a href="#[9d]">dns_tmr</a> from dns.o(i.dns_tmr) referenced from timeouts.o(.constdata)
 <LI><a href="#[6e]">err_tcp</a> from api_msg.o(i.err_tcp) referenced from api_msg.o(i.lwip_netconn_do_close_internal)
 <LI><a href="#[6e]">err_tcp</a> from api_msg.o(i.err_tcp) referenced from api_msg.o(i.setup_tcp)
 <LI><a href="#[5]">eth_init</a> from eth.o(i.eth_init) referenced 2 times from eth.o(.data)
 <LI><a href="#[7]">eth_input</a> from eth.o(i.eth_input) referenced 2 times from eth.o(.data)
 <LI><a href="#[6]">eth_output</a> from eth.o(i.eth_output) referenced 2 times from eth.o(.data)
 <LI><a href="#[42]">eth_thread</a> from eth.o(i.eth_thread) referenced from eth.o(i.eth_init)
 <LI><a href="#[43]">etharp_output</a> from etharp.o(i.etharp_output) referenced from ethernetif.o(i.ethernetif_init)
 <LI><a href="#[9a]">etharp_tmr</a> from etharp.o(i.etharp_tmr) referenced from timeouts.o(.constdata)
 <LI><a href="#[7b]">ethernet_input</a> from ethernet.o(i.ethernet_input) referenced from sys_init.o(i.net_init)
 <LI><a href="#[7c]">ethernetif_init</a> from ethernetif.o(i.ethernetif_init) referenced from sys_init.o(i.net_init)
 <LI><a href="#[71]">event_callback</a> from sockets.o(i.event_callback) referenced from sockets.o(i.lwip_socket)
 <LI><a href="#[1d]">exception_handler</a> from cmockery.o(i.exception_handler) referenced from cmockery.o(i._run_test)
 <LI><a href="#[45]">firmware_download_reply</a> from firmware_update.o(i.firmware_download_reply) referenced from firmware_update.o(i.firmware_download_reply)
 <LI><a href="#[45]">firmware_download_reply</a> from firmware_update.o(i.firmware_download_reply) referenced from firmware_update.o(i.start_firmware_download)
 <LI><a href="#[4e]">fota_pack_sha256_check</a> from fota_package_checksum.o(i.fota_pack_sha256_check) referenced from fota_package_checksum.o(i.fota_pack_sha256_init)
 <LI><a href="#[4f]">fota_pack_sha256_destroy</a> from fota_package_checksum.o(i.fota_pack_sha256_destroy) referenced from fota_package_checksum.o(i.fota_pack_sha256_init)
 <LI><a href="#[4c]">fota_pack_sha256_reset</a> from fota_package_checksum.o(i.fota_pack_sha256_reset) referenced from fota_package_checksum.o(i.fota_pack_sha256_init)
 <LI><a href="#[50]">fota_pack_sha256_rsa2048_check</a> from fota_package_checksum.o(i.fota_pack_sha256_rsa2048_check) referenced from fota_package_checksum.o(i.fota_pack_sha256_rsa2048_init)
 <LI><a href="#[4d]">fota_pack_sha256_update</a> from fota_package_checksum.o(i.fota_pack_sha256_update) referenced from fota_package_checksum.o(i.fota_pack_sha256_init)
 <LI><a href="#[48]">fota_pack_storage_active_software</a> from fota_package_storage_device.o(i.fota_pack_storage_active_software) referenced from fota_package_storage_device.o(i.fota_get_pack_device)
 <LI><a href="#[49]">fota_pack_storage_get_software_result</a> from fota_package_storage_device.o(i.fota_pack_storage_get_software_result) referenced from fota_package_storage_device.o(i.fota_get_pack_device)
 <LI><a href="#[4b]">fota_pack_storage_read_update_info</a> from fota_package_storage_device.o(i.fota_pack_storage_read_update_info) referenced from fota_package_storage_device.o(i.fota_get_pack_device)
 <LI><a href="#[46]">fota_pack_storage_write_software</a> from fota_package_storage_device.o(i.fota_pack_storage_write_software) referenced from fota_package_storage_device.o(i.fota_get_pack_device)
 <LI><a href="#[47]">fota_pack_storage_write_software_end</a> from fota_package_storage_device.o(i.fota_pack_storage_write_software_end) referenced from fota_package_storage_device.o(i.fota_get_pack_device)
 <LI><a href="#[4a]">fota_pack_storage_write_update_info</a> from fota_package_storage_device.o(i.fota_pack_storage_write_update_info) referenced from fota_package_storage_device.o(i.fota_get_pack_device)
 <LI><a href="#[1a]">fputc</a> from usart.o(i.fputc) referenced from printfa.o(i.__0fprintf)
 <LI><a href="#[1a]">fputc</a> from usart.o(i.fputc) referenced from printfa.o(i.__0printf)
 <LI><a href="#[12]">free</a> from malloc1.o(i.__free$1region) referenced 2 times from platform.o(.data)
 <LI><a href="#[1e]">free_symbol_map_value</a> from cmockery.o(i.free_symbol_map_value) referenced from cmockery.o(i._run_test)
 <LI><a href="#[1e]">free_symbol_map_value</a> from cmockery.o(i.free_symbol_map_value) referenced from cmockery.o(i.free_symbol_map_value)
 <LI><a href="#[1e]">free_symbol_map_value</a> from cmockery.o(i.free_symbol_map_value) referenced from cmockery.o(i.get_symbol_value)
 <LI><a href="#[51]">free_value</a> from cmockery.o(i.free_value) referenced from cmockery.o(i.free_symbol_map_value)
 <LI><a href="#[51]">free_value</a> from cmockery.o(i.free_value) referenced from cmockery.o(i.remove_always_return_values)
 <LI><a href="#[74]">get_no_padding</a> from cipher.o(i.get_no_padding) referenced from cipher.o(i.mbedtls_cipher_set_padding_mode)
 <LI><a href="#[73]">get_zeros_and_len_padding</a> from cipher.o(i.get_zeros_and_len_padding) referenced from cipher.o(i.mbedtls_cipher_set_padding_mode)
 <LI><a href="#[a]">hal_fota_active_software</a> from fota_port.o(i.hal_fota_active_software) referenced 2 times from fota_port.o(.data)
 <LI><a href="#[e]">hal_fota_get_block_size</a> from fota_port.o(i.hal_fota_get_block_size) referenced 2 times from fota_port.o(.data)
 <LI><a href="#[f]">hal_fota_get_max_size</a> from fota_port.o(i.hal_fota_get_max_size) referenced 2 times from fota_port.o(.data)
 <LI><a href="#[b]">hal_fota_get_software_result</a> from fota_port.o(i.hal_fota_get_software_result) referenced 2 times from fota_port.o(.data)
 <LI><a href="#[10]">hal_fota_read_software</a> from fota_port.o(i.hal_fota_read_software) referenced 2 times from fota_port.o(.data)
 <LI><a href="#[d]">hal_fota_read_update_info</a> from fota_port.o(i.hal_fota_read_update_info) referenced 2 times from fota_port.o(.data)
 <LI><a href="#[8]">hal_fota_write_software</a> from fota_port.o(i.hal_fota_write_software) referenced 2 times from fota_port.o(.data)
 <LI><a href="#[9]">hal_fota_write_software_end</a> from fota_port.o(i.hal_fota_write_software_end) referenced 2 times from fota_port.o(.data)
 <LI><a href="#[c]">hal_fota_write_update_info</a> from fota_port.o(i.hal_fota_write_update_info) referenced 2 times from fota_port.o(.data)
 <LI><a href="#[7a]">hal_rng_generate_number</a> from hal_rng.o(i.hal_rng_generate_number) referenced from sys_init.o(i.net_init)
 <LI><a href="#[69]">hal_spi_flash_erase_write</a> from hal_spi_flash.o(i.hal_spi_flash_erase_write) referenced from fota_port.o(i.hal_init_fota)
 <LI><a href="#[68]">hal_spi_flash_read</a> from hal_spi_flash.o(i.hal_spi_flash_read) referenced from fota_port.o(i.hal_init_fota)
 <LI><a href="#[99]">ip_reass_tmr</a> from ip4_frag.o(i.ip_reass_tmr) referenced from timeouts.o(.constdata)
 <LI><a href="#[6b]">ipfrag_free_pbuf_custom</a> from ip4_frag.o(i.ipfrag_free_pbuf_custom) referenced from ip4_frag.o(i.ip4_frag)
 <LI><a href="#[44]">low_level_output</a> from ethernetif.o(i.low_level_output) referenced from ethernetif.o(i.ethernetif_init)
 <LI><a href="#[7d]">lwip_netconn_do_close</a> from api_msg.o(i.lwip_netconn_do_close) referenced from api_lib.o(i.netconn_close_shutdown)
 <LI><a href="#[7e]">lwip_netconn_do_connect</a> from api_msg.o(i.lwip_netconn_do_connect) referenced from api_lib.o(i.netconn_connect)
 <LI><a href="#[6f]">lwip_netconn_do_connected</a> from api_msg.o(i.lwip_netconn_do_connected) referenced from api_msg.o(i.lwip_netconn_do_connect)
 <LI><a href="#[7f]">lwip_netconn_do_delconn</a> from api_msg.o(i.lwip_netconn_do_delconn) referenced from api_lib.o(i.netconn_delete)
 <LI><a href="#[80]">lwip_netconn_do_disconnect</a> from api_msg.o(i.lwip_netconn_do_disconnect) referenced from api_lib.o(i.netconn_disconnect)
 <LI><a href="#[70]">lwip_netconn_do_dns_found</a> from api_msg.o(i.lwip_netconn_do_dns_found) referenced from api_msg.o(i.lwip_netconn_do_gethostbyname)
 <LI><a href="#[81]">lwip_netconn_do_getaddr</a> from api_msg.o(i.lwip_netconn_do_getaddr) referenced from api_lib.o(i.netconn_getaddr)
 <LI><a href="#[82]">lwip_netconn_do_gethostbyname</a> from api_msg.o(i.lwip_netconn_do_gethostbyname) referenced from api_lib.o(i.netconn_gethostbyname)
 <LI><a href="#[83]">lwip_netconn_do_newconn</a> from api_msg.o(i.lwip_netconn_do_newconn) referenced from api_lib.o(i.netconn_new_with_proto_and_callback)
 <LI><a href="#[84]">lwip_netconn_do_recv</a> from api_msg.o(i.lwip_netconn_do_recv) referenced from api_lib.o(i.netconn_recv_data)
 <LI><a href="#[85]">lwip_netconn_do_send</a> from api_msg.o(i.lwip_netconn_do_send) referenced from api_lib.o(i.netconn_send)
 <LI><a href="#[86]">lwip_netconn_do_write</a> from api_msg.o(i.lwip_netconn_do_write) referenced from api_lib.o(i.netconn_write_partly)
 <LI><a href="#[17]">main</a> from test_main.o(i.main) referenced from entry9a.o(.ARM.Collect$$$$0000000B)
 <LI><a href="#[33]">main_task</a> from test_main.o(i.main_task) referenced from test_main.o(i.creat_main_task)
 <LI><a href="#[41]">mbedtls_ctr_drbg_random</a> from ctr_drbg.o(i.mbedtls_ctr_drbg_random) referenced from dtls_interface.o(i.dtls_ssl_new_with_psk)
 <LI><a href="#[40]">mbedtls_entropy_func</a> from entropy.o(i.mbedtls_entropy_func) referenced from dtls_interface.o(i.dtls_ssl_new_with_psk)
 <LI><a href="#[75]">mbedtls_hardware_poll</a> from entropy_hardware_poll.o(i.mbedtls_hardware_poll) referenced from entropy.o(i.mbedtls_entropy_init)
 <LI><a href="#[ae]">mbedtls_md5</a> from md5.o(i.mbedtls_md5) referenced from md_wrap.o(.constdata)
 <LI><a href="#[3c]">mbedtls_net_recv</a> from net_sockets_alt.o(i.mbedtls_net_recv) referenced from dtls_interface.o(i.dtls_shakehand)
 <LI><a href="#[3b]">mbedtls_net_recv_timeout</a> from net_sockets_alt.o(i.mbedtls_net_recv_timeout) referenced from dtls_interface.o(i.dtls_shakehand)
 <LI><a href="#[3d]">mbedtls_net_send</a> from net_sockets_alt.o(i.mbedtls_net_send) referenced from dtls_interface.o(i.dtls_shakehand)
 <LI><a href="#[b6]">mbedtls_sha1</a> from sha1.o(i.mbedtls_sha1) referenced from md_wrap.o(.constdata)
 <LI><a href="#[3e]">mbedtls_timing_get_delay</a> from timing_alt.o(i.mbedtls_timing_get_delay) referenced from dtls_interface.o(i.dtls_shakehand)
 <LI><a href="#[3f]">mbedtls_timing_set_delay</a> from timing_alt.o(i.mbedtls_timing_set_delay) referenced from dtls_interface.o(i.dtls_shakehand)
 <LI><a href="#[b1]">md5_clone_wrap</a> from md_wrap.o(i.md5_clone_wrap) referenced from md_wrap.o(.constdata)
 <LI><a href="#[af]">md5_ctx_alloc</a> from md_wrap.o(i.md5_ctx_alloc) referenced from md_wrap.o(.constdata)
 <LI><a href="#[b0]">md5_ctx_free</a> from md_wrap.o(i.md5_ctx_free) referenced from md_wrap.o(.constdata)
 <LI><a href="#[ad]">md5_finish_wrap</a> from md_wrap.o(i.md5_finish_wrap) referenced from md_wrap.o(.constdata)
 <LI><a href="#[b2]">md5_process_wrap</a> from md_wrap.o(i.md5_process_wrap) referenced from md_wrap.o(.constdata)
 <LI><a href="#[ab]">md5_starts_wrap</a> from md_wrap.o(i.md5_starts_wrap) referenced from md_wrap.o(.constdata)
 <LI><a href="#[ac]">md5_update_wrap</a> from md_wrap.o(i.md5_update_wrap) referenced from md_wrap.o(.constdata)
 <LI><a href="#[21]">observe_handle_ack</a> from agenttiny.o(i.observe_handle_ack) referenced from agenttiny.o(i.atiny_bind)
 <LI><a href="#[3]">osHwiDefaultHandler</a> from los_hwi.o(i.osHwiDefaultHandler) referenced 16 times from los_hwi.o(.data.vector)
 <LI><a href="#[3]">osHwiDefaultHandler</a> from los_hwi.o(i.osHwiDefaultHandler) referenced from los_hwi.o(i.LOS_HwiCreate)
 <LI><a href="#[3]">osHwiDefaultHandler</a> from los_hwi.o(i.osHwiDefaultHandler) referenced from los_hwi.o(i.osHwiInit)
 <LI><a href="#[19]">osIdleTask</a> from los_task.o(i.osIdleTask) referenced from los_task.o(i.LOS_TaskCreateOnly)
 <LI><a href="#[19]">osIdleTask</a> from los_task.o(i.osIdleTask) referenced from los_task.o(i.osIdleTaskCreate)
 <LI><a href="#[18]">osInterrupt</a> from los_hwi.o(i.osInterrupt) referenced from los_hwi.o(i.LOS_HwiCreate)
 <LI><a href="#[18]">osInterrupt</a> from los_hwi.o(i.osInterrupt) referenced from los_hw_tick.o(i.osTickStart)
 <LI><a href="#[4]">osPendSV</a> from los_dispatch_keil.o(.text) referenced 2 times from los_hwi.o(.data.vector)
 <LI><a href="#[87]">osSwTmrTask</a> from los_swtmr.o(i.osSwTmrTask) referenced from los_swtmr.o(i.osSwTmrTaskCreate)
 <LI><a href="#[8b]">osTaskEntry</a> from los_task.o(i.osTaskEntry) referenced from los_hw.o(i.osTskStackInit)
 <LI><a href="#[8a]">osTaskExit</a> from los_hw.o(i.osTaskExit) referenced from los_hw.o(i.osTskStackInit)
 <LI><a href="#[88]">osTaskSwitchCheck</a> from los_task.o(i.osTaskSwitchCheck) referenced from los_task.o(i.osTaskMonInit)
 <LI><a href="#[89]">osTickHandler</a> from los_tick.o(i.osTickHandler) referenced from los_hw_tick.o(i.osTickStart)
 <LI><a href="#[8c]">ota_default_check_update_state</a> from ota_default.o(i.ota_default_check_update_state) referenced from ota.o(i.ota_check_update_state)
 <LI><a href="#[8d]">ota_default_init</a> from ota_default.o(i.ota_default_init) referenced from ota.o(i.ota_init)
 <LI><a href="#[8e]">ota_default_set_reboot</a> from ota_default.o(i.ota_default_set_reboot) referenced from ota.o(i.ota_set_reboot)
 <LI><a href="#[6d]">poll_tcp</a> from api_msg.o(i.poll_tcp) referenced from api_msg.o(i.lwip_netconn_do_close_internal)
 <LI><a href="#[6d]">poll_tcp</a> from api_msg.o(i.poll_tcp) referenced from api_msg.o(i.setup_tcp)
 <LI><a href="#[14]">printf</a> from printfa.o(i.__0printf) referenced 2 times from platform.o(.data)
 <LI><a href="#[14]">printf</a> from printfa.o(i.__0printf) referenced from fota_port.o(i.hal_init_fota)
 <LI><a href="#[56]">prv_create</a> from object_binary_app_data_container.o(i.prv_create) referenced from object_binary_app_data_container.o(i.get_binary_app_data_object)
 <LI><a href="#[57]">prv_delete</a> from object_binary_app_data_container.o(i.prv_delete) referenced from object_binary_app_data_container.o(i.get_binary_app_data_object)
 <LI><a href="#[5a]">prv_device_discover</a> from object_device.o(i.prv_device_discover) referenced from object_device.o(i.get_object_device)
 <LI><a href="#[5c]">prv_device_execute</a> from object_device.o(i.prv_device_execute) referenced from object_device.o(i.get_object_device)
 <LI><a href="#[59]">prv_device_read</a> from object_device.o(i.prv_device_read) referenced from object_device.o(i.get_object_device)
 <LI><a href="#[5b]">prv_device_write</a> from object_device.o(i.prv_device_write) referenced from object_device.o(i.get_object_device)
 <LI><a href="#[53]">prv_discover</a> from object_binary_app_data_container.o(i.prv_discover) referenced from object_binary_app_data_container.o(i.get_binary_app_data_object)
 <LI><a href="#[55]">prv_exec</a> from object_binary_app_data_container.o(i.prv_exec) referenced from object_binary_app_data_container.o(i.get_binary_app_data_object)
 <LI><a href="#[5f]">prv_firmware_execute</a> from object_firmware.o(i.prv_firmware_execute) referenced from object_firmware.o(i.get_object_firmware)
 <LI><a href="#[5d]">prv_firmware_read</a> from object_firmware.o(i.prv_firmware_read) referenced from object_firmware.o(i.get_object_firmware)
 <LI><a href="#[5e]">prv_firmware_write</a> from object_firmware.o(i.prv_firmware_write) referenced from object_firmware.o(i.get_object_firmware)
 <LI><a href="#[92]">prv_handleDeregistrationReply</a> from registration.o(i.prv_handleDeregistrationReply) referenced from registration.o(i.registration_deregister)
 <LI><a href="#[90]">prv_handleRegistrationReply</a> from registration.o(i.prv_handleRegistrationReply) referenced from registration.o(i.prv_register)
 <LI><a href="#[91]">prv_handleRegistrationUpdateReply</a> from registration.o(i.prv_handleRegistrationUpdateReply) referenced from registration.o(i.prv_updateRegistration)
 <LI><a href="#[52]">prv_read</a> from object_binary_app_data_container.o(i.prv_read) referenced from object_binary_app_data_container.o(i.get_binary_app_data_object)
 <LI><a href="#[58]">prv_read</a> from object_connectivity_moni.o(i.prv_read) referenced from object_connectivity_moni.o(i.get_object_conn_m)
 <LI><a href="#[60]">prv_security_read</a> from object_security.o(i.prv_security_read) referenced from object_security.o(i.get_security_object)
 <LI><a href="#[64]">prv_server_create</a> from object_server.o(i.prv_server_create) referenced from object_server.o(i.get_server_object)
 <LI><a href="#[65]">prv_server_delete</a> from object_server.o(i.prv_server_delete) referenced from object_server.o(i.get_server_object)
 <LI><a href="#[62]">prv_server_discover</a> from object_server.o(i.prv_server_discover) referenced from object_server.o(i.get_server_object)
 <LI><a href="#[66]">prv_server_execute</a> from object_server.o(i.prv_server_execute) referenced from object_server.o(i.get_server_object)
 <LI><a href="#[61]">prv_server_read</a> from object_server.o(i.prv_server_read) referenced from object_server.o(i.get_server_object)
 <LI><a href="#[63]">prv_server_write</a> from object_server.o(i.prv_server_write) referenced from object_server.o(i.get_server_object)
 <LI><a href="#[54]">prv_write</a> from object_binary_app_data_container.o(i.prv_write) referenced from object_binary_app_data_container.o(i.get_binary_app_data_object)
 <LI><a href="#[93]">recv_tcp</a> from api_msg.o(i.recv_tcp) referenced from api_msg.o(i.setup_tcp)
 <LI><a href="#[8f]">recv_udp</a> from api_msg.o(i.recv_udp) referenced from api_msg.o(i.pcb_new)
 <LI><a href="#[6c]">sent_tcp</a> from api_msg.o(i.sent_tcp) referenced from api_msg.o(i.lwip_netconn_do_close_internal)
 <LI><a href="#[6c]">sent_tcp</a> from api_msg.o(i.sent_tcp) referenced from api_msg.o(i.setup_tcp)
 <LI><a href="#[b9]">sha1_clone_wrap</a> from md_wrap.o(i.sha1_clone_wrap) referenced from md_wrap.o(.constdata)
 <LI><a href="#[b7]">sha1_ctx_alloc</a> from md_wrap.o(i.sha1_ctx_alloc) referenced from md_wrap.o(.constdata)
 <LI><a href="#[b8]">sha1_ctx_free</a> from md_wrap.o(i.sha1_ctx_free) referenced from md_wrap.o(.constdata)
 <LI><a href="#[b5]">sha1_finish_wrap</a> from md_wrap.o(i.sha1_finish_wrap) referenced from md_wrap.o(.constdata)
 <LI><a href="#[ba]">sha1_process_wrap</a> from md_wrap.o(i.sha1_process_wrap) referenced from md_wrap.o(.constdata)
 <LI><a href="#[b3]">sha1_starts_wrap</a> from md_wrap.o(i.sha1_starts_wrap) referenced from md_wrap.o(.constdata)
 <LI><a href="#[b4]">sha1_update_wrap</a> from md_wrap.o(i.sha1_update_wrap) referenced from md_wrap.o(.constdata)
 <LI><a href="#[c1]">sha224_clone_wrap</a> from md_wrap.o(i.sha224_clone_wrap) referenced 2 times from md_wrap.o(.constdata)
 <LI><a href="#[bf]">sha224_ctx_alloc</a> from md_wrap.o(i.sha224_ctx_alloc) referenced 2 times from md_wrap.o(.constdata)
 <LI><a href="#[c0]">sha224_ctx_free</a> from md_wrap.o(i.sha224_ctx_free) referenced 2 times from md_wrap.o(.constdata)
 <LI><a href="#[bd]">sha224_finish_wrap</a> from md_wrap.o(i.sha224_finish_wrap) referenced 2 times from md_wrap.o(.constdata)
 <LI><a href="#[c2]">sha224_process_wrap</a> from md_wrap.o(i.sha224_process_wrap) referenced 2 times from md_wrap.o(.constdata)
 <LI><a href="#[bb]">sha224_starts_wrap</a> from md_wrap.o(i.sha224_starts_wrap) referenced from md_wrap.o(.constdata)
 <LI><a href="#[bc]">sha224_update_wrap</a> from md_wrap.o(i.sha224_update_wrap) referenced 2 times from md_wrap.o(.constdata)
 <LI><a href="#[be]">sha224_wrap</a> from md_wrap.o(i.sha224_wrap) referenced from md_wrap.o(.constdata)
 <LI><a href="#[c3]">sha256_starts_wrap</a> from md_wrap.o(i.sha256_starts_wrap) referenced from md_wrap.o(.constdata)
 <LI><a href="#[c4]">sha256_wrap</a> from md_wrap.o(i.sha256_wrap) referenced from md_wrap.o(.constdata)
 <LI><a href="#[13]">snprintf</a> from printfa.o(i.__0snprintf) referenced 2 times from platform.o(.data)
 <LI><a href="#[78]">ssl_calc_finished_tls_sha256</a> from ssl_tls.o(i.ssl_calc_finished_tls_sha256) referenced from ssl_tls.o(i.mbedtls_ssl_derive_keys)
 <LI><a href="#[77]">ssl_calc_verify_tls_sha256</a> from ssl_tls.o(i.ssl_calc_verify_tls_sha256) referenced from ssl_tls.o(i.mbedtls_ssl_derive_keys)
 <LI><a href="#[79]">ssl_update_checksum_sha256</a> from ssl_tls.o(i.ssl_update_checksum_sha256) referenced from ssl_tls.o(i.mbedtls_ssl_optimize_checksum)
 <LI><a href="#[94]">ssl_update_checksum_start</a> from ssl_tls.o(i.ssl_update_checksum_start) referenced from ssl_tls.o(i.ssl_handshake_init)
 <LI><a href="#[67]">symbol_names_match</a> from cmockery.o(i.symbol_names_match) referenced from cmockery.o(i.get_symbol_value)
 <LI><a href="#[95]">tcp_recv_null</a> from tcp.o(i.tcp_recv_null) referenced from tcp.o(i.tcp_alloc)
 <LI><a href="#[98]">tcp_tmr</a> from tcp.o(i.tcp_tmr) referenced from timeouts.o(.constdata)
 <LI><a href="#[96]">tcpip_tcp_timer</a> from timeouts.o(i.tcpip_tcp_timer) referenced from timeouts.o(i.tcp_timer_needed)
 <LI><a href="#[96]">tcpip_tcp_timer</a> from timeouts.o(i.tcpip_tcp_timer) referenced from timeouts.o(i.tcpip_tcp_timer)
 <LI><a href="#[97]">tcpip_thread</a> from tcpip.o(i.tcpip_thread) referenced from tcpip.o(i.tcpip_init)
 <LI><a href="#[31]">test_deinit_task</a> from agenttiny_test.o(i.test_deinit_task) referenced from agenttiny_test.o(i.creat_deinit_task)
 <LI><a href="#[32]">test_init_task</a> from agenttiny_test.o(i.test_init_task) referenced from agenttiny_test.o(i.creat_init_task)
 <LI><a href="#[76]">tls_prf_sha256</a> from ssl_tls.o(i.tls_prf_sha256) referenced from ssl_tls.o(i.mbedtls_ssl_derive_keys)
</UL>
<P>
<H3>
Global Symbols
</H3>
<P><STRONG><a name="[2]"></a>Reset_Handler</STRONG> (Thumb, 0 bytes, Stack size unknown bytes, los_startup_keil.o(RESET))
<BR>[Address Reference Count : 2]<UL><LI> los_startup_keil.o(RESET)
<LI> los_hwi.o(.data.vector)
</UL>
<P><STRONG><a name="[16]"></a>__main</STRONG> (Thumb, 0 bytes, Stack size unknown bytes, entry.o(.ARM.Collect$$$$00000000))
<BR>[Address Reference Count : 1]<UL><LI> los_startup_keil.o(RESET)
</UL>
<P><STRONG><a name="[4f8]"></a>_main_stk</STRONG> (Thumb, 0 bytes, Stack size unknown bytes, entry3.o(.ARM.Collect$$$$00000002))

<P><STRONG><a name="[c7]"></a>_main_scatterload</STRONG> (Thumb, 0 bytes, Stack size unknown bytes, entry5.o(.ARM.Collect$$$$00000004))
<BR><BR>[Calls]<UL><LI><a href="#[c8]">&gt;&gt;</a>&nbsp;&nbsp;&nbsp;__scatterload
</UL>

<P><STRONG><a name="[e6]"></a>__main_after_scatterload</STRONG> (Thumb, 0 bytes, Stack size unknown bytes, entry5.o(.ARM.Collect$$$$00000004))
<BR><BR>[Called By]<UL><LI><a href="#[c8]">&gt;&gt;</a>&nbsp;&nbsp;&nbsp;__scatterload
</UL>

<P><STRONG><a name="[4f9]"></a>_main_clock</STRONG> (Thumb, 0 bytes, Stack size unknown bytes, entry7b.o(.ARM.Collect$$$$00000008))

<P><STRONG><a name="[4fa]"></a>_main_cpp_init</STRONG> (Thumb, 0 bytes, Stack size unknown bytes, entry8b.o(.ARM.Collect$$$$0000000A))

<P><STRONG><a name="[4fb]"></a>_main_init</STRONG> (Thumb, 0 bytes, Stack size unknown bytes, entry9a.o(.ARM.Collect$$$$0000000B))

<P><STRONG><a name="[4fc]"></a>__rt_final_cpp</STRONG> (Thumb, 0 bytes, Stack size unknown bytes, entry10a.o(.ARM.Collect$$$$0000000D))

<P><STRONG><a name="[4fd]"></a>__rt_final_exit</STRONG> (Thumb, 0 bytes, Stack size unknown bytes, entry11a.o(.ARM.Collect$$$$0000000F))

<P><STRONG><a name="[146]"></a>LOS_StartToRun</STRONG> (Thumb, 0 bytes, Stack size unknown bytes, los_dispatch_keil.o(.text))
<BR><BR>[Called By]<UL><LI><a href="#[144]">&gt;&gt;</a>&nbsp;&nbsp;&nbsp;LOS_Start
</UL>

<P><STRONG><a name="[115]"></a>LOS_IntLock</STRONG> (Thumb, 0 bytes, Stack size unknown bytes, los_dispatch_keil.o(.text))
<BR><BR>[Called By]<UL><LI><a href="#[114]">&gt;&gt;</a>&nbsp;&nbsp;&nbsp;LOS_HwiCreate
<LI><a href="#[1f7]">&gt;&gt;</a>&nbsp;&nbsp;&nbsp;atiny_gettime_ms
<LI><a href="#[152]">&gt;&gt;</a>&nbsp;&nbsp;&nbsp;LOS_TaskYield
<LI><a href="#[153]">&gt;&gt;</a>&nbsp;&nbsp;&nbsp;LOS_TaskDelete
<LI><a href="#[14f]">&gt;&gt;</a>&nbsp;&nbsp;&nbsp;LOS_TaskDelay
<LI><a href="#[142]">&gt;&gt;</a>&nbsp;&nbsp;&nbsp;LOS_SemPost
<LI><a href="#[140]">&gt;&gt;</a>&nbsp;&nbsp;&nbsp;LOS_SemPend
<LI><a href="#[13c]">&gt;&gt;</a>&nbsp;&nbsp;&nbsp;LOS_SemDelete
<LI><a href="#[131]">&gt;&gt;</a>&nbsp;&nbsp;&nbsp;LOS_QueueCreate
<LI><a href="#[147]">&gt;&gt;</a>&nbsp;&nbsp;&nbsp;LOS_TaskCreate
<LI><a href="#[113]">&gt;&gt;</a>&nbsp;&nbsp;&nbsp;osSemCreate
<LI><a href="#[135]">&gt;&gt;</a>&nbsp;&nbsp;&nbsp;osQueueOperate
<LI><a href="#[138]">&gt;&gt;</a>&nbsp;&nbsp;&nbsp;LOS_Schedule
<LI><a href="#[148]">&gt;&gt;</a>&nbsp;&nbsp;&nbsp;LOS_TaskCreateOnly
<LI><a href="#[18]">&gt;&gt;</a>&nbsp;&nbsp;&nbsp;osInterrupt
<LI><a href="#[12c]">&gt;&gt;</a>&nbsp;&nbsp;&nbsp;osSlabMemFree
<LI><a href="#[127]">&gt;&gt;</a>&nbsp;&nbsp;&nbsp;osSlabMemAlloc
<LI><a href="#[12e]">&gt;&gt;</a>&nbsp;&nbsp;&nbsp;LOS_MemInit
<LI><a href="#[12d]">&gt;&gt;</a>&nbsp;&nbsp;&nbsp;osHeapFree
<LI><a href="#[128]">&gt;&gt;</a>&nbsp;&nbsp;&nbsp;osHeapAlloc
</UL>

<P><STRONG><a name="[4fe]"></a>LOS_IntUnLock</STRONG> (Thumb, 0 bytes, Stack size unknown bytes, los_dispatch_keil.o(.text), UNUSED)

<P><STRONG><a name="[116]"></a>LOS_IntRestore</STRONG> (Thumb, 0 bytes, Stack size unknown bytes, los_dispatch_keil.o(.text))
<BR><BR>[Called By]<UL><LI><a href="#[114]">&gt;&gt;</a>&nbsp;&nbsp;&nbsp;LOS_HwiCreate
<LI><a href="#[1f7]">&gt;&gt;</a>&nbsp;&nbsp;&nbsp;atiny_gettime_ms
<LI><a href="#[152]">&gt;&gt;</a>&nbsp;&nbsp;&nbsp;LOS_TaskYield
<LI><a href="#[153]">&gt;&gt;</a>&nbsp;&nbsp;&nbsp;LOS_TaskDelete
<LI><a href="#[14f]">&gt;&gt;</a>&nbsp;&nbsp;&nbsp;LOS_TaskDelay
<LI><a href="#[142]">&gt;&gt;</a>&nbsp;&nbsp;&nbsp;LOS_SemPost
<LI><a href="#[140]">&gt;&gt;</a>&nbsp;&nbsp;&nbsp;LOS_SemPend
<LI><a href="#[13c]">&gt;&gt;</a>&nbsp;&nbsp;&nbsp;LOS_SemDelete
<LI><a href="#[131]">&gt;&gt;</a>&nbsp;&nbsp;&nbsp;LOS_QueueCreate
<LI><a href="#[147]">&gt;&gt;</a>&nbsp;&nbsp;&nbsp;LOS_TaskCreate
<LI><a href="#[113]">&gt;&gt;</a>&nbsp;&nbsp;&nbsp;osSemCreate
<LI><a href="#[135]">&gt;&gt;</a>&nbsp;&nbsp;&nbsp;osQueueOperate
<LI><a href="#[138]">&gt;&gt;</a>&nbsp;&nbsp;&nbsp;LOS_Schedule
<LI><a href="#[148]">&gt;&gt;</a>&nbsp;&nbsp;&nbsp;LOS_TaskCreateOnly
<LI><a href="#[18]">&gt;&gt;</a>&nbsp;&nbsp;&nbsp;osInterrupt
<LI><a href="#[12c]">&gt;&gt;</a>&nbsp;&nbsp;&nbsp;osSlabMemFree
<LI><a href="#[127]">&gt;&gt;</a>&nbsp;&nbsp;&nbsp;osSlabMemAlloc
<LI><a href="#[12e]">&gt;&gt;</a>&nbsp;&nbsp;&nbsp;LOS_MemInit
<LI><a href="#[12d]">&gt;&gt;</a>&nbsp;&nbsp;&nbsp;osHeapFree
<LI><a href="#[128]">&gt;&gt;</a>&nbsp;&nbsp;&nbsp;osHeapAlloc
</UL>

<P><STRONG><a name="[13a]"></a>osTaskSchedule</STRONG> (Thumb, 0 bytes, Stack size unknown bytes, los_dispatch_keil.o(.text))
<BR><BR>[Called By]<UL><LI><a href="#[14a]">&gt;&gt;</a>&nbsp;&nbsp;&nbsp;osSchedule
<LI><a href="#[138]">&gt;&gt;</a>&nbsp;&nbsp;&nbsp;LOS_Schedule
</UL>

<P><STRONG><a name="[4]"></a>osPendSV</STRONG> (Thumb, 0 bytes, Stack size unknown bytes, los_dispatch_keil.o(.text))
<BR>[Address Reference Count : 1]<UL><LI> los_hwi.o(.data.vector)
</UL>
<P><STRONG><a name="[0]"></a>fflush</STRONG> (Thumb, 4 bytes, Stack size 0 bytes, fflush.o(.text))
<BR><BR>[Called By]<UL><LI><a href="#[252]">&gt;&gt;</a>&nbsp;&nbsp;&nbsp;dhcp_option_trailer
<LI><a href="#[255]">&gt;&gt;</a>&nbsp;&nbsp;&nbsp;dhcp_delete_msg
<LI><a href="#[240]">&gt;&gt;</a>&nbsp;&nbsp;&nbsp;dhcp_arp_reply
<LI><a href="#[320]">&gt;&gt;</a>&nbsp;&nbsp;&nbsp;pbuf_cat
<LI><a href="#[35b]">&gt;&gt;</a>&nbsp;&nbsp;&nbsp;netbuf_free
<LI><a href="#[32b]">&gt;&gt;</a>&nbsp;&nbsp;&nbsp;memp_free
</UL>

<P><STRONG><a name="[c9]"></a>__aeabi_uldivmod</STRONG> (Thumb, 98 bytes, Stack size 40 bytes, uldiv.o(.text))
<BR><BR>[Stack]<UL><LI>Max Depth = 40<LI>Call Chain = __aeabi_uldivmod
</UL>
<BR>[Calls]<UL><LI><a href="#[cb]">&gt;&gt;</a>&nbsp;&nbsp;&nbsp;__aeabi_llsl
<LI><a href="#[ca]">&gt;&gt;</a>&nbsp;&nbsp;&nbsp;__aeabi_llsr
</UL>
<BR>[Called By]<UL><LI><a href="#[2b4]">&gt;&gt;</a>&nbsp;&nbsp;&nbsp;sys_arch_sem_wait
<LI><a href="#[3c5]">&gt;&gt;</a>&nbsp;&nbsp;&nbsp;mbedtls_mpi_div_mpi
<LI><a href="#[125]">&gt;&gt;</a>&nbsp;&nbsp;&nbsp;LOS_MS2Tick
<LI><a href="#[100]">&gt;&gt;</a>&nbsp;&nbsp;&nbsp;HAL_RCC_GetSysClockFreq
<LI><a href="#[4c4]">&gt;&gt;</a>&nbsp;&nbsp;&nbsp;sys_arch_mbox_fetch_ext
<LI><a href="#[4c6]">&gt;&gt;</a>&nbsp;&nbsp;&nbsp;sys_now
<LI><a href="#[35f]">&gt;&gt;</a>&nbsp;&nbsp;&nbsp;lwm2m_gettime
<LI><a href="#[1c0]">&gt;&gt;</a>&nbsp;&nbsp;&nbsp;atiny_get_timestamp
<LI><a href="#[cc]">&gt;&gt;</a>&nbsp;&nbsp;&nbsp;__aeabi_ldivmod
<LI><a href="#[15a]">&gt;&gt;</a>&nbsp;&nbsp;&nbsp;_printf_core
<LI><a href="#[165]">&gt;&gt;</a>&nbsp;&nbsp;&nbsp;_fp_digits
</UL>

<P><STRONG><a name="[cc]"></a>__aeabi_ldivmod</STRONG> (Thumb, 98 bytes, Stack size 24 bytes, ldiv.o(.text))
<BR><BR>[Stack]<UL><LI>Max Depth = 64<LI>Call Chain = __aeabi_ldivmod &rArr; __aeabi_uldivmod
</UL>
<BR>[Calls]<UL><LI><a href="#[c9]">&gt;&gt;</a>&nbsp;&nbsp;&nbsp;__aeabi_uldivmod
</UL>
<BR>[Called By]<UL><LI><a href="#[25f]">&gt;&gt;</a>&nbsp;&nbsp;&nbsp;utils_intToText
<LI><a href="#[1b8]">&gt;&gt;</a>&nbsp;&nbsp;&nbsp;atiny_set_current_time
<LI><a href="#[1b7]">&gt;&gt;</a>&nbsp;&nbsp;&nbsp;atiny_get_current_time
</UL>

<P><STRONG><a name="[cb]"></a>__aeabi_llsl</STRONG> (Thumb, 30 bytes, Stack size 0 bytes, llshl.o(.text))
<BR><BR>[Called By]<UL><LI><a href="#[e1]">&gt;&gt;</a>&nbsp;&nbsp;&nbsp;__aeabi_d2ulz
<LI><a href="#[d4]">&gt;&gt;</a>&nbsp;&nbsp;&nbsp;__aeabi_dadd
<LI><a href="#[e0]">&gt;&gt;</a>&nbsp;&nbsp;&nbsp;__aeabi_d2lz
<LI><a href="#[3fb]">&gt;&gt;</a>&nbsp;&nbsp;&nbsp;mbedtls_ssl_dtls_replay_update
<LI><a href="#[3f9]">&gt;&gt;</a>&nbsp;&nbsp;&nbsp;mbedtls_ssl_dtls_replay_check
<LI><a href="#[c9]">&gt;&gt;</a>&nbsp;&nbsp;&nbsp;__aeabi_uldivmod
<LI><a href="#[d6]">&gt;&gt;</a>&nbsp;&nbsp;&nbsp;_double_epilogue
</UL>

<P><STRONG><a name="[4ff]"></a>_ll_shift_l</STRONG> (Thumb, 0 bytes, Stack size 0 bytes, llshl.o(.text), UNUSED)

<P><STRONG><a name="[e4]"></a>__rt_ctype_table</STRONG> (Thumb, 4 bytes, Stack size 0 bytes, ctype_o.o(.text))
<BR><BR>[Called By]<UL><LI><a href="#[1c4]">&gt;&gt;</a>&nbsp;&nbsp;&nbsp;lwm2m_stringToUri
<LI><a href="#[499]">&gt;&gt;</a>&nbsp;&nbsp;&nbsp;prv_output_buffer
<LI><a href="#[d3]">&gt;&gt;</a>&nbsp;&nbsp;&nbsp;strtol
</UL>

<P><STRONG><a name="[24d]"></a>rand</STRONG> (Thumb, 20 bytes, Stack size 0 bytes, rand.o(.text))
<BR><BR>[Called By]<UL><LI><a href="#[337]">&gt;&gt;</a>&nbsp;&nbsp;&nbsp;udp_init
<LI><a href="#[338]">&gt;&gt;</a>&nbsp;&nbsp;&nbsp;tcp_init
<LI><a href="#[27d]">&gt;&gt;</a>&nbsp;&nbsp;&nbsp;dns_check_entry
<LI><a href="#[277]">&gt;&gt;</a>&nbsp;&nbsp;&nbsp;dns_alloc_pcb
<LI><a href="#[24b]">&gt;&gt;</a>&nbsp;&nbsp;&nbsp;dhcp_create_msg
</UL>

<P><STRONG><a name="[500]"></a>srand</STRONG> (Thumb, 6 bytes, Stack size 0 bytes, rand.o(.text), UNUSED)

<P><STRONG><a name="[16c]"></a>signal</STRONG> (Thumb, 24 bytes, Stack size 0 bytes, signal.o(.text))
<BR><BR>[Called By]<UL><LI><a href="#[16a]">&gt;&gt;</a>&nbsp;&nbsp;&nbsp;_run_test
</UL>

<P><STRONG><a name="[501]"></a>raise</STRONG> (Thumb, 34 bytes, Stack size 8 bytes, signal.o(.text), UNUSED)

<P><STRONG><a name="[502]"></a>____aeabi_memcpy8$ret$move</STRONG> (Thumb, 0 bytes, Stack size 8 bytes, memmove.o(.text), UNUSED)

<P><STRONG><a name="[503]"></a>___aeabi_memmove4$ret</STRONG> (Thumb, 0 bytes, Stack size 8 bytes, memmove.o(.text), UNUSED)

<P><STRONG><a name="[504]"></a>___aeabi_memmove8$ret</STRONG> (Thumb, 0 bytes, Stack size 8 bytes, memmove.o(.text), UNUSED)

<P><STRONG><a name="[1c6]"></a>__aeabi_memcpy</STRONG> (Thumb, 66 bytes, Stack size 8 bytes, memmove.o(.text))
<BR><BR>[Stack]<UL><LI>Max Depth = 8<LI>Call Chain = __aeabi_memcpy
</UL>
<BR>[Called By]<UL><LI><a href="#[215]">&gt;&gt;</a>&nbsp;&nbsp;&nbsp;hal_rng_generate_buffer
<LI><a href="#[308]">&gt;&gt;</a>&nbsp;&nbsp;&nbsp;hal_fota_write_end_not_aligned_buffer
<LI><a href="#[307]">&gt;&gt;</a>&nbsp;&nbsp;&nbsp;hal_fota_write_begin_not_aligned_buffer
<LI><a href="#[6]">&gt;&gt;</a>&nbsp;&nbsp;&nbsp;eth_output
<LI><a href="#[7]">&gt;&gt;</a>&nbsp;&nbsp;&nbsp;eth_input
<LI><a href="#[2ac]">&gt;&gt;</a>&nbsp;&nbsp;&nbsp;mbedtls_sha256_update
<LI><a href="#[40]">&gt;&gt;</a>&nbsp;&nbsp;&nbsp;mbedtls_entropy_func
<LI><a href="#[3aa]">&gt;&gt;</a>&nbsp;&nbsp;&nbsp;mbedtls_ctr_drbg_reseed
<LI><a href="#[3a9]">&gt;&gt;</a>&nbsp;&nbsp;&nbsp;mbedtls_ctr_drbg_random_with_add
<LI><a href="#[219]">&gt;&gt;</a>&nbsp;&nbsp;&nbsp;block_cipher_df
<LI><a href="#[3a3]">&gt;&gt;</a>&nbsp;&nbsp;&nbsp;mbedtls_cipher_set_iv
<LI><a href="#[21c]">&gt;&gt;</a>&nbsp;&nbsp;&nbsp;mbedtls_cipher_update
<LI><a href="#[21b]">&gt;&gt;</a>&nbsp;&nbsp;&nbsp;ccm_auth_crypt
<LI><a href="#[3ed]">&gt;&gt;</a>&nbsp;&nbsp;&nbsp;mbedtls_sha1_update
<LI><a href="#[3b3]">&gt;&gt;</a>&nbsp;&nbsp;&nbsp;mbedtls_md5_update
<LI><a href="#[46e]">&gt;&gt;</a>&nbsp;&nbsp;&nbsp;osQueueBufferOperate
<LI><a href="#[88]">&gt;&gt;</a>&nbsp;&nbsp;&nbsp;osTaskSwitchCheck
<LI><a href="#[289]">&gt;&gt;</a>&nbsp;&nbsp;&nbsp;pbuf_take_at
<LI><a href="#[287]">&gt;&gt;</a>&nbsp;&nbsp;&nbsp;pbuf_take
<LI><a href="#[281]">&gt;&gt;</a>&nbsp;&nbsp;&nbsp;dns_enqueue
<LI><a href="#[2c1]">&gt;&gt;</a>&nbsp;&nbsp;&nbsp;pbuf_copy
<LI><a href="#[316]">&gt;&gt;</a>&nbsp;&nbsp;&nbsp;icmp_send_response
<LI><a href="#[317]">&gt;&gt;</a>&nbsp;&nbsp;&nbsp;icmp_input
<LI><a href="#[322]">&gt;&gt;</a>&nbsp;&nbsp;&nbsp;ip4_reass
<LI><a href="#[31d]">&gt;&gt;</a>&nbsp;&nbsp;&nbsp;ip4_frag
<LI><a href="#[32c]">&gt;&gt;</a>&nbsp;&nbsp;&nbsp;ip_reass_free_complete_datagram
<LI><a href="#[285]">&gt;&gt;</a>&nbsp;&nbsp;&nbsp;pbuf_copy_partial
<LI><a href="#[350]">&gt;&gt;</a>&nbsp;&nbsp;&nbsp;lwip_recvfrom
<LI><a href="#[209]">&gt;&gt;</a>&nbsp;&nbsp;&nbsp;lwip_getaddrinfo
<LI><a href="#[34e]">&gt;&gt;</a>&nbsp;&nbsp;&nbsp;tcp_write
<LI><a href="#[17e]">&gt;&gt;</a>&nbsp;&nbsp;&nbsp;mbedtls_aes_crypt_cbc
<LI><a href="#[4f3]">&gt;&gt;</a>&nbsp;&nbsp;&nbsp;tls_prf_generic
<LI><a href="#[430]">&gt;&gt;</a>&nbsp;&nbsp;&nbsp;ssl_write_real
<LI><a href="#[421]">&gt;&gt;</a>&nbsp;&nbsp;&nbsp;ssl_reassemble_dtls_handshake
<LI><a href="#[431]">&gt;&gt;</a>&nbsp;&nbsp;&nbsp;ssl_flight_append
<LI><a href="#[433]">&gt;&gt;</a>&nbsp;&nbsp;&nbsp;ssl_encrypt_buf
<LI><a href="#[4b3]">&gt;&gt;</a>&nbsp;&nbsp;&nbsp;ssl_decrypt_buf
<LI><a href="#[415]">&gt;&gt;</a>&nbsp;&nbsp;&nbsp;mbedtls_ssl_write_finished
<LI><a href="#[3ff]">&gt;&gt;</a>&nbsp;&nbsp;&nbsp;mbedtls_ssl_resend
<LI><a href="#[422]">&gt;&gt;</a>&nbsp;&nbsp;&nbsp;mbedtls_ssl_psk_derive_premaster
<LI><a href="#[3f6]">&gt;&gt;</a>&nbsp;&nbsp;&nbsp;mbedtls_ssl_derive_keys
<LI><a href="#[4be]">&gt;&gt;</a>&nbsp;&nbsp;&nbsp;ssl_write_renegotiation_ext
<LI><a href="#[412]">&gt;&gt;</a>&nbsp;&nbsp;&nbsp;ssl_write_client_key_exchange
<LI><a href="#[40b]">&gt;&gt;</a>&nbsp;&nbsp;&nbsp;ssl_write_client_hello
<LI><a href="#[40c]">&gt;&gt;</a>&nbsp;&nbsp;&nbsp;ssl_parse_server_hello
<LI><a href="#[4b9]">&gt;&gt;</a>&nbsp;&nbsp;&nbsp;ssl_parse_hello_verify_request
<LI><a href="#[457]">&gt;&gt;</a>&nbsp;&nbsp;&nbsp;object_getRegisterPayload
<LI><a href="#[268]">&gt;&gt;</a>&nbsp;&nbsp;&nbsp;observe_handleRequest
<LI><a href="#[262]">&gt;&gt;</a>&nbsp;&nbsp;&nbsp;prv_serializeLinkData
<LI><a href="#[37d]">&gt;&gt;</a>&nbsp;&nbsp;&nbsp;tlv_serialize
<LI><a href="#[25d]">&gt;&gt;</a>&nbsp;&nbsp;&nbsp;discover_serialize
<LI><a href="#[269]">&gt;&gt;</a>&nbsp;&nbsp;&nbsp;lwm2m_data_serialize
<LI><a href="#[37c]">&gt;&gt;</a>&nbsp;&nbsp;&nbsp;prv_textSerialize
<LI><a href="#[377]">&gt;&gt;</a>&nbsp;&nbsp;&nbsp;prv_setBuffer
<LI><a href="#[222]">&gt;&gt;</a>&nbsp;&nbsp;&nbsp;coap_block1_handler
<LI><a href="#[231]">&gt;&gt;</a>&nbsp;&nbsp;&nbsp;coap_set_header_token
<LI><a href="#[228]">&gt;&gt;</a>&nbsp;&nbsp;&nbsp;coap_parse_message
<LI><a href="#[221]">&gt;&gt;</a>&nbsp;&nbsp;&nbsp;coap_add_multi_option
<LI><a href="#[22e]">&gt;&gt;</a>&nbsp;&nbsp;&nbsp;coap_serialize_multi_option
<LI><a href="#[22a]">&gt;&gt;</a>&nbsp;&nbsp;&nbsp;coap_serialize_array_option
<LI><a href="#[293]">&gt;&gt;</a>&nbsp;&nbsp;&nbsp;mbedtls_ssl_read
<LI><a href="#[2a5]">&gt;&gt;</a>&nbsp;&nbsp;&nbsp;mbedtls_ssl_conf_psk
<LI><a href="#[1f5]">&gt;&gt;</a>&nbsp;&nbsp;&nbsp;atiny_fota_manager_start_download
<LI><a href="#[499]">&gt;&gt;</a>&nbsp;&nbsp;&nbsp;prv_output_buffer
<LI><a href="#[200]">&gt;&gt;</a>&nbsp;&nbsp;&nbsp;get_server_object
<LI><a href="#[1ff]">&gt;&gt;</a>&nbsp;&nbsp;&nbsp;get_security_object
<LI><a href="#[18d]">&gt;&gt;</a>&nbsp;&nbsp;&nbsp;atiny_data_report
<LI><a href="#[486]">&gt;&gt;</a>&nbsp;&nbsp;&nbsp;parse_firmware_uri
<LI><a href="#[4c2]">&gt;&gt;</a>&nbsp;&nbsp;&nbsp;update_uri_info
<LI><a href="#[2e8]">&gt;&gt;</a>&nbsp;&nbsp;&nbsp;fota_pack_head_parse_head_len
<LI><a href="#[2e7]">&gt;&gt;</a>&nbsp;&nbsp;&nbsp;fota_pack_head_parse
<LI><a href="#[2e9]">&gt;&gt;</a>&nbsp;&nbsp;&nbsp;fota_pack_parse_checksum
<LI><a href="#[2d6]">&gt;&gt;</a>&nbsp;&nbsp;&nbsp;fota_fmw_wr_write_combined_data
<LI><a href="#[2d7]">&gt;&gt;</a>&nbsp;&nbsp;&nbsp;fota_fmw_wr_write_buffer_data
<LI><a href="#[483]">&gt;&gt;</a>&nbsp;&nbsp;&nbsp;ota_sha256_update
</UL>

<P><STRONG><a name="[18c]"></a>__aeabi_memcpy4</STRONG> (Thumb, 0 bytes, Stack size 8 bytes, memmove.o(.text))
<BR><BR>[Stack]<UL><LI>Max Depth = 8<LI>Call Chain = __aeabi_memcpy4
</UL>
<BR>[Called By]<UL><LI><a href="#[3bd]">&gt;&gt;</a>&nbsp;&nbsp;&nbsp;mbedtls_mpi_grow
<LI><a href="#[3bc]">&gt;&gt;</a>&nbsp;&nbsp;&nbsp;mbedtls_mpi_copy
<LI><a href="#[3cf]">&gt;&gt;</a>&nbsp;&nbsp;&nbsp;mpi_montmul
<LI><a href="#[3f2]">&gt;&gt;</a>&nbsp;&nbsp;&nbsp;mbedtls_sha256_clone
<LI><a href="#[3f0]">&gt;&gt;</a>&nbsp;&nbsp;&nbsp;mbedtls_sha1_clone
<LI><a href="#[3b6]">&gt;&gt;</a>&nbsp;&nbsp;&nbsp;mbedtls_md5_clone
<LI><a href="#[18b]">&gt;&gt;</a>&nbsp;&nbsp;&nbsp;agenttiny_test_main
<LI><a href="#[417]">&gt;&gt;</a>&nbsp;&nbsp;&nbsp;mbedtls_ssl_parse_finished
<LI><a href="#[3f6]">&gt;&gt;</a>&nbsp;&nbsp;&nbsp;mbedtls_ssl_derive_keys
<LI><a href="#[274]">&gt;&gt;</a>&nbsp;&nbsp;&nbsp;observe_setParameters
<LI><a href="#[37b]">&gt;&gt;</a>&nbsp;&nbsp;&nbsp;tlv_parse
<LI><a href="#[62]">&gt;&gt;</a>&nbsp;&nbsp;&nbsp;prv_server_discover
<LI><a href="#[60]">&gt;&gt;</a>&nbsp;&nbsp;&nbsp;prv_security_read
<LI><a href="#[59]">&gt;&gt;</a>&nbsp;&nbsp;&nbsp;prv_device_read
<LI><a href="#[5a]">&gt;&gt;</a>&nbsp;&nbsp;&nbsp;prv_device_discover
<LI><a href="#[58]">&gt;&gt;</a>&nbsp;&nbsp;&nbsp;prv_read
<LI><a href="#[1ca]">&gt;&gt;</a>&nbsp;&nbsp;&nbsp;atiny_dequeue_rpt_data
<LI><a href="#[1c7]">&gt;&gt;</a>&nbsp;&nbsp;&nbsp;atiny_queue_rpt_data
<LI><a href="#[1fa]">&gt;&gt;</a>&nbsp;&nbsp;&nbsp;atiny_init
<LI><a href="#[18d]">&gt;&gt;</a>&nbsp;&nbsp;&nbsp;atiny_data_report
<LI><a href="#[1f9]">&gt;&gt;</a>&nbsp;&nbsp;&nbsp;location_get_velocity
<LI><a href="#[1eb]">&gt;&gt;</a>&nbsp;&nbsp;&nbsp;atiny_fota_idle_state_int_report_result
</UL>

<P><STRONG><a name="[226]"></a>__aeabi_memmove</STRONG> (Thumb, 0 bytes, Stack size 8 bytes, memmove.o(.text))
<BR><BR>[Stack]<UL><LI>Max Depth = 8<LI>Call Chain = __aeabi_memmove
</UL>
<BR>[Called By]<UL><LI><a href="#[421]">&gt;&gt;</a>&nbsp;&nbsp;&nbsp;ssl_reassemble_dtls_handshake
<LI><a href="#[42b]">&gt;&gt;</a>&nbsp;&nbsp;&nbsp;mbedtls_ssl_write_record
<LI><a href="#[25f]">&gt;&gt;</a>&nbsp;&nbsp;&nbsp;utils_intToText
<LI><a href="#[22d]">&gt;&gt;</a>&nbsp;&nbsp;&nbsp;coap_serialize_message
<LI><a href="#[228]">&gt;&gt;</a>&nbsp;&nbsp;&nbsp;coap_parse_message
<LI><a href="#[225]">&gt;&gt;</a>&nbsp;&nbsp;&nbsp;coap_get_multi_option_as_string
<LI><a href="#[425]">&gt;&gt;</a>&nbsp;&nbsp;&nbsp;mbedtls_ssl_read_record_layer
<LI><a href="#[3fc]">&gt;&gt;</a>&nbsp;&nbsp;&nbsp;mbedtls_ssl_fetch_input
</UL>

<P><STRONG><a name="[392]"></a>memcpy</STRONG> (Thumb, 0 bytes, Stack size 8 bytes, memmove.o(.text))
<BR><BR>[Stack]<UL><LI>Max Depth = 8<LI>Call Chain = memcpy
</UL>
<BR>[Called By]<UL><LI><a href="#[300]">&gt;&gt;</a>&nbsp;&nbsp;&nbsp;lwm2m_strdup
</UL>

<P><STRONG><a name="[505]"></a>memmove</STRONG> (Thumb, 0 bytes, Stack size 8 bytes, memmove.o(.text), UNUSED)

<P><STRONG><a name="[ce]"></a>__aeabi_memset</STRONG> (Thumb, 14 bytes, Stack size 0 bytes, memseta.o(.text))
<BR><BR>[Called By]<UL><LI><a href="#[3ba]">&gt;&gt;</a>&nbsp;&nbsp;&nbsp;mbedtls_md_hmac_starts
<LI><a href="#[14e]">&gt;&gt;</a>&nbsp;&nbsp;&nbsp;osTskStackInit
<LI><a href="#[4b2]">&gt;&gt;</a>&nbsp;&nbsp;&nbsp;ssl_bitmask_set
<LI><a href="#[2a2]">&gt;&gt;</a>&nbsp;&nbsp;&nbsp;mbedtls_ssl_config_defaults
<LI><a href="#[cf]">&gt;&gt;</a>&nbsp;&nbsp;&nbsp;_memset$wrapper
<LI><a href="#[cd]">&gt;&gt;</a>&nbsp;&nbsp;&nbsp;__aeabi_memclr
<LI><a href="#[175]">&gt;&gt;</a>&nbsp;&nbsp;&nbsp;_test_malloc
<LI><a href="#[176]">&gt;&gt;</a>&nbsp;&nbsp;&nbsp;_test_free
</UL>

<P><STRONG><a name="[506]"></a>__aeabi_memset4</STRONG> (Thumb, 0 bytes, Stack size 0 bytes, memseta.o(.text), UNUSED)

<P><STRONG><a name="[507]"></a>__aeabi_memset8</STRONG> (Thumb, 0 bytes, Stack size 0 bytes, memseta.o(.text), UNUSED)

<P><STRONG><a name="[cd]"></a>__aeabi_memclr</STRONG> (Thumb, 4 bytes, Stack size 0 bytes, memseta.o(.text))
<BR><BR>[Calls]<UL><LI><a href="#[ce]">&gt;&gt;</a>&nbsp;&nbsp;&nbsp;__aeabi_memset
</UL>
<BR>[Called By]<UL><LI><a href="#[21b]">&gt;&gt;</a>&nbsp;&nbsp;&nbsp;ccm_auth_crypt
<LI><a href="#[3dd]">&gt;&gt;</a>&nbsp;&nbsp;&nbsp;mbedtls_mpi_write_binary
<LI><a href="#[11c]">&gt;&gt;</a>&nbsp;&nbsp;&nbsp;osTaskMonInit
<LI><a href="#[12f]">&gt;&gt;</a>&nbsp;&nbsp;&nbsp;osHeapInit
<LI><a href="#[422]">&gt;&gt;</a>&nbsp;&nbsp;&nbsp;mbedtls_ssl_psk_derive_premaster
<LI><a href="#[45e]">&gt;&gt;</a>&nbsp;&nbsp;&nbsp;prv_init_forbidden
<LI><a href="#[38]">&gt;&gt;</a>&nbsp;&nbsp;&nbsp;atiny_calloc
<LI><a href="#[2e9]">&gt;&gt;</a>&nbsp;&nbsp;&nbsp;fota_pack_parse_checksum
</UL>

<P><STRONG><a name="[198]"></a>__aeabi_memclr4</STRONG> (Thumb, 0 bytes, Stack size 0 bytes, memseta.o(.text))
<BR><BR>[Called By]<UL><LI><a href="#[2b1]">&gt;&gt;</a>&nbsp;&nbsp;&nbsp;sys_thread_new
<LI><a href="#[2a0]">&gt;&gt;</a>&nbsp;&nbsp;&nbsp;mbedtls_entropy_init
<LI><a href="#[40]">&gt;&gt;</a>&nbsp;&nbsp;&nbsp;mbedtls_entropy_func
<LI><a href="#[3ac]">&gt;&gt;</a>&nbsp;&nbsp;&nbsp;mbedtls_debug_print_buf
<LI><a href="#[3ab]">&gt;&gt;</a>&nbsp;&nbsp;&nbsp;mbedtls_ctr_drbg_seed_entropy_len
<LI><a href="#[3aa]">&gt;&gt;</a>&nbsp;&nbsp;&nbsp;mbedtls_ctr_drbg_reseed
<LI><a href="#[3a9]">&gt;&gt;</a>&nbsp;&nbsp;&nbsp;mbedtls_ctr_drbg_random_with_add
<LI><a href="#[29f]">&gt;&gt;</a>&nbsp;&nbsp;&nbsp;mbedtls_ctr_drbg_init
<LI><a href="#[23f]">&gt;&gt;</a>&nbsp;&nbsp;&nbsp;ctr_drbg_update_internal
<LI><a href="#[219]">&gt;&gt;</a>&nbsp;&nbsp;&nbsp;block_cipher_df
<LI><a href="#[3a7]">&gt;&gt;</a>&nbsp;&nbsp;&nbsp;mbedtls_cipher_init
<LI><a href="#[39e]">&gt;&gt;</a>&nbsp;&nbsp;&nbsp;mbedtls_cipher_setup
<LI><a href="#[21d]">&gt;&gt;</a>&nbsp;&nbsp;&nbsp;mbedtls_ccm_init
<LI><a href="#[3c7]">&gt;&gt;</a>&nbsp;&nbsp;&nbsp;mbedtls_mpi_lset
<LI><a href="#[3cd]">&gt;&gt;</a>&nbsp;&nbsp;&nbsp;mbedtls_mpi_exp_mod
<LI><a href="#[3bc]">&gt;&gt;</a>&nbsp;&nbsp;&nbsp;mbedtls_mpi_copy
<LI><a href="#[3cf]">&gt;&gt;</a>&nbsp;&nbsp;&nbsp;mpi_montmul
<LI><a href="#[2f0]">&gt;&gt;</a>&nbsp;&nbsp;&nbsp;mbedtls_rsa_init
<LI><a href="#[3e7]">&gt;&gt;</a>&nbsp;&nbsp;&nbsp;mgf_mask
<LI><a href="#[2ed]">&gt;&gt;</a>&nbsp;&nbsp;&nbsp;mbedtls_sha256_init
<LI><a href="#[3eb]">&gt;&gt;</a>&nbsp;&nbsp;&nbsp;mbedtls_sha1_init
<LI><a href="#[3b1]">&gt;&gt;</a>&nbsp;&nbsp;&nbsp;mbedtls_md5_init
<LI><a href="#[11f]">&gt;&gt;</a>&nbsp;&nbsp;&nbsp;osQueueInit
<LI><a href="#[11b]">&gt;&gt;</a>&nbsp;&nbsp;&nbsp;osTaskInit
<LI><a href="#[122]">&gt;&gt;</a>&nbsp;&nbsp;&nbsp;osIdleTaskCreate
<LI><a href="#[478]">&gt;&gt;</a>&nbsp;&nbsp;&nbsp;osSwTmrTaskCreate
<LI><a href="#[120]">&gt;&gt;</a>&nbsp;&nbsp;&nbsp;osSwTmrInit
<LI><a href="#[468]">&gt;&gt;</a>&nbsp;&nbsp;&nbsp;osAtomicBitsetInit
<LI><a href="#[466]">&gt;&gt;</a>&nbsp;&nbsp;&nbsp;osAlarmHeapInfo
<LI><a href="#[4f6]">&gt;&gt;</a>&nbsp;&nbsp;&nbsp;udp_new
<LI><a href="#[322]">&gt;&gt;</a>&nbsp;&nbsp;&nbsp;ip4_reass
<LI><a href="#[209]">&gt;&gt;</a>&nbsp;&nbsp;&nbsp;lwip_getaddrinfo
<LI><a href="#[444]">&gt;&gt;</a>&nbsp;&nbsp;&nbsp;sys_mbox_new
<LI><a href="#[4ce]">&gt;&gt;</a>&nbsp;&nbsp;&nbsp;tcp_alloc
<LI><a href="#[190]">&gt;&gt;</a>&nbsp;&nbsp;&nbsp;mbedtls_arc4_init
<LI><a href="#[180]">&gt;&gt;</a>&nbsp;&nbsp;&nbsp;mbedtls_aes_init
<LI><a href="#[42f]">&gt;&gt;</a>&nbsp;&nbsp;&nbsp;ssl_handshake_init
<LI><a href="#[2cb]">&gt;&gt;</a>&nbsp;&nbsp;&nbsp;transaction_new
<LI><a href="#[1ef]">&gt;&gt;</a>&nbsp;&nbsp;&nbsp;lwm2m_send_notify
<LI><a href="#[464]">&gt;&gt;</a>&nbsp;&nbsp;&nbsp;prv_getWatcher
<LI><a href="#[273]">&gt;&gt;</a>&nbsp;&nbsp;&nbsp;prv_readAttributes
<LI><a href="#[395]">&gt;&gt;</a>&nbsp;&nbsp;&nbsp;object_getServers
<LI><a href="#[1fd]">&gt;&gt;</a>&nbsp;&nbsp;&nbsp;lwm2m_init
<LI><a href="#[25d]">&gt;&gt;</a>&nbsp;&nbsp;&nbsp;discover_serialize
<LI><a href="#[379]">&gt;&gt;</a>&nbsp;&nbsp;&nbsp;lwm2m_data_new
<LI><a href="#[228]">&gt;&gt;</a>&nbsp;&nbsp;&nbsp;coap_parse_message
<LI><a href="#[227]">&gt;&gt;</a>&nbsp;&nbsp;&nbsp;coap_init_message
<LI><a href="#[208]">&gt;&gt;</a>&nbsp;&nbsp;&nbsp;atiny_net_connect
<LI><a href="#[3a]">&gt;&gt;</a>&nbsp;&nbsp;&nbsp;atiny_printf
<LI><a href="#[42e]">&gt;&gt;</a>&nbsp;&nbsp;&nbsp;mbedtls_ssl_session_init
<LI><a href="#[29d]">&gt;&gt;</a>&nbsp;&nbsp;&nbsp;mbedtls_ssl_init
<LI><a href="#[29e]">&gt;&gt;</a>&nbsp;&nbsp;&nbsp;mbedtls_ssl_config_init
<LI><a href="#[64]">&gt;&gt;</a>&nbsp;&nbsp;&nbsp;prv_server_create
<LI><a href="#[495]">&gt;&gt;</a>&nbsp;&nbsp;&nbsp;prv_set_value
<LI><a href="#[194]">&gt;&gt;</a>&nbsp;&nbsp;&nbsp;atiny_add_rpt_uri
<LI><a href="#[56]">&gt;&gt;</a>&nbsp;&nbsp;&nbsp;prv_create
<LI><a href="#[200]">&gt;&gt;</a>&nbsp;&nbsp;&nbsp;get_server_object
<LI><a href="#[1ff]">&gt;&gt;</a>&nbsp;&nbsp;&nbsp;get_security_object
<LI><a href="#[202]">&gt;&gt;</a>&nbsp;&nbsp;&nbsp;get_object_firmware
<LI><a href="#[201]">&gt;&gt;</a>&nbsp;&nbsp;&nbsp;get_object_device
<LI><a href="#[203]">&gt;&gt;</a>&nbsp;&nbsp;&nbsp;get_object_conn_m
<LI><a href="#[204]">&gt;&gt;</a>&nbsp;&nbsp;&nbsp;get_binary_app_data_object
<LI><a href="#[1cd]">&gt;&gt;</a>&nbsp;&nbsp;&nbsp;atiny_fota_manager_destroy
<LI><a href="#[1fa]">&gt;&gt;</a>&nbsp;&nbsp;&nbsp;atiny_init
<LI><a href="#[187]">&gt;&gt;</a>&nbsp;&nbsp;&nbsp;fota_get_pack_device
<LI><a href="#[1eb]">&gt;&gt;</a>&nbsp;&nbsp;&nbsp;atiny_fota_idle_state_int_report_result
<LI><a href="#[1ea]">&gt;&gt;</a>&nbsp;&nbsp;&nbsp;atiny_fota_idle_state_init
<LI><a href="#[1f0]">&gt;&gt;</a>&nbsp;&nbsp;&nbsp;atiny_fota_manager_init
<LI><a href="#[4c2]">&gt;&gt;</a>&nbsp;&nbsp;&nbsp;update_uri_info
<LI><a href="#[236]">&gt;&gt;</a>&nbsp;&nbsp;&nbsp;connection_create
<LI><a href="#[2dc]">&gt;&gt;</a>&nbsp;&nbsp;&nbsp;fota_pack_checksum_create
<LI><a href="#[2da]">&gt;&gt;</a>&nbsp;&nbsp;&nbsp;fota_pack_head_init
<LI><a href="#[2e6]">&gt;&gt;</a>&nbsp;&nbsp;&nbsp;fota_pack_head_destroy
<LI><a href="#[2d4]">&gt;&gt;</a>&nbsp;&nbsp;&nbsp;fota_fmw_wr_init
<LI><a href="#[484]">&gt;&gt;</a>&nbsp;&nbsp;&nbsp;ota_sha256_init
<LI><a href="#[47f]">&gt;&gt;</a>&nbsp;&nbsp;&nbsp;prv_write_ota_default_flag
<LI><a href="#[8d]">&gt;&gt;</a>&nbsp;&nbsp;&nbsp;ota_default_init
<LI><a href="#[18a]">&gt;&gt;</a>&nbsp;&nbsp;&nbsp;creat_init_task
<LI><a href="#[189]">&gt;&gt;</a>&nbsp;&nbsp;&nbsp;creat_deinit_task
</UL>

<P><STRONG><a name="[508]"></a>__aeabi_memclr8</STRONG> (Thumb, 0 bytes, Stack size 0 bytes, memseta.o(.text), UNUSED)

<P><STRONG><a name="[cf]"></a>_memset$wrapper</STRONG> (Thumb, 18 bytes, Stack size 8 bytes, memseta.o(.text), UNUSED)
<BR><BR>[Calls]<UL><LI><a href="#[ce]">&gt;&gt;</a>&nbsp;&nbsp;&nbsp;__aeabi_memset
</UL>

<P><STRONG><a name="[2ff]"></a>strncpy</STRONG> (Thumb, 24 bytes, Stack size 8 bytes, strncpy.o(.text))
<BR><BR>[Stack]<UL><LI>Max Depth = 8<LI>Call Chain = strncpy
</UL>
<BR>[Called By]<UL><LI><a href="#[63]">&gt;&gt;</a>&nbsp;&nbsp;&nbsp;prv_server_write
<LI><a href="#[203]">&gt;&gt;</a>&nbsp;&nbsp;&nbsp;get_object_conn_m
</UL>

<P><STRONG><a name="[487]"></a>strchr</STRONG> (Thumb, 20 bytes, Stack size 0 bytes, strchr.o(.text))
<BR><BR>[Called By]<UL><LI><a href="#[486]">&gt;&gt;</a>&nbsp;&nbsp;&nbsp;parse_firmware_uri
</UL>

<P><STRONG><a name="[1c3]"></a>strlen</STRONG> (Thumb, 14 bytes, Stack size 0 bytes, strlen.o(.text))
<BR><BR>[Called By]<UL><LI><a href="#[2f1]">&gt;&gt;</a>&nbsp;&nbsp;&nbsp;mbedtls_mpi_read_string
<LI><a href="#[27e]">&gt;&gt;</a>&nbsp;&nbsp;&nbsp;dns_send
<LI><a href="#[209]">&gt;&gt;</a>&nbsp;&nbsp;&nbsp;lwip_getaddrinfo
<LI><a href="#[283]">&gt;&gt;</a>&nbsp;&nbsp;&nbsp;dns_gethostbyname_addrtype
<LI><a href="#[4f3]">&gt;&gt;</a>&nbsp;&nbsp;&nbsp;tls_prf_generic
<LI><a href="#[4a0]">&gt;&gt;</a>&nbsp;&nbsp;&nbsp;prv_getRegistrationQueryLength
<LI><a href="#[1a9]">&gt;&gt;</a>&nbsp;&nbsp;&nbsp;lwm2m_handle_packet
<LI><a href="#[45a]">&gt;&gt;</a>&nbsp;&nbsp;&nbsp;object_getRegisterPayloadBufferLength
<LI><a href="#[300]">&gt;&gt;</a>&nbsp;&nbsp;&nbsp;lwm2m_strdup
<LI><a href="#[233]">&gt;&gt;</a>&nbsp;&nbsp;&nbsp;coap_set_header_uri_path_segment
<LI><a href="#[239]">&gt;&gt;</a>&nbsp;&nbsp;&nbsp;dtls_ssl_new_with_psk
<LI><a href="#[5d]">&gt;&gt;</a>&nbsp;&nbsp;&nbsp;prv_firmware_read
<LI><a href="#[200]">&gt;&gt;</a>&nbsp;&nbsp;&nbsp;get_server_object
<LI><a href="#[1ff]">&gt;&gt;</a>&nbsp;&nbsp;&nbsp;get_security_object
<LI><a href="#[18e]">&gt;&gt;</a>&nbsp;&nbsp;&nbsp;atiny_data_change
<LI><a href="#[1dc]">&gt;&gt;</a>&nbsp;&nbsp;&nbsp;atiny_fota_manager_rpt_state
<LI><a href="#[1e4]">&gt;&gt;</a>&nbsp;&nbsp;&nbsp;start_firmware_download
</UL>

<P><STRONG><a name="[4c3]"></a>strcmp</STRONG> (Thumb, 28 bytes, Stack size 8 bytes, strcmp.o(.text))
<BR><BR>[Stack]<UL><LI>Max Depth = 8<LI>Call Chain = strcmp
</UL>
<BR>[Called By]<UL><LI><a href="#[67]">&gt;&gt;</a>&nbsp;&nbsp;&nbsp;symbol_names_match
</UL>

<P><STRONG><a name="[2c3]"></a>memcmp</STRONG> (Thumb, 26 bytes, Stack size 12 bytes, memcmp.o(.text))
<BR><BR>[Stack]<UL><LI>Max Depth = 12<LI>Call Chain = memcmp
</UL>
<BR>[Called By]<UL><LI><a href="#[7b]">&gt;&gt;</a>&nbsp;&nbsp;&nbsp;ethernet_input
<LI><a href="#[3e2]">&gt;&gt;</a>&nbsp;&nbsp;&nbsp;mbedtls_rsa_rsassa_pss_verify_ext
<LI><a href="#[421]">&gt;&gt;</a>&nbsp;&nbsp;&nbsp;ssl_reassemble_dtls_handshake
<LI><a href="#[423]">&gt;&gt;</a>&nbsp;&nbsp;&nbsp;ssl_check_ctr_renegotiate
<LI><a href="#[40c]">&gt;&gt;</a>&nbsp;&nbsp;&nbsp;ssl_parse_server_hello
<LI><a href="#[48f]">&gt;&gt;</a>&nbsp;&nbsp;&nbsp;prv_checkFinished
<LI><a href="#[408]">&gt;&gt;</a>&nbsp;&nbsp;&nbsp;mbedtls_ssl_prepare_handshake_record
<LI><a href="#[4c2]">&gt;&gt;</a>&nbsp;&nbsp;&nbsp;update_uri_info
<LI><a href="#[4e]">&gt;&gt;</a>&nbsp;&nbsp;&nbsp;fota_pack_sha256_check
</UL>

<P><STRONG><a name="[237]"></a>strncmp</STRONG> (Thumb, 30 bytes, Stack size 12 bytes, strncmp.o(.text))
<BR><BR>[Stack]<UL><LI>Max Depth = 12<LI>Call Chain = strncmp
</UL>
<BR>[Called By]<UL><LI><a href="#[381]">&gt;&gt;</a>&nbsp;&nbsp;&nbsp;uri_decode
<LI><a href="#[394]">&gt;&gt;</a>&nbsp;&nbsp;&nbsp;lwm2m_strncmp
<LI><a href="#[301]">&gt;&gt;</a>&nbsp;&nbsp;&nbsp;prv_server_check_binding_valid
<LI><a href="#[486]">&gt;&gt;</a>&nbsp;&nbsp;&nbsp;parse_firmware_uri
<LI><a href="#[236]">&gt;&gt;</a>&nbsp;&nbsp;&nbsp;connection_create
</UL>

<P><STRONG><a name="[238]"></a>strrchr</STRONG> (Thumb, 32 bytes, Stack size 0 bytes, strrchr.o(.text))
<BR><BR>[Called By]<UL><LI><a href="#[236]">&gt;&gt;</a>&nbsp;&nbsp;&nbsp;connection_create
</UL>

<P><STRONG><a name="[11]"></a>calloc</STRONG> (Thumb, 28 bytes, Stack size 8 bytes, calloc.o(.text))
<BR><BR>[Stack]<UL><LI>Max Depth = 28<LI>Call Chain = calloc &rArr; malloc
</UL>
<BR>[Calls]<UL><LI><a href="#[d0]">&gt;&gt;</a>&nbsp;&nbsp;&nbsp;malloc
</UL>
<BR>[Address Reference Count : 1]<UL><LI> platform.o(.data)
</UL>
<P><STRONG><a name="[d1]"></a>atoi</STRONG> (Thumb, 26 bytes, Stack size 16 bytes, atoi.o(.text))
<BR><BR>[Stack]<UL><LI>Max Depth = 88<LI>Call Chain = atoi &rArr; strtol &rArr; _strtoul
</UL>
<BR>[Calls]<UL><LI><a href="#[d3]">&gt;&gt;</a>&nbsp;&nbsp;&nbsp;strtol
<LI><a href="#[d2]">&gt;&gt;</a>&nbsp;&nbsp;&nbsp;__aeabi_errno_addr
</UL>
<BR>[Called By]<UL><LI><a href="#[209]">&gt;&gt;</a>&nbsp;&nbsp;&nbsp;lwip_getaddrinfo
</UL>

<P><STRONG><a name="[d4]"></a>__aeabi_dadd</STRONG> (Thumb, 322 bytes, Stack size 48 bytes, dadd.o(.text))
<BR><BR>[Stack]<UL><LI>Max Depth = 88<LI>Call Chain = __aeabi_dadd &rArr; _double_epilogue &rArr; _double_round
</UL>
<BR>[Calls]<UL><LI><a href="#[cb]">&gt;&gt;</a>&nbsp;&nbsp;&nbsp;__aeabi_llsl
<LI><a href="#[d5]">&gt;&gt;</a>&nbsp;&nbsp;&nbsp;__aeabi_lasr
<LI><a href="#[d7]">&gt;&gt;</a>&nbsp;&nbsp;&nbsp;_double_round
<LI><a href="#[d6]">&gt;&gt;</a>&nbsp;&nbsp;&nbsp;_double_epilogue
</UL>
<BR>[Called By]<UL><LI><a href="#[d9]">&gt;&gt;</a>&nbsp;&nbsp;&nbsp;__aeabi_drsub
<LI><a href="#[d8]">&gt;&gt;</a>&nbsp;&nbsp;&nbsp;__aeabi_dsub
<LI><a href="#[36e]">&gt;&gt;</a>&nbsp;&nbsp;&nbsp;utils_textToFloat
<LI><a href="#[4aa]">&gt;&gt;</a>&nbsp;&nbsp;&nbsp;utils_floatToText
<LI><a href="#[165]">&gt;&gt;</a>&nbsp;&nbsp;&nbsp;_fp_digits
</UL>

<P><STRONG><a name="[d8]"></a>__aeabi_dsub</STRONG> (Thumb, 6 bytes, Stack size 0 bytes, dadd.o(.text))
<BR><BR>[Stack]<UL><LI>Max Depth = 88<LI>Call Chain = __aeabi_dsub &rArr; __aeabi_dadd &rArr; _double_epilogue &rArr; _double_round
</UL>
<BR>[Calls]<UL><LI><a href="#[d4]">&gt;&gt;</a>&nbsp;&nbsp;&nbsp;__aeabi_dadd
</UL>
<BR>[Called By]<UL><LI><a href="#[390]">&gt;&gt;</a>&nbsp;&nbsp;&nbsp;registration_step
<LI><a href="#[38f]">&gt;&gt;</a>&nbsp;&nbsp;&nbsp;observe_step
<LI><a href="#[4aa]">&gt;&gt;</a>&nbsp;&nbsp;&nbsp;utils_floatToText
</UL>

<P><STRONG><a name="[d9]"></a>__aeabi_drsub</STRONG> (Thumb, 6 bytes, Stack size 0 bytes, dadd.o(.text))
<BR><BR>[Stack]<UL><LI>Max Depth = 88<LI>Call Chain = __aeabi_drsub &rArr; __aeabi_dadd &rArr; _double_epilogue &rArr; _double_round
</UL>
<BR>[Calls]<UL><LI><a href="#[d4]">&gt;&gt;</a>&nbsp;&nbsp;&nbsp;__aeabi_dadd
</UL>
<BR>[Called By]<UL><LI><a href="#[4aa]">&gt;&gt;</a>&nbsp;&nbsp;&nbsp;utils_floatToText
</UL>

<P><STRONG><a name="[da]"></a>__aeabi_dmul</STRONG> (Thumb, 228 bytes, Stack size 48 bytes, dmul.o(.text))
<BR><BR>[Stack]<UL><LI>Max Depth = 88<LI>Call Chain = __aeabi_dmul &rArr; _double_epilogue &rArr; _double_round
</UL>
<BR>[Calls]<UL><LI><a href="#[d6]">&gt;&gt;</a>&nbsp;&nbsp;&nbsp;_double_epilogue
</UL>
<BR>[Called By]<UL><LI><a href="#[36e]">&gt;&gt;</a>&nbsp;&nbsp;&nbsp;utils_textToFloat
<LI><a href="#[4aa]">&gt;&gt;</a>&nbsp;&nbsp;&nbsp;utils_floatToText
<LI><a href="#[165]">&gt;&gt;</a>&nbsp;&nbsp;&nbsp;_fp_digits
</UL>

<P><STRONG><a name="[db]"></a>__aeabi_ddiv</STRONG> (Thumb, 222 bytes, Stack size 32 bytes, ddiv.o(.text))
<BR><BR>[Stack]<UL><LI>Max Depth = 40<LI>Call Chain = __aeabi_ddiv &rArr; _double_round
</UL>
<BR>[Calls]<UL><LI><a href="#[d7]">&gt;&gt;</a>&nbsp;&nbsp;&nbsp;_double_round
</UL>
<BR>[Called By]<UL><LI><a href="#[36e]">&gt;&gt;</a>&nbsp;&nbsp;&nbsp;utils_textToFloat
<LI><a href="#[165]">&gt;&gt;</a>&nbsp;&nbsp;&nbsp;_fp_digits
</UL>

<P><STRONG><a name="[dc]"></a>__aeabi_i2d</STRONG> (Thumb, 34 bytes, Stack size 16 bytes, dflti.o(.text))
<BR><BR>[Stack]<UL><LI>Max Depth = 56<LI>Call Chain = __aeabi_i2d &rArr; _double_epilogue &rArr; _double_round
</UL>
<BR>[Calls]<UL><LI><a href="#[d6]">&gt;&gt;</a>&nbsp;&nbsp;&nbsp;_double_epilogue
</UL>
<BR>[Called By]<UL><LI><a href="#[36e]">&gt;&gt;</a>&nbsp;&nbsp;&nbsp;utils_textToFloat
</UL>

<P><STRONG><a name="[dd]"></a>__aeabi_ui2d</STRONG> (Thumb, 26 bytes, Stack size 16 bytes, dfltui.o(.text))
<BR><BR>[Stack]<UL><LI>Max Depth = 56<LI>Call Chain = __aeabi_ui2d &rArr; _double_epilogue &rArr; _double_round
</UL>
<BR>[Calls]<UL><LI><a href="#[d6]">&gt;&gt;</a>&nbsp;&nbsp;&nbsp;_double_epilogue
</UL>
<BR>[Called By]<UL><LI><a href="#[390]">&gt;&gt;</a>&nbsp;&nbsp;&nbsp;registration_step
</UL>

<P><STRONG><a name="[de]"></a>__aeabi_l2d</STRONG> (Thumb, 40 bytes, Stack size 24 bytes, dfltl.o(.text))
<BR><BR>[Stack]<UL><LI>Max Depth = 64<LI>Call Chain = __aeabi_l2d &rArr; _double_epilogue &rArr; _double_round
</UL>
<BR>[Calls]<UL><LI><a href="#[d6]">&gt;&gt;</a>&nbsp;&nbsp;&nbsp;_double_epilogue
</UL>
<BR>[Called By]<UL><LI><a href="#[38f]">&gt;&gt;</a>&nbsp;&nbsp;&nbsp;observe_step
<LI><a href="#[4aa]">&gt;&gt;</a>&nbsp;&nbsp;&nbsp;utils_floatToText
<LI><a href="#[36d]">&gt;&gt;</a>&nbsp;&nbsp;&nbsp;lwm2m_data_decode_float
</UL>

<P><STRONG><a name="[df]"></a>__aeabi_d2uiz</STRONG> (Thumb, 50 bytes, Stack size 8 bytes, dfixui.o(.text))
<BR><BR>[Stack]<UL><LI>Max Depth = 8<LI>Call Chain = __aeabi_d2uiz
</UL>
<BR>[Calls]<UL><LI><a href="#[ca]">&gt;&gt;</a>&nbsp;&nbsp;&nbsp;__aeabi_llsr
</UL>
<BR>[Called By]<UL><LI><a href="#[390]">&gt;&gt;</a>&nbsp;&nbsp;&nbsp;registration_step
</UL>

<P><STRONG><a name="[e0]"></a>__aeabi_d2lz</STRONG> (Thumb, 74 bytes, Stack size 16 bytes, dfixl.o(.text))
<BR><BR>[Stack]<UL><LI>Max Depth = 16<LI>Call Chain = __aeabi_d2lz
</UL>
<BR>[Calls]<UL><LI><a href="#[cb]">&gt;&gt;</a>&nbsp;&nbsp;&nbsp;__aeabi_llsl
<LI><a href="#[ca]">&gt;&gt;</a>&nbsp;&nbsp;&nbsp;__aeabi_llsr
</UL>
<BR>[Called By]<UL><LI><a href="#[4aa]">&gt;&gt;</a>&nbsp;&nbsp;&nbsp;utils_floatToText
</UL>

<P><STRONG><a name="[e1]"></a>__aeabi_d2ulz</STRONG> (Thumb, 48 bytes, Stack size 0 bytes, dfixul.o(.text), UNUSED)
<BR><BR>[Calls]<UL><LI><a href="#[cb]">&gt;&gt;</a>&nbsp;&nbsp;&nbsp;__aeabi_llsl
<LI><a href="#[ca]">&gt;&gt;</a>&nbsp;&nbsp;&nbsp;__aeabi_llsr
</UL>
<BR>[Called By]<UL><LI><a href="#[165]">&gt;&gt;</a>&nbsp;&nbsp;&nbsp;_fp_digits
</UL>

<P><STRONG><a name="[370]"></a>__aeabi_f2d</STRONG> (Thumb, 38 bytes, Stack size 0 bytes, f2d.o(.text))
<BR><BR>[Called By]<UL><LI><a href="#[36d]">&gt;&gt;</a>&nbsp;&nbsp;&nbsp;lwm2m_data_decode_float
</UL>

<P><STRONG><a name="[509]"></a>__aeabi_cdcmpeq</STRONG> (Thumb, 0 bytes, Stack size 0 bytes, cdcmple.o(.text), UNUSED)

<P><STRONG><a name="[465]"></a>__aeabi_cdcmple</STRONG> (Thumb, 48 bytes, Stack size 0 bytes, cdcmple.o(.text))
<BR><BR>[Called By]<UL><LI><a href="#[49d]">&gt;&gt;</a>&nbsp;&nbsp;&nbsp;prv_getLength
<LI><a href="#[273]">&gt;&gt;</a>&nbsp;&nbsp;&nbsp;prv_readAttributes
<LI><a href="#[38f]">&gt;&gt;</a>&nbsp;&nbsp;&nbsp;observe_step
<LI><a href="#[4aa]">&gt;&gt;</a>&nbsp;&nbsp;&nbsp;utils_floatToText
<LI><a href="#[37d]">&gt;&gt;</a>&nbsp;&nbsp;&nbsp;tlv_serialize
</UL>

<P><STRONG><a name="[166]"></a>__aeabi_cdrcmple</STRONG> (Thumb, 48 bytes, Stack size 0 bytes, cdrcmple.o(.text))
<BR><BR>[Called By]<UL><LI><a href="#[49d]">&gt;&gt;</a>&nbsp;&nbsp;&nbsp;prv_getLength
<LI><a href="#[390]">&gt;&gt;</a>&nbsp;&nbsp;&nbsp;registration_step
<LI><a href="#[38f]">&gt;&gt;</a>&nbsp;&nbsp;&nbsp;observe_step
<LI><a href="#[36e]">&gt;&gt;</a>&nbsp;&nbsp;&nbsp;utils_textToFloat
<LI><a href="#[4aa]">&gt;&gt;</a>&nbsp;&nbsp;&nbsp;utils_floatToText
<LI><a href="#[37d]">&gt;&gt;</a>&nbsp;&nbsp;&nbsp;tlv_serialize
<LI><a href="#[165]">&gt;&gt;</a>&nbsp;&nbsp;&nbsp;_fp_digits
</UL>

<P><STRONG><a name="[e2]"></a>__aeabi_d2f</STRONG> (Thumb, 56 bytes, Stack size 8 bytes, d2f.o(.text))
<BR><BR>[Stack]<UL><LI>Max Depth = 8<LI>Call Chain = __aeabi_d2f
</UL>
<BR>[Calls]<UL><LI><a href="#[e3]">&gt;&gt;</a>&nbsp;&nbsp;&nbsp;_float_round
</UL>
<BR>[Called By]<UL><LI><a href="#[274]">&gt;&gt;</a>&nbsp;&nbsp;&nbsp;observe_setParameters
<LI><a href="#[37d]">&gt;&gt;</a>&nbsp;&nbsp;&nbsp;tlv_serialize
</UL>

<P><STRONG><a name="[170]"></a>setjmp</STRONG> (Thumb, 26 bytes, Stack size 8 bytes, setjmp.o(.text))
<BR><BR>[Stack]<UL><LI>Max Depth = 8<LI>Call Chain = setjmp
</UL>
<BR>[Called By]<UL><LI><a href="#[16a]">&gt;&gt;</a>&nbsp;&nbsp;&nbsp;_run_test
</UL>

<P><STRONG><a name="[2c7]"></a>longjmp</STRONG> (Thumb, 36 bytes, Stack size 0 bytes, setjmp.o(.text))
<BR><BR>[Called By]<UL><LI><a href="#[164]">&gt;&gt;</a>&nbsp;&nbsp;&nbsp;exit_test
</UL>

<P><STRONG><a name="[50a]"></a>__aeabi_uidiv</STRONG> (Thumb, 0 bytes, Stack size 12 bytes, uidiv.o(.text), UNUSED)

<P><STRONG><a name="[169]"></a>__aeabi_uidivmod</STRONG> (Thumb, 44 bytes, Stack size 12 bytes, uidiv.o(.text), UNUSED)
<BR><BR>[Called By]<UL><LI><a href="#[15a]">&gt;&gt;</a>&nbsp;&nbsp;&nbsp;_printf_core
</UL>

<P><STRONG><a name="[ca]"></a>__aeabi_llsr</STRONG> (Thumb, 32 bytes, Stack size 0 bytes, llushr.o(.text))
<BR><BR>[Called By]<UL><LI><a href="#[e1]">&gt;&gt;</a>&nbsp;&nbsp;&nbsp;__aeabi_d2ulz
<LI><a href="#[e0]">&gt;&gt;</a>&nbsp;&nbsp;&nbsp;__aeabi_d2lz
<LI><a href="#[df]">&gt;&gt;</a>&nbsp;&nbsp;&nbsp;__aeabi_d2uiz
<LI><a href="#[c9]">&gt;&gt;</a>&nbsp;&nbsp;&nbsp;__aeabi_uldivmod
<LI><a href="#[d6]">&gt;&gt;</a>&nbsp;&nbsp;&nbsp;_double_epilogue
</UL>

<P><STRONG><a name="[50b]"></a>_ll_ushift_r</STRONG> (Thumb, 0 bytes, Stack size 0 bytes, llushr.o(.text), UNUSED)

<P><STRONG><a name="[d5]"></a>__aeabi_lasr</STRONG> (Thumb, 36 bytes, Stack size 0 bytes, llsshr.o(.text))
<BR><BR>[Called By]<UL><LI><a href="#[d4]">&gt;&gt;</a>&nbsp;&nbsp;&nbsp;__aeabi_dadd
</UL>

<P><STRONG><a name="[50c]"></a>_ll_sshift_r</STRONG> (Thumb, 0 bytes, Stack size 0 bytes, llsshr.o(.text), UNUSED)

<P><STRONG><a name="[e7]"></a>_chval</STRONG> (Thumb, 28 bytes, Stack size 0 bytes, _chval.o(.text))
<BR><BR>[Called By]<UL><LI><a href="#[e5]">&gt;&gt;</a>&nbsp;&nbsp;&nbsp;_strtoul
</UL>

<P><STRONG><a name="[d3]"></a>strtol</STRONG> (Thumb, 112 bytes, Stack size 32 bytes, strtol.o(.text))
<BR><BR>[Stack]<UL><LI>Max Depth = 72<LI>Call Chain = strtol &rArr; _strtoul
</UL>
<BR>[Calls]<UL><LI><a href="#[e4]">&gt;&gt;</a>&nbsp;&nbsp;&nbsp;__rt_ctype_table
<LI><a href="#[e5]">&gt;&gt;</a>&nbsp;&nbsp;&nbsp;_strtoul
<LI><a href="#[d2]">&gt;&gt;</a>&nbsp;&nbsp;&nbsp;__aeabi_errno_addr
</UL>
<BR>[Called By]<UL><LI><a href="#[d1]">&gt;&gt;</a>&nbsp;&nbsp;&nbsp;atoi
</UL>

<P><STRONG><a name="[50d]"></a>__I$use$fp</STRONG> (Thumb, 0 bytes, Stack size 0 bytes, iusefp.o(.text), UNUSED)

<P><STRONG><a name="[e3]"></a>_float_round</STRONG> (Thumb, 18 bytes, Stack size 0 bytes, fepilogue.o(.text))
<BR><BR>[Called By]<UL><LI><a href="#[e2]">&gt;&gt;</a>&nbsp;&nbsp;&nbsp;__aeabi_d2f
</UL>

<P><STRONG><a name="[50e]"></a>_float_epilogue</STRONG> (Thumb, 92 bytes, Stack size 4 bytes, fepilogue.o(.text), UNUSED)

<P><STRONG><a name="[d7]"></a>_double_round</STRONG> (Thumb, 30 bytes, Stack size 8 bytes, depilogue.o(.text))
<BR><BR>[Stack]<UL><LI>Max Depth = 8<LI>Call Chain = _double_round
</UL>
<BR>[Called By]<UL><LI><a href="#[db]">&gt;&gt;</a>&nbsp;&nbsp;&nbsp;__aeabi_ddiv
<LI><a href="#[d4]">&gt;&gt;</a>&nbsp;&nbsp;&nbsp;__aeabi_dadd
<LI><a href="#[d6]">&gt;&gt;</a>&nbsp;&nbsp;&nbsp;_double_epilogue
</UL>

<P><STRONG><a name="[d6]"></a>_double_epilogue</STRONG> (Thumb, 156 bytes, Stack size 32 bytes, depilogue.o(.text))
<BR><BR>[Stack]<UL><LI>Max Depth = 40<LI>Call Chain = _double_epilogue &rArr; _double_round
</UL>
<BR>[Calls]<UL><LI><a href="#[cb]">&gt;&gt;</a>&nbsp;&nbsp;&nbsp;__aeabi_llsl
<LI><a href="#[ca]">&gt;&gt;</a>&nbsp;&nbsp;&nbsp;__aeabi_llsr
<LI><a href="#[d7]">&gt;&gt;</a>&nbsp;&nbsp;&nbsp;_double_round
</UL>
<BR>[Called By]<UL><LI><a href="#[dd]">&gt;&gt;</a>&nbsp;&nbsp;&nbsp;__aeabi_ui2d
<LI><a href="#[dc]">&gt;&gt;</a>&nbsp;&nbsp;&nbsp;__aeabi_i2d
<LI><a href="#[da]">&gt;&gt;</a>&nbsp;&nbsp;&nbsp;__aeabi_dmul
<LI><a href="#[d4]">&gt;&gt;</a>&nbsp;&nbsp;&nbsp;__aeabi_dadd
<LI><a href="#[de]">&gt;&gt;</a>&nbsp;&nbsp;&nbsp;__aeabi_l2d
</UL>

<P><STRONG><a name="[c8]"></a>__scatterload</STRONG> (Thumb, 28 bytes, Stack size 0 bytes, init.o(.text))
<BR><BR>[Calls]<UL><LI><a href="#[e6]">&gt;&gt;</a>&nbsp;&nbsp;&nbsp;__main_after_scatterload
</UL>
<BR>[Called By]<UL><LI><a href="#[c7]">&gt;&gt;</a>&nbsp;&nbsp;&nbsp;_main_scatterload
</UL>

<P><STRONG><a name="[50f]"></a>__scatterload_rt2</STRONG> (Thumb, 0 bytes, Stack size 0 bytes, init.o(.text), UNUSED)

<P><STRONG><a name="[e5]"></a>_strtoul</STRONG> (Thumb, 158 bytes, Stack size 40 bytes, _strtoul.o(.text))
<BR><BR>[Stack]<UL><LI>Max Depth = 40<LI>Call Chain = _strtoul
</UL>
<BR>[Calls]<UL><LI><a href="#[e7]">&gt;&gt;</a>&nbsp;&nbsp;&nbsp;_chval
<LI><a href="#[d2]">&gt;&gt;</a>&nbsp;&nbsp;&nbsp;__aeabi_errno_addr
</UL>
<BR>[Called By]<UL><LI><a href="#[d3]">&gt;&gt;</a>&nbsp;&nbsp;&nbsp;strtol
</UL>

<P><STRONG><a name="[510]"></a>__decompress</STRONG> (Thumb, 0 bytes, Stack size unknown bytes, __dczerorl2.o(.text), UNUSED)

<P><STRONG><a name="[511]"></a>__decompress1</STRONG> (Thumb, 86 bytes, Stack size unknown bytes, __dczerorl2.o(.text), UNUSED)

<P><STRONG><a name="[e8]"></a>Debug_USART1_UART_Init</STRONG> (Thumb, 52 bytes, Stack size 8 bytes, usart.o(i.Debug_USART1_UART_Init))
<BR><BR>[Stack]<UL><LI>Max Depth = 112<LI>Call Chain = Debug_USART1_UART_Init &rArr; HAL_UART_Init &rArr; HAL_UART_MspInit &rArr; HAL_GPIO_Init
</UL>
<BR>[Calls]<UL><LI><a href="#[ea]">&gt;&gt;</a>&nbsp;&nbsp;&nbsp;_Error_Handler
<LI><a href="#[e9]">&gt;&gt;</a>&nbsp;&nbsp;&nbsp;HAL_UART_Init
</UL>
<BR>[Called By]<UL><LI><a href="#[10e]">&gt;&gt;</a>&nbsp;&nbsp;&nbsp;HardWare_Init
</UL>

<P><STRONG><a name="[6a]"></a>ETH_IRQHandler</STRONG> (Thumb, 6 bytes, Stack size 0 bytes, eth.o(i.ETH_IRQHandler))
<BR><BR>[Stack]<UL><LI>Max Depth = 80 + Unknown Stack Size
<LI>Call Chain = ETH_IRQHandler &rArr; HAL_ETH_IRQHandler &rArr; HAL_ETH_RxCpltCallback &rArr; sys_sem_signal &rArr; LOS_SemPost &rArr; osTaskWake &rArr; osPriqueueEnqueue
</UL>
<BR>[Calls]<UL><LI><a href="#[ed]">&gt;&gt;</a>&nbsp;&nbsp;&nbsp;HAL_ETH_IRQHandler
</UL>
<BR>[Address Reference Count : 1]<UL><LI> sys_init.o(i.hieth_hw_init)
</UL>
<P><STRONG><a name="[ef]"></a>HAL_Delay</STRONG> (Thumb, 32 bytes, Stack size 16 bytes, stm32f4xx_hal.o(i.HAL_Delay))
<BR><BR>[Stack]<UL><LI>Max Depth = 24<LI>Call Chain = HAL_Delay &rArr; HAL_GetTick
</UL>
<BR>[Calls]<UL><LI><a href="#[f0]">&gt;&gt;</a>&nbsp;&nbsp;&nbsp;HAL_GetTick
</UL>
<BR>[Called By]<UL><LI><a href="#[f4]">&gt;&gt;</a>&nbsp;&nbsp;&nbsp;HAL_ETH_Init
<LI><a href="#[f5]">&gt;&gt;</a>&nbsp;&nbsp;&nbsp;HAL_ETH_MspInit
<LI><a href="#[ee]">&gt;&gt;</a>&nbsp;&nbsp;&nbsp;ETH_MACDMAConfig
</UL>

<P><STRONG><a name="[2af]"></a>HAL_ETH_DMARxDescListInit</STRONG> (Thumb, 114 bytes, Stack size 28 bytes, stm32f4xx_hal_eth.o(i.HAL_ETH_DMARxDescListInit))
<BR><BR>[Stack]<UL><LI>Max Depth = 28<LI>Call Chain = HAL_ETH_DMARxDescListInit
</UL>
<BR>[Called By]<UL><LI><a href="#[5]">&gt;&gt;</a>&nbsp;&nbsp;&nbsp;eth_init
</UL>

<P><STRONG><a name="[2ae]"></a>HAL_ETH_DMATxDescListInit</STRONG> (Thumb, 120 bytes, Stack size 28 bytes, stm32f4xx_hal_eth.o(i.HAL_ETH_DMATxDescListInit))
<BR><BR>[Stack]<UL><LI>Max Depth = 28<LI>Call Chain = HAL_ETH_DMATxDescListInit
</UL>
<BR>[Called By]<UL><LI><a href="#[5]">&gt;&gt;</a>&nbsp;&nbsp;&nbsp;eth_init
</UL>

<P><STRONG><a name="[f3]"></a>HAL_ETH_ErrorCallback</STRONG> (Thumb, 2 bytes, Stack size 0 bytes, stm32f4xx_hal_eth.o(i.HAL_ETH_ErrorCallback))
<BR><BR>[Called By]<UL><LI><a href="#[ed]">&gt;&gt;</a>&nbsp;&nbsp;&nbsp;HAL_ETH_IRQHandler
</UL>

<P><STRONG><a name="[2b2]"></a>HAL_ETH_GetReceivedFrame</STRONG> (Thumb, 122 bytes, Stack size 8 bytes, stm32f4xx_hal_eth.o(i.HAL_ETH_GetReceivedFrame))
<BR><BR>[Stack]<UL><LI>Max Depth = 8<LI>Call Chain = HAL_ETH_GetReceivedFrame
</UL>
<BR>[Called By]<UL><LI><a href="#[7]">&gt;&gt;</a>&nbsp;&nbsp;&nbsp;eth_input
</UL>

<P><STRONG><a name="[ed]"></a>HAL_ETH_IRQHandler</STRONG> (Thumb, 122 bytes, Stack size 16 bytes, stm32f4xx_hal_eth.o(i.HAL_ETH_IRQHandler))
<BR><BR>[Stack]<UL><LI>Max Depth = 80 + Unknown Stack Size
<LI>Call Chain = HAL_ETH_IRQHandler &rArr; HAL_ETH_RxCpltCallback &rArr; sys_sem_signal &rArr; LOS_SemPost &rArr; osTaskWake &rArr; osPriqueueEnqueue
</UL>
<BR>[Calls]<UL><LI><a href="#[f1]">&gt;&gt;</a>&nbsp;&nbsp;&nbsp;HAL_ETH_RxCpltCallback
<LI><a href="#[f2]">&gt;&gt;</a>&nbsp;&nbsp;&nbsp;HAL_ETH_TxCpltCallback
<LI><a href="#[f3]">&gt;&gt;</a>&nbsp;&nbsp;&nbsp;HAL_ETH_ErrorCallback
</UL>
<BR>[Called By]<UL><LI><a href="#[6a]">&gt;&gt;</a>&nbsp;&nbsp;&nbsp;ETH_IRQHandler
</UL>

<P><STRONG><a name="[f4]"></a>HAL_ETH_Init</STRONG> (Thumb, 448 bytes, Stack size 40 bytes, stm32f4xx_hal_eth.o(i.HAL_ETH_Init))
<BR><BR>[Stack]<UL><LI>Max Depth = 128<LI>Call Chain = HAL_ETH_Init &rArr; HAL_ETH_MspInit &rArr; HAL_GPIO_Init
</UL>
<BR>[Calls]<UL><LI><a href="#[f0]">&gt;&gt;</a>&nbsp;&nbsp;&nbsp;HAL_GetTick
<LI><a href="#[ef]">&gt;&gt;</a>&nbsp;&nbsp;&nbsp;HAL_Delay
<LI><a href="#[f5]">&gt;&gt;</a>&nbsp;&nbsp;&nbsp;HAL_ETH_MspInit
<LI><a href="#[f6]">&gt;&gt;</a>&nbsp;&nbsp;&nbsp;HAL_RCC_GetHCLKFreq
<LI><a href="#[f7]">&gt;&gt;</a>&nbsp;&nbsp;&nbsp;HAL_ETH_WritePHYRegister
<LI><a href="#[f8]">&gt;&gt;</a>&nbsp;&nbsp;&nbsp;HAL_ETH_ReadPHYRegister
<LI><a href="#[ee]">&gt;&gt;</a>&nbsp;&nbsp;&nbsp;ETH_MACDMAConfig
</UL>
<BR>[Called By]<UL><LI><a href="#[5]">&gt;&gt;</a>&nbsp;&nbsp;&nbsp;eth_init
</UL>

<P><STRONG><a name="[f5]"></a>HAL_ETH_MspInit</STRONG> (Thumb, 310 bytes, Stack size 48 bytes, eth.o(i.HAL_ETH_MspInit))
<BR><BR>[Stack]<UL><LI>Max Depth = 88<LI>Call Chain = HAL_ETH_MspInit &rArr; HAL_GPIO_Init
</UL>
<BR>[Calls]<UL><LI><a href="#[fa]">&gt;&gt;</a>&nbsp;&nbsp;&nbsp;HAL_GPIO_WritePin
<LI><a href="#[f9]">&gt;&gt;</a>&nbsp;&nbsp;&nbsp;HAL_GPIO_Init
<LI><a href="#[ef]">&gt;&gt;</a>&nbsp;&nbsp;&nbsp;HAL_Delay
</UL>
<BR>[Called By]<UL><LI><a href="#[f4]">&gt;&gt;</a>&nbsp;&nbsp;&nbsp;HAL_ETH_Init
</UL>

<P><STRONG><a name="[f8]"></a>HAL_ETH_ReadPHYRegister</STRONG> (Thumb, 130 bytes, Stack size 32 bytes, stm32f4xx_hal_eth.o(i.HAL_ETH_ReadPHYRegister))
<BR><BR>[Stack]<UL><LI>Max Depth = 40<LI>Call Chain = HAL_ETH_ReadPHYRegister &rArr; HAL_GetTick
</UL>
<BR>[Calls]<UL><LI><a href="#[f0]">&gt;&gt;</a>&nbsp;&nbsp;&nbsp;HAL_GetTick
</UL>
<BR>[Called By]<UL><LI><a href="#[f4]">&gt;&gt;</a>&nbsp;&nbsp;&nbsp;HAL_ETH_Init
</UL>

[...]
</UL>
<BR>[Address Reference Count : 1]<UL><LI> fota_package_checksum.o(i.fota_pack_sha256_init)
</UL>
<P><STRONG><a name="[4f]"></a>fota_pack_sha256_destroy</STRONG> (Thumb, 6 bytes, Stack size 0 bytes, fota_package_checksum.o(i.fota_pack_sha256_destroy))
<BR><BR>[Calls]<UL><LI><a href="#[2eb]">&gt;&gt;</a>&nbsp;&nbsp;&nbsp;mbedtls_sha256_free
</UL>
<BR>[Address Reference Count : 1]<UL><LI> fota_package_checksum.o(i.fota_pack_sha256_init)
</UL>
<P><STRONG><a name="[4c]"></a>fota_pack_sha256_reset</STRONG> (Thumb, 22 bytes, Stack size 8 bytes, fota_package_checksum.o(i.fota_pack_sha256_reset))
<BR><BR>[Stack]<UL><LI>Max Depth = 8<LI>Call Chain = fota_pack_sha256_reset
</UL>
<BR>[Calls]<UL><LI><a href="#[2ee]">&gt;&gt;</a>&nbsp;&nbsp;&nbsp;mbedtls_sha256_starts
<LI><a href="#[2ed]">&gt;&gt;</a>&nbsp;&nbsp;&nbsp;mbedtls_sha256_init
</UL>
<BR>[Called By]<UL><LI><a href="#[2ec]">&gt;&gt;</a>&nbsp;&nbsp;&nbsp;fota_pack_sha256_init
</UL>
<BR>[Address Reference Count : 1]<UL><LI> fota_package_checksum.o(i.fota_pack_sha256_init)
</UL>
<P><STRONG><a name="[50]"></a>fota_pack_sha256_rsa2048_check</STRONG> (Thumb, 278 bytes, Stack size 80 bytes, fota_package_checksum.o(i.fota_pack_sha256_rsa2048_check))
<BR><BR>[Stack]<UL><LI>Max Depth = 3392 + Unknown Stack Size
<LI>Call Chain = fota_pack_sha256_rsa2048_check &rArr; mbedtls_rsa_pkcs1_verify &rArr; mbedtls_rsa_rsassa_pss_verify &rArr; mbedtls_rsa_rsassa_pss_verify_ext &rArr; mbedtls_rsa_private &rArr; rsa_prepare_blinding &rArr; mbedtls_mpi_exp_mod &rArr; mbedtls_mpi_mod_mpi &rArr; mbedtls_mpi_div_mpi &rArr; mbedtls_mpi_mul_int &rArr; mbedtls_mpi_mul_mpi &rArr; mbedtls_mpi_copy &rArr; mbedtls_mpi_grow &rArr; __aeabi_memcpy4
</UL>
<BR>[Calls]<UL><LI><a href="#[1aa]">&gt;&gt;</a>&nbsp;&nbsp;&nbsp;atiny_malloc
<LI><a href="#[1f7]">&gt;&gt;</a>&nbsp;&nbsp;&nbsp;atiny_gettime_ms
<LI><a href="#[37]">&gt;&gt;</a>&nbsp;&nbsp;&nbsp;atiny_free
<LI><a href="#[2ea]">&gt;&gt;</a>&nbsp;&nbsp;&nbsp;mbedtls_sha256_finish
<LI><a href="#[2f1]">&gt;&gt;</a>&nbsp;&nbsp;&nbsp;mbedtls_mpi_read_string
<LI><a href="#[2f3]">&gt;&gt;</a>&nbsp;&nbsp;&nbsp;mbedtls_rsa_pkcs1_verify
<LI><a href="#[2f0]">&gt;&gt;</a>&nbsp;&nbsp;&nbsp;mbedtls_rsa_init
<LI><a href="#[2f4]">&gt;&gt;</a>&nbsp;&nbsp;&nbsp;mbedtls_rsa_free
<LI><a href="#[2f2]">&gt;&gt;</a>&nbsp;&nbsp;&nbsp;mbedtls_rsa_check_pubkey
<LI><a href="#[3a]">&gt;&gt;</a>&nbsp;&nbsp;&nbsp;atiny_printf
<LI><a href="#[2ef]">&gt;&gt;</a>&nbsp;&nbsp;&nbsp;fota_pack_head_get_key
</UL>
<BR>[Address Reference Count : 1]<UL><LI> fota_package_checksum.o(i.fota_pack_sha256_rsa2048_init)
</UL>
<P><STRONG><a name="[4d]"></a>fota_pack_sha256_update</STRONG> (Thumb, 12 bytes, Stack size 8 bytes, fota_package_checksum.o(i.fota_pack_sha256_update))
<BR><BR>[Stack]<UL><LI>Max Depth = 356<LI>Call Chain = fota_pack_sha256_update &rArr; mbedtls_sha256_update &rArr; mbedtls_sha256_process
</UL>
<BR>[Calls]<UL><LI><a href="#[2ac]">&gt;&gt;</a>&nbsp;&nbsp;&nbsp;mbedtls_sha256_update
</UL>
<BR>[Address Reference Count : 1]<UL><LI> fota_package_checksum.o(i.fota_pack_sha256_init)
</UL>
<P><STRONG><a name="[21f]"></a>check_for_leftover_values</STRONG> (Thumb, 160 bytes, Stack size 40 bytes, cmockery.o(i.check_for_leftover_values))
<BR><BR>[Stack]<UL><LI>Max Depth = 1232 + In Cycle
<LI>Call Chain = check_for_leftover_values &rArr;  check_for_leftover_values (Cycle)
</UL>
<BR>[Calls]<UL><LI><a href="#[163]">&gt;&gt;</a>&nbsp;&nbsp;&nbsp;print_error
<LI><a href="#[162]">&gt;&gt;</a>&nbsp;&nbsp;&nbsp;_assert_true
<LI><a href="#[220]">&gt;&gt;</a>&nbsp;&nbsp;&nbsp;list_empty
<LI><a href="#[21f]">&gt;&gt;</a>&nbsp;&nbsp;&nbsp;check_for_leftover_values
</UL>
<BR>[Called By]<UL><LI><a href="#[172]">&gt;&gt;</a>&nbsp;&nbsp;&nbsp;fail_if_leftover_values
<LI><a href="#[21f]">&gt;&gt;</a>&nbsp;&nbsp;&nbsp;check_for_leftover_values
</UL>

<P><STRONG><a name="[16b]"></a>check_point_allocated_blocks</STRONG> (Thumb, 10 bytes, Stack size 8 bytes, cmockery.o(i.check_point_allocated_blocks))
<BR><BR>[Stack]<UL><LI>Max Depth = 16<LI>Call Chain = check_point_allocated_blocks &rArr; get_allocated_blocks_list
</UL>
<BR>[Calls]<UL><LI><a href="#[178]">&gt;&gt;</a>&nbsp;&nbsp;&nbsp;get_allocated_blocks_list
</UL>
<BR>[Called By]<UL><LI><a href="#[174]">&gt;&gt;</a>&nbsp;&nbsp;&nbsp;_run_tests
<LI><a href="#[16a]">&gt;&gt;</a>&nbsp;&nbsp;&nbsp;_run_test
</UL>

<P><STRONG><a name="[263]"></a>display_allocated_blocks</STRONG> (Thumb, 104 bytes, Stack size 24 bytes, cmockery.o(i.display_allocated_blocks))
<BR><BR>[Stack]<UL><LI>Max Depth = 1200<LI>Call Chain = display_allocated_blocks &rArr; _assert_true &rArr; _fail &rArr; print_error &rArr; vprint_error &rArr; fputs &rArr; fputc &rArr; HAL_UART_Transmit &rArr; UART_WaitOnFlagUntilTimeout &rArr; HAL_GetTick
</UL>
<BR>[Calls]<UL><LI><a href="#[163]">&gt;&gt;</a>&nbsp;&nbsp;&nbsp;print_error
<LI><a href="#[162]">&gt;&gt;</a>&nbsp;&nbsp;&nbsp;_assert_true
<LI><a href="#[178]">&gt;&gt;</a>&nbsp;&nbsp;&nbsp;get_allocated_blocks_list
</UL>
<BR>[Called By]<UL><LI><a href="#[173]">&gt;&gt;</a>&nbsp;&nbsp;&nbsp;fail_if_blocks_allocated
</UL>

<P><STRONG><a name="[1d]"></a>exception_handler</STRONG> (Thumb, 6 bytes, Stack size 0 bytes, cmockery.o(i.exception_handler))
<BR><BR>[Stack]<UL><LI>Max Depth = 8<LI>Call Chain = exception_handler &rArr; exit_test
</UL>
<BR>[Calls]<UL><LI><a href="#[164]">&gt;&gt;</a>&nbsp;&nbsp;&nbsp;exit_test
</UL>
<BR>[Address Reference Count : 1]<UL><LI> cmockery.o(i._run_test)
</UL>
<P><STRONG><a name="[164]"></a>exit_test</STRONG> (Thumb, 20 bytes, Stack size 8 bytes, cmockery.o(i.exit_test))
<BR><BR>[Stack]<UL><LI>Max Depth = 8<LI>Call Chain = exit_test
</UL>
<BR>[Calls]<UL><LI><a href="#[2c7]">&gt;&gt;</a>&nbsp;&nbsp;&nbsp;longjmp
</UL>
<BR>[Called By]<UL><LI><a href="#[172]">&gt;&gt;</a>&nbsp;&nbsp;&nbsp;fail_if_leftover_values
<LI><a href="#[174]">&gt;&gt;</a>&nbsp;&nbsp;&nbsp;_run_tests
<LI><a href="#[161]">&gt;&gt;</a>&nbsp;&nbsp;&nbsp;_fail
<LI><a href="#[173]">&gt;&gt;</a>&nbsp;&nbsp;&nbsp;fail_if_blocks_allocated
<LI><a href="#[1d]">&gt;&gt;</a>&nbsp;&nbsp;&nbsp;exception_handler
</UL>

<P><STRONG><a name="[173]"></a>fail_if_blocks_allocated</STRONG> (Thumb, 42 bytes, Stack size 16 bytes, cmockery.o(i.fail_if_blocks_allocated))
<BR><BR>[Stack]<UL><LI>Max Depth = 1296<LI>Call Chain = fail_if_blocks_allocated &rArr; free_allocated_blocks &rArr; _test_free &rArr; list_remove &rArr; _assert_true &rArr; _fail &rArr; print_error &rArr; vprint_error &rArr; fputs &rArr; fputc &rArr; HAL_UART_Transmit &rArr; UART_WaitOnFlagUntilTimeout &rArr; HAL_GetTick
</UL>
<BR>[Calls]<UL><LI><a href="#[163]">&gt;&gt;</a>&nbsp;&nbsp;&nbsp;print_error
<LI><a href="#[2c8]">&gt;&gt;</a>&nbsp;&nbsp;&nbsp;free_allocated_blocks
<LI><a href="#[164]">&gt;&gt;</a>&nbsp;&nbsp;&nbsp;exit_test
<LI><a href="#[263]">&gt;&gt;</a>&nbsp;&nbsp;&nbsp;display_allocated_blocks
</UL>
<BR>[Called By]<UL><LI><a href="#[174]">&gt;&gt;</a>&nbsp;&nbsp;&nbsp;_run_tests
<LI><a href="#[16a]">&gt;&gt;</a>&nbsp;&nbsp;&nbsp;_run_test
</UL>

<P><STRONG><a name="[2c8]"></a>free_allocated_blocks</STRONG> (Thumb, 74 bytes, Stack size 24 bytes, cmockery.o(i.free_allocated_blocks))
<BR><BR>[Stack]<UL><LI>Max Depth = 1280<LI>Call Chain = free_allocated_blocks &rArr; _test_free &rArr; list_remove &rArr; _assert_true &rArr; _fail &rArr; print_error &rArr; vprint_error &rArr; fputs &rArr; fputc &rArr; HAL_UART_Transmit &rArr; UART_WaitOnFlagUntilTimeout &rArr; HAL_GetTick
</UL>
<BR>[Calls]<UL><LI><a href="#[176]">&gt;&gt;</a>&nbsp;&nbsp;&nbsp;_test_free
<LI><a href="#[162]">&gt;&gt;</a>&nbsp;&nbsp;&nbsp;_assert_true
<LI><a href="#[178]">&gt;&gt;</a>&nbsp;&nbsp;&nbsp;get_allocated_blocks_list
</UL>
<BR>[Called By]<UL><LI><a href="#[173]">&gt;&gt;</a>&nbsp;&nbsp;&nbsp;fail_if_blocks_allocated
</UL>

<P><STRONG><a name="[1e]"></a>free_symbol_map_value</STRONG> (Thumb, 48 bytes, Stack size 16 bytes, cmockery.o(i.free_symbol_map_value))
<BR><BR>[Stack]<UL><LI>Max Depth = 1264<LI>Call Chain = free_symbol_map_value &rArr; list_free &rArr; list_remove_free &rArr; list_remove &rArr; _assert_true &rArr; _fail &rArr; print_error &rArr; vprint_error &rArr; fputs &rArr; fputc &rArr; HAL_UART_Transmit &rArr; UART_WaitOnFlagUntilTimeout &rArr; HAL_GetTick
</UL>
<BR>[Calls]<UL><LI><a href="#[162]">&gt;&gt;</a>&nbsp;&nbsp;&nbsp;_assert_true
<LI><a href="#[171]">&gt;&gt;</a>&nbsp;&nbsp;&nbsp;list_free
<LI><a href="#[12]">&gt;&gt;</a>&nbsp;&nbsp;&nbsp;free
</UL>
<BR>[Address Reference Count : 3]<UL><LI> cmockery.o(i._run_test)
<LI> cmockery.o(i.free_symbol_map_value)
<LI> cmockery.o(i.get_symbol_value)
</UL>
<P><STRONG><a name="[51]"></a>free_value</STRONG> (Thumb, 32 bytes, Stack size 16 bytes, cmockery.o(i.free_value))
<BR><BR>[Stack]<UL><LI>Max Depth = 1192<LI>Call Chain = free_value &rArr; _assert_true &rArr; _fail &rArr; print_error &rArr; vprint_error &rArr; fputs &rArr; fputc &rArr; HAL_UART_Transmit &rArr; UART_WaitOnFlagUntilTimeout &rArr; HAL_GetTick
</UL>
<BR>[Calls]<UL><LI><a href="#[162]">&gt;&gt;</a>&nbsp;&nbsp;&nbsp;_assert_true
<LI><a href="#[12]">&gt;&gt;</a>&nbsp;&nbsp;&nbsp;free
</UL>
<BR>[Address Reference Count : 2]<UL><LI> cmockery.o(i.free_symbol_map_value)
<LI> cmockery.o(i.remove_always_return_values)
</UL>
<P><STRONG><a name="[178]"></a>get_allocated_blocks_list</STRONG> (Thumb, 22 bytes, Stack size 8 bytes, cmockery.o(i.get_allocated_blocks_list))
<BR><BR>[Stack]<UL><LI>Max Depth = 8<LI>Call Chain = get_allocated_blocks_list
</UL>
<BR>[Calls]<UL><LI><a href="#[16e]">&gt;&gt;</a>&nbsp;&nbsp;&nbsp;list_initialize
</UL>
<BR>[Called By]<UL><LI><a href="#[175]">&gt;&gt;</a>&nbsp;&nbsp;&nbsp;_test_malloc
<LI><a href="#[2c8]">&gt;&gt;</a>&nbsp;&nbsp;&nbsp;free_allocated_blocks
<LI><a href="#[263]">&gt;&gt;</a>&nbsp;&nbsp;&nbsp;display_allocated_blocks
<LI><a href="#[16b]">&gt;&gt;</a>&nbsp;&nbsp;&nbsp;check_point_allocated_blocks
</UL>

<P><STRONG><a name="[302]"></a>get_symbol_value</STRONG> (Thumb, 282 bytes, Stack size 40 bytes, cmockery.o(i.get_symbol_value), UNUSED)
<BR><BR>[Calls]<UL><LI><a href="#[163]">&gt;&gt;</a>&nbsp;&nbsp;&nbsp;print_error
<LI><a href="#[162]">&gt;&gt;</a>&nbsp;&nbsp;&nbsp;_assert_true
<LI><a href="#[304]">&gt;&gt;</a>&nbsp;&nbsp;&nbsp;list_remove_free
<LI><a href="#[303]">&gt;&gt;</a>&nbsp;&nbsp;&nbsp;list_find
<LI><a href="#[220]">&gt;&gt;</a>&nbsp;&nbsp;&nbsp;list_empty
<LI><a href="#[302]">&gt;&gt;</a>&nbsp;&nbsp;&nbsp;get_symbol_value
</UL>
<BR>[Called By]<UL><LI><a href="#[302]">&gt;&gt;</a>&nbsp;&nbsp;&nbsp;get_symbol_value
</UL>

<P><STRONG><a name="[16f]"></a>initialize_source_location</STRONG> (Thumb, 30 bytes, Stack size 16 bytes, cmockery.o(i.initialize_source_location))
<BR><BR>[Stack]<UL><LI>Max Depth = 1192<LI>Call Chain = initialize_source_location &rArr; _assert_true &rArr; _fail &rArr; print_error &rArr; vprint_error &rArr; fputs &rArr; fputc &rArr; HAL_UART_Transmit &rArr; UART_WaitOnFlagUntilTimeout &rArr; HAL_GetTick
</UL>
<BR>[Calls]<UL><LI><a href="#[162]">&gt;&gt;</a>&nbsp;&nbsp;&nbsp;_assert_true
</UL>
<BR>[Called By]<UL><LI><a href="#[16a]">&gt;&gt;</a>&nbsp;&nbsp;&nbsp;_run_test
</UL>

<P><STRONG><a name="[17a]"></a>list_add</STRONG> (Thumb, 58 bytes, Stack size 16 bytes, cmockery.o(i.list_add))
<BR><BR>[Stack]<UL><LI>Max Depth = 1192<LI>Call Chain = list_add &rArr; _assert_true &rArr; _fail &rArr; print_error &rArr; vprint_error &rArr; fputs &rArr; fputc &rArr; HAL_UART_Transmit &rArr; UART_WaitOnFlagUntilTimeout &rArr; HAL_GetTick
</UL>
<BR>[Calls]<UL><LI><a href="#[162]">&gt;&gt;</a>&nbsp;&nbsp;&nbsp;_assert_true
</UL>
<BR>[Called By]<UL><LI><a href="#[175]">&gt;&gt;</a>&nbsp;&nbsp;&nbsp;_test_malloc
</UL>

<P><STRONG><a name="[220]"></a>list_empty</STRONG> (Thumb, 38 bytes, Stack size 16 bytes, cmockery.o(i.list_empty))
<BR><BR>[Stack]<UL><LI>Max Depth = 1192<LI>Call Chain = list_empty &rArr; _assert_true &rArr; _fail &rArr; print_error &rArr; vprint_error &rArr; fputs &rArr; fputc &rArr; HAL_UART_Transmit &rArr; UART_WaitOnFlagUntilTimeout &rArr; HAL_GetTick
</UL>
<BR>[Calls]<UL><LI><a href="#[162]">&gt;&gt;</a>&nbsp;&nbsp;&nbsp;_assert_true
</UL>
<BR>[Called By]<UL><LI><a href="#[2c9]">&gt;&gt;</a>&nbsp;&nbsp;&nbsp;remove_always_return_values
<LI><a href="#[171]">&gt;&gt;</a>&nbsp;&nbsp;&nbsp;list_free
<LI><a href="#[302]">&gt;&gt;</a>&nbsp;&nbsp;&nbsp;get_symbol_value
<LI><a href="#[21f]">&gt;&gt;</a>&nbsp;&nbsp;&nbsp;check_for_leftover_values
</UL>

<P><STRONG><a name="[303]"></a>list_find</STRONG> (Thumb, 60 bytes, Stack size 32 bytes, cmockery.o(i.list_find), UNUSED)
<BR><BR>[Calls]<UL><LI><a href="#[162]">&gt;&gt;</a>&nbsp;&nbsp;&nbsp;_assert_true
</UL>
<BR>[Called By]<UL><LI><a href="#[302]">&gt;&gt;</a>&nbsp;&nbsp;&nbsp;get_symbol_value
</UL>

<P><STRONG><a name="[171]"></a>list_free</STRONG> (Thumb, 52 bytes, Stack size 24 bytes, cmockery.o(i.list_free))
<BR><BR>[Stack]<UL><LI>Max Depth = 1248<LI>Call Chain = list_free &rArr; list_remove_free &rArr; list_remove &rArr; _assert_true &rArr; _fail &rArr; print_error &rArr; vprint_error &rArr; fputs &rArr; fputc &rArr; HAL_UART_Transmit &rArr; UART_WaitOnFlagUntilTimeout &rArr; HAL_GetTick
</UL>
<BR>[Calls]<UL><LI><a href="#[162]">&gt;&gt;</a>&nbsp;&nbsp;&nbsp;_assert_true
<LI><a href="#[304]">&gt;&gt;</a>&nbsp;&nbsp;&nbsp;list_remove_free
<LI><a href="#[220]">&gt;&gt;</a>&nbsp;&nbsp;&nbsp;list_empty
</UL>
<BR>[Called By]<UL><LI><a href="#[16a]">&gt;&gt;</a>&nbsp;&nbsp;&nbsp;_run_test
<LI><a href="#[1e]">&gt;&gt;</a>&nbsp;&nbsp;&nbsp;free_symbol_map_value
</UL>

<P><STRONG><a name="[16e]"></a>list_initialize</STRONG> (Thumb, 14 bytes, Stack size 0 bytes, cmockery.o(i.list_initialize))
<BR><BR>[Called By]<UL><LI><a href="#[16a]">&gt;&gt;</a>&nbsp;&nbsp;&nbsp;_run_test
<LI><a href="#[178]">&gt;&gt;</a>&nbsp;&nbsp;&nbsp;get_allocated_blocks_list
</UL>

<P><STRONG><a name="[177]"></a>list_remove</STRONG> (Thumb, 50 bytes, Stack size 24 bytes, cmockery.o(i.list_remove))
<BR><BR>[Stack]<UL><LI>Max Depth = 1200<LI>Call Chain = list_remove &rArr; _assert_true &rArr; _fail &rArr; print_error &rArr; vprint_error &rArr; fputs &rArr; fputc &rArr; HAL_UART_Transmit &rArr; UART_WaitOnFlagUntilTimeout &rArr; HAL_GetTick
</UL>
<BR>[Calls]<UL><LI><a href="#[162]">&gt;&gt;</a>&nbsp;&nbsp;&nbsp;_assert_true
</UL>
<BR>[Called By]<UL><LI><a href="#[176]">&gt;&gt;</a>&nbsp;&nbsp;&nbsp;_test_free
<LI><a href="#[304]">&gt;&gt;</a>&nbsp;&nbsp;&nbsp;list_remove_free
</UL>

<P><STRONG><a name="[304]"></a>list_remove_free</STRONG> (Thumb, 44 bytes, Stack size 24 bytes, cmockery.o(i.list_remove_free))
<BR><BR>[Stack]<UL><LI>Max Depth = 1224<LI>Call Chain = list_remove_free &rArr; list_remove &rArr; _assert_true &rArr; _fail &rArr; print_error &rArr; vprint_error &rArr; fputs &rArr; fputc &rArr; HAL_UART_Transmit &rArr; UART_WaitOnFlagUntilTimeout &rArr; HAL_GetTick
</UL>
<BR>[Calls]<UL><LI><a href="#[162]">&gt;&gt;</a>&nbsp;&nbsp;&nbsp;_assert_true
<LI><a href="#[177]">&gt;&gt;</a>&nbsp;&nbsp;&nbsp;list_remove
<LI><a href="#[12]">&gt;&gt;</a>&nbsp;&nbsp;&nbsp;free
</UL>
<BR>[Called By]<UL><LI><a href="#[2c9]">&gt;&gt;</a>&nbsp;&nbsp;&nbsp;remove_always_return_values
<LI><a href="#[171]">&gt;&gt;</a>&nbsp;&nbsp;&nbsp;list_free
<LI><a href="#[302]">&gt;&gt;</a>&nbsp;&nbsp;&nbsp;get_symbol_value
</UL>

<P><STRONG><a name="[2c9]"></a>remove_always_return_values</STRONG> (Thumb, 142 bytes, Stack size 32 bytes, cmockery.o(i.remove_always_return_values))
<BR><BR>[Stack]<UL><LI>Max Depth = 1256 + In Cycle
<LI>Call Chain = remove_always_return_values &rArr;  remove_always_return_values (Cycle)
</UL>
<BR>[Calls]<UL><LI><a href="#[162]">&gt;&gt;</a>&nbsp;&nbsp;&nbsp;_assert_true
<LI><a href="#[2c9]">&gt;&gt;</a>&nbsp;&nbsp;&nbsp;remove_always_return_values
<LI><a href="#[304]">&gt;&gt;</a>&nbsp;&nbsp;&nbsp;list_remove_free
<LI><a href="#[220]">&gt;&gt;</a>&nbsp;&nbsp;&nbsp;list_empty
</UL>
<BR>[Called By]<UL><LI><a href="#[172]">&gt;&gt;</a>&nbsp;&nbsp;&nbsp;fail_if_leftover_values
<LI><a href="#[2c9]">&gt;&gt;</a>&nbsp;&nbsp;&nbsp;remove_always_return_values
</UL>

<P><STRONG><a name="[179]"></a>set_source_location</STRONG> (Thumb, 32 bytes, Stack size 24 bytes, cmockery.o(i.set_source_location))
<BR><BR>[Stack]<UL><LI>Max Depth = 1200<LI>Call Chain = set_source_location &rArr; _assert_true &rArr; _fail &rArr; print_error &rArr; vprint_error &rArr; fputs &rArr; fputc &rArr; HAL_UART_Transmit &rArr; UART_WaitOnFlagUntilTimeout &rArr; HAL_GetTick
</UL>
<BR>[Calls]<UL><LI><a href="#[162]">&gt;&gt;</a>&nbsp;&nbsp;&nbsp;_assert_true
</UL>
<BR>[Called By]<UL><LI><a href="#[175]">&gt;&gt;</a>&nbsp;&nbsp;&nbsp;_test_malloc
</UL>

<P><STRONG><a name="[67]"></a>symbol_names_match</STRONG> (Thumb, 18 bytes, Stack size 8 bytes, cmockery.o(i.symbol_names_match))
<BR><BR>[Stack]<UL><LI>Max Depth = 16<LI>Call Chain = symbol_names_match &rArr; strcmp
</UL>
<BR>[Calls]<UL><LI><a href="#[4c3]">&gt;&gt;</a>&nbsp;&nbsp;&nbsp;strcmp
</UL>
<BR>[Address Reference Count : 1]<UL><LI> cmockery.o(i.get_symbol_value)
</UL>
<P><STRONG><a name="[160]"></a>values_equal_display_error</STRONG> (Thumb, 42 bytes, Stack size 24 bytes, cmockery.o(i.values_equal_display_error))
<BR><BR>[Stack]<UL><LI>Max Depth = 1176<LI>Call Chain = values_equal_display_error &rArr; print_error &rArr; vprint_error &rArr; fputs &rArr; fputc &rArr; HAL_UART_Transmit &rArr; UART_WaitOnFlagUntilTimeout &rArr; HAL_GetTick
</UL>
<BR>[Calls]<UL><LI><a href="#[163]">&gt;&gt;</a>&nbsp;&nbsp;&nbsp;print_error
</UL>
<BR>[Called By]<UL><LI><a href="#[15f]">&gt;&gt;</a>&nbsp;&nbsp;&nbsp;_assert_int_equal
</UL>

<P><STRONG><a name="[165]"></a>_fp_digits</STRONG> (Thumb, 334 bytes, Stack size 56 bytes, printfa.o(i._fp_digits), UNUSED)
<BR><BR>[Calls]<UL><LI><a href="#[db]">&gt;&gt;</a>&nbsp;&nbsp;&nbsp;__aeabi_ddiv
<LI><a href="#[e1]">&gt;&gt;</a>&nbsp;&nbsp;&nbsp;__aeabi_d2ulz
<LI><a href="#[da]">&gt;&gt;</a>&nbsp;&nbsp;&nbsp;__aeabi_dmul
<LI><a href="#[d4]">&gt;&gt;</a>&nbsp;&nbsp;&nbsp;__aeabi_dadd
<LI><a href="#[166]">&gt;&gt;</a>&nbsp;&nbsp;&nbsp;__aeabi_cdrcmple
<LI><a href="#[c9]">&gt;&gt;</a>&nbsp;&nbsp;&nbsp;__aeabi_uldivmod
</UL>
<BR>[Called By]<UL><LI><a href="#[15a]">&gt;&gt;</a>&nbsp;&nbsp;&nbsp;_printf_core
</UL>

<P><STRONG><a name="[15a]"></a>_printf_core</STRONG> (Thumb, 1744 bytes, Stack size 136 bytes, printfa.o(i._printf_core), UNUSED)
<BR><BR>[Calls]<UL><LI><a href="#[c9]">&gt;&gt;</a>&nbsp;&nbsp;&nbsp;__aeabi_uldivmod
<LI><a href="#[169]">&gt;&gt;</a>&nbsp;&nbsp;&nbsp;__aeabi_uidivmod
<LI><a href="#[167]">&gt;&gt;</a>&nbsp;&nbsp;&nbsp;_printf_pre_padding
<LI><a href="#[168]">&gt;&gt;</a>&nbsp;&nbsp;&nbsp;_printf_post_padding
<LI><a href="#[165]">&gt;&gt;</a>&nbsp;&nbsp;&nbsp;_fp_digits
</UL>
<BR>[Called By]<UL><LI><a href="#[15e]">&gt;&gt;</a>&nbsp;&nbsp;&nbsp;__0vsnprintf
<LI><a href="#[15d]">&gt;&gt;</a>&nbsp;&nbsp;&nbsp;__0sprintf
<LI><a href="#[15c]">&gt;&gt;</a>&nbsp;&nbsp;&nbsp;__0snprintf
<LI><a href="#[15b]">&gt;&gt;</a>&nbsp;&nbsp;&nbsp;__0printf
<LI><a href="#[159]">&gt;&gt;</a>&nbsp;&nbsp;&nbsp;__0fprintf
</UL>

<P><STRONG><a name="[168]"></a>_printf_post_padding</STRONG> (Thumb, 36 bytes, Stack size 24 bytes, printfa.o(i._printf_post_padding), UNUSED)
<BR><BR>[Called By]<UL><LI><a href="#[15a]">&gt;&gt;</a>&nbsp;&nbsp;&nbsp;_printf_core
</UL>

<P><STRONG><a name="[167]"></a>_printf_pre_padding</STRONG> (Thumb, 46 bytes, Stack size 24 bytes, printfa.o(i._printf_pre_padding), UNUSED)
<BR><BR>[Called By]<UL><LI><a href="#[15a]">&gt;&gt;</a>&nbsp;&nbsp;&nbsp;_printf_core
</UL>

<P><STRONG><a name="[1b]"></a>_snputc</STRONG> (Thumb, 22 bytes, Stack size 0 bytes, printfa.o(i._snputc))
<BR>[Address Reference Count : 2]<UL><LI> printfa.o(i.__0snprintf)
<LI> printfa.o(i.__0vsnprintf)
</UL>
<P><STRONG><a name="[1c]"></a>_sputc</STRONG> (Thumb, 10 bytes, Stack size 0 bytes, printfa.o(i._sputc))
<BR><BR>[Called By]<UL><LI><a href="#[15d]">&gt;&gt;</a>&nbsp;&nbsp;&nbsp;__0sprintf
</UL>
<BR>[Address Reference Count : 1]<UL><LI> printfa.o(i.__0sprintf)
</UL><P>
<H3>
Undefined Global Symbols
</H3><HR></body></html>
