###############################################################################
#
# IAR ELF Linker V8.11.1.13263/W32 for ARM                12/May/2017  13:42:58
# Copyright 2007-2017 IAR Systems AB.
#
#    Output file  =  
#        C:\Users\Administrator\Desktop\porting\LiteOS_Kernel\projects\EFM32-SLSTK3400A_IAR\Debug\Exe\HuawerLiteOS.out
#    Map file     =  
#        C:\Users\Administrator\Desktop\porting\LiteOS_Kernel\projects\EFM32-SLSTK3400A_IAR\Debug\List\HuawerLiteOS.map
#    Command line =  
#        -f C:\Users\ADMINI~1\AppData\Local\Temp\EWA9A1.tmp
#        (C:\Users\Administrator\Desktop\porting\LiteOS_Kernel\projects\EFM32-SLSTK3400A_IAR\Debug\Obj\cmsis_liteos.o
#        C:\Users\Administrator\Desktop\porting\LiteOS_Kernel\projects\EFM32-SLSTK3400A_IAR\Debug\Obj\los_api_dynamic_mem.o
#        C:\Users\Administrator\Desktop\porting\LiteOS_Kernel\projects\EFM32-SLSTK3400A_IAR\Debug\Obj\los_api_event.o
#        C:\Users\Administrator\Desktop\porting\LiteOS_Kernel\projects\EFM32-SLSTK3400A_IAR\Debug\Obj\los_api_interrupt.o
#        C:\Users\Administrator\Desktop\porting\LiteOS_Kernel\projects\EFM32-SLSTK3400A_IAR\Debug\Obj\los_api_list.o
#        C:\Users\Administrator\Desktop\porting\LiteOS_Kernel\projects\EFM32-SLSTK3400A_IAR\Debug\Obj\los_api_msgqueue.o
#        C:\Users\Administrator\Desktop\porting\LiteOS_Kernel\projects\EFM32-SLSTK3400A_IAR\Debug\Obj\los_api_mutex.o
#        C:\Users\Administrator\Desktop\porting\LiteOS_Kernel\projects\EFM32-SLSTK3400A_IAR\Debug\Obj\los_api_sem.o
#        C:\Users\Administrator\Desktop\porting\LiteOS_Kernel\projects\EFM32-SLSTK3400A_IAR\Debug\Obj\los_api_static_mem.o
#        C:\Users\Administrator\Desktop\porting\LiteOS_Kernel\projects\EFM32-SLSTK3400A_IAR\Debug\Obj\los_api_systick.o
#        C:\Users\Administrator\Desktop\porting\LiteOS_Kernel\projects\EFM32-SLSTK3400A_IAR\Debug\Obj\los_api_task.o
#        C:\Users\Administrator\Desktop\porting\LiteOS_Kernel\projects\EFM32-SLSTK3400A_IAR\Debug\Obj\los_api_timer.o
#        C:\Users\Administrator\Desktop\porting\LiteOS_Kernel\projects\EFM32-SLSTK3400A_IAR\Debug\Obj\los_bsp_adapter.o
#        C:\Users\Administrator\Desktop\porting\LiteOS_Kernel\projects\EFM32-SLSTK3400A_IAR\Debug\Obj\los_bsp_key.o
#        C:\Users\Administrator\Desktop\porting\LiteOS_Kernel\projects\EFM32-SLSTK3400A_IAR\Debug\Obj\los_bsp_led.o
#        C:\Users\Administrator\Desktop\porting\LiteOS_Kernel\projects\EFM32-SLSTK3400A_IAR\Debug\Obj\los_bsp_uart.o
#        C:\Users\Administrator\Desktop\porting\LiteOS_Kernel\projects\EFM32-SLSTK3400A_IAR\Debug\Obj\los_cmsis_main.o
#        C:\Users\Administrator\Desktop\porting\LiteOS_Kernel\projects\EFM32-SLSTK3400A_IAR\Debug\Obj\los_config.o
#        C:\Users\Administrator\Desktop\porting\LiteOS_Kernel\projects\EFM32-SLSTK3400A_IAR\Debug\Obj\los_demo_entry.o
#        C:\Users\Administrator\Desktop\porting\LiteOS_Kernel\projects\EFM32-SLSTK3400A_IAR\Debug\Obj\los_dispatch_iar.o
#        C:\Users\Administrator\Desktop\porting\LiteOS_Kernel\projects\EFM32-SLSTK3400A_IAR\Debug\Obj\los_event.o
#        C:\Users\Administrator\Desktop\porting\LiteOS_Kernel\projects\EFM32-SLSTK3400A_IAR\Debug\Obj\los_hw.o
#        C:\Users\Administrator\Desktop\porting\LiteOS_Kernel\projects\EFM32-SLSTK3400A_IAR\Debug\Obj\los_hw_tick.o
#        C:\Users\Administrator\Desktop\porting\LiteOS_Kernel\projects\EFM32-SLSTK3400A_IAR\Debug\Obj\los_hwi.o
#        C:\Users\Administrator\Desktop\porting\LiteOS_Kernel\projects\EFM32-SLSTK3400A_IAR\Debug\Obj\los_inspect_entry.o
#        C:\Users\Administrator\Desktop\porting\LiteOS_Kernel\projects\EFM32-SLSTK3400A_IAR\Debug\Obj\los_membox.o
#        C:\Users\Administrator\Desktop\porting\LiteOS_Kernel\projects\EFM32-SLSTK3400A_IAR\Debug\Obj\los_memory.o
#        C:\Users\Administrator\Desktop\porting\LiteOS_Kernel\projects\EFM32-SLSTK3400A_IAR\Debug\Obj\los_memstat.o
#        C:\Users\Administrator\Desktop\porting\LiteOS_Kernel\projects\EFM32-SLSTK3400A_IAR\Debug\Obj\los_misc.o
#        C:\Users\Administrator\Desktop\porting\LiteOS_Kernel\projects\EFM32-SLSTK3400A_IAR\Debug\Obj\los_multipledlinkhead.o
#        C:\Users\Administrator\Desktop\porting\LiteOS_Kernel\projects\EFM32-SLSTK3400A_IAR\Debug\Obj\los_mux.o
#        C:\Users\Administrator\Desktop\porting\LiteOS_Kernel\projects\EFM32-SLSTK3400A_IAR\Debug\Obj\los_priqueue.o
#        C:\Users\Administrator\Desktop\porting\LiteOS_Kernel\projects\EFM32-SLSTK3400A_IAR\Debug\Obj\los_queue.o
#        C:\Users\Administrator\Desktop\porting\LiteOS_Kernel\projects\EFM32-SLSTK3400A_IAR\Debug\Obj\los_sem.o
#        C:\Users\Administrator\Desktop\porting\LiteOS_Kernel\projects\EFM32-SLSTK3400A_IAR\Debug\Obj\los_startup_iar.o
#        C:\Users\Administrator\Desktop\porting\LiteOS_Kernel\projects\EFM32-SLSTK3400A_IAR\Debug\Obj\los_swtmr.o
#        C:\Users\Administrator\Desktop\porting\LiteOS_Kernel\projects\EFM32-SLSTK3400A_IAR\Debug\Obj\los_sys.o
#        C:\Users\Administrator\Desktop\porting\LiteOS_Kernel\projects\EFM32-SLSTK3400A_IAR\Debug\Obj\los_task.o
#        C:\Users\Administrator\Desktop\porting\LiteOS_Kernel\projects\EFM32-SLSTK3400A_IAR\Debug\Obj\los_tick.o
#        C:\Users\Administrator\Desktop\porting\LiteOS_Kernel\projects\EFM32-SLSTK3400A_IAR\Debug\Obj\los_timeslice.o
#        C:\Users\Administrator\Desktop\porting\LiteOS_Kernel\projects\EFM32-SLSTK3400A_IAR\Debug\Obj\main.o
#        -o
#        C:\Users\Administrator\Desktop\porting\LiteOS_Kernel\projects\EFM32-SLSTK3400A_IAR\Debug\Exe\HuawerLiteOS.out
#        --map
#        C:\Users\Administrator\Desktop\porting\LiteOS_Kernel\projects\EFM32-SLSTK3400A_IAR\Debug\List\HuawerLiteOS.map
#        --config "C:\Program Files (x86)\IAR Systems\Embedded Workbench
#        8.0\arm\config\linker\SiliconLaboratories\EFM32HG322F64.icf"
#        --semihosting --entry __iar_program_start --vfe --text_out locale)
#
###############################################################################

*******************************************************************************
*** RUNTIME MODEL ATTRIBUTES
***

CppFlavor       = *
__Heap_Handler  = Basic
__SystemLibrary = DLib
__dlib_version  = 6


*******************************************************************************
*** HEAP SELECTION
***

The basic heap was selected because no calls to memory allocation
functions were found in the application outside of system library
functions, and there are calls to deallocation functions in the
application.


*******************************************************************************
*** PLACEMENT SUMMARY
***

"A0":  place at 0x00000000 { ro section .intvec };
"P1":  place in [from 0x00000000 to 0x0000ffff] { ro };
"P2":  place in [from 0x20000000 to 0x20001fff] { rw, block CSTACK, block HEAP };
initialize by copy { rw };
keep { section .intvec };

  Section            Kind        Address    Size  Object
  -------            ----        -------    ----  ------
"A0":                                       0x94
  .intvec            ro code  0x00000000    0x94  los_startup_iar.o [1]
                            - 0x00000094    0x94

"P1":                                     0x5030
  .text              ro code  0x00000094   0xb20  los_task.o [1]
  .text              ro code  0x00000bb4   0x100  los_priqueue.o [1]
  .text              ro code  0x00000cb4    0xe0  I32DivModFast.o [5]
  .text              ro code  0x00000d94    0xf8  los_hw.o [1]
  .text              ro code  0x00000e8c   0x474  los_memory.o [1]
  .text              ro code  0x00001300    0x50  ABImemset.o [5]
  .text              ro code  0x00001350    0xdc  los_dispatch_iar.o [1]
  .text              ro code  0x0000142c   0x31c  los_sem.o [1]
  .text              ro code  0x00001748    0x1a  los_misc.o [1]
  .text              ro code  0x00001762     0x2  los_startup_iar.o [1]
  .text              ro code  0x00001764     0x2  IntDivZer.o [5]
  .text              ro code  0x00001766     0x2  los_startup_iar.o [1]
  .text              ro code  0x00001768   0x192  los_multipledlinkhead.o [1]
  .text              ro code  0x000018fa     0x2  los_startup_iar.o [1]
  .text              ro code  0x000018fc    0x64  los_memstat.o [1]
  .text              ro code  0x00001960   0x520  los_queue.o [1]
  .text              ro code  0x00001e80   0x51c  xprintfsmall_nomb.o [3]
  .text              ro code  0x0000239c    0x16  strchr.o [5]
  .text              ro code  0x000023b2     0x2  los_startup_iar.o [1]
  .text              ro code  0x000023b4    0x48  xfail_s.o [3]
  .text              ro code  0x000023fc    0x10  strlen.o [5]
  .text              ro code  0x0000240c    0x18  memchr.o [5]
  .text              ro code  0x00002424     0xa  abort.o [3]
  .text              ro code  0x0000242e     0x2  los_startup_iar.o [1]
  .text              ro code  0x00002430    0x14  exit.o [6]
  .text              ro code  0x00002444    0x68  iarttio.o [6]
  .text              ro code  0x000024ac     0x8  XShttio.o [3]
  .text              ro code  0x000024b4   0x47c  los_swtmr.o [1]
  .text              ro code  0x00002930   0x152  los_membox.o [1]
  .text              ro code  0x00002a82     0x2  los_startup_iar.o [1]
  .text              ro code  0x00002a84   0x3a4  los_mux.o [1]
  .text              ro code  0x00002e28   0x300  los_event.o [1]
  .text              ro code  0x00003128   0x238  los_inspect_entry.o [1]
  .text              ro code  0x00003360    0x28  printf.o [3]
  .text              ro code  0x00003388     0x6  los_bsp_key.o [1]
  .text              ro code  0x0000338e     0x4  los_bsp_led.o [1]
  .text              ro code  0x00003392     0x2  los_startup_iar.o [1]
  .text              ro code  0x00003394   0x1b8  los_api_task.o [1]
  .text              ro code  0x0000354c   0x1b0  los_api_sem.o [1]
  .text              ro code  0x000036fc   0x1a8  los_api_mutex.o [1]
  .text              ro code  0x000038a4   0x168  los_api_msgqueue.o [1]
  .text              ro code  0x00003a0c   0x134  los_api_list.o [1]
  .text              ro code  0x00003b40     0x8  heaptramp0.o [3]
  .text              ro code  0x00003b48    0x94  heap0.o [3]
  .text              ro code  0x00003bdc   0x120  los_api_timer.o [1]
  .text              ro code  0x00003cfc    0x14  los_sys.o [1]
  .text              ro code  0x00003d10   0x118  los_api_event.o [1]
  .text              ro code  0x00003e28    0xb0  los_api_static_mem.o [1]
  .text              ro code  0x00003ed8    0xa8  los_api_dynamic_mem.o [1]
  .text              ro code  0x00003f80    0x9c  los_bsp_adapter.o [1]
  .text              ro code  0x0000401c    0x3c  los_hw_tick.o [1]
  .text              ro code  0x00004058    0x3c  los_hwi.o [1]
  .text              ro code  0x00004094     0x2  los_bsp_uart.o [1]
  .text              ro code  0x00004096     0x2  los_startup_iar.o [1]
  .text              ro code  0x00004098    0x24  los_tick.o [1]
  .text              ro code  0x000040bc    0x5c  los_timeslice.o [1]
  .text              ro code  0x00004118    0x9a  los_config.o [1]
  .text              ro code  0x000041b2     0x2  los_startup_iar.o [1]
  .text              ro code  0x000041b4    0x7c  los_api_systick.o [1]
  .rodata            const    0x00004230    0x44  los_api_sem.o [1]
  .rodata            const    0x00004274    0x40  los_api_sem.o [1]
  .rodata            const    0x000042b4    0x40  los_api_sem.o [1]
  .text              ro code  0x000042f4    0x40  zero_init3.o [5]
  .text              ro code  0x00004334    0x40  packbits_init_single.o [5]
  .rodata            const    0x00004374    0x3c  los_api_sem.o [1]
  .rodata            const    0x000043b0    0x38  los_api_sem.o [1]
  .rodata            const    0x000043e8    0x34  los_api_mutex.o [1]
  .rodata            const    0x0000441c    0x34  los_api_mutex.o [1]
  .rodata            const    0x00004450    0x34  los_api_mutex.o [1]
  .rodata            const    0x00004484    0x34  los_inspect_entry.o [1]
  .rodata            const    0x000044b8    0x30  los_inspect_entry.o [1]
  .rodata            const    0x000044e8    0x2c  los_inspect_entry.o [1]
  .rodata            const    0x00004514    0x2c  los_inspect_entry.o [1]
  .rodata            const    0x00004540    0x28  los_api_event.o [1]
  .rodata            const    0x00004568    0x28  los_api_mutex.o [1]
  .rodata            const    0x00004590    0x28  los_api_mutex.o [1]
  .rodata            const    0x000045b8    0x28  los_api_mutex.o [1]
  .rodata            const    0x000045e0    0x28  los_api_sem.o [1]
  .text              ro code  0x00004608    0x28  data_init.o [5]
  .rodata            const    0x00004630    0x24  los_api_event.o [1]
  .rodata            const    0x00004654    0x24  los_api_systick.o [1]
  .rodata            const    0x00004678    0x24  los_api_task.o [1]
  .rodata            const    0x0000469c    0x24  los_api_task.o [1]
  .rodata            const    0x000046c0    0x24  los_api_task.o [1]
  .rodata            const    0x000046e4    0x24  los_api_task.o [1]
  .text              ro code  0x00004708    0x24  putchar.o [3]
  .text              ro code  0x0000472c    0x10  write.o [6]
  .text              ro code  0x0000473c    0x1e  dwrite.o [6]
  .text              ro code  0x0000475a    0x20  iarwstd.o [6]
  .text              ro code  0x0000477a    0x22  iarwrite.o [6]
  .iar.init_table    const    0x0000479c    0x20  - Linker created -
  .rodata            const    0x000047bc    0x20  los_api_event.o [1]
  .rodata            const    0x000047dc    0x20  los_api_event.o [1]
  .rodata            const    0x000047fc    0x20  los_api_list.o [1]
  .rodata            const    0x0000481c    0x20  los_api_msgqueue.o [1]
  .rodata            const    0x0000483c    0x20  los_api_msgqueue.o [1]
  .rodata            const    0x0000485c    0x20  los_api_msgqueue.o [1]
  .rodata            const    0x0000487c    0x20  los_api_msgqueue.o [1]
  .rodata            const    0x0000489c    0x20  los_api_msgqueue.o [1]
  .rodata            const    0x000048bc    0x20  los_api_mutex.o [1]
  .rodata            const    0x000048dc    0x20  los_api_task.o [1]
  .rodata            const    0x000048fc    0x20  los_api_task.o [1]
  .rodata            const    0x0000491c    0x20  los_api_task.o [1]
  .text              ro code  0x0000493c    0x20  main.o [1]
  .rodata            const    0x0000495c    0x1c  los_api_msgqueue.o [1]
  .rodata            const    0x00004978    0x1c  los_api_msgqueue.o [1]
  .rodata            const    0x00004994    0x1c  los_api_mutex.o [1]
  .rodata            const    0x000049b0    0x1c  los_api_static_mem.o [1]
  .rodata            const    0x000049cc    0x1c  los_api_systick.o [1]
  .rodata            const    0x000049e8    0x1c  los_api_task.o [1]
  .rodata            const    0x00004a04    0x1c  los_api_task.o [1]
  .rodata            const    0x00004a20    0x1c  los_inspect_entry.o [1]
  .text              ro code  0x00004a3c    0x1a  cmain.o [5]
  .text              ro code  0x00004a56     0x4  low_level_init.o [3]
  .text              ro code  0x00004a5a     0x8  exit.o [3]
  .text              ro code  0x00004a62     0x2  los_startup_iar.o [1]
  .text              ro code  0x00004a64     0xa  cexit.o [5]
  .text              ro code  0x00004a6e     0x2  los_startup_iar.o [1]
  .rodata            const    0x00004a70    0x18  los_api_dynamic_mem.o [1]
  .rodata            const    0x00004a88    0x18  los_api_event.o [1]
  .rodata            const    0x00004aa0    0x18  los_api_event.o [1]
  .rodata            const    0x00004ab8    0x18  los_api_event.o [1]
  .rodata            const    0x00004ad0    0x18  los_api_event.o [1]
  .rodata            const    0x00004ae8    0x18  los_api_list.o [1]
  .rodata            const    0x00004b00    0x18  los_api_mutex.o [1]
  .rodata            const    0x00004b18    0x18  los_api_mutex.o [1]
  .rodata            const    0x00004b30    0x18  los_api_mutex.o [1]
  .rodata            const    0x00004b48    0x18  los_api_mutex.o [1]
  .rodata            const    0x00004b60    0x18  los_api_sem.o [1]
  .rodata            const    0x00004b78    0x18  los_api_sem.o [1]
  .rodata            const    0x00004b90    0x18  los_api_sem.o [1]
  .rodata            const    0x00004ba8    0x18  los_api_sem.o [1]
  .rodata            const    0x00004bc0    0x18  los_api_static_mem.o [1]
  .rodata            const    0x00004bd8    0x18  los_api_static_mem.o [1]
  .rodata            const    0x00004bf0    0x18  los_api_static_mem.o [1]
  .rodata            const    0x00004c08    0x18  los_api_systick.o [1]
  .rodata            const    0x00004c20    0x18  los_api_task.o [1]
  .rodata            const    0x00004c38    0x18  los_api_task.o [1]
  .rodata            const    0x00004c50    0x18  los_api_task.o [1]
  .rodata            const    0x00004c68    0x18  los_api_task.o [1]
  .rodata            const    0x00004c80    0x18  los_api_task.o [1]
  .rodata            const    0x00004c98    0x18  los_api_task.o [1]
  .rodata            const    0x00004cb0    0x18  los_api_task.o [1]
  .rodata            const    0x00004cc8    0x18  los_api_timer.o [1]
  .rodata            const    0x00004ce0    0x18  los_api_timer.o [1]
  .rodata            const    0x00004cf8    0x18  los_api_timer.o [1]
  .rodata            const    0x00004d10    0x18  los_inspect_entry.o [1]
  .rodata            const    0x00004d28    0x18  los_inspect_entry.o [1]
  .rodata            const    0x00004d40    0x18  los_inspect_entry.o [1]
  .text              ro code  0x00004d58    0x16  xprout.o [3]
  .text              ro code  0x00004d6e     0x2  los_startup_iar.o [1]
  .rodata            const    0x00004d70    0x14  los_api_dynamic_mem.o [1]
  .rodata            const    0x00004d84    0x14  los_api_dynamic_mem.o [1]
  .rodata            const    0x00004d98    0x14  los_api_dynamic_mem.o [1]
  .rodata            const    0x00004dac    0x14  los_api_list.o [1]
  .rodata            const    0x00004dc0    0x14  los_api_list.o [1]
  .rodata            const    0x00004dd4    0x14  los_api_list.o [1]
  .rodata            const    0x00004de8    0x14  los_api_list.o [1]
  .rodata            const    0x00004dfc    0x14  los_api_msgqueue.o [1]
  .rodata            const    0x00004e10    0x14  los_api_static_mem.o [1]
  .rodata            const    0x00004e24    0x14  los_api_static_mem.o [1]
  .rodata            const    0x00004e38    0x14  los_api_static_mem.o [1]
  .rodata            const    0x00004e4c    0x14  los_api_timer.o [1]
  .rodata            const    0x00004e60    0x14  los_api_timer.o [1]
  .rodata            const    0x00004e74    0x14  los_api_timer.o [1]
  .rodata            const    0x00004e88    0x10  los_api_dynamic_mem.o [1]
  .rodata            const    0x00004e98    0x10  los_api_dynamic_mem.o [1]
  .rodata            const    0x00004ea8    0x10  los_api_dynamic_mem.o [1]
  .rodata            const    0x00004eb8    0x10  los_api_event.o [1]
  .rodata            const    0x00004ec8    0x10  los_api_list.o [1]
  .rodata            const    0x00004ed8    0x10  los_api_list.o [1]
  .rodata            const    0x00004ee8    0x10  los_api_static_mem.o [1]
  .rodata            const    0x00004ef8    0x10  los_api_timer.o [1]
  .rodata            const    0x00004f08    0x10  los_api_timer.o [1]
  .rodata            const    0x00004f18    0x10  los_api_timer.o [1]
  .rodata            const    0x00004f28     0xc  los_api_event.o [1]
  .rodata            const    0x00004f34     0xc  los_api_msgqueue.o [1]
  .rodata            const    0x00004f40     0xc  los_api_mutex.o [1]
  .rodata            const    0x00004f4c     0xc  los_api_mutex.o [1]
  .rodata            const    0x00004f58     0xc  los_api_sem.o [1]
  .rodata            const    0x00004f64     0xc  los_api_sem.o [1]
  .rodata            const    0x00004f70     0xc  los_api_task.o [1]
  .rodata            const    0x00004f7c     0xc  los_api_task.o [1]
  .rodata            const    0x00004f88     0xc  los_inspect_entry.o [1]
  .rodata            const    0x00004f94     0xc  los_swtmr.o [1]
  .rodata            const    0x00004fa0     0xc  los_task.o [1]
  .text              ro code  0x00004fac     0xc  cstartup_M.o [5]
  .rodata            const    0x00004fb8     0x8  los_api_msgqueue.o [1]
  .text              ro code  0x00004fc0     0x8  los_startup_iar.o [1]
  .rodata            const    0x00004fc8     0x4  los_bsp_adapter.o [1]
  .rodata            const    0x00004fcc     0x4  los_bsp_adapter.o [1]
  .text              ro code  0x00004fd0     0x2  los_startup_iar.o [1]
  .text              ro code  0x00004fd2     0x2  los_startup_iar.o [1]
  .text              ro code  0x00004fd4     0x2  los_startup_iar.o [1]
  .text              ro code  0x00004fd6     0x2  los_startup_iar.o [1]
  .text              ro code  0x00004fd8     0x2  los_startup_iar.o [1]
  .text              ro code  0x00004fda     0x2  los_startup_iar.o [1]
  .text              ro code  0x00004fdc     0x2  los_startup_iar.o [1]
  .text              ro code  0x00004fde     0x2  los_startup_iar.o [1]
  .text              ro code  0x00004fe0     0x2  los_startup_iar.o [1]
  .text              ro code  0x00004fe2     0x2  los_startup_iar.o [1]
  .text              ro code  0x00004fe4     0x2  los_startup_iar.o [1]
  .text              ro code  0x00004fe6     0x2  los_startup_iar.o [1]
  .rodata            const    0x00004fe8     0x1  los_bsp_adapter.o [1]
  .rodata            const    0x00004fe9     0x0  zero_init3.o [5]
  .rodata            const    0x00004fe9     0x0  packbits_init_single.o [5]
  Initializer bytes  const    0x00004fe9    0xdb  <for P2-1>
                            - 0x000050c4  0x5030

"P2", part 1 of 3:                         0x17c
  P2-1                        0x20000000   0x17c  <Init block>
    .data            inited   0x20000000    0x14  los_api_msgqueue.o [1]
    .data            inited   0x20000014    0xa0  los_inspect_entry.o [1]
    .data            inited   0x200000b4     0x8  XShttio.o [3]
    .vector          inited   0x200000bc    0xc0  los_hwi.o [1]
                            - 0x2000017c   0x17c

"P2", part 2 of 3:                         0x400
  CSTACK                      0x20000180   0x400  <Block>
    CSTACK           uninit   0x20000180   0x400  <Block tail>
                            - 0x20000580   0x400

"P2", part 3 of 3:                        0x1a10
  .bss               zero     0x20000580  0x1650  los_memory.o [1]
  .bss               zero     0x20001bd0   0x258  los_api_static_mem.o [1]
  .bss               zero     0x20001e28    0x64  los_swtmr.o [1]
  .bss               zero     0x20001e8c    0x20  los_memstat.o [1]
  .bss               zero     0x20001eac     0xc  los_api_event.o [1]
  .bss               zero     0x20001eb8     0x8  los_mux.o [1]
  .bss               zero     0x20001ec0     0x8  los_sem.o [1]
  .bss               zero     0x20001ec8     0x8  los_task.o [1]
  .bss               zero     0x20001ed0     0x8  los_task.o [1]
  .bss               zero     0x20001ed8     0x8  los_task.o [1]
  .bss               zero     0x20001ee0     0x8  los_task.o [1]
  .bss               zero     0x20001ee8     0x8  los_task.o [1]
  .bss               zero     0x20001ef0     0x8  los_tick.o [1]
  .bss               zero     0x20001ef8     0x8  los_timeslice.o [1]
  .bss               zero     0x20001f00     0x8  heap0.o [3]
  .bss               zero     0x20001f08     0x4  los_api_event.o [1]
  .bss               zero     0x20001f0c     0x4  los_api_msgqueue.o [1]
  .bss               zero     0x20001f10     0x4  los_api_mutex.o [1]
  .bss               zero     0x20001f14     0x4  los_api_mutex.o [1]
  .bss               zero     0x20001f18     0x4  los_api_mutex.o [1]
  .bss               zero     0x20001f1c     0x4  los_api_sem.o [1]
  .bss               zero     0x20001f20     0x4  los_api_sem.o [1]
  .bss               zero     0x20001f24     0x4  los_api_sem.o [1]
  .bss               zero     0x20001f28     0x4  los_api_task.o [1]
  .bss               zero     0x20001f2c     0x4  los_api_task.o [1]
  .bss               zero     0x20001f30     0x4  los_api_timer.o [1]
  .bss               zero     0x20001f34     0x4  los_api_timer.o [1]
  .bss               zero     0x20001f38     0x4  los_bsp_adapter.o [1]
  .bss               zero     0x20001f3c     0x4  los_config.o [1]
  .bss               zero     0x20001f40     0x4  los_config.o [1]
  .bss               zero     0x20001f44     0x4  los_hw_tick.o [1]
  .bss               zero     0x20001f48     0x4  los_hwi.o [1]
  .bss               zero     0x20001f4c     0x4  los_inspect_entry.o [1]
  .bss               zero     0x20001f50     0x4  los_inspect_entry.o [1]
  .bss               zero     0x20001f54     0x4  los_mux.o [1]
  .bss               zero     0x20001f58     0x4  los_priqueue.o [1]
  .bss               zero     0x20001f5c     0x4  los_queue.o [1]
  .bss               zero     0x20001f60     0x4  los_sem.o [1]
  .bss               zero     0x20001f64     0x4  los_swtmr.o [1]
  .bss               zero     0x20001f68     0x4  los_swtmr.o [1]
  .bss               zero     0x20001f6c     0x4  los_swtmr.o [1]
  .bss               zero     0x20001f70     0x4  los_swtmr.o [1]
  .bss               zero     0x20001f74     0x4  los_task.o [1]
  .bss               zero     0x20001f78     0x4  los_task.o [1]
  .bss               zero     0x20001f7c     0x4  los_task.o [1]
  .bss               zero     0x20001f80     0x4  los_task.o [1]
  .bss               zero     0x20001f84     0x4  los_task.o [1]
  .bss               zero     0x20001f88     0x4  xfail_s.o [3]
  .bss               zero     0x20001f8c     0x2  los_task.o [1]
                            - 0x20001f8e  0x1a0e


*******************************************************************************
*** INIT TABLE
***

          Address     Size
          -------     ----
Zero (__iar_zero_init3)
    1 destination range, total size 0x1a0e:
          0x20000580  0x1a0e

Copy/packbits (__iar_packbits_init_single3)
    1 source range, total size 0xdb (57% of destination):
          0x00004fe9    0xdb
    1 destination range, total size 0x17c:
          0x20000000   0x17c



*******************************************************************************
*** MODULE SUMMARY
***

    Module                   ro code  ro data  rw data
    ------                   -------  -------  -------
C:\Users\Administrator\Desktop\porting\LiteOS_Kernel\projects\EFM32-SLSTK3400A_IAR\Debug\Obj: [1]
    los_api_dynamic_mem.o        168      132
    los_api_event.o              280      264       16
    los_api_list.o               308      168
    los_api_msgqueue.o           360      267       24
    los_api_mutex.o              424      456       12
    los_api_sem.o                432      472       12
    los_api_static_mem.o         176      176      600
    los_api_systick.o            124       88
    los_api_task.o               440      488        8
    los_api_timer.o              288      180        8
    los_bsp_adapter.o            156        9        4
    los_bsp_key.o                  6
    los_bsp_led.o                  4
    los_bsp_uart.o                 2
    los_config.o                 154                 8
    los_dispatch_iar.o           220
    los_event.o                  768
    los_hw.o                     248
    los_hw_tick.o                 60                 4
    los_hwi.o                     60      111      196
    los_inspect_entry.o          568      392      168
    los_membox.o                 338
    los_memory.o               1 140             5 712
    los_memstat.o                100                32
    los_misc.o                    26
    los_multipledlinkhead.o      402
    los_mux.o                    932                12
    los_priqueue.o               256                 4
    los_queue.o                1 312                 4
    los_sem.o                    796                12
    los_startup_iar.o            204
    los_swtmr.o                1 148       12      116
    los_sys.o                     20
    los_task.o                 2 848       12       62
    los_tick.o                    36                 8
    los_timeslice.o               92                 8
    main.o                        32
    --------------------------------------------------
    Total:                    14 928    3 227    7 030

command line: [2]
    --------------------------------------------------
    Total:

dl6M_tln.a: [3]
    XShttio.o                      8        5        8
    abort.o                       10
    exit.o                         8
    heap0.o                      148                 8
    heaptramp0.o                   8
    low_level_init.o               4
    printf.o                      40
    putchar.o                     36
    xfail_s.o                     72                 4
    xprintfsmall_nomb.o        1 308
    xprout.o                      22
    --------------------------------------------------
    Total:                     1 664        5       20

m6M_tl.a: [4]
    --------------------------------------------------
    Total:

rt6M_tl.a: [5]
    ABImemset.o                   80
    I32DivModFast.o              224
    IntDivZer.o                    2
    cexit.o                       10
    cmain.o                       26
    cstartup_M.o                  12
    data_init.o                   40
    memchr.o                      24
    packbits_init_single.o        64
    strchr.o                      22
    strlen.o                      16
    zero_init3.o                  64
    --------------------------------------------------
    Total:                       584

shb_l.a: [6]
    dwrite.o                      30
    exit.o                        20
    iarttio.o                    104
    iarwrite.o                    34
    iarwstd.o                     32
    write.o                       16
    --------------------------------------------------
    Total:                       236

    Linker created                         32    1 024
------------------------------------------------------
    Grand Total:              17 412    3 264    8 074


*******************************************************************************
*** ENTRY LIST
***

Entry                      Address    Size  Type      Object
-----                      -------    ----  ----      ------
.iar.init_table$$Base   0x0000479c           --   Gb  - Linker created -
.iar.init_table$$Limit  0x000047bc           --   Gb  - Linker created -
?main                   0x00004a3d          Code  Gb  cmain.o [5]
Aldata                  0x20001f00     0x8  Data  Lc  heap0.o [3]
CSTACK$$Base            0x20000180           --   Gb  - Linker created -
CSTACK$$Limit           0x20000580           --   Gb  - Linker created -
Example_Dyn_Mem         0x00003ed9    0xa8  Code  Gb  los_api_dynamic_mem.o [1]
Example_Event           0x00003d11    0x3c  Code  Gb  los_api_event.o [1]
Example_GetTick         0x000041b5    0x6e  Code  Gb  los_api_systick.o [1]
Example_MsgQueue        0x0000394d    0x88  Code  Gb  los_api_msgqueue.o [1]
Example_MutexLock       0x00003795    0xc0  Code  Gb  los_api_mutex.o [1]
Example_MutexTask1      0x000036fd    0x5c  Code  Gb  los_api_mutex.o [1]
Example_MutexTask2      0x00003759    0x3c  Code  Gb  los_api_mutex.o [1]
Example_SemTask1        0x0000354d    0x56  Code  Gb  los_api_sem.o [1]
Example_SemTask2        0x000035a3    0x34  Code  Gb  los_api_sem.o [1]
Example_Semphore        0x000035d7    0xde  Code  Gb  los_api_sem.o [1]
Example_SndRcvEvent     0x00003d4d    0xa6  Code  Gb  los_api_event.o [1]
Example_StaticMem       0x00003e29    0xb0  Code  Gb  los_api_static_mem.o [1]
Example_TaskHi          0x00003395    0x68  Code  Gb  los_api_task.o [1]
Example_TaskLo          0x000033fd    0x5a  Code  Gb  los_api_task.o [1]
Example_TskCaseEntry    0x00003457    0x9e  Code  Gb  los_api_task.o [1]
Example_list            0x00003a53    0xc8  Code  Gb  los_api_list.o [1]
Example_swTimer         0x00003c31    0x98  Code  Gb  los_api_timer.o [1]
LOS_Align               0x00001749    0x1a  Code  Gb  los_misc.o [1]
LOS_CyclePerTickGet     0x00003d03     0x4  Code  Gb  los_sys.o [1]
LOS_DLnkInitMultiHead   0x000018c1    0x18  Code  Gb  los_multipledlinkhead.o [1]
LOS_DLnkMultiHead       0x000018d9    0x22  Code  Gb  los_multipledlinkhead.o [1]
LOS_DLnkNextMultiHead   0x00000ebb    0x12  Code  Lc  los_memory.o [1]
LOS_EnableTick          0x00004127     0xc  Code  Gb  los_config.o [1]
LOS_EvbGetKeyVal        0x0000338b     0x4  Code  Gb  los_bsp_key.o [1]
LOS_EvbKeyInit          0x00003389     0x2  Code  Gb  los_bsp_key.o [1]
LOS_EvbLedControl       0x00003391     0x2  Code  Gb  los_bsp_led.o [1]
LOS_EvbLedInit          0x0000338f     0x2  Code  Gb  los_bsp_led.o [1]
LOS_EvbSetup            0x0000400d    0x10  Code  Gb  los_bsp_adapter.o [1]
LOS_EvbUartInit         0x00004095     0x2  Code  Gb  los_bsp_uart.o [1]
LOS_EventClear          0x000030d3    0x20  Code  Gb  los_event.o [1]
LOS_EventInit           0x00002e6f    0x18  Code  Gb  los_event.o [1]
LOS_EventPoll           0x00002e87    0x4a  Code  Gb  los_event.o [1]
LOS_EventRead           0x00002ed1   0x130  Code  Gb  los_event.o [1]
LOS_EventWrite          0x00003001    0xd2  Code  Gb  los_event.o [1]
LOS_InspectByID         0x00003171    0xe6  Code  Gb  los_inspect_entry.o [1]
LOS_InspectStatusSetByID
                        0x00003129    0x48  Code  Gb  los_inspect_entry.o [1]
LOS_Inspect_Entry       0x000032f7    0x34  Code  Gb  los_inspect_entry.o [1]
LOS_Inspect_KeyAndLed   0x00003257    0x4e  Code  Lc  los_inspect_entry.o [1]
LOS_Inspect_TskDeal     0x000032a5    0x52  Code  Gb  los_inspect_entry.o [1]
LOS_IntLock             0x0000139b          Code  Gb  los_dispatch_iar.o [1]
LOS_IntNumGet           0x00001391          Code  Gb  los_dispatch_iar.o [1]
LOS_IntRestore          0x000013ab          Code  Gb  los_dispatch_iar.o [1]
LOS_IntUnLock           0x000013a3          Code  Gb  los_dispatch_iar.o [1]
LOS_KernelInit          0x000041a1    0x12  Code  Gb  los_config.o [1]
LOS_ListAdd             0x00003a13     0xe  Code  Lc  los_api_list.o [1]
LOS_ListAdd             0x00002e2f     0xe  Code  Lc  los_event.o [1]
LOS_ListAdd             0x00000e8d     0xe  Code  Lc  los_memory.o [1]
LOS_ListAdd             0x00002a8b     0xe  Code  Lc  los_mux.o [1]
LOS_ListAdd             0x00000bbb     0xe  Code  Lc  los_priqueue.o [1]
LOS_ListAdd             0x00001967     0xe  Code  Lc  los_queue.o [1]
LOS_ListAdd             0x00001433     0xe  Code  Lc  los_sem.o [1]
LOS_ListAdd             0x0000009b     0xe  Code  Lc  los_task.o [1]
LOS_ListDelete          0x00003a2b    0x16  Code  Lc  los_api_list.o [1]
LOS_ListDelete          0x00002e47    0x16  Code  Lc  los_event.o [1]
LOS_ListDelete          0x00000ea5    0x16  Code  Lc  los_memory.o [1]
LOS_ListDelete          0x00002aa3    0x16  Code  Lc  los_mux.o [1]
LOS_ListDelete          0x00000bd3    0x16  Code  Lc  los_priqueue.o [1]
LOS_ListDelete          0x0000197f    0x16  Code  Lc  los_queue.o [1]
LOS_ListDelete          0x0000144b    0x16  Code  Lc  los_sem.o [1]
LOS_ListDelete          0x000000b3    0x16  Code  Lc  los_task.o [1]
LOS_ListEmpty           0x00003a41    0x12  Code  Lc  los_api_list.o [1]
LOS_ListEmpty           0x00002e5d    0x12  Code  Lc  los_event.o [1]
LOS_ListEmpty           0x00002ab9    0x12  Code  Lc  los_mux.o [1]
LOS_ListEmpty           0x00000be9    0x12  Code  Lc  los_priqueue.o [1]
LOS_ListEmpty           0x00001995    0x12  Code  Lc  los_queue.o [1]
LOS_ListEmpty           0x00001461    0x12  Code  Lc  los_sem.o [1]
LOS_ListEmpty           0x000000c9    0x12  Code  Lc  los_task.o [1]
LOS_ListInit            0x00003a0d     0x6  Code  Lc  los_api_list.o [1]
LOS_ListInit            0x00002e29     0x6  Code  Lc  los_event.o [1]
LOS_ListInit            0x00001769     0x6  Code  Lc  los_multipledlinkhead.o [1]
LOS_ListInit            0x00002a85     0x6  Code  Lc  los_mux.o [1]
LOS_ListInit            0x00000bb5     0x6  Code  Lc  los_priqueue.o [1]
LOS_ListInit            0x00001961     0x6  Code  Lc  los_queue.o [1]
LOS_ListInit            0x0000142d     0x6  Code  Lc  los_sem.o [1]
LOS_ListInit            0x00000095     0x6  Code  Lc  los_task.o [1]
LOS_ListTailInsert      0x00003a21     0xa  Code  Lc  los_api_list.o [1]
LOS_ListTailInsert      0x00002e3d     0xa  Code  Lc  los_event.o [1]
LOS_ListTailInsert      0x00000e9b     0xa  Code  Lc  los_memory.o [1]
LOS_ListTailInsert      0x00002a99     0xa  Code  Lc  los_mux.o [1]
LOS_ListTailInsert      0x00000bc9     0xa  Code  Lc  los_priqueue.o [1]
LOS_ListTailInsert      0x00001975     0xa  Code  Lc  los_queue.o [1]
LOS_ListTailInsert      0x00001441     0xa  Code  Lc  los_sem.o [1]
LOS_ListTailInsert      0x000000a9     0xa  Code  Lc  los_task.o [1]
LOS_Log2                0x0000176f   0x14a  Code  Lc  los_multipledlinkhead.o [1]
LOS_MemAlloc            0x00001221    0x30  Code  Gb  los_memory.o [1]
LOS_MemAllocAlign       0x00001251    0x56  Code  Gb  los_memory.o [1]
LOS_MemFree             0x000012a7    0x50  Code  Gb  los_memory.o [1]
LOS_MemInit             0x0000118f    0x92  Code  Gb  los_memory.o [1]
LOS_MemboxAlloc         0x000029ef    0x38  Code  Gb  los_membox.o [1]
LOS_MemboxClr           0x00002a67    0x1c  Code  Gb  los_membox.o [1]
LOS_MemboxFree          0x00002a2d    0x3a  Code  Gb  los_membox.o [1]
LOS_MemboxInit          0x00002979    0x76  Code  Gb  los_membox.o [1]
LOS_MuxCreate           0x00002b15    0x58  Code  Gb  los_mux.o [1]
LOS_MuxDelete           0x00002b6d    0x5c  Code  Gb  los_mux.o [1]
LOS_MuxPend             0x00002bc9   0x128  Code  Gb  los_mux.o [1]
LOS_MuxPost             0x00002d09    0xea  Code  Gb  los_mux.o [1]
LOS_PriqueueDequeue     0x00000c49     0x8  Code  Gb  los_priqueue.o [1]
LOS_PriqueueEnqueue     0x00000c33    0x16  Code  Gb  los_priqueue.o [1]
LOS_PriqueueSize        0x00000c83    0x2a  Code  Gb  los_priqueue.o [1]
LOS_PriqueueTop         0x00000c51    0x32  Code  Gb  los_priqueue.o [1]
LOS_QueueCreate         0x00001af5    0x7a  Code  Gb  los_queue.o [1]
LOS_QueueDelete         0x00001dd1    0x86  Code  Gb  los_queue.o [1]
LOS_QueueRead           0x00001b79    0xf6  Code  Gb  los_queue.o [1]
LOS_QueueWrite          0x00001c91   0x100  Code  Gb  los_queue.o [1]
LOS_Schedule            0x00000d9d    0x3a  Code  Gb  los_hw.o [1]
LOS_SemCreate           0x000014bd    0x5c  Code  Gb  los_sem.o [1]
LOS_SemDelete           0x00001519    0x56  Code  Gb  los_sem.o [1]
LOS_SemPend             0x0000156f    0xe0  Code  Gb  los_sem.o [1]
LOS_SemPost             0x0000164f    0xa6  Code  Gb  los_sem.o [1]
LOS_SetTickSycle        0x00004049     0x6  Code  Gb  los_hw_tick.o [1]
LOS_Start               0x00004133     0xc  Code  Gb  los_config.o [1]
LOS_StartToRun          0x00001351          Code  Gb  los_dispatch_iar.o [1]
LOS_SwtmrCreate         0x00002731    0x7c  Code  Gb  los_swtmr.o [1]
LOS_SwtmrDelete         0x00002895    0x6c  Code  Gb  los_swtmr.o [1]
LOS_SwtmrStart          0x000027bd    0x6c  Code  Gb  los_swtmr.o [1]
LOS_SwtmrStop           0x0000282d    0x68  Code  Gb  los_swtmr.o [1]
LOS_TaskCreate          0x00000705    0x82  Code  Gb  los_task.o [1]
LOS_TaskCreateOnly      0x000005a5   0x15c  Code  Gb  los_task.o [1]
LOS_TaskDelay           0x00000a29    0x6e  Code  Gb  los_task.o [1]
LOS_TaskDelete          0x00000901   0x120  Code  Gb  los_task.o [1]
LOS_TaskLock            0x00000b3d    0x16  Code  Gb  los_task.o [1]
LOS_TaskResume          0x0000078d    0x86  Code  Gb  los_task.o [1]
LOS_TaskSuspend         0x00000845    0xa4  Code  Gb  los_task.o [1]
LOS_TaskUnlock          0x00000b59    0x30  Code  Gb  los_task.o [1]
LOS_TaskYield           0x00000ad1    0x6c  Code  Gb  los_task.o [1]
LOS_TickCountGet        0x00003cfd     0x6  Code  Gb  los_sys.o [1]
LOS_TickHandler         0x0000401d    0x2c  Code  Gb  los_hw_tick.o [1]
LoadInt                 0x000020bd    0x5a  Code  Lc  xprintfsmall_nomb.o [3]
LosAdapIntInit          0x00003fc5    0x1a  Code  Gb  los_bsp_adapter.o [1]
PendSV_Handler          0x000013b9          Code  Gb  los_dispatch_iar.o [1]
Region$$Table$$Base     0x0000479c           --   Gb  - Linker created -
Region$$Table$$Limit    0x000047bc           --   Gb  - Linker created -
Reset_Handler           0x00004fc1          Code  Wk  los_startup_iar.o [1]
SysTick_Handler         0x00003fbd     0x8  Code  Gb  los_bsp_adapter.o [1]
Timer1_Callback         0x00003bdd    0x26  Code  Gb  los_api_timer.o [1]
Timer2_Callback         0x00003c03    0x2e  Code  Gb  los_api_timer.o [1]
_LitobSmallNoMb         0x00002259    0xf0  Code  Lc  xprintfsmall_nomb.o [3]
_PrintfSmallNoMb        0x00001e81   0x22e  Code  Gb  xprintfsmall_nomb.o [3]
_Prout                  0x00004d59    0x16  Code  Gb  xprout.o [3]
_PutcharsSmallNoMb      0x0000234d    0x32  Code  Lc  xprintfsmall_nomb.o [3]
_PutfldSmallNoMb        0x00002119   0x140  Code  Lc  xprintfsmall_nomb.o [3]
__Vectors               0x00000000           --   Gb  los_startup_iar.o [1]
__Vectors_End           0x00000094          Data  Gb  los_startup_iar.o [1]
__Vectors_Size {Abs}    0x00000094           --   Gb  los_startup_iar.o [1]
__aeabi_idiv            0x00000ce1          Code  Gb  I32DivModFast.o [5]
__aeabi_idiv0           0x00001765          Code  Gb  IntDivZer.o [5]
__aeabi_idivmod         0x00000ce1          Code  Gb  I32DivModFast.o [5]
__aeabi_memset          0x00001301          Code  Gb  ABImemset.o [5]
__aeabi_uidiv           0x00000ce7          Code  Gb  I32DivModFast.o [5]
__aeabi_uidivmod        0x00000ce7          Code  Gb  I32DivModFast.o [5]
__basic_free            0x00003b49    0x16  Code  Gb  heap0.o [3]
__basic_free_intern     0x00003b5f    0x7a  Code  Lc  heap0.o [3]
__cmain                 0x00004a3d          Code  Gb  cmain.o [5]
__dwrite                0x0000473d    0x1e  Code  Gb  dwrite.o [6]
__exit                  0x00002431    0x14  Code  Gb  exit.o [6]
__iar_Fail_s            0x000023b5    0x22  Code  Gb  xfail_s.o [3]
__iar_Memset4_word      0x00001321          Code  Gb  ABImemset.o [5]
__iar_Memset_word       0x0000130d          Code  Gb  ABImemset.o [5]
__iar_close_ttio        0x00002445    0x2c  Code  Gb  iarttio.o [6]
__iar_data_init3        0x00004609    0x28  Code  Gb  data_init.o [5]
__iar_get_ttio          0x00002471    0x38  Code  Gb  iarttio.o [6]
__iar_lookup_ttioh      0x000024ad     0x8  Code  Gb  XShttio.o [3]
__iar_packbits_init_single3
                        0x00004335    0x40  Code  Gb  packbits_init_single.o [5]
__iar_program_start     0x00004fad          Code  Gb  cstartup_M.o [5]
__iar_sh_stdout         0x0000475b    0x20  Code  Gb  iarwstd.o [6]
__iar_sh_write          0x0000477b    0x22  Code  Gb  iarwrite.o [6]
__iar_systems$$module {Abs}
                        0x00000001          Data  Gb  command line/config [2]
__iar_ttio_handles      0x200000b4     0x8  Data  Lc  XShttio.o [3]
__iar_zero_init3        0x000042f5    0x40  Code  Gb  zero_init3.o [5]
__low_level_init        0x00004a57     0x4  Code  Gb  low_level_init.o [3]
__vector_table          0x00000000          Data  Gb  los_startup_iar.o [1]
__vector_table_0x1c     0x0000001c          Data  Gb  los_startup_iar.o [1]
__write                 0x0000472d    0x10  Code  Gb  write.o [6]
_call_main              0x00004a49          Code  Gb  cmain.o [5]
_exit                   0x00004a65          Code  Gb  cexit.o [5]
_main                   0x00004a53          Code  Gb  cmain.o [5]
abort                   0x00002425     0xa  Code  Gb  abort.o [3]
abuf                    0x20000000    0x14  Data  Gb  los_api_msgqueue.o [1]
example_event           0x20001eac     0xc  Data  Gb  los_api_event.o [1]
exit                    0x00004a5b     0x8  Code  Gb  exit.o [3]
free                    0x00003b41     0x8  Code  Gb  heaptramp0.o [3]
gInspect                0x20000014    0xa0  Data  Lc  los_inspect_entry.o [1]
gInspectErrCnt          0x20001f4c     0x4  Data  Lc  los_inspect_entry.o [1]
g_TestTaskID            0x20001f08     0x4  Data  Gb  los_api_event.o [1]
g_TestTaskID01          0x20001f14     0x4  Data  Gb  los_api_mutex.o [1]
g_TestTaskID01          0x20001f1c     0x4  Data  Lc  los_api_sem.o [1]
g_TestTaskID02          0x20001f18     0x4  Data  Gb  los_api_mutex.o [1]
g_TestTaskID02          0x20001f20     0x4  Data  Lc  los_api_sem.o [1]
g_Testmux01             0x20001f10     0x4  Data  Gb  los_api_mutex.o [1]
g_TskMemUsedInfo        0x20001e8c    0x20  Data  Gb  los_memstat.o [1]
g_bTaskScheduled        0x20001f84     0x4  Data  Gb  los_task.o [1]
g_pstAllMux             0x20001f54     0x4  Data  Gb  los_mux.o [1]
g_pstAllQueue           0x20001f5c     0x4  Data  Gb  los_queue.o [1]
g_pstAllSem             0x20001f60     0x4  Data  Gb  los_sem.o [1]
g_pstLosPriorityQueueList
                        0x20001f58     0x4  Data  Gb  los_priqueue.o [1]
g_pstTaskCBArray        0x20001f74     0x4  Data  Gb  los_task.o [1]
g_stLosFreeTask         0x20001ed8     0x8  Data  Gb  los_task.o [1]
g_stLosTask             0x20001ec8     0x8  Data  Gb  los_task.o [1]
g_stTaskTimeSlice       0x20001ef8     0x8  Data  Gb  los_timeslice.o [1]
g_stTaskTimerList       0x20001ed0     0x8  Data  Gb  los_task.o [1]
g_stTskRecyleList       0x20001ee0     0x8  Data  Gb  los_task.o [1]
g_stTskSortLink         0x20001ee8     0x8  Data  Gb  los_task.o [1]
g_stUnusedMuxList       0x20001eb8     0x8  Data  Gb  los_mux.o [1]
g_stUnusedSemList       0x20001ec0     0x8  Data  Gb  los_sem.o [1]
g_sys_mem_addr_end      0x20001f3c     0x4  Data  Gb  los_config.o [1]
g_timercount1           0x20001f30     0x4  Data  Gb  los_api_timer.o [1]
g_timercount2           0x20001f34     0x4  Data  Gb  los_api_timer.o [1]
g_ucMemStart            0x20000580  0x1650  Data  Gb  los_memory.o [1]
g_ucycle_per_tick       0x20001f38     0x4  Data  Lc  los_bsp_adapter.o [1]
g_ullTickCount          0x20001ef0     0x8  Data  Gb  los_tick.o [1]
g_usLosTaskLock         0x20001f8c     0x2  Data  Gb  los_task.o [1]
g_usSemID               0x20001f24     0x4  Data  Lc  los_api_sem.o [1]
g_use_ram_vect          0x00004fe8     0x1  Data  Gb  los_bsp_adapter.o [1]
g_uwCyclesPerTick       0x20001f44     0x4  Data  Gb  los_hw_tick.o [1]
g_uwDemoTaskID          0x20001f50     0x4  Data  Lc  los_inspect_entry.o [1]
g_uwIdleTaskID          0x20001f7c     0x4  Data  Gb  los_task.o [1]
g_uwQueue               0x20001f0c     0x4  Data  Lc  los_api_msgqueue.o [1]
g_uwSwtmrTaskID         0x20001f80     0x4  Data  Gb  los_task.o [1]
g_uwTskHiID             0x20001f28     0x4  Data  Gb  los_api_task.o [1]
g_uwTskLoID             0x20001f2c     0x4  Data  Gb  los_api_task.o [1]
g_uwTskMaxNum           0x20001f78     0x4  Data  Gb  los_task.o [1]
g_vuwIntCount           0x20001f48     0x4  Data  Gb  los_hwi.o [1]
m_aucSwTmrHandlerPool   0x20001e28    0x64  Data  Gb  los_swtmr.o [1]
m_aucSysMem0            0x20001f40     0x4  Data  Gb  los_config.o [1]
m_pstHwiForm            0x200000bc    0xc0  Data  Gb  los_hwi.o [1]
m_pstSwtmrCBArray       0x20001f68     0x4  Data  Gb  los_swtmr.o [1]
m_pstSwtmrFreeList      0x20001f6c     0x4  Data  Gb  los_swtmr.o [1]
m_pstSwtmrSortList      0x20001f70     0x4  Data  Gb  los_swtmr.o [1]
m_uwSwTmrHandlerQueue   0x20001f64     0x4  Data  Gb  los_swtmr.o [1]
main                    0x0000493d    0x20  Code  Gb  main.o [1]
memchr                  0x0000240d    0x18  Code  Gb  memchr.o [5]
osCheckBoxMem           0x00002931    0x48  Code  Lc  los_membox.o [1]
osDisableIRQ            0x00001397          Code  Gb  los_dispatch_iar.o [1]
osGetVectorAddr         0x0000406b     0x4  Code  Gb  los_hwi.o [1]
osHwiDefaultHandler     0x00004061     0xa  Code  Gb  los_hwi.o [1]
osHwiInit               0x0000406f    0x1c  Code  Gb  los_hwi.o [1]
osIdleTask              0x000000db     0x4  Code  Gb  los_task.o [1]
osIdleTaskCreate        0x000003b7    0x36  Code  Gb  los_task.o [1]
osIntNumGet             0x00004059     0x8  Code  Gb  los_hwi.o [1]
osMain                  0x0000413f    0x52  Code  Gb  los_config.o [1]
osMemAllocWithCheck     0x00001135    0x5a  Code  Lc  los_memory.o [1]
osMemCheckUsedNode      0x00001067    0x9e  Code  Lc  los_memory.o [1]
osMemClearNode          0x00000f1d     0xe  Code  Lc  los_memory.o [1]
osMemFindSuitableFreeBlock
                        0x00000ee1    0x3c  Code  Lc  los_memory.o [1]
osMemFreeNode           0x00000f91    0x98  Code  Lc  los_memory.o [1]
osMemIsNodeValid        0x00001029    0x3e  Code  Lc  los_memory.o [1]
osMemMergeNode          0x00000f2b    0x1e  Code  Lc  los_memory.o [1]
osMemSetMagicNumAndTaskid
                        0x00001105    0x24  Code  Lc  los_memory.o [1]
osMemSpitNode           0x00000f49    0x48  Code  Lc  los_memory.o [1]
osMemSystemInit         0x00000ecd    0x14  Code  Gb  los_memory.o [1]
osMuxInit               0x00002acb    0x4a  Code  Gb  los_mux.o [1]
osPriqueueInit          0x00000bfb    0x38  Code  Gb  los_priqueue.o [1]
osQueueCreate           0x000019d9    0x60  Code  Gb  los_queue.o [1]
osQueueInit             0x000019a7    0x32  Code  Gb  los_queue.o [1]
osQueuePend             0x00001a39    0x7a  Code  Lc  los_queue.o [1]
osQueueWakeUp           0x00001ab3    0x42  Code  Lc  los_queue.o [1]
osRegister              0x00004119     0xe  Code  Gb  los_config.o [1]
osSchedule              0x00000d95     0x8  Code  Gb  los_hw.o [1]
osSemInit               0x00001473    0x4a  Code  Gb  los_sem.o [1]
osSwTmrInit             0x0000252b    0x86  Code  Gb  los_swtmr.o [1]
osSwTmrStart            0x000025b1    0x60  Code  Gb  los_swtmr.o [1]
osSwTmrTask             0x000024b5    0x42  Code  Gb  los_swtmr.o [1]
osSwTmrTaskCreate       0x000024f7    0x34  Code  Gb  los_swtmr.o [1]
osSwTmrTimeoutHandle    0x00002621    0x80  Code  Lc  los_swtmr.o [1]
osSwtmrDelete           0x00002611    0x10  Code  Lc  los_swtmr.o [1]
osSwtmrScan             0x000026a1    0x2a  Code  Gb  los_swtmr.o [1]
osSwtmrStop             0x000026d1    0x44  Code  Gb  los_swtmr.o [1]
osTaskAdd2TimerList     0x00000115    0xb0  Code  Gb  los_task.o [1]
osTaskEntry             0x000004dd    0x90  Code  Gb  los_task.o [1]
osTaskExit              0x00000dd7     0x8  Code  Gb  los_hw.o [1]
osTaskInit              0x000002bf    0xf8  Code  Gb  los_task.o [1]
osTaskMemUsedDec        0x0000192d    0x28  Code  Gb  los_memstat.o [1]
osTaskMemUsedInc        0x000018fd    0x30  Code  Gb  los_memstat.o [1]
osTaskPriModify         0x000000df    0x36  Code  Gb  los_task.o [1]
osTaskScan              0x000001ff    0xc0  Code  Gb  los_task.o [1]
osTaskSchedule          0x000013b1          Code  Gb  los_dispatch_iar.o [1]
osTaskSelfDelete        0x000003f5    0xda  Code  Gb  los_task.o [1]
osTickHandler           0x00004099    0x24  Code  Gb  los_tick.o [1]
osTickStart             0x00003f81    0x3c  Code  Gb  los_bsp_adapter.o [1]
osTimerListDelete       0x000001c5    0x3a  Code  Gb  los_task.o [1]
osTimesliceCheck        0x000040cb    0x40  Code  Gb  los_timeslice.o [1]
osTimesliceInit         0x000040bd     0xe  Code  Gb  los_timeslice.o [1]
osTskStackInit          0x00000ddf    0x66  Code  Gb  los_hw.o [1]
pBoxMem                 0x20001bd0   0x258  Data  Gb  los_api_static_mem.o [1]
printf                  0x00003361    0x28  Code  Gb  printf.o [3]
putchar                 0x00004709    0x24  Code  Gb  putchar.o [3]
recv_Entry              0x000038e5    0x68  Code  Gb  los_api_msgqueue.o [1]
sec_hand                0x20001f88     0x4  Data  Lc  xfail_s.o [3]
send_Entry              0x000038a5    0x40  Code  Gb  los_api_msgqueue.o [1]
strchr                  0x0000239d     0x2  Code  Gb  strchr.o [5]
strlen                  0x000023fd    0x10  Code  Gb  strlen.o [5]
sys_clk_freq            0x00004fc8     0x4  Data  Gb  los_bsp_adapter.o [1]
tick_per_second         0x00004fcc     0x4  Data  Gb  los_bsp_adapter.o [1]


[1] = C:\Users\Administrator\Desktop\porting\LiteOS_Kernel\projects\EFM32-SLSTK3400A_IAR\Debug\Obj
[2] = command line
[3] = dl6M_tln.a
[4] = m6M_tl.a
[5] = rt6M_tl.a
[6] = shb_l.a

  17 412 bytes of readonly  code memory
   3 264 bytes of readonly  data memory
   8 074 bytes of readwrite data memory

Errors: none
Warnings: none
