###############################################################################
#
# IAR ELF Linker V8.11.1.13263/W32 for ARM                12/May/2017  15:25:56
# Copyright 2007-2017 IAR Systems AB.
#
#    Output file  =  
#        C:\Users\Administrator\Desktop\porting\LiteOS_Kernel\projects\FRDM-KW41Z-IAR\Debug\Exe\HuaweiLiteOS.out
#    Map file     =  
#        C:\Users\Administrator\Desktop\porting\LiteOS_Kernel\projects\FRDM-KW41Z-IAR\Debug\List\HuaweiLiteOS.map
#    Command line =  
#        -f C:\Users\ADMINI~1\AppData\Local\Temp\EWEF43.tmp
#        (C:\Users\Administrator\Desktop\porting\LiteOS_Kernel\projects\FRDM-KW41Z-IAR\Debug\Obj\cmsis_liteos.o
#        C:\Users\Administrator\Desktop\porting\LiteOS_Kernel\projects\FRDM-KW41Z-IAR\Debug\Obj\los_api_dynamic_mem.o
#        C:\Users\Administrator\Desktop\porting\LiteOS_Kernel\projects\FRDM-KW41Z-IAR\Debug\Obj\los_api_event.o
#        C:\Users\Administrator\Desktop\porting\LiteOS_Kernel\projects\FRDM-KW41Z-IAR\Debug\Obj\los_api_interrupt.o
#        C:\Users\Administrator\Desktop\porting\LiteOS_Kernel\projects\FRDM-KW41Z-IAR\Debug\Obj\los_api_list.o
#        C:\Users\Administrator\Desktop\porting\LiteOS_Kernel\projects\FRDM-KW41Z-IAR\Debug\Obj\los_api_msgqueue.o
#        C:\Users\Administrator\Desktop\porting\LiteOS_Kernel\projects\FRDM-KW41Z-IAR\Debug\Obj\los_api_mutex.o
#        C:\Users\Administrator\Desktop\porting\LiteOS_Kernel\projects\FRDM-KW41Z-IAR\Debug\Obj\los_api_sem.o
#        C:\Users\Administrator\Desktop\porting\LiteOS_Kernel\projects\FRDM-KW41Z-IAR\Debug\Obj\los_api_static_mem.o
#        C:\Users\Administrator\Desktop\porting\LiteOS_Kernel\projects\FRDM-KW41Z-IAR\Debug\Obj\los_api_systick.o
#        C:\Users\Administrator\Desktop\porting\LiteOS_Kernel\projects\FRDM-KW41Z-IAR\Debug\Obj\los_api_task.o
#        C:\Users\Administrator\Desktop\porting\LiteOS_Kernel\projects\FRDM-KW41Z-IAR\Debug\Obj\los_api_timer.o
#        C:\Users\Administrator\Desktop\porting\LiteOS_Kernel\projects\FRDM-KW41Z-IAR\Debug\Obj\los_bsp_adapter.o
#        C:\Users\Administrator\Desktop\porting\LiteOS_Kernel\projects\FRDM-KW41Z-IAR\Debug\Obj\los_bsp_key.o
#        C:\Users\Administrator\Desktop\porting\LiteOS_Kernel\projects\FRDM-KW41Z-IAR\Debug\Obj\los_bsp_led.o
#        C:\Users\Administrator\Desktop\porting\LiteOS_Kernel\projects\FRDM-KW41Z-IAR\Debug\Obj\los_bsp_uart.o
#        C:\Users\Administrator\Desktop\porting\LiteOS_Kernel\projects\FRDM-KW41Z-IAR\Debug\Obj\los_cmsis_main.o
#        C:\Users\Administrator\Desktop\porting\LiteOS_Kernel\projects\FRDM-KW41Z-IAR\Debug\Obj\los_config.o
#        C:\Users\Administrator\Desktop\porting\LiteOS_Kernel\projects\FRDM-KW41Z-IAR\Debug\Obj\los_demo_entry.o
#        C:\Users\Administrator\Desktop\porting\LiteOS_Kernel\projects\FRDM-KW41Z-IAR\Debug\Obj\los_dispatch_iar.o
#        C:\Users\Administrator\Desktop\porting\LiteOS_Kernel\projects\FRDM-KW41Z-IAR\Debug\Obj\los_event.o
#        C:\Users\Administrator\Desktop\porting\LiteOS_Kernel\projects\FRDM-KW41Z-IAR\Debug\Obj\los_hw.o
#        C:\Users\Administrator\Desktop\porting\LiteOS_Kernel\projects\FRDM-KW41Z-IAR\Debug\Obj\los_hw_tick.o
#        C:\Users\Administrator\Desktop\porting\LiteOS_Kernel\projects\FRDM-KW41Z-IAR\Debug\Obj\los_hwi.o
#        C:\Users\Administrator\Desktop\porting\LiteOS_Kernel\projects\FRDM-KW41Z-IAR\Debug\Obj\los_inspect_entry.o
#        C:\Users\Administrator\Desktop\porting\LiteOS_Kernel\projects\FRDM-KW41Z-IAR\Debug\Obj\los_membox.o
#        C:\Users\Administrator\Desktop\porting\LiteOS_Kernel\projects\FRDM-KW41Z-IAR\Debug\Obj\los_memory.o
#        C:\Users\Administrator\Desktop\porting\LiteOS_Kernel\projects\FRDM-KW41Z-IAR\Debug\Obj\los_memstat.o
#        C:\Users\Administrator\Desktop\porting\LiteOS_Kernel\projects\FRDM-KW41Z-IAR\Debug\Obj\los_misc.o
#        C:\Users\Administrator\Desktop\porting\LiteOS_Kernel\projects\FRDM-KW41Z-IAR\Debug\Obj\los_multipledlinkhead.o
#        C:\Users\Administrator\Desktop\porting\LiteOS_Kernel\projects\FRDM-KW41Z-IAR\Debug\Obj\los_mux.o
#        C:\Users\Administrator\Desktop\porting\LiteOS_Kernel\projects\FRDM-KW41Z-IAR\Debug\Obj\los_priqueue.o
#        C:\Users\Administrator\Desktop\porting\LiteOS_Kernel\projects\FRDM-KW41Z-IAR\Debug\Obj\los_queue.o
#        C:\Users\Administrator\Desktop\porting\LiteOS_Kernel\projects\FRDM-KW41Z-IAR\Debug\Obj\los_sem.o
#        C:\Users\Administrator\Desktop\porting\LiteOS_Kernel\projects\FRDM-KW41Z-IAR\Debug\Obj\los_startup_iar.o
#        C:\Users\Administrator\Desktop\porting\LiteOS_Kernel\projects\FRDM-KW41Z-IAR\Debug\Obj\los_swtmr.o
#        C:\Users\Administrator\Desktop\porting\LiteOS_Kernel\projects\FRDM-KW41Z-IAR\Debug\Obj\los_sys.o
#        C:\Users\Administrator\Desktop\porting\LiteOS_Kernel\projects\FRDM-KW41Z-IAR\Debug\Obj\los_task.o
#        C:\Users\Administrator\Desktop\porting\LiteOS_Kernel\projects\FRDM-KW41Z-IAR\Debug\Obj\los_tick.o
#        C:\Users\Administrator\Desktop\porting\LiteOS_Kernel\projects\FRDM-KW41Z-IAR\Debug\Obj\los_timeslice.o
#        C:\Users\Administrator\Desktop\porting\LiteOS_Kernel\projects\FRDM-KW41Z-IAR\Debug\Obj\main.o
#        -o
#        C:\Users\Administrator\Desktop\porting\LiteOS_Kernel\projects\FRDM-KW41Z-IAR\Debug\Exe\HuaweiLiteOS.out
#        --map
#        C:\Users\Administrator\Desktop\porting\LiteOS_Kernel\projects\FRDM-KW41Z-IAR\Debug\List\HuaweiLiteOS.map
#        --config
#        C:\Users\Administrator\Desktop\porting\LiteOS_Kernel\projects\FRDM-KW41Z-IAR\..\..\platform\FRDM-KW41Z\MKW41Z512xxx4_flash.icf
#        --semihosting --entry __iar_program_start --vfe --text_out locale)
#
###############################################################################

*******************************************************************************
*** RUNTIME MODEL ATTRIBUTES
***

CppFlavor       = *
__Heap_Handler  = Basic
__SystemLibrary = DLib
__dlib_version  = 6


*******************************************************************************
*** HEAP SELECTION
***

The basic heap was selected because no calls to memory allocation
functions were found in the application outside of system library
functions, and there are calls to deallocation functions in the
application.


*******************************************************************************
*** PLACEMENT SUMMARY
***

"A0":  place at 0x00000000 { ro section .intvec };
"P2":  place in [from 0x00000000 to 0x000001ff] |
                [from 0x00000410 to 0x0007ffff] { ro };
"P3":  place in [from 0x1fff8000 to 0x20017bff] { block RW };
"P4":  place in [from 0x1fff8000 to 0x20017bff] { block ZI };
"P6":  place in [from 0x20017c00 to 0x20017fff] { block CSTACK };
initialize by copy { rw, section .textrw };

  Section            Kind        Address    Size  Object
  -------            ----        -------    ----  ------
"A0":                                       0x50
  .intvec            ro code  0x00000000    0x50  los_startup_iar.o [1]
                            - 0x00000050    0x50

"P2", part 1 of 2:                          0xea
  .rodata            const    0x00000050     0x0  zero_init3.o [5]
  .rodata            const    0x00000050     0x0  packbits_init.o [5]
  Initializer bytes  const    0x00000050    0xea  <for RW-1>
                            - 0x0000013a    0xea

"P2", part 2 of 2:                        0x605c
  .text              ro code  0x00000410   0xfca  xprintffuller_nomb.o [3]
  .text              ro code  0x000013da    0x16  strchr.o [5]
  .text              ro code  0x000013f0    0x48  xfail_s.o [3]
  .text              ro code  0x00001438    0x10  strlen.o [5]
  .text              ro code  0x00001448    0x18  memchr.o [5]
  .text              ro code  0x00001460     0x4  xmbcurmax.o [3]
  .text              ro code  0x00001464    0x12  xlocale_c.o [3]
  .rodata            const    0x00001476     0x1  los_bsp_adapter.o [1]
  .text              ro code  0x00001478    0x5c  ABImemcpy.o [5]
  .text              ro code  0x000014d4    0x6a  I64DivMod.o [5]
  .text              ro code  0x0000153e   0x184  DblMul.o [4]
  .text              ro code  0x000016c2    0x32  DblCmpLe.o [4]
  .text              ro code  0x000016f4    0x32  DblCmpGe.o [4]
  .text              ro code  0x00001728    0x52  DblToI32.o [4]
  .text              ro code  0x0000177c    0x34  IxxToDbl.o [4]
  .text              ro code  0x000017b0   0x1a8  DblAddSub.o [4]
  .text              ro code  0x00001958    0xe0  I32DivModFast.o [5]
  .text              ro code  0x00001a38    0xc2  DblDiv.o [4]
  .text              ro code  0x00001afa     0xa  abort.o [3]
  .text              ro code  0x00001b04    0x10  xencoding_8859_1.o [3]
  .text              ro code  0x00001b14     0x2  I64DivZer.o [5]
  .text              ro code  0x00001b18     0x2  IntDivZer.o [5]
  .text              ro code  0x00001b1c    0x14  exit.o [6]
  .text              ro code  0x00001b30    0x68  iarttio.o [6]
  .text              ro code  0x00001b98     0x8  XShttio.o [3]
  .text              ro code  0x00001ba0   0xb20  los_task.o [1]
  .text              ro code  0x000026c0   0x100  los_priqueue.o [1]
  .text              ro code  0x000027c0    0xf8  los_hw.o [1]
  .text              ro code  0x000028b8   0x474  los_memory.o [1]
  .text              ro code  0x00002d2c    0x50  ABImemset.o [5]
  .text              ro code  0x00002d7c    0xdc  los_dispatch_iar.o [1]
  .text              ro code  0x00002e58   0x31c  los_sem.o [1]
  .text              ro code  0x00003174    0x1a  los_misc.o [1]
  .text              ro code  0x00003190   0x192  los_multipledlinkhead.o [1]
  .text              ro code  0x00003324    0x64  los_memstat.o [1]
  .text              ro code  0x00003388   0x520  los_queue.o [1]
  .text              ro code  0x000038a8   0x47c  los_swtmr.o [1]
  .text              ro code  0x00003d24   0x152  los_membox.o [1]
  .text              ro code  0x00003e78   0x3a4  los_mux.o [1]
  .text              ro code  0x0000421c   0x300  los_event.o [1]
  .text              ro code  0x0000451c   0x238  los_inspect_entry.o [1]
  .text              ro code  0x00004754    0x28  printf.o [3]
  .text              ro code  0x0000477c     0x8  los_bsp_key.o [1]
  .text              ro code  0x00004784     0x4  los_bsp_led.o [1]
  .text              ro code  0x00004788   0x1b8  los_api_task.o [1]
  .text              ro code  0x00004940   0x1b0  los_api_sem.o [1]
  .text              ro code  0x00004af0   0x1a8  los_api_mutex.o [1]
  .text              ro code  0x00004c98   0x168  los_api_msgqueue.o [1]
  .text              ro code  0x00004e00   0x134  los_api_list.o [1]
  .text              ro code  0x00004f34     0x8  heaptramp0.o [3]
  .text              ro code  0x00004f3c    0x94  heap0.o [3]
  .text              ro code  0x00004fd0   0x120  los_api_timer.o [1]
  .text              ro code  0x000050f0    0x14  los_sys.o [1]
  .text              ro code  0x00005104   0x118  los_api_event.o [1]
  .text              ro code  0x0000521c    0xc2  packbits_init.o [5]
  .text              ro code  0x000052e0    0xb0  los_api_static_mem.o [1]
  .text              ro code  0x00005390    0xae  los_config.o [1]
  .text              ro code  0x00005440    0x9c  los_bsp_adapter.o [1]
  .text              ro code  0x000054dc    0x38  los_hwi.o [1]
  .text              ro code  0x00005514    0x5c  los_timeslice.o [1]
  .text              ro code  0x00005570    0x3c  los_hw_tick.o [1]
  .text              ro code  0x000055ac     0x2  los_bsp_uart.o [1]
  .text              ro code  0x000055b0    0x24  los_tick.o [1]
  .text              ro code  0x000055d4    0xa8  los_api_dynamic_mem.o [1]
  .text              ro code  0x0000567c    0x7c  los_api_systick.o [1]
  .rodata            const    0x000056f8    0x44  los_api_sem.o [1]
  .rodata            const    0x0000573c    0x40  los_api_sem.o [1]
  .rodata            const    0x0000577c    0x40  los_api_sem.o [1]
  .text              ro code  0x000057bc    0x40  zero_init3.o [5]
  .rodata            const    0x000057fc    0x3c  los_api_sem.o [1]
  .rodata            const    0x00005838    0x38  los_api_sem.o [1]
  .rodata            const    0x00005870    0x34  los_api_mutex.o [1]
  .rodata            const    0x000058a4    0x34  los_api_mutex.o [1]
  .rodata            const    0x000058d8    0x34  los_api_mutex.o [1]
  .rodata            const    0x0000590c    0x34  los_inspect_entry.o [1]
  .rodata            const    0x00005940    0x30  los_inspect_entry.o [1]
  .rodata            const    0x00005970    0x2c  los_inspect_entry.o [1]
  .rodata            const    0x0000599c    0x2c  los_inspect_entry.o [1]
  .rodata            const    0x000059c8    0x28  los_api_event.o [1]
  .rodata            const    0x000059f0    0x28  los_api_mutex.o [1]
  .rodata            const    0x00005a18    0x28  los_api_mutex.o [1]
  .rodata            const    0x00005a40    0x28  los_api_mutex.o [1]
  .rodata            const    0x00005a68    0x28  los_api_sem.o [1]
  .text              ro code  0x00005a90    0x28  data_init.o [5]
  .rodata            const    0x00005ab8    0x24  los_api_event.o [1]
  .rodata            const    0x00005adc    0x24  los_api_systick.o [1]
  .rodata            const    0x00005b00    0x24  los_api_task.o [1]
  .rodata            const    0x00005b24    0x24  los_api_task.o [1]
  .rodata            const    0x00005b48    0x24  los_api_task.o [1]
  .rodata            const    0x00005b6c    0x24  los_api_task.o [1]
  .text              ro code  0x00005b90    0x24  putchar.o [3]
  .text              ro code  0x00005bb4    0x10  write.o [6]
  .text              ro code  0x00005bc4    0x1e  dwrite.o [6]
  .text              ro code  0x00005be2    0x20  iarwstd.o [6]
  .text              ro code  0x00005c02    0x22  iarwrite.o [6]
  .iar.init_table    const    0x00005c24    0x2c  - Linker created -
  .rodata            const    0x00005c50    0x20  los_api_event.o [1]
  .rodata            const    0x00005c70    0x20  los_api_event.o [1]
  .rodata            const    0x00005c90    0x20  los_api_list.o [1]
  .rodata            const    0x00005cb0    0x20  los_api_msgqueue.o [1]
  .rodata            const    0x00005cd0    0x20  los_api_msgqueue.o [1]
  .rodata            const    0x00005cf0    0x20  los_api_msgqueue.o [1]
  .rodata            const    0x00005d10    0x20  los_api_msgqueue.o [1]
  .rodata            const    0x00005d30    0x20  los_api_msgqueue.o [1]
  .rodata            const    0x00005d50    0x20  los_api_mutex.o [1]
  .rodata            const    0x00005d70    0x20  los_api_task.o [1]
  .rodata            const    0x00005d90    0x20  los_api_task.o [1]
  .rodata            const    0x00005db0    0x20  los_api_task.o [1]
  .text              ro code  0x00005dd0    0x20  main.o [1]
  .rodata            const    0x00005df0    0x1c  los_api_msgqueue.o [1]
  .rodata            const    0x00005e0c    0x1c  los_api_msgqueue.o [1]
  .rodata            const    0x00005e28    0x1c  los_api_mutex.o [1]
  .rodata            const    0x00005e44    0x1c  los_api_static_mem.o [1]
  .rodata            const    0x00005e60    0x1c  los_api_systick.o [1]
  .rodata            const    0x00005e7c    0x1c  los_api_task.o [1]
  .rodata            const    0x00005e98    0x1c  los_api_task.o [1]
  .rodata            const    0x00005eb4    0x1c  los_inspect_entry.o [1]
  .text              ro code  0x00005ed0    0x1a  cmain.o [5]
  .text              ro code  0x00005eea     0x4  low_level_init.o [3]
  .text              ro code  0x00005eee     0x8  exit.o [3]
  .text              ro code  0x00005ef8     0xa  cexit.o [5]
  .rodata            const    0x00005f04    0x18  los_api_dynamic_mem.o [1]
  .rodata            const    0x00005f1c    0x18  los_api_event.o [1]
  .rodata            const    0x00005f34    0x18  los_api_event.o [1]
  .rodata            const    0x00005f4c    0x18  los_api_event.o [1]
  .rodata            const    0x00005f64    0x18  los_api_event.o [1]
  .rodata            const    0x00005f7c    0x18  los_api_list.o [1]
  .rodata            const    0x00005f94    0x18  los_api_mutex.o [1]
  .rodata            const    0x00005fac    0x18  los_api_mutex.o [1]
  .rodata            const    0x00005fc4    0x18  los_api_mutex.o [1]
  .rodata            const    0x00005fdc    0x18  los_api_mutex.o [1]
  .rodata            const    0x00005ff4    0x18  los_api_sem.o [1]
  .rodata            const    0x0000600c    0x18  los_api_sem.o [1]
  .rodata            const    0x00006024    0x18  los_api_sem.o [1]
  .rodata            const    0x0000603c    0x18  los_api_sem.o [1]
  .rodata            const    0x00006054    0x18  los_api_static_mem.o [1]
  .rodata            const    0x0000606c    0x18  los_api_static_mem.o [1]
  .rodata            const    0x00006084    0x18  los_api_static_mem.o [1]
  .rodata            const    0x0000609c    0x18  los_api_systick.o [1]
  .rodata            const    0x000060b4    0x18  los_api_task.o [1]
  .rodata            const    0x000060cc    0x18  los_api_task.o [1]
  .rodata            const    0x000060e4    0x18  los_api_task.o [1]
  .rodata            const    0x000060fc    0x18  los_api_task.o [1]
  .rodata            const    0x00006114    0x18  los_api_task.o [1]
  .rodata            const    0x0000612c    0x18  los_api_task.o [1]
  .rodata            const    0x00006144    0x18  los_api_task.o [1]
  .rodata            const    0x0000615c    0x18  los_api_timer.o [1]
  .rodata            const    0x00006174    0x18  los_api_timer.o [1]
  .rodata            const    0x0000618c    0x18  los_api_timer.o [1]
  .rodata            const    0x000061a4    0x18  los_inspect_entry.o [1]
  .rodata            const    0x000061bc    0x18  los_inspect_entry.o [1]
  .rodata            const    0x000061d4    0x18  los_inspect_entry.o [1]
  .text              ro code  0x000061ec    0x16  xprout.o [3]
  .rodata            const    0x00006204    0x14  los_api_dynamic_mem.o [1]
  .rodata            const    0x00006218    0x14  los_api_dynamic_mem.o [1]
  .rodata            const    0x0000622c    0x14  los_api_dynamic_mem.o [1]
  .rodata            const    0x00006240    0x14  los_api_list.o [1]
  .rodata            const    0x00006254    0x14  los_api_list.o [1]
  .rodata            const    0x00006268    0x14  los_api_list.o [1]
  .rodata            const    0x0000627c    0x14  los_api_list.o [1]
  .rodata            const    0x00006290    0x14  los_api_msgqueue.o [1]
  .rodata            const    0x000062a4    0x14  los_api_static_mem.o [1]
  .rodata            const    0x000062b8    0x14  los_api_static_mem.o [1]
  .rodata            const    0x000062cc    0x14  los_api_static_mem.o [1]
  .rodata            const    0x000062e0    0x14  los_api_timer.o [1]
  .rodata            const    0x000062f4    0x14  los_api_timer.o [1]
  .rodata            const    0x00006308    0x14  los_api_timer.o [1]
  .rodata            const    0x0000631c    0x10  los_api_dynamic_mem.o [1]
  .rodata            const    0x0000632c    0x10  los_api_dynamic_mem.o [1]
  .rodata            const    0x0000633c    0x10  los_api_dynamic_mem.o [1]
  .rodata            const    0x0000634c    0x10  los_api_event.o [1]
  .rodata            const    0x0000635c    0x10  los_api_list.o [1]
  .rodata            const    0x0000636c    0x10  los_api_list.o [1]
  .rodata            const    0x0000637c    0x10  los_api_static_mem.o [1]
  .rodata            const    0x0000638c    0x10  los_api_timer.o [1]
  .rodata            const    0x0000639c    0x10  los_api_timer.o [1]
  .rodata            const    0x000063ac    0x10  los_api_timer.o [1]
  .rodata            const    0x000063bc    0x10  xprintffuller_nomb.o [3]
  .rodata            const    0x000063cc     0xc  los_api_event.o [1]
  .rodata            const    0x000063d8     0xc  los_api_msgqueue.o [1]
  .rodata            const    0x000063e4     0xc  los_api_mutex.o [1]
  .rodata            const    0x000063f0     0xc  los_api_mutex.o [1]
  .rodata            const    0x000063fc     0xc  los_api_sem.o [1]
  .rodata            const    0x00006408     0xc  los_api_sem.o [1]
  .rodata            const    0x00006414     0xc  los_api_task.o [1]
  .rodata            const    0x00006420     0xc  los_api_task.o [1]
  .rodata            const    0x0000642c     0xc  los_inspect_entry.o [1]
  .rodata            const    0x00006438     0xc  los_swtmr.o [1]
  .rodata            const    0x00006444     0xc  los_task.o [1]
  .text              ro code  0x00006450     0xc  cstartup_M.o [5]
  .rodata            const    0x0000645c     0x8  los_api_msgqueue.o [1]
  .rodata            const    0x00006464     0x4  los_bsp_adapter.o [1]
  .rodata            const    0x00006468     0x4  los_bsp_adapter.o [1]
                            - 0x0000646c  0x605c

"P3-P4", part 1 of 2:                      0x4bc
  RW                          0x1fff8000   0x4bc  <Block>
    RW-1                      0x1fff8000   0x4bc  <Init block>
      .data          inited   0x1fff8000    0x14  los_api_msgqueue.o [1]
      .data          inited   0x1fff8014    0xa0  los_inspect_entry.o [1]
      .data          inited   0x1fff80b4     0x8  XShttio.o [3]
      .vector        inited   0x1fff80bc   0x400  los_hwi.o [1]
                            - 0x1fff84bc   0x4bc

"P3-P4", part 2 of 2:                     0x1a14
  ZI                          0x1fff84c0  0x1a14  <Block>
    .bss             zero     0x1fff84c0     0x4  los_config.o [1]
    .bss             zero     0x1fff84c4     0x4  los_api_event.o [1]
    .bss             zero     0x1fff84c8     0x8  los_tick.o [1]
    .bss             zero     0x1fff84d0     0xc  los_api_event.o [1]
    .bss             zero     0x1fff84dc     0x4  los_api_msgqueue.o [1]
    .bss             zero     0x1fff84e0     0x4  los_api_mutex.o [1]
    .bss             zero     0x1fff84e4     0x4  los_api_mutex.o [1]
    .bss             zero     0x1fff84e8     0x4  los_api_mutex.o [1]
    .bss             zero     0x1fff84ec     0x4  los_api_sem.o [1]
    .bss             zero     0x1fff84f0     0x4  los_api_sem.o [1]
    .bss             zero     0x1fff84f4     0x4  los_api_sem.o [1]
    .bss             zero     0x1fff84f8   0x258  los_api_static_mem.o [1]
    .bss             zero     0x1fff8750     0x4  los_api_task.o [1]
    .bss             zero     0x1fff8754     0x4  los_api_task.o [1]
    .bss             zero     0x1fff8758     0x4  los_api_timer.o [1]
    .bss             zero     0x1fff875c     0x4  los_api_timer.o [1]
    .bss             zero     0x1fff8760     0x4  los_bsp_adapter.o [1]
    .bss             zero     0x1fff8764     0x4  los_config.o [1]
    .bss             zero     0x1fff8768     0x4  los_hw_tick.o [1]
    .bss             zero     0x1fff876c     0x4  los_hwi.o [1]
    .bss             zero     0x1fff8770     0x4  los_inspect_entry.o [1]
    .bss             zero     0x1fff8774     0x4  los_inspect_entry.o [1]
    .bss             zero     0x1fff8778  0x1650  los_memory.o [1]
    .bss             zero     0x1fff9dc8    0x20  los_memstat.o [1]
    .bss             zero     0x1fff9de8     0x4  los_mux.o [1]
    .bss             zero     0x1fff9dec     0x8  los_mux.o [1]
    .bss             zero     0x1fff9df4     0x4  los_priqueue.o [1]
    .bss             zero     0x1fff9df8     0x4  los_queue.o [1]
    .bss             zero     0x1fff9dfc     0x8  los_sem.o [1]
    .bss             zero     0x1fff9e04     0x4  los_sem.o [1]
    .bss             zero     0x1fff9e08     0x4  los_swtmr.o [1]
    .bss             zero     0x1fff9e0c     0x4  los_swtmr.o [1]
    .bss             zero     0x1fff9e10     0x4  los_swtmr.o [1]
    .bss             zero     0x1fff9e14     0x4  los_swtmr.o [1]
    .bss             zero     0x1fff9e18    0x64  los_swtmr.o [1]
    .bss             zero     0x1fff9e7c     0x4  los_task.o [1]
    .bss             zero     0x1fff9e80     0x8  los_task.o [1]
    .bss             zero     0x1fff9e88     0x4  los_task.o [1]
    .bss             zero     0x1fff9e8c     0x4  los_task.o [1]
    .bss             zero     0x1fff9e90     0x4  los_task.o [1]
    .bss             zero     0x1fff9e94     0x8  los_task.o [1]
    .bss             zero     0x1fff9e9c     0x8  los_task.o [1]
    .bss             zero     0x1fff9ea4     0x8  los_task.o [1]
    .bss             zero     0x1fff9eac     0x8  los_task.o [1]
    .bss             zero     0x1fff9eb4     0x4  los_task.o [1]
    .bss             zero     0x1fff9eb8     0x8  los_timeslice.o [1]
    .bss             zero     0x1fff9ec0     0x8  heap0.o [3]
    .bss             zero     0x1fff9ec8     0x4  xfail_s.o [3]
    .bss             zero     0x1fff9ecc     0x2  los_task.o [1]
                            - 0x1fff9ed0  0x1a14

"P6":                                      0x400
  CSTACK                      0x20017c00   0x400  <Block>
    CSTACK           uninit   0x20017c00   0x400  <Block tail>
                            - 0x20018000   0x400


*******************************************************************************
*** INIT TABLE
***

          Address     Size
          -------     ----
Zero (__iar_zero_init3)
    1 destination range, total size 0x1a0e:
          0x1fff84c0  0x1a0e

Copy/packbits (__iar_packbits_init3)
    1 source range, total size 0xea (19% of destination):
          0x00000050    0xea
    1 destination range, total size 0x4bc:
          0x1fff8000   0x4bc



*******************************************************************************
*** MODULE SUMMARY
***

    Module                   ro code  ro data  rw data
    ------                   -------  -------  -------
C:\Users\Administrator\Desktop\porting\LiteOS_Kernel\projects\FRDM-KW41Z-IAR\Debug\Obj: [1]
    los_api_dynamic_mem.o        168      132
    los_api_event.o              280      264       16
    los_api_list.o               308      168
    los_api_msgqueue.o           360      259       24
    los_api_mutex.o              424      456       12
    los_api_sem.o                432      472       12
    los_api_static_mem.o         176      176      600
    los_api_systick.o            124       88
    los_api_task.o               440      488        8
    los_api_timer.o              288      180        8
    los_bsp_adapter.o            156        9        4
    los_bsp_key.o                  8
    los_bsp_led.o                  4
    los_bsp_uart.o                 2
    los_config.o                 174                 8
    los_dispatch_iar.o           220
    los_event.o                  768
    los_hw.o                     248
    los_hw_tick.o                 60                 4
    los_hwi.o                     56      198    1 028
    los_inspect_entry.o          568      331      168
    los_membox.o                 338
    los_memory.o               1 140             5 712
    los_memstat.o                100                32
    los_misc.o                    26
    los_multipledlinkhead.o      402
    los_mux.o                    932                12
    los_priqueue.o               256                 4
    los_queue.o                1 312                 4
    los_sem.o                    796                12
    los_startup_iar.o             80
    los_swtmr.o                1 148       12      116
    los_sys.o                     20
    los_task.o                 2 848       12       62
    los_tick.o                    36                 8
    los_timeslice.o               92                 8
    main.o                        32
    --------------------------------------------------
    Total:                    14 822    3 245    7 862

command line: [2]
    --------------------------------------------------
    Total:

dl6M_tln.a: [3]
    XShttio.o                      8        2        8
    abort.o                       10
    exit.o                         8
    heap0.o                      148                 8
    heaptramp0.o                   8
    low_level_init.o               4
    printf.o                      40
    putchar.o                     36
    xencoding_8859_1.o            16
    xfail_s.o                     72                 4
    xlocale_c.o                   18
    xmbcurmax.o                    4
    xprintffuller_nomb.o       4 042       16
    xprout.o                      22
    --------------------------------------------------
    Total:                     4 436       18       20

m6M_tl.a: [4]
    DblAddSub.o                  424
    DblCmpGe.o                    50
    DblCmpLe.o                    50
    DblDiv.o                     194
    DblMul.o                     388
    DblToI32.o                    82
    IxxToDbl.o                    52
    --------------------------------------------------
    Total:                     1 240

rt6M_tl.a: [5]
    ABImemcpy.o                   92
    ABImemset.o                   80
    I32DivModFast.o              224
    I64DivMod.o                  106
    I64DivZer.o                    2
    IntDivZer.o                    2
    cexit.o                       10
    cmain.o                       26
    cstartup_M.o                  12
    data_init.o                   40
    memchr.o                      24
    packbits_init.o              194
    strchr.o                      22
    strlen.o                      16
    zero_init3.o                  64
    --------------------------------------------------
    Total:                       914

shb_l.a: [6]
    dwrite.o                      30
    exit.o                        20
    iarttio.o                    104
    iarwrite.o                    34
    iarwstd.o                     32
    write.o                       16
    --------------------------------------------------
    Total:                       236

    Gaps                          23        4
    Linker created                         44    1 024
------------------------------------------------------
    Grand Total:              21 671    3 311    8 906


*******************************************************************************
*** ENTRY LIST
***

Entry                      Address    Size  Type      Object
-----                      -------    ----  ----      ------
.iar.init_table$$Base   0x00005c24           --   Gb  - Linker created -
.iar.init_table$$Limit  0x00005c50           --   Gb  - Linker created -
?main                   0x00005ed1          Code  Gb  cmain.o [5]
Aldata                  0x1fff9ec0     0x8  Data  Lc  heap0.o [3]
CSTACK$$Base            0x20017c00           --   Gb  - Linker created -
CSTACK$$Limit           0x20018000           --   Gb  - Linker created -
Example_Dyn_Mem         0x000055d5    0xa8  Code  Gb  los_api_dynamic_mem.o [1]
Example_Event           0x00005105    0x3c  Code  Gb  los_api_event.o [1]
Example_GetTick         0x0000567d    0x6e  Code  Gb  los_api_systick.o [1]
Example_MsgQueue        0x00004d41    0x88  Code  Gb  los_api_msgqueue.o [1]
Example_MutexLock       0x00004b89    0xc0  Code  Gb  los_api_mutex.o [1]
Example_MutexTask1      0x00004af1    0x5c  Code  Gb  los_api_mutex.o [1]
Example_MutexTask2      0x00004b4d    0x3c  Code  Gb  los_api_mutex.o [1]
Example_SemTask1        0x00004941    0x56  Code  Gb  los_api_sem.o [1]
Example_SemTask2        0x00004997    0x34  Code  Gb  los_api_sem.o [1]
Example_Semphore        0x000049cb    0xde  Code  Gb  los_api_sem.o [1]
Example_SndRcvEvent     0x00005141    0xa6  Code  Gb  los_api_event.o [1]
Example_StaticMem       0x000052e1    0xb0  Code  Gb  los_api_static_mem.o [1]
Example_TaskHi          0x00004789    0x68  Code  Gb  los_api_task.o [1]
Example_TaskLo          0x000047f1    0x5a  Code  Gb  los_api_task.o [1]
Example_TskCaseEntry    0x0000484b    0x9e  Code  Gb  los_api_task.o [1]
Example_list            0x00004e47    0xc8  Code  Gb  los_api_list.o [1]
Example_swTimer         0x00005025    0x98  Code  Gb  los_api_timer.o [1]
LOS_Align               0x00003175    0x1a  Code  Gb  los_misc.o [1]
LOS_CyclePerTickGet     0x000050f7     0x4  Code  Gb  los_sys.o [1]
LOS_DLnkInitMultiHead   0x000032e9    0x18  Code  Gb  los_multipledlinkhead.o [1]
LOS_DLnkMultiHead       0x00003301    0x22  Code  Gb  los_multipledlinkhead.o [1]
LOS_DLnkNextMultiHead   0x000028e7    0x12  Code  Lc  los_memory.o [1]
LOS_EnableTick          0x000053af     0xc  Code  Gb  los_config.o [1]
LOS_EvbGetKeyVal        0x0000477f     0x6  Code  Gb  los_bsp_key.o [1]
LOS_EvbKeyInit          0x0000477d     0x2  Code  Gb  los_bsp_key.o [1]
LOS_EvbLedControl       0x00004787     0x2  Code  Gb  los_bsp_led.o [1]
LOS_EvbLedInit          0x00004785     0x2  Code  Gb  los_bsp_led.o [1]
LOS_EvbSetup            0x000054cd    0x10  Code  Gb  los_bsp_adapter.o [1]
LOS_EvbUartInit         0x000055ad     0x2  Code  Gb  los_bsp_uart.o [1]
LOS_EventClear          0x000044c7    0x20  Code  Gb  los_event.o [1]
LOS_EventInit           0x00004263    0x18  Code  Gb  los_event.o [1]
LOS_EventPoll           0x0000427b    0x4a  Code  Gb  los_event.o [1]
LOS_EventRead           0x000042c5   0x130  Code  Gb  los_event.o [1]
LOS_EventWrite          0x000043f5    0xd2  Code  Gb  los_event.o [1]
LOS_InspectByID         0x00004565    0xe6  Code  Gb  los_inspect_entry.o [1]
LOS_InspectStatusSetByID
                        0x0000451d    0x48  Code  Gb  los_inspect_entry.o [1]
LOS_Inspect_Entry       0x000046eb    0x34  Code  Gb  los_inspect_entry.o [1]
LOS_Inspect_KeyAndLed   0x0000464b    0x4e  Code  Lc  los_inspect_entry.o [1]
LOS_Inspect_TskDeal     0x00004699    0x52  Code  Gb  los_inspect_entry.o [1]
LOS_IntLock             0x00002dc9          Code  Gb  los_dispatch_iar.o [1]
LOS_IntNumGet           0x00002dbf          Code  Gb  los_dispatch_iar.o [1]
LOS_IntRestore          0x00002dd9          Code  Gb  los_dispatch_iar.o [1]
LOS_IntUnLock           0x00002dd1          Code  Gb  los_dispatch_iar.o [1]
LOS_KernelInit          0x0000542d    0x12  Code  Gb  los_config.o [1]
LOS_ListAdd             0x00004e07     0xe  Code  Lc  los_api_list.o [1]
LOS_ListAdd             0x00004223     0xe  Code  Lc  los_event.o [1]
LOS_ListAdd             0x000028b9     0xe  Code  Lc  los_memory.o [1]
LOS_ListAdd             0x00003e7f     0xe  Code  Lc  los_mux.o [1]
LOS_ListAdd             0x000026c7     0xe  Code  Lc  los_priqueue.o [1]
LOS_ListAdd             0x0000338f     0xe  Code  Lc  los_queue.o [1]
LOS_ListAdd             0x00002e5f     0xe  Code  Lc  los_sem.o [1]
LOS_ListAdd             0x00001ba7     0xe  Code  Lc  los_task.o [1]
LOS_ListDelete          0x00004e1f    0x16  Code  Lc  los_api_list.o [1]
LOS_ListDelete          0x0000423b    0x16  Code  Lc  los_event.o [1]
LOS_ListDelete          0x000028d1    0x16  Code  Lc  los_memory.o [1]
LOS_ListDelete          0x00003e97    0x16  Code  Lc  los_mux.o [1]
LOS_ListDelete          0x000026df    0x16  Code  Lc  los_priqueue.o [1]
LOS_ListDelete          0x000033a7    0x16  Code  Lc  los_queue.o [1]
LOS_ListDelete          0x00002e77    0x16  Code  Lc  los_sem.o [1]
LOS_ListDelete          0x00001bbf    0x16  Code  Lc  los_task.o [1]
LOS_ListEmpty           0x00004e35    0x12  Code  Lc  los_api_list.o [1]
LOS_ListEmpty           0x00004251    0x12  Code  Lc  los_event.o [1]
LOS_ListEmpty           0x00003ead    0x12  Code  Lc  los_mux.o [1]
LOS_ListEmpty           0x000026f5    0x12  Code  Lc  los_priqueue.o [1]
LOS_ListEmpty           0x000033bd    0x12  Code  Lc  los_queue.o [1]
LOS_ListEmpty           0x00002e8d    0x12  Code  Lc  los_sem.o [1]
LOS_ListEmpty           0x00001bd5    0x12  Code  Lc  los_task.o [1]
LOS_ListInit            0x00004e01     0x6  Code  Lc  los_api_list.o [1]
LOS_ListInit            0x0000421d     0x6  Code  Lc  los_event.o [1]
LOS_ListInit            0x00003191     0x6  Code  Lc  los_multipledlinkhead.o [1]
LOS_ListInit            0x00003e79     0x6  Code  Lc  los_mux.o [1]
LOS_ListInit            0x000026c1     0x6  Code  Lc  los_priqueue.o [1]
LOS_ListInit            0x00003389     0x6  Code  Lc  los_queue.o [1]
LOS_ListInit            0x00002e59     0x6  Code  Lc  los_sem.o [1]
LOS_ListInit            0x00001ba1     0x6  Code  Lc  los_task.o [1]
LOS_ListTailInsert      0x00004e15     0xa  Code  Lc  los_api_list.o [1]
LOS_ListTailInsert      0x00004231     0xa  Code  Lc  los_event.o [1]
LOS_ListTailInsert      0x000028c7     0xa  Code  Lc  los_memory.o [1]
LOS_ListTailInsert      0x00003e8d     0xa  Code  Lc  los_mux.o [1]
LOS_ListTailInsert      0x000026d5     0xa  Code  Lc  los_priqueue.o [1]
LOS_ListTailInsert      0x0000339d     0xa  Code  Lc  los_queue.o [1]
LOS_ListTailInsert      0x00002e6d     0xa  Code  Lc  los_sem.o [1]
LOS_ListTailInsert      0x00001bb5     0xa  Code  Lc  los_task.o [1]
LOS_Log2                0x00003197   0x14a  Code  Lc  los_multipledlinkhead.o [1]
LOS_MemAlloc            0x00002c4d    0x30  Code  Gb  los_memory.o [1]
LOS_MemAllocAlign       0x00002c7d    0x56  Code  Gb  los_memory.o [1]
LOS_MemFree             0x00002cd3    0x50  Code  Gb  los_memory.o [1]
LOS_MemInit             0x00002bbb    0x92  Code  Gb  los_memory.o [1]
LOS_MemboxAlloc         0x00003de3    0x38  Code  Gb  los_membox.o [1]
LOS_MemboxClr           0x00003e5b    0x1c  Code  Gb  los_membox.o [1]
LOS_MemboxFree          0x00003e21    0x3a  Code  Gb  los_membox.o [1]
LOS_MemboxInit          0x00003d6d    0x76  Code  Gb  los_membox.o [1]
LOS_MuxCreate           0x00003f09    0x58  Code  Gb  los_mux.o [1]
LOS_MuxDelete           0x00003f61    0x5c  Code  Gb  los_mux.o [1]
LOS_MuxPend             0x00003fbd   0x128  Code  Gb  los_mux.o [1]
LOS_MuxPost             0x000040fd    0xea  Code  Gb  los_mux.o [1]
LOS_PriqueueDequeue     0x00002755     0x8  Code  Gb  los_priqueue.o [1]
LOS_PriqueueEnqueue     0x0000273f    0x16  Code  Gb  los_priqueue.o [1]
LOS_PriqueueSize        0x0000278f    0x2a  Code  Gb  los_priqueue.o [1]
LOS_PriqueueTop         0x0000275d    0x32  Code  Gb  los_priqueue.o [1]
LOS_QueueCreate         0x0000351d    0x7a  Code  Gb  los_queue.o [1]
LOS_QueueDelete         0x000037f9    0x86  Code  Gb  los_queue.o [1]
LOS_QueueRead           0x000035a1    0xf6  Code  Gb  los_queue.o [1]
LOS_QueueWrite          0x000036b9   0x100  Code  Gb  los_queue.o [1]
LOS_Schedule            0x000027c9    0x3a  Code  Gb  los_hw.o [1]
LOS_SemCreate           0x00002ee9    0x5c  Code  Gb  los_sem.o [1]
LOS_SemDelete           0x00002f45    0x56  Code  Gb  los_sem.o [1]
LOS_SemPend             0x00002f9b    0xe0  Code  Gb  los_sem.o [1]
LOS_SemPost             0x0000307b    0xa6  Code  Gb  los_sem.o [1]
LOS_SetTickSycle        0x0000559d     0x6  Code  Gb  los_hw_tick.o [1]
LOS_Start               0x000053bb     0xc  Code  Gb  los_config.o [1]
LOS_StartToRun          0x00002d7d          Code  Gb  los_dispatch_iar.o [1]
LOS_SwtmrCreate         0x00003b25    0x7c  Code  Gb  los_swtmr.o [1]
LOS_SwtmrDelete         0x00003c89    0x6c  Code  Gb  los_swtmr.o [1]
LOS_SwtmrStart          0x00003bb1    0x6c  Code  Gb  los_swtmr.o [1]
LOS_SwtmrStop           0x00003c21    0x68  Code  Gb  los_swtmr.o [1]
LOS_TaskCreate          0x00002211    0x82  Code  Gb  los_task.o [1]
LOS_TaskCreateOnly      0x000020b1   0x15c  Code  Gb  los_task.o [1]
LOS_TaskDelay           0x00002535    0x6e  Code  Gb  los_task.o [1]
LOS_TaskDelete          0x0000240d   0x120  Code  Gb  los_task.o [1]
LOS_TaskLock            0x00002649    0x16  Code  Gb  los_task.o [1]
LOS_TaskResume          0x00002299    0x86  Code  Gb  los_task.o [1]
LOS_TaskSuspend         0x00002351    0xa4  Code  Gb  los_task.o [1]
LOS_TaskUnlock          0x00002665    0x30  Code  Gb  los_task.o [1]
LOS_TaskYield           0x000025dd    0x6c  Code  Gb  los_task.o [1]
LOS_TickCountGet        0x000050f1     0x6  Code  Gb  los_sys.o [1]
LOS_TickHandler         0x00005571    0x2c  Code  Gb  los_hw_tick.o [1]
LoadInt                 0x000005bd    0x74  Code  Lc  xprintffuller_nomb.o [3]
LosAdapIntInit          0x00005485    0x1a  Code  Gb  los_bsp_adapter.o [1]
PendSV_Handler          0x00002de7          Code  Gb  los_dispatch_iar.o [1]
RW$$Base                0x1fff8000           --   Gb  - Linker created -
RW$$Limit               0x1fff84bc           --   Gb  - Linker created -
Region$$Table$$Base     0x00005c24           --   Gb  - Linker created -
Region$$Table$$Limit    0x00005c50           --   Gb  - Linker created -
Reset_Handler           0x00000040          Data  Gb  los_startup_iar.o [1]
SysTick_Handler         0x0000547d     0x8  Code  Gb  los_bsp_adapter.o [1]
Timer1_Callback         0x00004fd1    0x26  Code  Gb  los_api_timer.o [1]
Timer2_Callback         0x00004ff7    0x2e  Code  Gb  los_api_timer.o [1]
ZI$$Base                0x1fff84c0           --   Gb  - Linker created -
ZI$$Limit               0x1fff9ed0           --   Gb  - Linker created -
_Encoding_8859_1_Wctomb
                        0x00001b05    0x10  Code  Gb  xencoding_8859_1.o [3]
_GenldFullerNoMb        0x00001155   0x252  Code  Lc  xprintffuller_nomb.o [3]
_LdtobFullerNoMb        0x00000cbd   0x484  Code  Lc  xprintffuller_nomb.o [3]
_LitobFullerNoMb        0x00000b45   0x126  Code  Lc  xprintffuller_nomb.o [3]
_PrintfFullerNoMb       0x00000411   0x1a0  Code  Gb  xprintffuller_nomb.o [3]
_Prout                  0x000061ed    0x16  Code  Gb  xprout.o [3]
_PutcharsFullerNoMb     0x000013a7    0x32  Code  Lc  xprintffuller_nomb.o [3]
_PutfldFullerNoMb       0x00000631   0x2d6  Code  Lc  xprintffuller_nomb.o [3]
_PutstrFullerNoMb       0x00000a89    0xb4  Code  Lc  xprintffuller_nomb.o [3]
_PuttxtFullerNoMb       0x00000971   0x116  Code  Lc  xprintffuller_nomb.o [3]
__RAM_VECTOR_TABLE_SIZE {Abs}
                        0x00000000          Data  Gb  command line/config [2]
__VECTOR_RAM {Abs}      0x00000000          Data  Gb  command line/config [2]
__VECTOR_TABLE {Abs}    0x00000000          Data  Gb  command line/config [2]
__aeabi_cdcmple         0x000016c3          Code  Gb  DblCmpLe.o [4]
__aeabi_cdrcmple        0x000016f5          Code  Gb  DblCmpGe.o [4]
__aeabi_d2iz            0x00001729          Code  Gb  DblToI32.o [4]
__aeabi_d2uiz           0x0000174d          Code  Gb  DblToI32.o [4]
__aeabi_ddiv            0x00001a39          Code  Gb  DblDiv.o [4]
__aeabi_dmul            0x0000153f          Code  Gb  DblMul.o [4]
__aeabi_dsub            0x0000186b          Code  Gb  DblAddSub.o [4]
__aeabi_i2d             0x0000179d          Code  Gb  IxxToDbl.o [4]
__aeabi_idiv            0x00001985          Code  Gb  I32DivModFast.o [5]
__aeabi_idiv0           0x00001b19          Code  Gb  IntDivZer.o [5]
__aeabi_idivmod         0x00001985          Code  Gb  I32DivModFast.o [5]
__aeabi_ldiv0           0x00001b15          Code  Gb  I64DivZer.o [5]
__aeabi_memcpy          0x00001479          Code  Gb  ABImemcpy.o [5]
__aeabi_memset          0x00002d2d          Code  Gb  ABImemset.o [5]
__aeabi_ui2d            0x0000177d          Code  Gb  IxxToDbl.o [4]
__aeabi_uidiv           0x0000198b          Code  Gb  I32DivModFast.o [5]
__aeabi_uidivmod        0x0000198b          Code  Gb  I32DivModFast.o [5]
__aeabi_uldivmod        0x000014d5          Code  Gb  I64DivMod.o [5]
__basic_free            0x00004f3d    0x16  Code  Gb  heap0.o [3]
__basic_free_intern     0x00004f53    0x7a  Code  Lc  heap0.o [3]
__cmain                 0x00005ed1          Code  Gb  cmain.o [5]
__dwrite                0x00005bc5    0x1e  Code  Gb  dwrite.o [6]
__exit                  0x00001b1d    0x14  Code  Gb  exit.o [6]
__iar_Fail_s            0x000013f1    0x22  Code  Gb  xfail_s.o [3]
__iar_Mbcurmax          0x00001461     0x4  Code  Gb  xmbcurmax.o [3]
__iar_Memset4_word      0x00002d4d          Code  Gb  ABImemset.o [5]
__iar_Memset_word       0x00002d39          Code  Gb  ABImemset.o [5]
__iar_close_ttio        0x00001b31    0x2c  Code  Gb  iarttio.o [6]
__iar_d2uiz             0x00001751          Code  Gb  DblToI32.o [4]
__iar_data_init3        0x00005a91    0x28  Code  Gb  data_init.o [5]
__iar_get_ttio          0x00001b5d    0x38  Code  Gb  iarttio.o [6]
__iar_lookup_ttioh      0x00001b99     0x8  Code  Gb  XShttio.o [3]
__iar_packbits_init3    0x0000521d    0xc2  Code  Gb  packbits_init.o [5]
__iar_program_start     0x00006451          Code  Gb  cstartup_M.o [5]
__iar_sh_stdout         0x00005be3    0x20  Code  Gb  iarwstd.o [6]
__iar_sh_write          0x00005c03    0x22  Code  Gb  iarwrite.o [6]
__iar_systems$$module {Abs}
                        0x00000001          Data  Gb  command line/config [2]
__iar_ttio_handles      0x1fff80b4     0x8  Data  Lc  XShttio.o [3]
__iar_zero_init3        0x000057bd    0x40  Code  Gb  zero_init3.o [5]
__low_level_init        0x00005eeb     0x4  Code  Gb  low_level_init.o [3]
__vector_table          0x00000000          Data  Gb  los_startup_iar.o [1]
__write                 0x00005bb5    0x10  Code  Gb  write.o [6]
_call_main              0x00005edd          Code  Gb  cmain.o [5]
_exit                   0x00005ef9          Code  Gb  cexit.o [5]
_gLocale_wctomb         0x0000146d     0xa  Code  Gb  xlocale_c.o [3]
_gLocale_wctombInt      0x00001465     0x8  Code  Gb  xlocale_c.o [3]
_main                   0x00005ee7          Code  Gb  cmain.o [5]
abort                   0x00001afb     0xa  Code  Gb  abort.o [3]
abuf                    0x1fff8000    0x14  Data  Gb  los_api_msgqueue.o [1]
example_event           0x1fff84d0     0xc  Data  Gb  los_api_event.o [1]
exit                    0x00005eef     0x8  Code  Gb  exit.o [3]
free                    0x00004f35     0x8  Code  Gb  heaptramp0.o [3]
gInspect                0x1fff8014    0xa0  Data  Lc  los_inspect_entry.o [1]
gInspectErrCnt          0x1fff8770     0x4  Data  Lc  los_inspect_entry.o [1]
g_TestTaskID            0x1fff84c4     0x4  Data  Gb  los_api_event.o [1]
g_TestTaskID01          0x1fff84e4     0x4  Data  Gb  los_api_mutex.o [1]
g_TestTaskID01          0x1fff84ec     0x4  Data  Lc  los_api_sem.o [1]
g_TestTaskID02          0x1fff84e8     0x4  Data  Gb  los_api_mutex.o [1]
g_TestTaskID02          0x1fff84f0     0x4  Data  Lc  los_api_sem.o [1]
g_Testmux01             0x1fff84e0     0x4  Data  Gb  los_api_mutex.o [1]
g_TskMemUsedInfo        0x1fff9dc8    0x20  Data  Gb  los_memstat.o [1]
g_bTaskScheduled        0x1fff9eb4     0x4  Data  Gb  los_task.o [1]
g_pstAllMux             0x1fff9de8     0x4  Data  Gb  los_mux.o [1]
g_pstAllQueue           0x1fff9df8     0x4  Data  Gb  los_queue.o [1]
g_pstAllSem             0x1fff9e04     0x4  Data  Gb  los_sem.o [1]
g_pstLosPriorityQueueList
                        0x1fff9df4     0x4  Data  Gb  los_priqueue.o [1]
g_pstTaskCBArray        0x1fff9e7c     0x4  Data  Gb  los_task.o [1]
g_stLosFreeTask         0x1fff9e9c     0x8  Data  Gb  los_task.o [1]
g_stLosTask             0x1fff9e80     0x8  Data  Gb  los_task.o [1]
g_stTaskTimeSlice       0x1fff9eb8     0x8  Data  Gb  los_timeslice.o [1]
g_stTaskTimerList       0x1fff9e94     0x8  Data  Gb  los_task.o [1]
g_stTskRecyleList       0x1fff9ea4     0x8  Data  Gb  los_task.o [1]
g_stTskSortLink         0x1fff9eac     0x8  Data  Gb  los_task.o [1]
g_stUnusedMuxList       0x1fff9dec     0x8  Data  Gb  los_mux.o [1]
g_stUnusedSemList       0x1fff9dfc     0x8  Data  Gb  los_sem.o [1]
g_sys_mem_addr_end      0x1fff8764     0x4  Data  Gb  los_config.o [1]
g_timercount1           0x1fff8758     0x4  Data  Gb  los_api_timer.o [1]
g_timercount2           0x1fff875c     0x4  Data  Gb  los_api_timer.o [1]
g_ucMemStart            0x1fff8778  0x1650  Data  Gb  los_memory.o [1]
g_ucycle_per_tick       0x1fff8760     0x4  Data  Lc  los_bsp_adapter.o [1]
g_ullTickCount          0x1fff84c8     0x8  Data  Gb  los_tick.o [1]
g_usLosTaskLock         0x1fff9ecc     0x2  Data  Gb  los_task.o [1]
g_usSemID               0x1fff84f4     0x4  Data  Lc  los_api_sem.o [1]
g_use_ram_vect          0x00001476     0x1  Data  Gb  los_bsp_adapter.o [1]
g_uwCyclesPerTick       0x1fff8768     0x4  Data  Gb  los_hw_tick.o [1]
g_uwDemoTaskID          0x1fff8774     0x4  Data  Lc  los_inspect_entry.o [1]
g_uwIdleTaskID          0x1fff9e8c     0x4  Data  Gb  los_task.o [1]
g_uwQueue               0x1fff84dc     0x4  Data  Lc  los_api_msgqueue.o [1]
g_uwSwtmrTaskID         0x1fff9e90     0x4  Data  Gb  los_task.o [1]
g_uwTskHiID             0x1fff8750     0x4  Data  Gb  los_api_task.o [1]
g_uwTskLoID             0x1fff8754     0x4  Data  Gb  los_api_task.o [1]
g_uwTskMaxNum           0x1fff9e88     0x4  Data  Gb  los_task.o [1]
g_vuwIntCount           0x1fff876c     0x4  Data  Gb  los_hwi.o [1]
m_aucSwTmrHandlerPool   0x1fff9e18    0x64  Data  Gb  los_swtmr.o [1]
m_aucSysMem0            0x1fff84c0     0x4  Data  Gb  los_config.o [1]
m_pstHwiForm            0x1fff80bc   0x400  Data  Gb  los_hwi.o [1]
m_pstSwtmrCBArray       0x1fff9e0c     0x4  Data  Gb  los_swtmr.o [1]
m_pstSwtmrFreeList      0x1fff9e10     0x4  Data  Gb  los_swtmr.o [1]
m_pstSwtmrSortList      0x1fff9e14     0x4  Data  Gb  los_swtmr.o [1]
m_uwSwTmrHandlerQueue   0x1fff9e08     0x4  Data  Gb  los_swtmr.o [1]
main                    0x00005dd1    0x20  Code  Gb  main.o [1]
memchr                  0x00001449    0x18  Code  Gb  memchr.o [5]
osCheckBoxMem           0x00003d25    0x48  Code  Lc  los_membox.o [1]
osDisableIRQ            0x00002dc5          Code  Gb  los_dispatch_iar.o [1]
osEnableFPU             0x00005391    0x10  Code  Gb  los_config.o [1]
osGetVectorAddr         0x000054ed     0x4  Code  Gb  los_hwi.o [1]
osHwiDefaultHandler     0x000054e5     0x8  Code  Gb  los_hwi.o [1]
osHwiInit               0x000054f1    0x1c  Code  Gb  los_hwi.o [1]
osIdleTask              0x00001be7     0x4  Code  Gb  los_task.o [1]
osIdleTaskCreate        0x00001ec3    0x36  Code  Gb  los_task.o [1]
osIntNumGet             0x000054dd     0x8  Code  Gb  los_hwi.o [1]
osMain                  0x000053c7    0x52  Code  Gb  los_config.o [1]
osMemAllocWithCheck     0x00002b61    0x5a  Code  Lc  los_memory.o [1]
osMemCheckUsedNode      0x00002a93    0x9e  Code  Lc  los_memory.o [1]
osMemClearNode          0x00002949     0xe  Code  Lc  los_memory.o [1]
osMemFindSuitableFreeBlock
                        0x0000290d    0x3c  Code  Lc  los_memory.o [1]
osMemFreeNode           0x000029bd    0x98  Code  Lc  los_memory.o [1]
osMemIsNodeValid        0x00002a55    0x3e  Code  Lc  los_memory.o [1]
osMemMergeNode          0x00002957    0x1e  Code  Lc  los_memory.o [1]
osMemSetMagicNumAndTaskid
                        0x00002b31    0x24  Code  Lc  los_memory.o [1]
osMemSpitNode           0x00002975    0x48  Code  Lc  los_memory.o [1]
osMemSystemInit         0x000028f9    0x14  Code  Gb  los_memory.o [1]
osMuxInit               0x00003ebf    0x4a  Code  Gb  los_mux.o [1]
osPriqueueInit          0x00002707    0x38  Code  Gb  los_priqueue.o [1]
osQueueCreate           0x00003401    0x60  Code  Gb  los_queue.o [1]
osQueueInit             0x000033cf    0x32  Code  Gb  los_queue.o [1]
osQueuePend             0x00003461    0x7a  Code  Lc  los_queue.o [1]
osQueueWakeUp           0x000034db    0x42  Code  Lc  los_queue.o [1]
osRegister              0x000053a1     0xe  Code  Gb  los_config.o [1]
osSchedule              0x000027c1     0x8  Code  Gb  los_hw.o [1]
osSemInit               0x00002e9f    0x4a  Code  Gb  los_sem.o [1]
osSwTmrInit             0x0000391f    0x86  Code  Gb  los_swtmr.o [1]
osSwTmrStart            0x000039a5    0x60  Code  Gb  los_swtmr.o [1]
osSwTmrTask             0x000038a9    0x42  Code  Gb  los_swtmr.o [1]
osSwTmrTaskCreate       0x000038eb    0x34  Code  Gb  los_swtmr.o [1]
osSwTmrTimeoutHandle    0x00003a15    0x80  Code  Lc  los_swtmr.o [1]
osSwtmrDelete           0x00003a05    0x10  Code  Lc  los_swtmr.o [1]
osSwtmrScan             0x00003a95    0x2a  Code  Gb  los_swtmr.o [1]
osSwtmrStop             0x00003ac5    0x44  Code  Gb  los_swtmr.o [1]
osTaskAdd2TimerList     0x00001c21    0xb0  Code  Gb  los_task.o [1]
osTaskEntry             0x00001fe9    0x90  Code  Gb  los_task.o [1]
osTaskExit              0x00002803     0x8  Code  Gb  los_hw.o [1]
osTaskInit              0x00001dcb    0xf8  Code  Gb  los_task.o [1]
osTaskMemUsedDec        0x00003355    0x28  Code  Gb  los_memstat.o [1]
osTaskMemUsedInc        0x00003325    0x30  Code  Gb  los_memstat.o [1]
osTaskPriModify         0x00001beb    0x36  Code  Gb  los_task.o [1]
osTaskScan              0x00001d0b    0xc0  Code  Gb  los_task.o [1]
osTaskSchedule          0x00002ddf          Code  Gb  los_dispatch_iar.o [1]
osTaskSelfDelete        0x00001f01    0xda  Code  Gb  los_task.o [1]
osTickHandler           0x000055b1    0x24  Code  Gb  los_tick.o [1]
osTickStart             0x00005441    0x3c  Code  Gb  los_bsp_adapter.o [1]
osTimerListDelete       0x00001cd1    0x3a  Code  Gb  los_task.o [1]
osTimesliceCheck        0x00005523    0x40  Code  Gb  los_timeslice.o [1]
osTimesliceInit         0x00005515     0xe  Code  Gb  los_timeslice.o [1]
osTskStackInit          0x0000280b    0x66  Code  Gb  los_hw.o [1]
pBoxMem                 0x1fff84f8   0x258  Data  Gb  los_api_static_mem.o [1]
printf                  0x00004755    0x28  Code  Gb  printf.o [3]
putchar                 0x00005b91    0x24  Code  Gb  putchar.o [3]
recv_Entry              0x00004cd9    0x68  Code  Gb  los_api_msgqueue.o [1]
scale                   0x00000c6b    0x44  Code  Lc  xprintffuller_nomb.o [3]
sec_hand                0x1fff9ec8     0x4  Data  Lc  xfail_s.o [3]
send_Entry              0x00004c99    0x40  Code  Gb  los_api_msgqueue.o [1]
strchr                  0x000013db     0x2  Code  Gb  strchr.o [5]
strlen                  0x00001439    0x10  Code  Gb  strlen.o [5]
sys_clk_freq            0x00006464     0x4  Data  Gb  los_bsp_adapter.o [1]
tick_per_second         0x00006468     0x4  Data  Gb  los_bsp_adapter.o [1]


[1] = C:\Users\Administrator\Desktop\porting\LiteOS_Kernel\projects\FRDM-KW41Z-IAR\Debug\Obj
[2] = command line
[3] = dl6M_tln.a
[4] = m6M_tl.a
[5] = rt6M_tl.a
[6] = shb_l.a

  21 671 bytes of readonly  code memory
   3 311 bytes of readonly  data memory
   8 906 bytes of readwrite data memory

Errors: none
Warnings: none
